2026-09-23T10:53:27Z acceptance.start mode=full
2026-09-23T10:53:27Z simulator.boot.start
2026-09-23T10:53:28Z simulator.boot.end
2026-09-23T10:53:28Z app.install.start
2026-09-23T10:53:29Z app.install.end
2026-09-23T10:53:31Z clipboard-helper.start file=fixtures/kif/shogiwars.kif request=cc9e61c7-a8a3-453f-89d2-b7820d132c4b
2026-09-23T10:53:34Z clipboard-helper.end file=fixtures/kif/shogiwars.kif request=cc9e61c7-a8a3-453f-89d2-b7820d132c4b attempts=2
2026-09-23T10:53:34Z flow.start licenses-review
2026-09-23T10:54:03Z flow.end licenses-review
2026-09-23T10:54:03Z flow.start import-review
2026-09-23T10:54:57Z flow.end import-review
2026-09-23T10:54:57Z clipboard-helper.start file=/Users/devin/repos/meeshogi-pr12-ios/artifacts/ios/runs/20260923T105327Z-30703/clipboard-wars.txt request=6b38c373-ecae-4e87-8dfb-c51a2110aae7
2026-09-23T10:55:00Z clipboard-helper.end file=/Users/devin/repos/meeshogi-pr12-ios/artifacts/ios/runs/20260923T105327Z-30703/clipboard-wars.txt request=6b38c373-ecae-4e87-8dfb-c51a2110aae7 attempts=2
2026-09-23T10:55:00Z flow.start player-names
2026-09-23T10:55:46Z flow.end player-names
2026-09-23T10:55:47Z clipboard-helper.start file=/Users/devin/repos/meeshogi-pr12-ios/artifacts/ios/runs/20260923T105327Z-30703/clipboard-kiou.txt request=7eab3414-0fc5-4751-8b9c-43a642e7c551
2026-09-23T10:55:49Z clipboard-helper.end file=/Users/devin/repos/meeshogi-pr12-ios/artifacts/ios/runs/20260923T105327Z-30703/clipboard-kiou.txt request=7eab3414-0fc5-4751-8b9c-43a642e7c551 attempts=2
2026-09-23T10:55:49Z flow.start player-names-kiou
2026-09-23T10:56:31Z flow.end player-names-kiou
2026-09-23T10:56:31Z flow.start analysis-review
2026-09-23T10:59:05Z flow.end analysis-review
2026-09-23T10:59:05Z flow.start analysis-partial-review
2026-09-23T11:00:52Z flow.end analysis-partial-review
2026-09-23T11:00:52Z flow.start candidate-review
2026-09-23T11:01:31Z flow.end candidate-review
2026-09-23T11:01:31Z flow.start file-import
2026-09-23T11:03:00Z flow.end file-import
2026-09-23T11:03:00Z flow.start management-review
2026-09-23T11:04:28Z flow.end management-review
2026-09-23T11:04:28Z flow.start appearance-review
2026-09-23T11:05:32Z flow.end appearance-review
2026-09-23T11:05:32Z flow.start appearance-dark
2026-09-23T11:06:37Z flow.end appearance-dark
2026-09-23T11:06:37Z flow.start export-review-ios
2026-09-23T11:07:37Z acceptance.end status=1
