08:10:19.059 [ INFO] maestro.cli.runner.CliConsoleListener.onCommandStart: Define variables RUNNING
08:10:19.061 [ INFO] maestro.cli.runner.CliConsoleListener.onCommandFinished: Define variables COMPLETED
08:10:19.061 [ INFO] maestro.cli.runner.CliConsoleListener.onCommandStart: Apply configuration RUNNING
08:10:19.062 [ INFO] maestro.cli.runner.CliConsoleListener.onCommandFinished: Apply configuration COMPLETED
08:10:19.062 [ INFO] maestro.cli.runner.CliConsoleListener.onCommandStart: Launch app "com.meeshogi.app" RUNNING
08:10:19.569 [ INFO] maestro.Maestro.launchApp$lambda$5: Launching app com.meeshogi.app
08:10:19.570 [ INFO] maestro.Maestro.launchApp$lambda$5: Stopping com.meeshogi.app app during launch
08:10:19.841 [ INFO] maestro.cli.runner.CliConsoleListener.onCommandFinished: Launch app "com.meeshogi.app" COMPLETED
08:10:19.844 [ INFO] maestro.cli.runner.CliConsoleListener.onCommandStart: Assert that id: library-screen is visible RUNNING
08:10:22.167 [ INFO] maestro.cli.runner.CliConsoleListener.onCommandFinished: Assert that id: library-screen is visible COMPLETED
08:10:22.168 [ INFO] maestro.cli.runner.CliConsoleListener.onCommandStart: Tap on "設定.*" RUNNING
08:10:22.625 [ INFO] maestro.Maestro.tap-HgV9Ck0: Tapping on element:  UiElement(treeNode=TreeNode(attributes={text=設定, accessibilityText=, hintText=, ignoreBoundsFiltering=false, resource-id=, clickable=false, bounds=[871,2293][929,2336], enabled=true, focused=false, checked=false, scrollable=false, selected=false, class=android.widget.TextView, important-for-accessibility=true, error=}, children=[], clickable=false, enabled=true, focused=false, checked=false, selected=false), bounds=Bounds(x=871, y=2293, width=58, height=43))
08:10:23.830 [ INFO] maestro.Maestro.tap-HgV9Ck0: Tap aimed via settled hierarchy
08:10:23.834 [ INFO] maestro.Maestro.hierarchyBasedTap-ogj28Uc: Tapping at (900, 2314) using hierarchy based logic for wait
08:10:24.982 [ INFO] maestro.Maestro.hierarchyBasedTap-ogj28Uc: Something has changed in the UI judging by view hierarchy. Proceed.
08:10:24.982 [ INFO] maestro.cli.runner.CliConsoleListener.onCommandFinished: Tap on "設定.*" COMPLETED
08:10:24.983 [ INFO] maestro.cli.runner.CliConsoleListener.onCommandStart: Assert that id: settings-screen is visible RUNNING
08:10:25.125 [ INFO] maestro.cli.runner.CliConsoleListener.onCommandFinished: Assert that id: settings-screen is visible COMPLETED
08:10:25.125 [ INFO] maestro.cli.runner.CliConsoleListener.onCommandStart: Scrolling DOWN until "解析の長さ" is visible with speed 40, visibility percentage 100%, timeout 20000 ms, with centering disabled RUNNING
08:10:25.225 [ INFO] maestro.orchestra.Orchestra.scrollUntilVisible: Scrolling try count: 0, DeviceWidth: 1080, DeviceWidth: 2400
08:10:25.225 [ INFO] maestro.orchestra.Orchestra.scrollUntilVisible: Element bounds: Bounds(x=96, y=1151, width=690, height=66)
08:10:25.226 [ INFO] maestro.orchestra.Orchestra.scrollUntilVisible: Visibility Percent: 1.0
08:10:25.234 [ INFO] maestro.orchestra.Orchestra.scrollUntilVisible: Command centerElement: ScrollUntilVisibleCommand(selector=ElementSelector(textRegex=解析の長さ, idRegex=null, size=null, below=null, above=null, leftOf=null, rightOf=null, containsChild=null, containsDescendants=null, traits=null, index=null, enabled=null, optional=false, selected=null, checked=null, focused=null, childOf=null, css=null), direction=DOWN, scrollDuration=601, visibilityPercentage=100, timeout=20000, waitToSettleTimeoutMs=null, centerElement=false, originalSpeedValue=40, label=null, optional=false).centerElement
08:10:25.234 [ INFO] maestro.orchestra.Orchestra.scrollUntilVisible: visibilityPercentageNormalized: 1.0
08:10:25.234 [ INFO] maestro.cli.runner.CliConsoleListener.onCommandFinished: Scrolling DOWN until "解析の長さ" is visible with speed 40, visibility percentage 100%, timeout 20000 ms, with centering disabled COMPLETED
08:10:25.234 [ INFO] maestro.cli.runner.CliConsoleListener.onCommandStart: Tap on "解析の長さ" RUNNING
08:10:25.338 [ INFO] maestro.Maestro.tap-HgV9Ck0: Tapping on element:  UiElement(treeNode=TreeNode(attributes={text=解析の長さ, accessibilityText=, hintText=, ignoreBoundsFiltering=false, resource-id=, clickable=false, bounds=[96,1151][786,1217], enabled=true, focused=false, checked=false, scrollable=false, selected=false, class=android.widget.TextView, important-for-accessibility=true, error=}, children=[], clickable=false, enabled=true, focused=false, checked=false, selected=false), bounds=Bounds(x=96, y=1151, width=690, height=66))
08:10:26.640 [ INFO] maestro.Maestro.tap-HgV9Ck0: Tap aimed via settled hierarchy
08:10:26.641 [ INFO] maestro.Maestro.hierarchyBasedTap-ogj28Uc: Tapping at (441, 1184) using hierarchy based logic for wait
08:10:27.758 [ INFO] maestro.Maestro.hierarchyBasedTap-ogj28Uc: Something has changed in the UI judging by view hierarchy. Proceed.
08:10:27.758 [ INFO] maestro.cli.runner.CliConsoleListener.onCommandFinished: Tap on "解析の長さ" COMPLETED
08:10:27.758 [ INFO] maestro.cli.runner.CliConsoleListener.onCommandStart: Tap on "長め" RUNNING
08:10:27.818 [ INFO] maestro.Maestro.tap-HgV9Ck0: Tapping on element:  UiElement(treeNode=TreeNode(attributes={text=長め, accessibilityText=, hintText=, ignoreBoundsFiltering=false, resource-id=, clickable=false, bounds=[42,2148][126,2210], enabled=true, focused=false, checked=false, scrollable=false, selected=false, class=android.widget.TextView, important-for-accessibility=true, error=}, children=[], clickable=false, enabled=true, focused=false, checked=false, selected=false), bounds=Bounds(x=42, y=2148, width=84, height=62))
08:10:29.189 [ INFO] maestro.Maestro.tap-HgV9Ck0: Tap aimed via settled hierarchy
08:10:29.190 [ INFO] maestro.Maestro.hierarchyBasedTap-ogj28Uc: Tapping at (84, 2179) using hierarchy based logic for wait
08:10:30.586 [ INFO] maestro.Maestro.hierarchyBasedTap-ogj28Uc: Something has changed in the UI judging by view hierarchy. Proceed.
08:10:30.586 [ INFO] maestro.cli.runner.CliConsoleListener.onCommandFinished: Tap on "長め" COMPLETED
08:10:30.587 [ INFO] maestro.cli.runner.CliConsoleListener.onCommandStart: Tap on id: tab-games RUNNING
08:10:30.711 [ INFO] maestro.Maestro.tap-HgV9Ck0: Tapping on element:  UiElement(treeNode=TreeNode(attributes={text=, accessibilityText=, 棋譜, hintText=, ignoreBoundsFiltering=false, resource-id=tab-games, clickable=true, bounds=[0,2207][360,2337], enabled=true, focused=false, checked=false, scrollable=false, selected=false, class=android.view.View, important-for-accessibility=true, error=}, children=[TreeNode(attributes={text=, accessibilityText=, hintText=, ignoreBoundsFiltering=false, resource-id=, clickable=false, bounds=[150,2227][212,2288], enabled=true, focused=false, checked=false, scrollable=false, selected=false, class=android.widget.TextView, important-for-accessibility=true, error=}, children=[], clickable=false, enabled=true, focused=false, checked=false, selected=false), TreeNode(attributes={text=棋譜, accessibilityText=, hintText=, ignoreBoundsFiltering=false, resource-id=, clickable=false, bounds=[151,2293][209,2336], enabled=true, focused=false, checked=false, scrollable=false, selected=false, class=android.widget.TextView, important-for-accessibility=true, error=}, children=[], clickable=false, enabled=true, focused=false, checked=false, selected=false)], clickable=true, enabled=true, focused=false, checked=false, selected=false), bounds=Bounds(x=0, y=2207, width=360, height=130))
08:10:32.034 [ INFO] maestro.Maestro.tap-HgV9Ck0: Tap aimed via settled hierarchy
08:10:32.035 [ INFO] maestro.Maestro.hierarchyBasedTap-ogj28Uc: Tapping at (180, 2272) using hierarchy based logic for wait
08:10:33.190 [ INFO] maestro.Maestro.hierarchyBasedTap-ogj28Uc: Something has changed in the UI judging by view hierarchy. Proceed.
08:10:33.190 [ INFO] maestro.cli.runner.CliConsoleListener.onCommandFinished: Tap on id: tab-games COMPLETED
08:10:33.190 [ INFO] maestro.cli.runner.CliConsoleListener.onCommandStart: Tap on ".*KeroPona.*" RUNNING
08:10:33.306 [ INFO] maestro.Maestro.tap-HgV9Ck0: Tapping on element:  UiElement(treeNode=TreeNode(attributes={text=KeroPona との対局, accessibilityText=, hintText=, ignoreBoundsFiltering=false, resource-id=, clickable=false, bounds=[96,712][708,778], enabled=true, focused=false, checked=false, scrollable=false, selected=false, class=android.widget.TextView, important-for-accessibility=true, error=}, children=[], clickable=false, enabled=true, focused=false, checked=false, selected=false), bounds=Bounds(x=96, y=712, width=612, height=66))
08:10:34.602 [ INFO] maestro.Maestro.tap-HgV9Ck0: Tap aimed via settled hierarchy
08:10:34.603 [ INFO] maestro.Maestro.hierarchyBasedTap-ogj28Uc: Tapping at (402, 745) using hierarchy based logic for wait
08:10:34.978 [ INFO] maestro.cli.runner.CliConsoleListener.onCommandFinished: Tap on ".*KeroPona.*" COMPLETED
08:10:34.978 [ INFO] maestro.cli.runner.CliConsoleListener.onCommandStart: Scrolling DOWN until id: analysis-start is visible with speed 40, visibility percentage 100%, timeout 20000 ms, with centering disabled RUNNING
08:10:36.527 [ WARN] maestro.orchestra.Orchestra.scrollUntilVisible: Error: maestro.MaestroException$ElementNotFound: Element not found: Id matching regex: analysis-start
08:10:36.566 [ INFO] maestro.Maestro.swipeFromCenter: Swiping UP from center
08:10:38.434 [ INFO] maestro.orchestra.Orchestra.scrollUntilVisible: Scrolling try count: 0, DeviceWidth: 1080, DeviceWidth: 2400
08:10:38.434 [ INFO] maestro.orchestra.Orchestra.scrollUntilVisible: Element bounds: Bounds(x=32, y=1991, width=250, height=126)
08:10:38.435 [ INFO] maestro.orchestra.Orchestra.scrollUntilVisible: Visibility Percent: 1.0
08:10:38.435 [ INFO] maestro.orchestra.Orchestra.scrollUntilVisible: Command centerElement: ScrollUntilVisibleCommand(selector=ElementSelector(textRegex=null, idRegex=analysis-start, size=null, below=null, above=null, leftOf=null, rightOf=null, containsChild=null, containsDescendants=null, traits=null, index=null, enabled=null, optional=false, selected=null, checked=null, focused=null, childOf=null, css=null), direction=DOWN, scrollDuration=601, visibilityPercentage=100, timeout=20000, waitToSettleTimeoutMs=null, centerElement=false, originalSpeedValue=40, label=null, optional=false).centerElement
08:10:38.435 [ INFO] maestro.orchestra.Orchestra.scrollUntilVisible: visibilityPercentageNormalized: 1.0
08:10:38.435 [ INFO] maestro.cli.runner.CliConsoleListener.onCommandFinished: Scrolling DOWN until id: analysis-start is visible with speed 40, visibility percentage 100%, timeout 20000 ms, with centering disabled COMPLETED
08:10:38.435 [ INFO] maestro.cli.runner.CliConsoleListener.onCommandStart: Run flow when "全局解析が完了しました" is not visible RUNNING
08:10:39.221 [ INFO] maestro.cli.runner.CliConsoleListener.onCommandStart: Tap on id: analysis-start RUNNING
08:10:39.363 [ INFO] maestro.Maestro.tap-HgV9Ck0: Tapping on element:  UiElement(treeNode=TreeNode(attributes={text=, accessibilityText=, 解析する, hintText=, ignoreBoundsFiltering=false, resource-id=analysis-start, clickable=true, bounds=[32,1991][282,2117], enabled=true, focused=false, checked=false, scrollable=false, selected=false, class=android.widget.Button, important-for-accessibility=true, error=}, children=[TreeNode(attributes={text=, accessibilityText=, hintText=, ignoreBoundsFiltering=false, resource-id=, clickable=false, bounds=[32,2029][83,2079], enabled=true, focused=false, checked=false, scrollable=false, selected=false, class=android.widget.TextView, important-for-accessibility=true, error=}, children=[], clickable=false, enabled=true, focused=false, checked=false, selected=false), TreeNode(attributes={text=解析する, accessibilityText=, hintText=, ignoreBoundsFiltering=false, resource-id=, clickable=false, bounds=[102,2021][282,2087], enabled=true, focused=false, checked=false, scrollable=false, selected=false, class=android.widget.TextView, important-for-accessibility=true, error=}, children=[], clickable=false, enabled=true, focused=false, checked=false, selected=false)], clickable=true, enabled=true, focused=false, checked=false, selected=false), bounds=Bounds(x=32, y=1991, width=250, height=126))
08:10:40.638 [ INFO] maestro.Maestro.tap-HgV9Ck0: Tap aimed via settled hierarchy
08:10:40.639 [ INFO] maestro.Maestro.hierarchyBasedTap-ogj28Uc: Tapping at (157, 2054) using hierarchy based logic for wait
08:10:47.649 [ INFO] maestro.Maestro.hierarchyBasedTap-ogj28Uc: Something has changed in the UI judging by view hierarchy. Proceed.
08:10:47.656 [ INFO] maestro.cli.runner.CliConsoleListener.onCommandFinished: Tap on id: analysis-start COMPLETED
08:10:47.656 [ INFO] maestro.cli.runner.CliConsoleListener.onCommandFinished: Run flow when "全局解析が完了しました" is not visible COMPLETED
08:10:47.656 [ INFO] maestro.cli.runner.CliConsoleListener.onCommandStart: Assert that "全局解析が完了しました" is visible RUNNING
08:12:10.226 [ INFO] maestro.cli.runner.CliConsoleListener.onCommandFinished: Assert that "全局解析が完了しました" is visible COMPLETED
08:12:10.227 [ INFO] maestro.cli.runner.CliConsoleListener.onCommandStart: Take screenshot 10-full-analysis RUNNING
08:12:10.229 [ INFO] maestro.Maestro.takeScreenshot: Taking screenshot
08:12:10.230 [TRACE] maestro.utils.ScreenshotUtils.takeScreenshot: Taking screenshot to output sink
08:12:10.600 [ INFO] maestro.cli.runner.CliConsoleListener.onCommandFinished: Take screenshot 10-full-analysis COMPLETED
08:12:10.600 [ INFO] maestro.cli.runner.CliConsoleListener.onCommandStart: Stop com.meeshogi.app RUNNING
08:12:10.607 [ INFO] maestro.Maestro.stopApp$lambda$6: Stopping app com.meeshogi.app
08:12:10.657 [ INFO] maestro.cli.runner.CliConsoleListener.onCommandFinished: Stop com.meeshogi.app COMPLETED
08:12:10.658 [ INFO] maestro.cli.runner.CliConsoleListener.onCommandStart: Launch app "com.meeshogi.app" RUNNING
08:12:11.587 [ INFO] maestro.Maestro.launchApp$lambda$5: Launching app com.meeshogi.app
08:12:11.588 [ INFO] maestro.Maestro.launchApp$lambda$5: Stopping com.meeshogi.app app during launch
08:12:11.637 [ INFO] maestro.cli.runner.CliConsoleListener.onCommandFinished: Launch app "com.meeshogi.app" COMPLETED
08:12:11.637 [ INFO] maestro.cli.runner.CliConsoleListener.onCommandStart: Tap on ".*KeroPona.*" RUNNING
08:12:13.967 [ INFO] maestro.Maestro.tap-HgV9Ck0: Tapping on element:  UiElement(treeNode=TreeNode(attributes={text=KeroPona との対局, accessibilityText=, hintText=, ignoreBoundsFiltering=false, resource-id=, clickable=false, bounds=[96,712][708,778], enabled=true, focused=false, checked=false, scrollable=false, selected=false, class=android.widget.TextView, important-for-accessibility=true, error=}, children=[], clickable=false, enabled=true, focused=false, checked=false, selected=false), bounds=Bounds(x=96, y=712, width=612, height=66))
08:12:15.490 [ INFO] maestro.Maestro.tap-HgV9Ck0: Tap aimed via settled hierarchy
08:12:15.491 [ INFO] maestro.Maestro.hierarchyBasedTap-ogj28Uc: Tapping at (402, 745) using hierarchy based logic for wait
08:12:15.814 [ INFO] maestro.cli.runner.CliConsoleListener.onCommandFinished: Tap on ".*KeroPona.*" COMPLETED
08:12:15.815 [ INFO] maestro.cli.runner.CliConsoleListener.onCommandStart: Scrolling DOWN until "全局解析が完了しました" is visible with speed 40, visibility percentage 100%, timeout 20000 ms, with centering disabled RUNNING
08:12:17.460 [ WARN] maestro.orchestra.Orchestra.scrollUntilVisible: Error: maestro.MaestroException$ElementNotFound: Element not found: Text matching regex: 全局解析が完了しました
08:12:17.499 [ INFO] maestro.Maestro.swipeFromCenter: Swiping UP from center
08:12:19.308 [ INFO] maestro.orchestra.Orchestra.scrollUntilVisible: Scrolling try count: 0, DeviceWidth: 1080, DeviceWidth: 2400
08:12:19.308 [ INFO] maestro.orchestra.Orchestra.scrollUntilVisible: Element bounds: Bounds(x=84, y=1938, width=965, height=53)
08:12:19.308 [ INFO] maestro.orchestra.Orchestra.scrollUntilVisible: Visibility Percent: 1.0
08:12:19.308 [ INFO] maestro.orchestra.Orchestra.scrollUntilVisible: Command centerElement: ScrollUntilVisibleCommand(selector=ElementSelector(textRegex=全局解析が完了しました, idRegex=null, size=null, below=null, above=null, leftOf=null, rightOf=null, containsChild=null, containsDescendants=null, traits=null, index=null, enabled=null, optional=false, selected=null, checked=null, focused=null, childOf=null, css=null), direction=DOWN, scrollDuration=601, visibilityPercentage=100, timeout=20000, waitToSettleTimeoutMs=null, centerElement=false, originalSpeedValue=40, label=null, optional=false).centerElement
08:12:19.308 [ INFO] maestro.orchestra.Orchestra.scrollUntilVisible: visibilityPercentageNormalized: 1.0
08:12:19.309 [ INFO] maestro.cli.runner.CliConsoleListener.onCommandFinished: Scrolling DOWN until "全局解析が完了しました" is visible with speed 40, visibility percentage 100%, timeout 20000 ms, with centering disabled COMPLETED
08:12:19.309 [ INFO] maestro.cli.runner.CliConsoleListener.onCommandStart: Tap on id: move-last RUNNING
08:12:19.447 [ INFO] maestro.Maestro.tap-HgV9Ck0: Tapping on element:  UiElement(treeNode=TreeNode(attributes={text=, accessibilityText=最終局面へ, hintText=, ignoreBoundsFiltering=false, resource-id=move-last, clickable=true, bounds=[845,2214][960,2329], enabled=true, focused=false, checked=false, scrollable=false, selected=false, class=android.widget.Button, important-for-accessibility=true, error=}, children=[TreeNode(attributes={text=, accessibilityText=, hintText=, ignoreBoundsFiltering=false, resource-id=, clickable=false, bounds=[876,2246][929,2299], enabled=true, focused=false, checked=false, scrollable=false, selected=false, class=android.widget.TextView, important-for-accessibility=true, error=}, children=[], clickable=false, enabled=true, focused=false, checked=false, selected=false)], clickable=true, enabled=true, focused=false, checked=false, selected=false), bounds=Bounds(x=845, y=2214, width=115, height=115))
08:12:20.703 [ INFO] maestro.Maestro.tap-HgV9Ck0: Tap aimed via settled hierarchy
08:12:20.704 [ INFO] maestro.Maestro.hierarchyBasedTap-ogj28Uc: Tapping at (902, 2271) using hierarchy based logic for wait
08:12:21.109 [ INFO] maestro.cli.runner.CliConsoleListener.onCommandFinished: Tap on id: move-last COMPLETED
08:12:21.110 [ INFO] maestro.cli.runner.CliConsoleListener.onCommandStart: Tap x13 on id: move-prev RUNNING
08:12:21.248 [ INFO] maestro.Maestro.tap-HgV9Ck0: Tapping on element: TapRepeat(repeat=13, delay=800) UiElement(treeNode=TreeNode(attributes={text=, accessibilityText=一手戻る, hintText=, ignoreBoundsFiltering=false, resource-id=move-prev, clickable=true, bounds=[301,2214][417,2329], enabled=true, focused=false, checked=false, scrollable=false, selected=false, class=android.widget.Button, important-for-accessibility=true, error=}, children=[TreeNode(attributes={text=, accessibilityText=, hintText=, ignoreBoundsFiltering=false, resource-id=, clickable=false, bounds=[332,2246][386,2299], enabled=true, focused=false, checked=false, scrollable=false, selected=false, class=android.widget.TextView, important-for-accessibility=true, error=}, children=[], clickable=false, enabled=true, focused=false, checked=false, selected=false)], clickable=true, enabled=true, focused=false, checked=false, selected=false), bounds=Bounds(x=301, y=2214, width=116, height=115))
08:12:22.608 [ INFO] maestro.Maestro.tap-HgV9Ck0: Tap aimed via settled hierarchy
08:12:22.609 [ INFO] maestro.Maestro.hierarchyBasedTap-ogj28Uc: Tapping at (359, 2271) using hierarchy based logic for wait
08:12:33.744 [ INFO] maestro.Maestro.hierarchyBasedTap-ogj28Uc: Something has changed in the UI judging by view hierarchy. Proceed.
08:12:33.744 [ INFO] maestro.cli.runner.CliConsoleListener.onCommandFinished: Tap x13 on id: move-prev COMPLETED
08:12:33.745 [ INFO] maestro.cli.runner.CliConsoleListener.onCommandStart: Run flow when "68 / 80手" is visible RUNNING
08:12:40.961 [ INFO] maestro.orchestra.Orchestra.executeCommands: [Command execution] CommandSkipped: null
08:12:40.962 [ INFO] maestro.cli.runner.CliConsoleListener.onCommandFinished: Run flow when "68 / 80手" is visible SKIPPED
08:12:40.962 [ INFO] maestro.cli.runner.CliConsoleListener.onCommandStart: Run flow when "66 / 80手" is visible RUNNING
08:12:41.258 [ INFO] maestro.orchestra.Orchestra.executeCommands: [Command execution] CommandSkipped: null
08:12:41.258 [ INFO] maestro.cli.runner.CliConsoleListener.onCommandFinished: Run flow when "66 / 80手" is visible SKIPPED
08:12:41.258 [ INFO] maestro.cli.runner.CliConsoleListener.onCommandStart: Assert that "67 / 80手" is visible RUNNING
08:12:41.444 [ INFO] maestro.cli.runner.CliConsoleListener.onCommandFinished: Assert that "67 / 80手" is visible COMPLETED
08:12:41.444 [ INFO] maestro.cli.runner.CliConsoleListener.onCommandStart: Scrolling UP until "後手・3手詰め ›" is visible with speed 40, visibility percentage 100%, timeout 20000 ms, with centering disabled RUNNING
08:12:41.631 [ INFO] maestro.orchestra.Orchestra.scrollUntilVisible: Scrolling try count: 0, DeviceWidth: 1080, DeviceWidth: 2400
08:12:41.631 [ INFO] maestro.orchestra.Orchestra.scrollUntilVisible: Element bounds: Bounds(x=778, y=1298, width=250, height=53)
08:12:41.631 [ INFO] maestro.orchestra.Orchestra.scrollUntilVisible: Visibility Percent: 1.0
08:12:41.631 [ INFO] maestro.orchestra.Orchestra.scrollUntilVisible: Command centerElement: ScrollUntilVisibleCommand(selector=ElementSelector(textRegex=後手・3手詰め ›, idRegex=null, size=null, below=null, above=null, leftOf=null, rightOf=null, containsChild=null, containsDescendants=null, traits=null, index=null, enabled=null, optional=false, selected=null, checked=null, focused=null, childOf=null, css=null), direction=UP, scrollDuration=601, visibilityPercentage=100, timeout=20000, waitToSettleTimeoutMs=null, centerElement=false, originalSpeedValue=40, label=null, optional=false).centerElement
08:12:41.631 [ INFO] maestro.orchestra.Orchestra.scrollUntilVisible: visibilityPercentageNormalized: 1.0
08:12:41.632 [ INFO] maestro.cli.runner.CliConsoleListener.onCommandFinished: Scrolling UP until "後手・3手詰め ›" is visible with speed 40, visibility percentage 100%, timeout 20000 ms, with centering disabled COMPLETED
08:12:41.632 [ INFO] maestro.cli.runner.CliConsoleListener.onCommandStart: Take screenshot 11-mate-badge RUNNING
08:12:41.632 [ INFO] maestro.Maestro.takeScreenshot: Taking screenshot
08:12:41.633 [TRACE] maestro.utils.ScreenshotUtils.takeScreenshot: Taking screenshot to output sink
08:12:41.765 [ INFO] maestro.cli.runner.CliConsoleListener.onCommandFinished: Take screenshot 11-mate-badge COMPLETED
08:12:41.765 [ INFO] maestro.cli.runner.CliConsoleListener.onCommandStart: Tap on "後手・3手詰め ›" RUNNING
08:12:41.913 [ INFO] maestro.Maestro.tap-HgV9Ck0: Tapping on element:  UiElement(treeNode=TreeNode(attributes={text=後手・3手詰め ›, accessibilityText=, hintText=, ignoreBoundsFiltering=false, resource-id=, clickable=false, bounds=[778,1298][1028,1351], enabled=true, focused=false, checked=false, scrollable=false, selected=false, class=android.widget.TextView, important-for-accessibility=true, error=}, children=[], clickable=false, enabled=true, focused=false, checked=false, selected=false), bounds=Bounds(x=778, y=1298, width=250, height=53))
08:12:43.206 [ INFO] maestro.Maestro.tap-HgV9Ck0: Tap aimed via settled hierarchy
08:12:43.207 [ INFO] maestro.Maestro.hierarchyBasedTap-ogj28Uc: Tapping at (903, 1324) using hierarchy based logic for wait
08:12:44.811 [ INFO] maestro.Maestro.hierarchyBasedTap-ogj28Uc: Something has changed in the UI judging by view hierarchy. Proceed.
08:12:44.812 [ INFO] maestro.cli.runner.CliConsoleListener.onCommandFinished: Tap on "後手・3手詰め ›" COMPLETED
08:12:44.812 [ INFO] maestro.cli.runner.CliConsoleListener.onCommandStart: Assert that "0 / 3手" is visible RUNNING
08:12:44.930 [ INFO] maestro.cli.runner.CliConsoleListener.onCommandFinished: Assert that "0 / 3手" is visible COMPLETED
08:12:44.930 [ INFO] maestro.cli.runner.CliConsoleListener.onCommandStart: Take screenshot 12-three-move-mate RUNNING
08:12:44.930 [ INFO] maestro.Maestro.takeScreenshot: Taking screenshot
08:12:44.931 [TRACE] maestro.utils.ScreenshotUtils.takeScreenshot: Taking screenshot to output sink
08:12:45.199 [ INFO] maestro.cli.runner.CliConsoleListener.onCommandFinished: Take screenshot 12-three-move-mate COMPLETED
08:12:45.199 [ INFO] maestro.cli.runner.CliConsoleListener.onCommandStart: Tap x3 on "一手進む" RUNNING
08:12:45.481 [ INFO] maestro.Maestro.tap-HgV9Ck0: Tapping on element: TapRepeat(repeat=3, delay=800) UiElement(treeNode=TreeNode(attributes={text=, accessibilityText=一手進む, hintText=, ignoreBoundsFiltering=false, resource-id=, clickable=true, bounds=[902,2207][1028,2333], enabled=true, focused=false, checked=false, scrollable=false, selected=false, class=android.widget.Button, important-for-accessibility=true, error=}, children=[TreeNode(attributes={text=, accessibilityText=, hintText=, ignoreBoundsFiltering=false, resource-id=, clickable=false, bounds=[935,2240][996,2302], enabled=true, focused=false, checked=false, scrollable=false, selected=false, class=android.widget.TextView, important-for-accessibility=true, error=}, children=[], clickable=false, enabled=true, focused=false, checked=false, selected=false)], clickable=true, enabled=true, focused=false, checked=false, selected=false), bounds=Bounds(x=902, y=2207, width=126, height=126))
08:12:46.698 [ INFO] maestro.Maestro.tap-HgV9Ck0: Tap aimed via settled hierarchy
08:12:46.699 [ INFO] maestro.Maestro.hierarchyBasedTap-ogj28Uc: Tapping at (965, 2270) using hierarchy based logic for wait
08:12:49.303 [ INFO] maestro.Maestro.hierarchyBasedTap-ogj28Uc: Something has changed in the UI judging by view hierarchy. Proceed.
08:12:49.303 [ INFO] maestro.cli.runner.CliConsoleListener.onCommandFinished: Tap x3 on "一手進む" COMPLETED
08:12:49.304 [ INFO] maestro.cli.runner.CliConsoleListener.onCommandStart: Assert that "3 / 3手" is visible RUNNING
08:12:49.422 [ INFO] maestro.cli.runner.CliConsoleListener.onCommandFinished: Assert that "3 / 3手" is visible COMPLETED
08:12:49.422 [ INFO] maestro.cli.runner.CliConsoleListener.onCommandStart: Take screenshot 13-mate-completed RUNNING
08:12:49.422 [ INFO] maestro.Maestro.takeScreenshot: Taking screenshot
08:12:49.423 [TRACE] maestro.utils.ScreenshotUtils.takeScreenshot: Taking screenshot to output sink
08:12:49.621 [ INFO] maestro.cli.runner.CliConsoleListener.onCommandFinished: Take screenshot 13-mate-completed COMPLETED
08:12:49.621 [ INFO] maestro.cli.runner.CliConsoleListener.onCommandStart: Tap on "詰め手順を閉じる" RUNNING
08:12:49.790 [ INFO] maestro.Maestro.tap-HgV9Ck0: Tapping on element:  UiElement(treeNode=TreeNode(attributes={text=, accessibilityText=詰め手順を閉じる, hintText=, ignoreBoundsFiltering=false, resource-id=, clickable=true, bounds=[42,146][168,272], enabled=true, focused=false, checked=false, scrollable=false, selected=false, class=android.widget.Button, important-for-accessibility=true, error=}, children=[TreeNode(attributes={text=, accessibilityText=, hintText=, ignoreBoundsFiltering=false, resource-id=, clickable=false, bounds=[75,179][137,241], enabled=true, focused=false, checked=false, scrollable=false, selected=false, class=android.widget.TextView, important-for-accessibility=true, error=}, children=[], clickable=false, enabled=true, focused=false, checked=false, selected=false)], clickable=true, enabled=true, focused=false, checked=false, selected=false), bounds=Bounds(x=42, y=146, width=126, height=126))
08:12:51.059 [ INFO] maestro.Maestro.tap-HgV9Ck0: Tap aimed via settled hierarchy
08:12:51.059 [ INFO] maestro.Maestro.hierarchyBasedTap-ogj28Uc: Tapping at (105, 209) using hierarchy based logic for wait
08:12:52.702 [ INFO] maestro.Maestro.hierarchyBasedTap-ogj28Uc: Something has changed in the UI judging by view hierarchy. Proceed.
08:12:52.702 [ INFO] maestro.cli.runner.CliConsoleListener.onCommandFinished: Tap on "詰め手順を閉じる" COMPLETED
08:12:52.702 [ INFO] maestro.cli.runner.CliConsoleListener.onCommandStart: Assert that "67 / 80手" is visible RUNNING
08:12:52.893 [ INFO] maestro.cli.runner.CliConsoleListener.onCommandFinished: Assert that "67 / 80手" is visible COMPLETED
08:12:52.894 [ INFO] maestro.cli.runner.CliConsoleListener.onCommandStart: Tap x16 on id: move-prev RUNNING
08:12:53.320 [ INFO] maestro.Maestro.tap-HgV9Ck0: Tapping on element: TapRepeat(repeat=16, delay=800) UiElement(treeNode=TreeNode(attributes={text=, accessibilityText=一手戻る, hintText=, ignoreBoundsFiltering=false, resource-id=move-prev, clickable=true, bounds=[301,2214][417,2329], enabled=true, focused=false, checked=false, scrollable=false, selected=false, class=android.widget.Button, important-for-accessibility=true, error=}, children=[TreeNode(attributes={text=, accessibilityText=, hintText=, ignoreBoundsFiltering=false, resource-id=, clickable=false, bounds=[332,2246][386,2299], enabled=true, focused=false, checked=false, scrollable=false, selected=false, class=android.widget.TextView, important-for-accessibility=true, error=}, children=[], clickable=false, enabled=true, focused=false, checked=false, selected=false)], clickable=true, enabled=true, focused=false, checked=false, selected=false), bounds=Bounds(x=301, y=2214, width=116, height=115))
08:12:54.563 [ INFO] maestro.Maestro.tap-HgV9Ck0: Tap aimed via settled hierarchy
08:12:54.564 [ INFO] maestro.Maestro.hierarchyBasedTap-ogj28Uc: Tapping at (359, 2271) using hierarchy based logic for wait
08:13:08.085 [ INFO] maestro.Maestro.hierarchyBasedTap-ogj28Uc: Something has changed in the UI judging by view hierarchy. Proceed.
08:13:08.086 [ INFO] maestro.cli.runner.CliConsoleListener.onCommandFinished: Tap x16 on id: move-prev COMPLETED
08:13:08.086 [ INFO] maestro.cli.runner.CliConsoleListener.onCommandStart: Run flow when "52 / 80手" is visible RUNNING
08:13:15.352 [ INFO] maestro.orchestra.Orchestra.executeCommands: [Command execution] CommandSkipped: null
08:13:15.352 [ INFO] maestro.cli.runner.CliConsoleListener.onCommandFinished: Run flow when "52 / 80手" is visible SKIPPED
08:13:15.352 [ INFO] maestro.cli.runner.CliConsoleListener.onCommandStart: Run flow when "50 / 80手" is visible RUNNING
08:13:15.665 [ INFO] maestro.orchestra.Orchestra.executeCommands: [Command execution] CommandSkipped: null
08:13:15.665 [ INFO] maestro.cli.runner.CliConsoleListener.onCommandFinished: Run flow when "50 / 80手" is visible SKIPPED
08:13:15.665 [ INFO] maestro.cli.runner.CliConsoleListener.onCommandStart: Assert that "51 / 80手" is visible RUNNING
08:13:15.843 [ INFO] maestro.cli.runner.CliConsoleListener.onCommandFinished: Assert that "51 / 80手" is visible COMPLETED
08:13:15.843 [ INFO] maestro.cli.runner.CliConsoleListener.onCommandStart: Tap on "後手・1手詰め ›" RUNNING
08:13:15.980 [ INFO] maestro.Maestro.tap-HgV9Ck0: Tapping on element:  UiElement(treeNode=TreeNode(attributes={text=後手・1手詰め ›, accessibilityText=, hintText=, ignoreBoundsFiltering=false, resource-id=, clickable=false, bounds=[778,1298][1028,1351], enabled=true, focused=false, checked=false, scrollable=false, selected=false, class=android.widget.TextView, important-for-accessibility=true, error=}, children=[], clickable=false, enabled=true, focused=false, checked=false, selected=false), bounds=Bounds(x=778, y=1298, width=250, height=53))
08:13:17.218 [ INFO] maestro.Maestro.tap-HgV9Ck0: Tap aimed via settled hierarchy
08:13:17.219 [ INFO] maestro.Maestro.hierarchyBasedTap-ogj28Uc: Tapping at (903, 1324) using hierarchy based logic for wait
08:13:18.800 [ INFO] maestro.Maestro.hierarchyBasedTap-ogj28Uc: Something has changed in the UI judging by view hierarchy. Proceed.
08:13:18.800 [ INFO] maestro.cli.runner.CliConsoleListener.onCommandFinished: Tap on "後手・1手詰め ›" COMPLETED
08:13:18.800 [ INFO] maestro.cli.runner.CliConsoleListener.onCommandStart: Assert that "0 / 1手" is visible RUNNING
08:13:18.921 [ INFO] maestro.cli.runner.CliConsoleListener.onCommandFinished: Assert that "0 / 1手" is visible COMPLETED
08:13:18.921 [ INFO] maestro.cli.runner.CliConsoleListener.onCommandStart: Tap on "一手進む" RUNNING
08:13:19.035 [ INFO] maestro.Maestro.tap-HgV9Ck0: Tapping on element:  UiElement(treeNode=TreeNode(attributes={text=, accessibilityText=一手進む, hintText=, ignoreBoundsFiltering=false, resource-id=, clickable=true, bounds=[902,2207][1028,2333], enabled=true, focused=false, checked=false, scrollable=false, selected=false, class=android.widget.Button, important-for-accessibility=true, error=}, children=[TreeNode(attributes={text=, accessibilityText=, hintText=, ignoreBoundsFiltering=false, resource-id=, clickable=false, bounds=[935,2240][996,2302], enabled=true, focused=false, checked=false, scrollable=false, selected=false, class=android.widget.TextView, important-for-accessibility=true, error=}, children=[], clickable=false, enabled=true, focused=false, checked=false, selected=false)], clickable=true, enabled=true, focused=false, checked=false, selected=false), bounds=Bounds(x=902, y=2207, width=126, height=126))
08:13:20.263 [ INFO] maestro.Maestro.tap-HgV9Ck0: Tap aimed via settled hierarchy
08:13:20.264 [ INFO] maestro.Maestro.hierarchyBasedTap-ogj28Uc: Tapping at (965, 2270) using hierarchy based logic for wait
08:13:21.120 [ INFO] maestro.Maestro.hierarchyBasedTap-ogj28Uc: Something has changed in the UI judging by view hierarchy. Proceed.
08:13:21.121 [ INFO] maestro.cli.runner.CliConsoleListener.onCommandFinished: Tap on "一手進む" COMPLETED
08:13:21.121 [ INFO] maestro.cli.runner.CliConsoleListener.onCommandStart: Assert that "1 / 1手" is visible RUNNING
08:13:21.244 [ INFO] maestro.cli.runner.CliConsoleListener.onCommandFinished: Assert that "1 / 1手" is visible COMPLETED
08:13:21.244 [ INFO] maestro.cli.runner.CliConsoleListener.onCommandStart: Take screenshot 14-one-move-mate RUNNING
08:13:21.245 [ INFO] maestro.Maestro.takeScreenshot: Taking screenshot
08:13:21.245 [TRACE] maestro.utils.ScreenshotUtils.takeScreenshot: Taking screenshot to output sink
08:13:21.445 [ INFO] maestro.cli.runner.CliConsoleListener.onCommandFinished: Take screenshot 14-one-move-mate COMPLETED
08:13:21.445 [ INFO] maestro.cli.runner.CliConsoleListener.onCommandStart: Tap on "詰め手順を閉じる" RUNNING
08:13:21.607 [ INFO] maestro.Maestro.tap-HgV9Ck0: Tapping on element:  UiElement(treeNode=TreeNode(attributes={text=, accessibilityText=詰め手順を閉じる, hintText=, ignoreBoundsFiltering=false, resource-id=, clickable=true, bounds=[42,146][168,272], enabled=true, focused=false, checked=false, scrollable=false, selected=false, class=android.widget.Button, important-for-accessibility=true, error=}, children=[TreeNode(attributes={text=, accessibilityText=, hintText=, ignoreBoundsFiltering=false, resource-id=, clickable=false, bounds=[75,179][137,241], enabled=true, focused=false, checked=false, scrollable=false, selected=false, class=android.widget.TextView, important-for-accessibility=true, error=}, children=[], clickable=false, enabled=true, focused=false, checked=false, selected=false)], clickable=true, enabled=true, focused=false, checked=false, selected=false), bounds=Bounds(x=42, y=146, width=126, height=126))
08:13:22.828 [ INFO] maestro.Maestro.tap-HgV9Ck0: Tap aimed via settled hierarchy
08:13:22.829 [ INFO] maestro.Maestro.hierarchyBasedTap-ogj28Uc: Tapping at (105, 209) using hierarchy based logic for wait
08:13:24.476 [ INFO] maestro.Maestro.hierarchyBasedTap-ogj28Uc: Something has changed in the UI judging by view hierarchy. Proceed.
08:13:24.476 [ INFO] maestro.cli.runner.CliConsoleListener.onCommandFinished: Tap on "詰め手順を閉じる" COMPLETED
08:13:24.476 [ INFO] maestro.cli.runner.CliConsoleListener.onCommandStart: Assert that "51 / 80手" is visible RUNNING
08:13:24.616 [ INFO] maestro.cli.runner.CliConsoleListener.onCommandFinished: Assert that "51 / 80手" is visible COMPLETED
08:13:24.616 [ INFO] maestro.cli.runner.CliConsoleListener.onCommandStart: Tap on id: move-first RUNNING
08:13:25.102 [ INFO] maestro.Maestro.tap-HgV9Ck0: Tapping on element:  UiElement(treeNode=TreeNode(attributes={text=, accessibilityText=初期局面へ, hintText=, ignoreBoundsFiltering=false, resource-id=move-first, clickable=true, bounds=[120,2214][236,2329], enabled=true, focused=false, checked=false, scrollable=false, selected=false, class=android.widget.Button, important-for-accessibility=true, error=}, children=[TreeNode(attributes={text=, accessibilityText=, hintText=, ignoreBoundsFiltering=false, resource-id=, clickable=false, bounds=[151,2246][204,2299], enabled=true, focused=false, checked=false, scrollable=false, selected=false, class=android.widget.TextView, important-for-accessibility=true, error=}, children=[], clickable=false, enabled=true, focused=false, checked=false, selected=false)], clickable=true, enabled=true, focused=false, checked=false, selected=false), bounds=Bounds(x=120, y=2214, width=116, height=115))
08:13:26.387 [ INFO] maestro.Maestro.tap-HgV9Ck0: Tap aimed via settled hierarchy
08:13:26.388 [ INFO] maestro.Maestro.hierarchyBasedTap-ogj28Uc: Tapping at (178, 2271) using hierarchy based logic for wait
08:13:26.811 [ INFO] maestro.cli.runner.CliConsoleListener.onCommandFinished: Tap on id: move-first COMPLETED
08:13:26.812 [ INFO] maestro.cli.runner.CliConsoleListener.onCommandStart: Scrolling UP until id: square-2g is visible with speed 40, visibility percentage 100%, timeout 20000 ms, with centering disabled RUNNING
08:13:26.986 [ INFO] maestro.orchestra.Orchestra.scrollUntilVisible: Scrolling try count: 0, DeviceWidth: 1080, DeviceWidth: 2400
08:13:26.986 [ INFO] maestro.orchestra.Orchestra.scrollUntilVisible: Element bounds: Bounds(x=186, y=416, width=101, height=101)
08:13:26.986 [ INFO] maestro.orchestra.Orchestra.scrollUntilVisible: Visibility Percent: 1.0
08:13:26.987 [ INFO] maestro.orchestra.Orchestra.scrollUntilVisible: Command centerElement: ScrollUntilVisibleCommand(selector=ElementSelector(textRegex=null, idRegex=square-2g, size=null, below=null, above=null, leftOf=null, rightOf=null, containsChild=null, containsDescendants=null, traits=null, index=null, enabled=null, optional=false, selected=null, checked=null, focused=null, childOf=null, css=null), direction=UP, scrollDuration=601, visibilityPercentage=100, timeout=20000, waitToSettleTimeoutMs=null, centerElement=false, originalSpeedValue=40, label=null, optional=false).centerElement
08:13:26.987 [ INFO] maestro.orchestra.Orchestra.scrollUntilVisible: visibilityPercentageNormalized: 1.0
08:13:26.987 [ INFO] maestro.cli.runner.CliConsoleListener.onCommandFinished: Scrolling UP until id: square-2g is visible with speed 40, visibility percentage 100%, timeout 20000 ms, with centering disabled COMPLETED
08:13:26.987 [ INFO] maestro.cli.runner.CliConsoleListener.onCommandStart: Tap on id: square-2g RUNNING
08:13:27.208 [ INFO] maestro.Maestro.tap-HgV9Ck0: Tapping on element:  UiElement(treeNode=TreeNode(attributes={text=, accessibilityText=2七、先手の歩, hintText=, ignoreBoundsFiltering=false, resource-id=square-2g, clickable=true, bounds=[186,416][287,517], enabled=true, focused=false, checked=false, scrollable=false, selected=false, class=android.widget.Button, important-for-accessibility=true, error=}, children=[TreeNode(attributes={text=, accessibilityText=, hintText=, ignoreBoundsFiltering=false, resource-id=, clickable=false, bounds=[190,419][283,514], enabled=true, focused=false, checked=false, scrollable=false, selected=false, class=android.view.ViewGroup, important-for-accessibility=false, error=}, children=[TreeNode(attributes={text=, accessibilityText=, hintText=, ignoreBoundsFiltering=false, resource-id=, clickable=false, bounds=[195,419][278,514], enabled=true, focused=false, checked=false, scrollable=false, selected=false, class=android.widget.ImageView, important-for-accessibility=false, error=}, children=[], clickable=false, enabled=true, focused=false, checked=false, selected=false), TreeNode(attributes={text=, accessibilityText=, hintText=, ignoreBoundsFiltering=false, resource-id=, clickable=false, bounds=[206,428][267,494], enabled=true, focused=false, checked=false, scrollable=false, selected=false, class=android.widget.ImageView, important-for-accessibility=false, error=}, children=[], clickable=false, enabled=true, focused=false, checked=false, selected=false)], clickable=false, enabled=true, focused=false, checked=false, selected=false)], clickable=true, enabled=true, focused=false, checked=false, selected=false), bounds=Bounds(x=186, y=416, width=101, height=101))
08:13:28.826 [ INFO] maestro.Maestro.tap-HgV9Ck0: Tap aimed via settled hierarchy
08:13:28.827 [ INFO] maestro.Maestro.hierarchyBasedTap-ogj28Uc: Tapping at (236, 466) using hierarchy based logic for wait
08:13:30.102 [ INFO] maestro.Maestro.hierarchyBasedTap-ogj28Uc: Something has changed in the UI judging by view hierarchy. Proceed.
08:13:30.102 [ INFO] maestro.cli.runner.CliConsoleListener.onCommandFinished: Tap on id: square-2g COMPLETED
08:13:30.102 [ INFO] maestro.cli.runner.CliConsoleListener.onCommandStart: Tap on id: square-2f RUNNING
08:13:30.230 [ INFO] maestro.Maestro.tap-HgV9Ck0: Tapping on element:  UiElement(treeNode=TreeNode(attributes={text=, accessibilityText=2六、空きマス、移動できます, hintText=, ignoreBoundsFiltering=false, resource-id=square-2f, clickable=true, bounds=[186,517][287,619], enabled=true, focused=false, checked=false, scrollable=false, selected=false, class=android.widget.Button, important-for-accessibility=true, error=}, children=[TreeNode(attributes={text=, accessibilityText=, hintText=, ignoreBoundsFiltering=false, resource-id=, clickable=false, bounds=[225,556][247,579], enabled=true, focused=false, checked=false, scrollable=false, selected=false, class=android.view.ViewGroup, important-for-accessibility=false, error=}, children=[], clickable=false, enabled=true, focused=false, checked=false, selected=false)], clickable=true, enabled=true, focused=false, checked=false, selected=false), bounds=Bounds(x=186, y=517, width=101, height=102))
08:13:31.519 [ INFO] maestro.Maestro.tap-HgV9Ck0: Tap aimed via settled hierarchy
08:13:31.520 [ INFO] maestro.Maestro.hierarchyBasedTap-ogj28Uc: Tapping at (236, 568) using hierarchy based logic for wait
08:13:33.387 [ INFO] maestro.Maestro.hierarchyBasedTap-ogj28Uc: Something has changed in the UI judging by view hierarchy. Proceed.
08:13:33.387 [ INFO] maestro.cli.runner.CliConsoleListener.onCommandFinished: Tap on id: square-2f COMPLETED
08:13:33.387 [ INFO] maestro.cli.runner.CliConsoleListener.onCommandStart: Assert that "分岐検討" is visible RUNNING
08:13:33.551 [ INFO] maestro.cli.runner.CliConsoleListener.onCommandFinished: Assert that "分岐検討" is visible COMPLETED
08:13:33.551 [ INFO] maestro.cli.runner.CliConsoleListener.onCommandStart: Scrolling UP until "0手目から分岐" is visible with speed 40, visibility percentage 100%, timeout 20000 ms, with centering disabled RUNNING
08:13:33.702 [ INFO] maestro.orchestra.Orchestra.scrollUntilVisible: Scrolling try count: 0, DeviceWidth: 1080, DeviceWidth: 2400
08:13:33.702 [ INFO] maestro.orchestra.Orchestra.scrollUntilVisible: Element bounds: Bounds(x=445, y=220, width=190, height=37)
08:13:33.702 [ INFO] maestro.orchestra.Orchestra.scrollUntilVisible: Visibility Percent: 1.0
08:13:33.702 [ INFO] maestro.orchestra.Orchestra.scrollUntilVisible: Command centerElement: ScrollUntilVisibleCommand(selector=ElementSelector(textRegex=0手目から分岐, idRegex=null, size=null, below=null, above=null, leftOf=null, rightOf=null, containsChild=null, containsDescendants=null, traits=null, index=null, enabled=null, optional=false, selected=null, checked=null, focused=null, childOf=null, css=null), direction=UP, scrollDuration=601, visibilityPercentage=100, timeout=20000, waitToSettleTimeoutMs=null, centerElement=false, originalSpeedValue=40, label=null, optional=false).centerElement
08:13:33.703 [ INFO] maestro.orchestra.Orchestra.scrollUntilVisible: visibilityPercentageNormalized: 1.0
08:13:33.703 [ INFO] maestro.cli.runner.CliConsoleListener.onCommandFinished: Scrolling UP until "0手目から分岐" is visible with speed 40, visibility percentage 100%, timeout 20000 ms, with centering disabled COMPLETED
08:13:33.703 [ INFO] maestro.cli.runner.CliConsoleListener.onCommandStart: Assert that "0手目から分岐" is visible RUNNING
08:13:33.865 [ INFO] maestro.cli.runner.CliConsoleListener.onCommandFinished: Assert that "0手目から分岐" is visible COMPLETED
08:13:33.866 [ INFO] maestro.cli.runner.CliConsoleListener.onCommandStart: Scrolling DOWN until id: analysis-ready is visible with speed 40, visibility percentage 100%, timeout 180000 ms, with centering disabled RUNNING
08:13:34.034 [ INFO] maestro.orchestra.Orchestra.scrollUntilVisible: Scrolling try count: 0, DeviceWidth: 1080, DeviceWidth: 2400
08:13:34.034 [ INFO] maestro.orchestra.Orchestra.scrollUntilVisible: Element bounds: Bounds(x=32, y=1386, width=1017, height=148)
08:13:34.034 [ INFO] maestro.orchestra.Orchestra.scrollUntilVisible: Visibility Percent: 1.0
08:13:34.034 [ INFO] maestro.orchestra.Orchestra.scrollUntilVisible: Command centerElement: ScrollUntilVisibleCommand(selector=ElementSelector(textRegex=null, idRegex=analysis-ready, size=null, below=null, above=null, leftOf=null, rightOf=null, containsChild=null, containsDescendants=null, traits=null, index=null, enabled=null, optional=false, selected=null, checked=null, focused=null, childOf=null, css=null), direction=DOWN, scrollDuration=601, visibilityPercentage=100, timeout=180000, waitToSettleTimeoutMs=null, centerElement=false, originalSpeedValue=40, label=null, optional=false).centerElement
08:13:34.034 [ INFO] maestro.orchestra.Orchestra.scrollUntilVisible: visibilityPercentageNormalized: 1.0
08:13:34.034 [ INFO] maestro.cli.runner.CliConsoleListener.onCommandFinished: Scrolling DOWN until id: analysis-ready is visible with speed 40, visibility percentage 100%, timeout 180000 ms, with centering disabled COMPLETED
08:13:34.034 [ INFO] maestro.cli.runner.CliConsoleListener.onCommandStart: Take screenshot 15-variation RUNNING
08:13:34.034 [ INFO] maestro.Maestro.takeScreenshot: Taking screenshot
08:13:34.035 [TRACE] maestro.utils.ScreenshotUtils.takeScreenshot: Taking screenshot to output sink
08:13:34.190 [ INFO] maestro.cli.runner.CliConsoleListener.onCommandFinished: Take screenshot 15-variation COMPLETED
08:13:34.190 [ INFO] maestro.cli.runner.CliConsoleListener.onCommandStart: Scrolling UP until "本譜に戻る" is visible with speed 40, visibility percentage 100%, timeout 20000 ms, with centering disabled RUNNING
08:13:34.349 [ INFO] maestro.orchestra.Orchestra.scrollUntilVisible: Scrolling try count: 0, DeviceWidth: 1080, DeviceWidth: 2400
08:13:34.349 [ INFO] maestro.orchestra.Orchestra.scrollUntilVisible: Element bounds: Bounds(x=42, y=146, width=126, height=126)
08:13:34.349 [ INFO] maestro.orchestra.Orchestra.scrollUntilVisible: Visibility Percent: 1.0
08:13:34.349 [ INFO] maestro.orchestra.Orchestra.scrollUntilVisible: Command centerElement: ScrollUntilVisibleCommand(selector=ElementSelector(textRegex=本譜に戻る, idRegex=null, size=null, below=null, above=null, leftOf=null, rightOf=null, containsChild=null, containsDescendants=null, traits=null, index=null, enabled=null, optional=false, selected=null, checked=null, focused=null, childOf=null, css=null), direction=UP, scrollDuration=601, visibilityPercentage=100, timeout=20000, waitToSettleTimeoutMs=null, centerElement=false, originalSpeedValue=40, label=null, optional=false).centerElement
08:13:34.349 [ INFO] maestro.orchestra.Orchestra.scrollUntilVisible: visibilityPercentageNormalized: 1.0
08:13:34.349 [ INFO] maestro.cli.runner.CliConsoleListener.onCommandFinished: Scrolling UP until "本譜に戻る" is visible with speed 40, visibility percentage 100%, timeout 20000 ms, with centering disabled COMPLETED
08:13:34.350 [ INFO] maestro.cli.runner.CliConsoleListener.onCommandStart: Tap on "本譜に戻る" RUNNING
08:13:34.532 [ INFO] maestro.Maestro.tap-HgV9Ck0: Tapping on element:  UiElement(treeNode=TreeNode(attributes={text=, accessibilityText=本譜に戻る, hintText=, ignoreBoundsFiltering=false, resource-id=, clickable=true, bounds=[42,146][168,272], enabled=true, focused=false, checked=false, scrollable=false, selected=false, class=android.widget.Button, important-for-accessibility=true, error=}, children=[TreeNode(attributes={text=, accessibilityText=, hintText=, ignoreBoundsFiltering=false, resource-id=, clickable=false, bounds=[75,179][137,241], enabled=true, focused=false, checked=false, scrollable=false, selected=false, class=android.widget.TextView, important-for-accessibility=true, error=}, children=[], clickable=false, enabled=true, focused=false, checked=false, selected=false)], clickable=true, enabled=true, focused=false, checked=false, selected=false), bounds=Bounds(x=42, y=146, width=126, height=126))
08:13:35.800 [ INFO] maestro.Maestro.tap-HgV9Ck0: Tap aimed via settled hierarchy
08:13:35.801 [ INFO] maestro.Maestro.hierarchyBasedTap-ogj28Uc: Tapping at (105, 209) using hierarchy based logic for wait
08:13:37.035 [ INFO] maestro.Maestro.hierarchyBasedTap-ogj28Uc: Something has changed in the UI judging by view hierarchy. Proceed.
08:13:37.036 [ INFO] maestro.cli.runner.CliConsoleListener.onCommandFinished: Tap on "本譜に戻る" COMPLETED
08:13:37.036 [ INFO] maestro.cli.runner.CliConsoleListener.onCommandStart: Assert that "0 / 80手" is visible RUNNING
08:13:37.212 [ INFO] maestro.cli.runner.CliConsoleListener.onCommandFinished: Assert that "0 / 80手" is visible COMPLETED
08:13:37.213 [ INFO] maestro.cli.runner.CliConsoleListener.onCommandStart: Tap on id: move-next RUNNING
08:13:37.374 [ INFO] maestro.Maestro.tap-HgV9Ck0: Tapping on element:  UiElement(treeNode=TreeNode(attributes={text=, accessibilityText=一手進む, hintText=, ignoreBoundsFiltering=false, resource-id=move-next, clickable=true, bounds=[663,2214][779,2329], enabled=true, focused=false, checked=false, scrollable=false, selected=false, class=android.widget.Button, important-for-accessibility=true, error=}, children=[TreeNode(attributes={text=, accessibilityText=, hintText=, ignoreBoundsFiltering=false, resource-id=, clickable=false, bounds=[694,2246][748,2299], enabled=true, focused=false, checked=false, scrollable=false, selected=false, class=android.widget.TextView, important-for-accessibility=true, error=}, children=[], clickable=false, enabled=true, focused=false, checked=false, selected=false)], clickable=true, enabled=true, focused=false, checked=false, selected=false), bounds=Bounds(x=663, y=2214, width=116, height=115))
08:13:38.622 [ INFO] maestro.Maestro.tap-HgV9Ck0: Tap aimed via settled hierarchy
08:13:38.623 [ INFO] maestro.Maestro.hierarchyBasedTap-ogj28Uc: Tapping at (721, 2271) using hierarchy based logic for wait
08:13:39.094 [ INFO] maestro.cli.runner.CliConsoleListener.onCommandFinished: Tap on id: move-next COMPLETED
08:13:39.094 [ INFO] maestro.cli.runner.CliConsoleListener.onCommandStart: Assert that "1 / 80手" is visible RUNNING
08:13:39.943 [ INFO] maestro.cli.runner.CliConsoleListener.onCommandFinished: Assert that "1 / 80手" is visible COMPLETED
08:13:39.943 [ INFO] maestro.cli.runner.CliConsoleListener.onCommandStart: Stop com.meeshogi.app RUNNING
08:13:39.943 [ INFO] maestro.Maestro.stopApp$lambda$6: Stopping app com.meeshogi.app
08:13:39.976 [ INFO] maestro.cli.runner.CliConsoleListener.onCommandFinished: Stop com.meeshogi.app COMPLETED
08:13:39.976 [ INFO] maestro.cli.runner.CliConsoleListener.onCommandStart: Launch app "com.meeshogi.app" RUNNING
08:13:40.873 [ INFO] maestro.Maestro.launchApp$lambda$5: Launching app com.meeshogi.app
08:13:40.873 [ INFO] maestro.Maestro.launchApp$lambda$5: Stopping com.meeshogi.app app during launch
08:13:40.914 [ INFO] maestro.cli.runner.CliConsoleListener.onCommandFinished: Launch app "com.meeshogi.app" COMPLETED
08:13:40.914 [ INFO] maestro.cli.runner.CliConsoleListener.onCommandStart: Assert that ".*1手目から再開.*" is visible RUNNING
08:13:43.338 [ INFO] maestro.cli.runner.CliConsoleListener.onCommandFinished: Assert that ".*1手目から再開.*" is visible COMPLETED
08:13:43.339 [ INFO] maestro.cli.runner.CliConsoleListener.onCommandStart: Tap on "設定.*" RUNNING
08:13:43.783 [ INFO] maestro.Maestro.tap-HgV9Ck0: Tapping on element:  UiElement(treeNode=TreeNode(attributes={text=設定, accessibilityText=, hintText=, ignoreBoundsFiltering=false, resource-id=, clickable=false, bounds=[871,2293][929,2336], enabled=true, focused=false, checked=false, scrollable=false, selected=false, class=android.widget.TextView, important-for-accessibility=true, error=}, children=[], clickable=false, enabled=true, focused=false, checked=false, selected=false), bounds=Bounds(x=871, y=2293, width=58, height=43))
08:13:44.961 [ INFO] maestro.Maestro.tap-HgV9Ck0: Tap aimed via settled hierarchy
08:13:44.962 [ INFO] maestro.Maestro.hierarchyBasedTap-ogj28Uc: Tapping at (900, 2314) using hierarchy based logic for wait
08:13:46.077 [ INFO] maestro.Maestro.hierarchyBasedTap-ogj28Uc: Something has changed in the UI judging by view hierarchy. Proceed.
08:13:46.077 [ INFO] maestro.cli.runner.CliConsoleListener.onCommandFinished: Tap on "設定.*" COMPLETED
08:13:46.077 [ INFO] maestro.cli.runner.CliConsoleListener.onCommandStart: Assert that id: settings-screen is visible RUNNING
08:13:46.171 [ INFO] maestro.cli.runner.CliConsoleListener.onCommandFinished: Assert that id: settings-screen is visible COMPLETED
08:13:46.171 [ INFO] maestro.cli.runner.CliConsoleListener.onCommandStart: Scrolling DOWN until "解析の長さ" is visible with speed 40, visibility percentage 100%, timeout 20000 ms, with centering disabled RUNNING
08:13:46.258 [ INFO] maestro.orchestra.Orchestra.scrollUntilVisible: Scrolling try count: 0, DeviceWidth: 1080, DeviceWidth: 2400
08:13:46.258 [ INFO] maestro.orchestra.Orchestra.scrollUntilVisible: Element bounds: Bounds(x=96, y=1151, width=690, height=66)
08:13:46.258 [ INFO] maestro.orchestra.Orchestra.scrollUntilVisible: Visibility Percent: 1.0
08:13:46.258 [ INFO] maestro.orchestra.Orchestra.scrollUntilVisible: Command centerElement: ScrollUntilVisibleCommand(selector=ElementSelector(textRegex=解析の長さ, idRegex=null, size=null, below=null, above=null, leftOf=null, rightOf=null, containsChild=null, containsDescendants=null, traits=null, index=null, enabled=null, optional=false, selected=null, checked=null, focused=null, childOf=null, css=null), direction=DOWN, scrollDuration=601, visibilityPercentage=100, timeout=20000, waitToSettleTimeoutMs=null, centerElement=false, originalSpeedValue=40, label=null, optional=false).centerElement
08:13:46.258 [ INFO] maestro.orchestra.Orchestra.scrollUntilVisible: visibilityPercentageNormalized: 1.0
08:13:46.258 [ INFO] maestro.cli.runner.CliConsoleListener.onCommandFinished: Scrolling DOWN until "解析の長さ" is visible with speed 40, visibility percentage 100%, timeout 20000 ms, with centering disabled COMPLETED
08:13:46.258 [ INFO] maestro.cli.runner.CliConsoleListener.onCommandStart: Tap on "解析の長さ" RUNNING
08:13:46.370 [ INFO] maestro.Maestro.tap-HgV9Ck0: Tapping on element:  UiElement(treeNode=TreeNode(attributes={text=解析の長さ, accessibilityText=, hintText=, ignoreBoundsFiltering=false, resource-id=, clickable=false, bounds=[96,1151][786,1217], enabled=true, focused=false, checked=false, scrollable=false, selected=false, class=android.widget.TextView, important-for-accessibility=true, error=}, children=[], clickable=false, enabled=true, focused=false, checked=false, selected=false), bounds=Bounds(x=96, y=1151, width=690, height=66))
08:13:47.733 [ INFO] maestro.Maestro.tap-HgV9Ck0: Tap aimed via settled hierarchy
08:13:47.734 [ INFO] maestro.Maestro.hierarchyBasedTap-ogj28Uc: Tapping at (441, 1184) using hierarchy based logic for wait
08:13:48.952 [ INFO] maestro.Maestro.hierarchyBasedTap-ogj28Uc: Something has changed in the UI judging by view hierarchy. Proceed.
08:13:48.952 [ INFO] maestro.cli.runner.CliConsoleListener.onCommandFinished: Tap on "解析の長さ" COMPLETED
08:13:48.953 [ INFO] maestro.cli.runner.CliConsoleListener.onCommandStart: Tap on "標準" RUNNING
08:13:49.009 [ INFO] maestro.Maestro.tap-HgV9Ck0: Tapping on element:  UiElement(treeNode=TreeNode(attributes={text=標準, accessibilityText=, hintText=, ignoreBoundsFiltering=false, resource-id=, clickable=false, bounds=[42,2001][126,2063], enabled=true, focused=false, checked=false, scrollable=false, selected=false, class=android.widget.TextView, important-for-accessibility=true, error=}, children=[], clickable=false, enabled=true, focused=false, checked=false, selected=false), bounds=Bounds(x=42, y=2001, width=84, height=62))
08:13:50.320 [ INFO] maestro.Maestro.tap-HgV9Ck0: Tap aimed via settled hierarchy
08:13:50.321 [ INFO] maestro.Maestro.hierarchyBasedTap-ogj28Uc: Tapping at (84, 2032) using hierarchy based logic for wait
08:13:51.531 [ INFO] maestro.Maestro.hierarchyBasedTap-ogj28Uc: Something has changed in the UI judging by view hierarchy. Proceed.
08:13:51.532 [ INFO] maestro.cli.runner.CliConsoleListener.onCommandFinished: Tap on "標準" COMPLETED
08:13:51.532 [ INFO] maestro.cli.runner.CliConsoleListener.onCommandStart: Tap on id: tab-games RUNNING
08:13:51.615 [ INFO] maestro.Maestro.tap-HgV9Ck0: Tapping on element:  UiElement(treeNode=TreeNode(attributes={text=, accessibilityText=, 棋譜, hintText=, ignoreBoundsFiltering=false, resource-id=tab-games, clickable=true, bounds=[0,2207][360,2337], enabled=true, focused=false, checked=false, scrollable=false, selected=false, class=android.view.View, important-for-accessibility=true, error=}, children=[TreeNode(attributes={text=, accessibilityText=, hintText=, ignoreBoundsFiltering=false, resource-id=, clickable=false, bounds=[150,2227][212,2288], enabled=true, focused=false, checked=false, scrollable=false, selected=false, class=android.widget.TextView, important-for-accessibility=true, error=}, children=[], clickable=false, enabled=true, focused=false, checked=false, selected=false), TreeNode(attributes={text=棋譜, accessibilityText=, hintText=, ignoreBoundsFiltering=false, resource-id=, clickable=false, bounds=[151,2293][209,2336], enabled=true, focused=false, checked=false, scrollable=false, selected=false, class=android.widget.TextView, important-for-accessibility=true, error=}, children=[], clickable=false, enabled=true, focused=false, checked=false, selected=false)], clickable=true, enabled=true, focused=false, checked=false, selected=false), bounds=Bounds(x=0, y=2207, width=360, height=130))
08:13:53.122 [ INFO] maestro.Maestro.tap-HgV9Ck0: Tap aimed via settled hierarchy
08:13:53.123 [ INFO] maestro.Maestro.hierarchyBasedTap-ogj28Uc: Tapping at (180, 2272) using hierarchy based logic for wait
08:13:54.130 [ INFO] maestro.Maestro.hierarchyBasedTap-ogj28Uc: Something has changed in the UI judging by view hierarchy. Proceed.
08:13:54.130 [ INFO] maestro.cli.runner.CliConsoleListener.onCommandFinished: Tap on id: tab-games COMPLETED
