08:14:00.142 [ INFO] maestro.cli.runner.CliConsoleListener.onCommandStart: Define variables RUNNING
08:14:00.144 [ INFO] maestro.cli.runner.CliConsoleListener.onCommandFinished: Define variables COMPLETED
08:14:00.145 [ INFO] maestro.cli.runner.CliConsoleListener.onCommandStart: Apply configuration RUNNING
08:14:00.146 [ INFO] maestro.cli.runner.CliConsoleListener.onCommandFinished: Apply configuration COMPLETED
08:14:00.146 [ INFO] maestro.cli.runner.CliConsoleListener.onCommandStart: Launch app "com.meeshogi.app" RUNNING
08:14:00.650 [ INFO] maestro.Maestro.launchApp$lambda$5: Launching app com.meeshogi.app
08:14:00.650 [ INFO] maestro.Maestro.launchApp$lambda$5: Stopping com.meeshogi.app app during launch
08:14:00.780 [ INFO] maestro.cli.runner.CliConsoleListener.onCommandFinished: Launch app "com.meeshogi.app" COMPLETED
08:14:00.781 [ INFO] maestro.cli.runner.CliConsoleListener.onCommandStart: Assert that id: library-screen is visible RUNNING
08:14:03.886 [ INFO] maestro.cli.runner.CliConsoleListener.onCommandFinished: Assert that id: library-screen is visible COMPLETED
08:14:03.887 [ INFO] maestro.cli.runner.CliConsoleListener.onCommandStart: Tap on "設定.*" RUNNING
08:14:03.977 [ INFO] maestro.Maestro.tap-HgV9Ck0: Tapping on element:  UiElement(treeNode=TreeNode(attributes={text=設定, accessibilityText=, hintText=, ignoreBoundsFiltering=false, resource-id=, clickable=false, bounds=[871,2293][929,2336], enabled=true, focused=false, checked=false, scrollable=false, selected=false, class=android.widget.TextView, important-for-accessibility=true, error=}, children=[], clickable=false, enabled=true, focused=false, checked=false, selected=false), bounds=Bounds(x=871, y=2293, width=58, height=43))
08:14:05.201 [ INFO] maestro.Maestro.tap-HgV9Ck0: Tap aimed via settled hierarchy
08:14:05.205 [ INFO] maestro.Maestro.hierarchyBasedTap-ogj28Uc: Tapping at (900, 2314) using hierarchy based logic for wait
08:14:06.380 [ INFO] maestro.Maestro.hierarchyBasedTap-ogj28Uc: Something has changed in the UI judging by view hierarchy. Proceed.
08:14:06.380 [ INFO] maestro.cli.runner.CliConsoleListener.onCommandFinished: Tap on "設定.*" COMPLETED
08:14:06.380 [ INFO] maestro.cli.runner.CliConsoleListener.onCommandStart: Assert that id: settings-screen is visible RUNNING
08:14:06.515 [ INFO] maestro.cli.runner.CliConsoleListener.onCommandFinished: Assert that id: settings-screen is visible COMPLETED
08:14:06.515 [ INFO] maestro.cli.runner.CliConsoleListener.onCommandStart: Scrolling DOWN until "解析の長さ" is visible with speed 40, visibility percentage 100%, timeout 20000 ms, with centering disabled RUNNING
08:14:06.598 [ INFO] maestro.orchestra.Orchestra.scrollUntilVisible: Scrolling try count: 0, DeviceWidth: 1080, DeviceWidth: 2400
08:14:06.598 [ INFO] maestro.orchestra.Orchestra.scrollUntilVisible: Element bounds: Bounds(x=96, y=1151, width=690, height=66)
08:14:06.599 [ INFO] maestro.orchestra.Orchestra.scrollUntilVisible: Visibility Percent: 1.0
08:14:06.606 [ INFO] maestro.orchestra.Orchestra.scrollUntilVisible: Command centerElement: ScrollUntilVisibleCommand(selector=ElementSelector(textRegex=解析の長さ, idRegex=null, size=null, below=null, above=null, leftOf=null, rightOf=null, containsChild=null, containsDescendants=null, traits=null, index=null, enabled=null, optional=false, selected=null, checked=null, focused=null, childOf=null, css=null), direction=DOWN, scrollDuration=601, visibilityPercentage=100, timeout=20000, waitToSettleTimeoutMs=null, centerElement=false, originalSpeedValue=40, label=null, optional=false).centerElement
08:14:06.606 [ INFO] maestro.orchestra.Orchestra.scrollUntilVisible: visibilityPercentageNormalized: 1.0
08:14:06.607 [ INFO] maestro.cli.runner.CliConsoleListener.onCommandFinished: Scrolling DOWN until "解析の長さ" is visible with speed 40, visibility percentage 100%, timeout 20000 ms, with centering disabled COMPLETED
08:14:06.607 [ INFO] maestro.cli.runner.CliConsoleListener.onCommandStart: Tap on "解析の長さ" RUNNING
08:14:06.690 [ INFO] maestro.Maestro.tap-HgV9Ck0: Tapping on element:  UiElement(treeNode=TreeNode(attributes={text=解析の長さ, accessibilityText=, hintText=, ignoreBoundsFiltering=false, resource-id=, clickable=false, bounds=[96,1151][786,1217], enabled=true, focused=false, checked=false, scrollable=false, selected=false, class=android.widget.TextView, important-for-accessibility=true, error=}, children=[], clickable=false, enabled=true, focused=false, checked=false, selected=false), bounds=Bounds(x=96, y=1151, width=690, height=66))
08:14:07.949 [ INFO] maestro.Maestro.tap-HgV9Ck0: Tap aimed via settled hierarchy
08:14:07.950 [ INFO] maestro.Maestro.hierarchyBasedTap-ogj28Uc: Tapping at (441, 1184) using hierarchy based logic for wait
08:14:09.225 [ INFO] maestro.Maestro.hierarchyBasedTap-ogj28Uc: Something has changed in the UI judging by view hierarchy. Proceed.
08:14:09.225 [ INFO] maestro.cli.runner.CliConsoleListener.onCommandFinished: Tap on "解析の長さ" COMPLETED
08:14:09.225 [ INFO] maestro.cli.runner.CliConsoleListener.onCommandStart: Tap on "標準" RUNNING
08:14:09.285 [ INFO] maestro.Maestro.tap-HgV9Ck0: Tapping on element:  UiElement(treeNode=TreeNode(attributes={text=標準, accessibilityText=, hintText=, ignoreBoundsFiltering=false, resource-id=, clickable=false, bounds=[42,2001][126,2063], enabled=true, focused=false, checked=false, scrollable=false, selected=false, class=android.widget.TextView, important-for-accessibility=true, error=}, children=[], clickable=false, enabled=true, focused=false, checked=false, selected=false), bounds=Bounds(x=42, y=2001, width=84, height=62))
08:14:10.600 [ INFO] maestro.Maestro.tap-HgV9Ck0: Tap aimed via settled hierarchy
08:14:10.602 [ INFO] maestro.Maestro.hierarchyBasedTap-ogj28Uc: Tapping at (84, 2032) using hierarchy based logic for wait
08:14:11.812 [ INFO] maestro.Maestro.hierarchyBasedTap-ogj28Uc: Something has changed in the UI judging by view hierarchy. Proceed.
08:14:11.812 [ INFO] maestro.cli.runner.CliConsoleListener.onCommandFinished: Tap on "標準" COMPLETED
08:14:11.813 [ INFO] maestro.cli.runner.CliConsoleListener.onCommandStart: Tap on id: tab-games RUNNING
08:14:11.890 [ INFO] maestro.Maestro.tap-HgV9Ck0: Tapping on element:  UiElement(treeNode=TreeNode(attributes={text=, accessibilityText=, 棋譜, hintText=, ignoreBoundsFiltering=false, resource-id=tab-games, clickable=true, bounds=[0,2207][360,2337], enabled=true, focused=false, checked=false, scrollable=false, selected=false, class=android.view.View, important-for-accessibility=true, error=}, children=[TreeNode(attributes={text=, accessibilityText=, hintText=, ignoreBoundsFiltering=false, resource-id=, clickable=false, bounds=[150,2227][212,2288], enabled=true, focused=false, checked=false, scrollable=false, selected=false, class=android.widget.TextView, important-for-accessibility=true, error=}, children=[], clickable=false, enabled=true, focused=false, checked=false, selected=false), TreeNode(attributes={text=棋譜, accessibilityText=, hintText=, ignoreBoundsFiltering=false, resource-id=, clickable=false, bounds=[151,2293][209,2336], enabled=true, focused=false, checked=false, scrollable=false, selected=false, class=android.widget.TextView, important-for-accessibility=true, error=}, children=[], clickable=false, enabled=true, focused=false, checked=false, selected=false)], clickable=true, enabled=true, focused=false, checked=false, selected=false), bounds=Bounds(x=0, y=2207, width=360, height=130))
08:14:13.056 [ INFO] maestro.Maestro.tap-HgV9Ck0: Tap aimed via settled hierarchy
08:14:13.057 [ INFO] maestro.Maestro.hierarchyBasedTap-ogj28Uc: Tapping at (180, 2272) using hierarchy based logic for wait
08:14:14.104 [ INFO] maestro.Maestro.hierarchyBasedTap-ogj28Uc: Something has changed in the UI judging by view hierarchy. Proceed.
08:14:14.104 [ INFO] maestro.cli.runner.CliConsoleListener.onCommandFinished: Tap on id: tab-games COMPLETED
08:14:14.104 [ INFO] maestro.cli.runner.CliConsoleListener.onCommandStart: Assert that ".*KeroPona.*" is visible RUNNING
08:14:14.190 [ INFO] maestro.cli.runner.CliConsoleListener.onCommandFinished: Assert that ".*KeroPona.*" is visible COMPLETED
08:14:14.191 [ INFO] maestro.cli.runner.CliConsoleListener.onCommandStart: Tap on ".*KeroPona.*" RUNNING
08:14:14.305 [ INFO] maestro.Maestro.tap-HgV9Ck0: Tapping on element:  UiElement(treeNode=TreeNode(attributes={text=KeroPona との対局, accessibilityText=, hintText=, ignoreBoundsFiltering=false, resource-id=, clickable=false, bounds=[96,712][708,778], enabled=true, focused=false, checked=false, scrollable=false, selected=false, class=android.widget.TextView, important-for-accessibility=true, error=}, children=[], clickable=false, enabled=true, focused=false, checked=false, selected=false), bounds=Bounds(x=96, y=712, width=612, height=66))
08:14:15.600 [ INFO] maestro.Maestro.tap-HgV9Ck0: Tap aimed via settled hierarchy
08:14:15.601 [ INFO] maestro.Maestro.hierarchyBasedTap-ogj28Uc: Tapping at (402, 745) using hierarchy based logic for wait
08:14:15.916 [ INFO] maestro.cli.runner.CliConsoleListener.onCommandFinished: Tap on ".*KeroPona.*" COMPLETED
08:14:15.916 [ INFO] maestro.cli.runner.CliConsoleListener.onCommandStart: Scrolling DOWN until id: analysis-start is visible with speed 40, visibility percentage 100%, timeout 20000 ms, with centering disabled RUNNING
08:14:17.532 [ WARN] maestro.orchestra.Orchestra.scrollUntilVisible: Error: maestro.MaestroException$ElementNotFound: Element not found: Id matching regex: analysis-start
08:14:17.571 [ INFO] maestro.Maestro.swipeFromCenter: Swiping UP from center
08:14:19.440 [ INFO] maestro.orchestra.Orchestra.scrollUntilVisible: Scrolling try count: 0, DeviceWidth: 1080, DeviceWidth: 2400
08:14:19.440 [ INFO] maestro.orchestra.Orchestra.scrollUntilVisible: Element bounds: Bounds(x=32, y=1991, width=250, height=126)
08:14:19.440 [ INFO] maestro.orchestra.Orchestra.scrollUntilVisible: Visibility Percent: 1.0
08:14:19.441 [ INFO] maestro.orchestra.Orchestra.scrollUntilVisible: Command centerElement: ScrollUntilVisibleCommand(selector=ElementSelector(textRegex=null, idRegex=analysis-start, size=null, below=null, above=null, leftOf=null, rightOf=null, containsChild=null, containsDescendants=null, traits=null, index=null, enabled=null, optional=false, selected=null, checked=null, focused=null, childOf=null, css=null), direction=DOWN, scrollDuration=601, visibilityPercentage=100, timeout=20000, waitToSettleTimeoutMs=null, centerElement=false, originalSpeedValue=40, label=null, optional=false).centerElement
08:14:19.441 [ INFO] maestro.orchestra.Orchestra.scrollUntilVisible: visibilityPercentageNormalized: 1.0
08:14:19.441 [ INFO] maestro.cli.runner.CliConsoleListener.onCommandFinished: Scrolling DOWN until id: analysis-start is visible with speed 40, visibility percentage 100%, timeout 20000 ms, with centering disabled COMPLETED
08:14:19.441 [ INFO] maestro.cli.runner.CliConsoleListener.onCommandStart: Tap on id: analysis-start RUNNING
08:14:19.616 [ INFO] maestro.Maestro.tap-HgV9Ck0: Tapping on element:  UiElement(treeNode=TreeNode(attributes={text=, accessibilityText=, 解析する, hintText=, ignoreBoundsFiltering=false, resource-id=analysis-start, clickable=true, bounds=[32,1991][282,2117], enabled=true, focused=false, checked=false, scrollable=false, selected=false, class=android.widget.Button, important-for-accessibility=true, error=}, children=[TreeNode(attributes={text=, accessibilityText=, hintText=, ignoreBoundsFiltering=false, resource-id=, clickable=false, bounds=[32,2029][83,2079], enabled=true, focused=false, checked=false, scrollable=false, selected=false, class=android.widget.TextView, important-for-accessibility=true, error=}, children=[], clickable=false, enabled=true, focused=false, checked=false, selected=false), TreeNode(attributes={text=解析する, accessibilityText=, hintText=, ignoreBoundsFiltering=false, resource-id=, clickable=false, bounds=[102,2021][282,2087], enabled=true, focused=false, checked=false, scrollable=false, selected=false, class=android.widget.TextView, important-for-accessibility=true, error=}, children=[], clickable=false, enabled=true, focused=false, checked=false, selected=false)], clickable=true, enabled=true, focused=false, checked=false, selected=false), bounds=Bounds(x=32, y=1991, width=250, height=126))
08:14:20.907 [ INFO] maestro.Maestro.tap-HgV9Ck0: Tap aimed via settled hierarchy
08:14:20.908 [ INFO] maestro.Maestro.hierarchyBasedTap-ogj28Uc: Tapping at (157, 2054) using hierarchy based logic for wait
08:14:22.167 [ INFO] maestro.Maestro.hierarchyBasedTap-ogj28Uc: Something has changed in the UI judging by view hierarchy. Proceed.
08:14:22.167 [ INFO] maestro.cli.runner.CliConsoleListener.onCommandFinished: Tap on id: analysis-start COMPLETED
08:14:22.168 [ INFO] maestro.cli.runner.CliConsoleListener.onCommandStart: Assert that "解析処理が終了しました" is visible RUNNING
08:24:23.017 [ERROR] maestro.orchestra.Orchestra.executeCommands: [Command execution] CommandFailed: Assertion is false: "解析処理が終了しました" is visible
08:24:23.318 [ INFO] maestro.Maestro.takeScreenshot: Taking screenshot
08:24:23.320 [TRACE] maestro.utils.ScreenshotUtils.takeScreenshot: Taking screenshot to output sink
08:24:23.550 [ INFO] maestro.cli.runner.CliConsoleListener.onCommandFinished: Assert that "解析処理が終了しました" is visible FAILED
