08:06:57.508 [ INFO] maestro.cli.runner.CliConsoleListener.onCommandStart: Define variables RUNNING
08:06:57.515 [ INFO] maestro.cli.runner.CliConsoleListener.onCommandFinished: Define variables COMPLETED
08:06:57.515 [ INFO] maestro.cli.runner.CliConsoleListener.onCommandStart: Define variables RUNNING
08:06:58.487 [ INFO] maestro.cli.runner.CliConsoleListener.onCommandFinished: Define variables COMPLETED
08:06:58.488 [ INFO] maestro.cli.runner.CliConsoleListener.onCommandStart: Apply configuration RUNNING
08:06:58.488 [ INFO] maestro.cli.runner.CliConsoleListener.onCommandFinished: Apply configuration COMPLETED
08:06:58.488 [ INFO] maestro.cli.runner.CliConsoleListener.onCommandStart: Launch app "com.meeshogi.app" RUNNING
08:06:58.986 [ INFO] maestro.Maestro.launchApp$lambda$5: Launching app com.meeshogi.app
08:06:58.986 [ INFO] maestro.Maestro.launchApp$lambda$5: Stopping com.meeshogi.app app during launch
08:06:59.051 [ INFO] maestro.cli.runner.CliConsoleListener.onCommandFinished: Launch app "com.meeshogi.app" COMPLETED
08:06:59.051 [ INFO] maestro.cli.runner.CliConsoleListener.onCommandStart: Assert that id: library-screen is visible RUNNING
08:07:01.481 [ INFO] maestro.cli.runner.CliConsoleListener.onCommandFinished: Assert that id: library-screen is visible COMPLETED
08:07:01.482 [ INFO] maestro.cli.runner.CliConsoleListener.onCommandStart: Tap on "設定.*" RUNNING
08:07:01.930 [ INFO] maestro.Maestro.tap-HgV9Ck0: Tapping on element:  UiElement(treeNode=TreeNode(attributes={text=設定, accessibilityText=, hintText=, ignoreBoundsFiltering=false, resource-id=, clickable=false, bounds=[871,2293][929,2336], enabled=true, focused=false, checked=false, scrollable=false, selected=false, class=android.widget.TextView, important-for-accessibility=true, error=}, children=[], clickable=false, enabled=true, focused=false, checked=false, selected=false), bounds=Bounds(x=871, y=2293, width=58, height=43))
08:07:03.399 [ INFO] maestro.Maestro.tap-HgV9Ck0: Tap aimed via settled hierarchy
08:07:03.402 [ INFO] maestro.Maestro.hierarchyBasedTap-ogj28Uc: Tapping at (900, 2314) using hierarchy based logic for wait
08:07:04.825 [ INFO] maestro.Maestro.hierarchyBasedTap-ogj28Uc: Something has changed in the UI judging by view hierarchy. Proceed.
08:07:04.825 [ INFO] maestro.cli.runner.CliConsoleListener.onCommandFinished: Tap on "設定.*" COMPLETED
08:07:04.825 [ INFO] maestro.cli.runner.CliConsoleListener.onCommandStart: Assert that id: settings-screen is visible RUNNING
08:07:04.952 [ INFO] maestro.cli.runner.CliConsoleListener.onCommandFinished: Assert that id: settings-screen is visible COMPLETED
08:07:04.952 [ INFO] maestro.cli.runner.CliConsoleListener.onCommandStart: Scrolling DOWN until ".*ライセンス.*" is visible with speed 40, visibility percentage 100%, timeout 30000 ms, with centering disabled RUNNING
08:07:05.895 [ WARN] maestro.orchestra.Orchestra.scrollUntilVisible: Error: maestro.MaestroException$ElementNotFound: Element not found: Text matching regex: .*ライセンス.*
08:07:05.899 [ INFO] maestro.Maestro.swipeFromCenter: Swiping UP from center
08:07:07.582 [ INFO] maestro.orchestra.Orchestra.scrollUntilVisible: Scrolling try count: 0, DeviceWidth: 1080, DeviceWidth: 2400
08:07:07.582 [ INFO] maestro.orchestra.Orchestra.scrollUntilVisible: Element bounds: Bounds(x=96, y=1875, width=811, height=66)
08:07:07.583 [ INFO] maestro.orchestra.Orchestra.scrollUntilVisible: Visibility Percent: 1.0
08:07:07.590 [ INFO] maestro.orchestra.Orchestra.scrollUntilVisible: Command centerElement: ScrollUntilVisibleCommand(selector=ElementSelector(textRegex=.*ライセンス.*, idRegex=null, size=null, below=null, above=null, leftOf=null, rightOf=null, containsChild=null, containsDescendants=null, traits=null, index=null, enabled=null, optional=false, selected=null, checked=null, focused=null, childOf=null, css=null), direction=DOWN, scrollDuration=601, visibilityPercentage=100, timeout=30000, waitToSettleTimeoutMs=null, centerElement=false, originalSpeedValue=40, label=null, optional=false).centerElement
08:07:07.590 [ INFO] maestro.orchestra.Orchestra.scrollUntilVisible: visibilityPercentageNormalized: 1.0
08:07:07.590 [ INFO] maestro.cli.runner.CliConsoleListener.onCommandFinished: Scrolling DOWN until ".*ライセンス.*" is visible with speed 40, visibility percentage 100%, timeout 30000 ms, with centering disabled COMPLETED
08:07:07.590 [ INFO] maestro.cli.runner.CliConsoleListener.onCommandStart: Tap on ".*ライセンス.*" RUNNING
08:07:07.680 [ INFO] maestro.Maestro.tap-HgV9Ck0: Tapping on element:  UiElement(treeNode=TreeNode(attributes={text=ライセンス, accessibilityText=, hintText=, ignoreBoundsFiltering=false, resource-id=, clickable=false, bounds=[96,1875][907,1941], enabled=true, focused=false, checked=false, scrollable=false, selected=false, class=android.widget.TextView, important-for-accessibility=true, error=}, children=[], clickable=false, enabled=true, focused=false, checked=false, selected=false), bounds=Bounds(x=96, y=1875, width=811, height=66))
08:07:08.923 [ INFO] maestro.Maestro.tap-HgV9Ck0: Tap aimed via settled hierarchy
08:07:08.924 [ INFO] maestro.Maestro.hierarchyBasedTap-ogj28Uc: Tapping at (501, 1908) using hierarchy based logic for wait
08:07:10.125 [ INFO] maestro.Maestro.hierarchyBasedTap-ogj28Uc: Something has changed in the UI judging by view hierarchy. Proceed.
08:07:10.125 [ INFO] maestro.cli.runner.CliConsoleListener.onCommandFinished: Tap on ".*ライセンス.*" COMPLETED
08:07:10.125 [ INFO] maestro.cli.runner.CliConsoleListener.onCommandStart: Assert that id: licenses-screen is visible RUNNING
08:07:10.189 [ INFO] maestro.cli.runner.CliConsoleListener.onCommandFinished: Assert that id: licenses-screen is visible COMPLETED
08:07:10.189 [ INFO] maestro.cli.runner.CliConsoleListener.onCommandStart: Assert that ".*@babel/code-frame@.*" is visible RUNNING
08:07:10.253 [ INFO] maestro.cli.runner.CliConsoleListener.onCommandFinished: Assert that ".*@babel/code-frame@.*" is visible COMPLETED
08:07:10.253 [ INFO] maestro.cli.runner.CliConsoleListener.onCommandStart: Assert that ".*MIT License.*" is visible RUNNING
08:07:10.353 [ INFO] maestro.cli.runner.CliConsoleListener.onCommandFinished: Assert that ".*MIT License.*" is visible COMPLETED
08:07:10.354 [ INFO] maestro.cli.runner.CliConsoleListener.onCommandStart: Take screenshot licenses-notice RUNNING
08:07:10.355 [ INFO] maestro.Maestro.takeScreenshot: Taking screenshot
08:07:10.356 [TRACE] maestro.utils.ScreenshotUtils.takeScreenshot: Taking screenshot to output sink
08:07:10.677 [ INFO] maestro.cli.runner.CliConsoleListener.onCommandFinished: Take screenshot licenses-notice COMPLETED
08:07:10.677 [ INFO] maestro.cli.runner.CliConsoleListener.onCommandStart: Scrolling DOWN until id: license-packages-0 is visible with speed 40, visibility percentage 100%, timeout 30000 ms, with centering enabled RUNNING
08:07:11.348 [ WARN] maestro.orchestra.Orchestra.scrollUntilVisible: Error: maestro.MaestroException$ElementNotFound: Element not found: Id matching regex: license-packages-0
08:07:11.392 [ INFO] maestro.Maestro.swipeFromCenter: Swiping UP from center
08:07:13.280 [ INFO] maestro.orchestra.Orchestra.scrollUntilVisible: Scrolling try count: 0, DeviceWidth: 1080, DeviceWidth: 2400
08:07:13.281 [ INFO] maestro.orchestra.Orchestra.scrollUntilVisible: Element bounds: Bounds(x=53, y=1663, width=975, height=53)
08:07:13.281 [ INFO] maestro.orchestra.Orchestra.scrollUntilVisible: Visibility Percent: 1.0
08:07:13.281 [ INFO] maestro.orchestra.Orchestra.scrollUntilVisible: Command centerElement: ScrollUntilVisibleCommand(selector=ElementSelector(textRegex=null, idRegex=license-packages-0, size=null, below=null, above=null, leftOf=null, rightOf=null, containsChild=null, containsDescendants=null, traits=null, index=null, enabled=null, optional=false, selected=null, checked=null, focused=null, childOf=null, css=null), direction=DOWN, scrollDuration=601, visibilityPercentage=100, timeout=30000, waitToSettleTimeoutMs=null, centerElement=true, originalSpeedValue=40, label=null, optional=false).centerElement
08:07:13.281 [ INFO] maestro.orchestra.Orchestra.scrollUntilVisible: visibilityPercentageNormalized: 1.0
08:07:13.324 [ INFO] maestro.Maestro.swipeFromCenter: Swiping UP from center
08:07:15.269 [ INFO] maestro.orchestra.Orchestra.scrollUntilVisible: Scrolling try count: 1, DeviceWidth: 1080, DeviceWidth: 2400
08:07:15.269 [ INFO] maestro.orchestra.Orchestra.scrollUntilVisible: Element bounds: Bounds(x=53, y=541, width=975, height=53)
08:07:15.269 [ INFO] maestro.orchestra.Orchestra.scrollUntilVisible: Visibility Percent: 1.0
08:07:15.270 [ INFO] maestro.orchestra.Orchestra.scrollUntilVisible: Command centerElement: ScrollUntilVisibleCommand(selector=ElementSelector(textRegex=null, idRegex=license-packages-0, size=null, below=null, above=null, leftOf=null, rightOf=null, containsChild=null, containsDescendants=null, traits=null, index=null, enabled=null, optional=false, selected=null, checked=null, focused=null, childOf=null, css=null), direction=DOWN, scrollDuration=601, visibilityPercentage=100, timeout=30000, waitToSettleTimeoutMs=null, centerElement=true, originalSpeedValue=40, label=null, optional=false).centerElement
08:07:15.270 [ INFO] maestro.orchestra.Orchestra.scrollUntilVisible: visibilityPercentageNormalized: 1.0
08:07:15.270 [ INFO] maestro.cli.runner.CliConsoleListener.onCommandFinished: Scrolling DOWN until id: license-packages-0 is visible with speed 40, visibility percentage 100%, timeout 30000 ms, with centering enabled COMPLETED
08:07:15.270 [ INFO] maestro.cli.runner.CliConsoleListener.onCommandStart: Take screenshot licenses-packages RUNNING
08:07:15.270 [ INFO] maestro.Maestro.takeScreenshot: Taking screenshot
08:07:15.271 [TRACE] maestro.utils.ScreenshotUtils.takeScreenshot: Taking screenshot to output sink
08:07:15.477 [ INFO] maestro.cli.runner.CliConsoleListener.onCommandFinished: Take screenshot licenses-packages COMPLETED
08:07:15.477 [ INFO] maestro.cli.runner.CliConsoleListener.onCommandStart: Stop com.meeshogi.app RUNNING
08:07:15.478 [ INFO] maestro.Maestro.stopApp$lambda$6: Stopping app com.meeshogi.app
08:07:15.509 [ INFO] maestro.cli.runner.CliConsoleListener.onCommandFinished: Stop com.meeshogi.app COMPLETED
