08:08:40.595 [ INFO] maestro.cli.runner.CliConsoleListener.onCommandStart: Define variables RUNNING
08:08:40.597 [ INFO] maestro.cli.runner.CliConsoleListener.onCommandFinished: Define variables COMPLETED
08:08:40.597 [ INFO] maestro.cli.runner.CliConsoleListener.onCommandStart: Apply configuration RUNNING
08:08:40.598 [ INFO] maestro.cli.runner.CliConsoleListener.onCommandFinished: Apply configuration COMPLETED
08:08:40.598 [ INFO] maestro.cli.runner.CliConsoleListener.onCommandStart: Launch app "com.meeshogi.app" RUNNING
08:08:41.093 [ INFO] maestro.Maestro.launchApp$lambda$5: Launching app com.meeshogi.app
08:08:41.093 [ INFO] maestro.Maestro.launchApp$lambda$5: Stopping com.meeshogi.app app during launch
08:08:41.368 [ INFO] maestro.cli.runner.CliConsoleListener.onCommandFinished: Launch app "com.meeshogi.app" COMPLETED
08:08:41.378 [ INFO] maestro.cli.runner.CliConsoleListener.onCommandStart: Tap on "設定.*" RUNNING
08:08:44.108 [ INFO] maestro.Maestro.tap-HgV9Ck0: Tapping on element:  UiElement(treeNode=TreeNode(attributes={text=設定, accessibilityText=, hintText=, ignoreBoundsFiltering=false, resource-id=, clickable=false, bounds=[871,2293][929,2336], enabled=true, focused=false, checked=false, scrollable=false, selected=false, class=android.widget.TextView, important-for-accessibility=true, error=}, children=[], clickable=false, enabled=true, focused=false, checked=false, selected=false), bounds=Bounds(x=871, y=2293, width=58, height=43))
08:08:45.553 [ INFO] maestro.Maestro.tap-HgV9Ck0: Tap aimed via settled hierarchy
08:08:45.558 [ INFO] maestro.Maestro.hierarchyBasedTap-ogj28Uc: Tapping at (900, 2314) using hierarchy based logic for wait
08:08:46.820 [ INFO] maestro.Maestro.hierarchyBasedTap-ogj28Uc: Something has changed in the UI judging by view hierarchy. Proceed.
08:08:46.820 [ INFO] maestro.cli.runner.CliConsoleListener.onCommandFinished: Tap on "設定.*" COMPLETED
08:08:46.820 [ INFO] maestro.cli.runner.CliConsoleListener.onCommandStart: Tap on id: player-names-link RUNNING
08:08:46.951 [ INFO] maestro.Maestro.tap-HgV9Ck0: Tapping on element:  UiElement(treeNode=TreeNode(attributes={text=, accessibilityText=, 対局者名, 未登録, , hintText=, ignoreBoundsFiltering=false, resource-id=player-names-link, clickable=true, bounds=[54,573][1027,715], enabled=true, focused=false, checked=false, scrollable=false, selected=false, class=android.widget.Button, important-for-accessibility=true, error=}, children=[TreeNode(attributes={text=, accessibilityText=, hintText=, ignoreBoundsFiltering=false, resource-id=, clickable=false, bounds=[96,614][157,676], enabled=true, focused=false, checked=false, scrollable=false, selected=false, class=android.widget.TextView, important-for-accessibility=true, error=}, children=[], clickable=false, enabled=true, focused=false, checked=false, selected=false), TreeNode(attributes={text=対局者名, accessibilityText=, hintText=, ignoreBoundsFiltering=false, resource-id=, clickable=false, bounds=[187,610][740,676], enabled=true, focused=false, checked=false, scrollable=false, selected=false, class=android.widget.TextView, important-for-accessibility=true, error=}, children=[], clickable=false, enabled=true, focused=false, checked=false, selected=false), TreeNode(attributes={text=未登録, accessibilityText=, hintText=, ignoreBoundsFiltering=false, resource-id=, clickable=false, bounds=[771,610][906,676], enabled=true, focused=false, checked=false, scrollable=false, selected=false, class=android.widget.TextView, important-for-accessibility=true, error=}, children=[], clickable=false, enabled=true, focused=false, checked=false, selected=false), TreeNode(attributes={text=, accessibilityText=, hintText=, ignoreBoundsFiltering=false, resource-id=, clickable=false, bounds=[938,620][986,668], enabled=true, focused=false, checked=false, scrollable=false, selected=false, class=android.widget.TextView, important-for-accessibility=true, error=}, children=[], clickable=false, enabled=true, focused=false, checked=false, selected=false)], clickable=true, enabled=true, focused=false, checked=false, selected=false), bounds=Bounds(x=54, y=573, width=973, height=142))
08:08:48.311 [ INFO] maestro.Maestro.tap-HgV9Ck0: Tap aimed via settled hierarchy
08:08:48.313 [ INFO] maestro.Maestro.hierarchyBasedTap-ogj28Uc: Tapping at (540, 644) using hierarchy based logic for wait
08:08:49.535 [ INFO] maestro.Maestro.hierarchyBasedTap-ogj28Uc: Something has changed in the UI judging by view hierarchy. Proceed.
08:08:49.535 [ INFO] maestro.cli.runner.CliConsoleListener.onCommandFinished: Tap on id: player-names-link COMPLETED
08:08:49.535 [ INFO] maestro.cli.runner.CliConsoleListener.onCommandStart: Tap on id: names-shogiwars RUNNING
08:08:49.611 [ INFO] maestro.Maestro.tap-HgV9Ck0: Tapping on element:  UiElement(treeNode=TreeNode(attributes={text=, accessibilityText=将棋ウォーズの対局者名1, hintText=名前を入力, ignoreBoundsFiltering=false, resource-id=names-shogiwars, clickable=true, bounds=[302,731][990,869], enabled=true, focused=false, checked=false, scrollable=false, selected=false, class=android.widget.EditText, important-for-accessibility=true, error=}, children=[], clickable=true, enabled=true, focused=false, checked=false, selected=false), bounds=Bounds(x=302, y=731, width=688, height=138))
08:08:50.928 [ INFO] maestro.Maestro.tap-HgV9Ck0: Tap aimed via settled hierarchy
08:08:50.929 [ INFO] maestro.Maestro.hierarchyBasedTap-ogj28Uc: Tapping at (646, 800) using hierarchy based logic for wait
08:08:51.724 [ INFO] maestro.Maestro.hierarchyBasedTap-ogj28Uc: Something has changed in the UI judging by view hierarchy. Proceed.
08:08:51.724 [ INFO] maestro.cli.runner.CliConsoleListener.onCommandFinished: Tap on id: names-shogiwars COMPLETED
08:08:51.724 [ INFO] maestro.cli.runner.CliConsoleListener.onCommandStart: Erase 100 characters RUNNING
08:08:51.726 [ INFO] maestro.Maestro.eraseText$lambda$52: Erasing 100 characters
08:08:57.772 [ INFO] maestro.cli.runner.CliConsoleListener.onCommandFinished: Erase 100 characters COMPLETED
08:08:57.772 [ INFO] maestro.cli.runner.CliConsoleListener.onCommandStart: Long press on id: names-shogiwars RUNNING
08:08:57.914 [ INFO] maestro.Maestro.tap-HgV9Ck0: Tapping on element:  UiElement(treeNode=TreeNode(attributes={text=, accessibilityText=将棋ウォーズの対局者名1, hintText=名前を入力, ignoreBoundsFiltering=false, resource-id=names-shogiwars, clickable=true, bounds=[302,731][990,869], enabled=true, focused=true, checked=false, scrollable=false, selected=false, class=android.widget.EditText, important-for-accessibility=true, error=}, children=[], clickable=true, enabled=true, focused=true, checked=false, selected=false), bounds=Bounds(x=302, y=731, width=688, height=138))
08:08:59.134 [ INFO] maestro.Maestro.tap-HgV9Ck0: Tap aimed via settled hierarchy
08:08:59.135 [ INFO] maestro.Maestro.hierarchyBasedTap-ogj28Uc: Tapping at (646, 800) using hierarchy based logic for wait
08:09:03.026 [ INFO] maestro.Maestro.hierarchyBasedTap-ogj28Uc: Something has changed in the UI judging by view hierarchy. Proceed.
08:09:03.026 [ INFO] maestro.cli.runner.CliConsoleListener.onCommandFinished: Long press on id: names-shogiwars COMPLETED
08:09:03.027 [ INFO] maestro.cli.runner.CliConsoleListener.onCommandStart: Tap on "Paste|貼り付け|ペースト" RUNNING
08:09:03.147 [ INFO] maestro.Maestro.tap-HgV9Ck0: Tapping on element:  UiElement(treeNode=TreeNode(attributes={text=Paste, accessibilityText=, hintText=, ignoreBoundsFiltering=false, resource-id=android:id/floating_toolbar_menu_item_text, clickable=false, bounds=[212,618][306,744], enabled=true, focused=false, checked=false, scrollable=false, selected=false, class=android.widget.TextView, important-for-accessibility=false, error=}, children=[], clickable=false, enabled=true, focused=false, checked=false, selected=false), bounds=Bounds(x=212, y=618, width=94, height=126))
08:09:04.398 [ INFO] maestro.Maestro.tap-HgV9Ck0: Tap aimed via settled hierarchy
08:09:04.399 [ INFO] maestro.Maestro.hierarchyBasedTap-ogj28Uc: Tapping at (259, 681) using hierarchy based logic for wait
08:09:06.131 [ INFO] maestro.Maestro.hierarchyBasedTap-ogj28Uc: Something has changed in the UI judging by view hierarchy. Proceed.
08:09:06.131 [ INFO] maestro.cli.runner.CliConsoleListener.onCommandFinished: Tap on "Paste|貼り付け|ペースト" COMPLETED
08:09:06.132 [ INFO] maestro.cli.runner.CliConsoleListener.onCommandStart: Tap on (Optional) "Allow Paste|ペーストを許可" RUNNING
08:09:13.342 [ INFO] maestro.orchestra.Orchestra.executeCommands: [Command execution] CommandWarned: Element not found: Text matching regex: Allow Paste|ペーストを許可
08:09:13.549 [ INFO] maestro.Maestro.takeScreenshot: Taking screenshot
08:09:13.551 [TRACE] maestro.utils.ScreenshotUtils.takeScreenshot: Taking screenshot to output sink
08:09:13.796 [ INFO] maestro.cli.runner.CliConsoleListener.onCommandFinished: Tap on (Optional) "Allow Paste|ペーストを許可" WARNED
08:09:13.797 [ INFO] maestro.cli.runner.CliConsoleListener.onCommandStart: Assert that ".*asitaka_y.*" is visible RUNNING
08:09:13.935 [ INFO] maestro.cli.runner.CliConsoleListener.onCommandFinished: Assert that ".*asitaka_y.*" is visible COMPLETED
08:09:13.935 [ INFO] maestro.cli.runner.CliConsoleListener.onCommandStart: Take screenshot 08-player-names RUNNING
08:09:13.936 [ INFO] maestro.Maestro.takeScreenshot: Taking screenshot
08:09:13.937 [TRACE] maestro.utils.ScreenshotUtils.takeScreenshot: Taking screenshot to output sink
08:09:14.108 [ INFO] maestro.cli.runner.CliConsoleListener.onCommandFinished: Take screenshot 08-player-names COMPLETED
08:09:14.108 [ INFO] maestro.cli.runner.CliConsoleListener.onCommandStart: Hide Keyboard RUNNING
08:09:14.109 [ INFO] maestro.Maestro.hideKeyboard$lambda$12: Hiding Keyboard
08:09:15.553 [ INFO] maestro.cli.runner.CliConsoleListener.onCommandFinished: Hide Keyboard COMPLETED
08:09:15.553 [ INFO] maestro.cli.runner.CliConsoleListener.onCommandStart: Tap on id: names-save RUNNING
08:09:15.622 [ INFO] maestro.Maestro.tap-HgV9Ck0: Tapping on element:  UiElement(treeNode=TreeNode(attributes={text=, accessibilityText=完了, hintText=, ignoreBoundsFiltering=false, resource-id=names-save, clickable=true, bounds=[948,146][1038,272], enabled=true, focused=false, checked=false, scrollable=false, selected=false, class=android.widget.Button, important-for-accessibility=true, error=}, children=[TreeNode(attributes={text=完了, accessibilityText=, hintText=, ignoreBoundsFiltering=false, resource-id=, clickable=false, bounds=[948,176][1038,242], enabled=true, focused=false, checked=false, scrollable=false, selected=false, class=android.widget.TextView, important-for-accessibility=true, error=}, children=[], clickable=false, enabled=true, focused=false, checked=false, selected=false)], clickable=true, enabled=true, focused=false, checked=false, selected=false), bounds=Bounds(x=948, y=146, width=90, height=126))
08:09:16.861 [ INFO] maestro.Maestro.tap-HgV9Ck0: Tap aimed via settled hierarchy
08:09:16.862 [ INFO] maestro.Maestro.hierarchyBasedTap-ogj28Uc: Tapping at (993, 209) using hierarchy based logic for wait
08:09:18.001 [ INFO] maestro.Maestro.hierarchyBasedTap-ogj28Uc: Something has changed in the UI judging by view hierarchy. Proceed.
08:09:18.001 [ INFO] maestro.cli.runner.CliConsoleListener.onCommandFinished: Tap on id: names-save COMPLETED
08:09:18.002 [ INFO] maestro.cli.runner.CliConsoleListener.onCommandStart: Tap on "保存して反映" RUNNING
08:09:18.060 [ INFO] maestro.Maestro.tap-HgV9Ck0: Tapping on element:  UiElement(treeNode=TreeNode(attributes={text=保存して反映, accessibilityText=, hintText=, ignoreBoundsFiltering=false, resource-id=android:id/button1, clickable=true, bounds=[695,1301][978,1443], enabled=true, focused=false, checked=false, scrollable=false, selected=false, class=android.widget.Button, important-for-accessibility=true, error=}, children=[], clickable=true, enabled=true, focused=false, checked=false, selected=false), bounds=Bounds(x=695, y=1301, width=283, height=142))
08:09:19.290 [ INFO] maestro.Maestro.tap-HgV9Ck0: Tap aimed via settled hierarchy
08:09:19.291 [ INFO] maestro.Maestro.hierarchyBasedTap-ogj28Uc: Tapping at (836, 1372) using hierarchy based logic for wait
08:09:21.022 [ INFO] maestro.Maestro.hierarchyBasedTap-ogj28Uc: Something has changed in the UI judging by view hierarchy. Proceed.
08:09:21.022 [ INFO] maestro.cli.runner.CliConsoleListener.onCommandFinished: Tap on "保存して反映" COMPLETED
08:09:21.022 [ INFO] maestro.cli.runner.CliConsoleListener.onCommandStart: Assert that id: settings-screen is visible RUNNING
08:09:21.140 [ INFO] maestro.cli.runner.CliConsoleListener.onCommandFinished: Assert that id: settings-screen is visible COMPLETED
08:09:21.140 [ INFO] maestro.cli.runner.CliConsoleListener.onCommandStart: Tap on "戦績.*" RUNNING
08:09:21.254 [ INFO] maestro.Maestro.tap-HgV9Ck0: Tapping on element:  UiElement(treeNode=TreeNode(attributes={text=戦績, accessibilityText=, hintText=, ignoreBoundsFiltering=false, resource-id=, clickable=false, bounds=[511,2293][569,2336], enabled=true, focused=false, checked=false, scrollable=false, selected=false, class=android.widget.TextView, important-for-accessibility=true, error=}, children=[], clickable=false, enabled=true, focused=false, checked=false, selected=false), bounds=Bounds(x=511, y=2293, width=58, height=43))
08:09:22.550 [ INFO] maestro.Maestro.tap-HgV9Ck0: Tap aimed via settled hierarchy
08:09:22.550 [ INFO] maestro.Maestro.hierarchyBasedTap-ogj28Uc: Tapping at (540, 2314) using hierarchy based logic for wait
08:09:23.722 [ INFO] maestro.Maestro.hierarchyBasedTap-ogj28Uc: Something has changed in the UI judging by view hierarchy. Proceed.
08:09:23.722 [ INFO] maestro.cli.runner.CliConsoleListener.onCommandFinished: Tap on "戦績.*" COMPLETED
08:09:23.722 [ INFO] maestro.cli.runner.CliConsoleListener.onCommandStart: Tap on "全期間" RUNNING
08:09:23.847 [ INFO] maestro.Maestro.tap-HgV9Ck0: Tapping on element:  UiElement(treeNode=TreeNode(attributes={text=全期間, accessibilityText=, hintText=, ignoreBoundsFiltering=false, resource-id=, clickable=false, bounds=[805,474][925,533], enabled=true, focused=false, checked=false, scrollable=false, selected=false, class=android.widget.TextView, important-for-accessibility=true, error=}, children=[], clickable=false, enabled=true, focused=false, checked=false, selected=false), bounds=Bounds(x=805, y=474, width=120, height=59))
08:09:25.093 [ INFO] maestro.Maestro.tap-HgV9Ck0: Tap aimed via settled hierarchy
08:09:25.094 [ INFO] maestro.Maestro.hierarchyBasedTap-ogj28Uc: Tapping at (865, 503) using hierarchy based logic for wait
08:09:26.262 [ INFO] maestro.Maestro.hierarchyBasedTap-ogj28Uc: Something has changed in the UI judging by view hierarchy. Proceed.
08:09:26.263 [ INFO] maestro.cli.runner.CliConsoleListener.onCommandFinished: Tap on "全期間" COMPLETED
08:09:26.263 [ INFO] maestro.cli.runner.CliConsoleListener.onCommandStart: Assert that ".*1局.*1勝 0敗.*" is visible RUNNING
08:09:26.376 [ INFO] maestro.cli.runner.CliConsoleListener.onCommandFinished: Assert that ".*1局.*1勝 0敗.*" is visible COMPLETED
08:09:26.377 [ INFO] maestro.cli.runner.CliConsoleListener.onCommandStart: Assert that "100.0" is visible RUNNING
08:09:26.497 [ INFO] maestro.cli.runner.CliConsoleListener.onCommandFinished: Assert that "100.0" is visible COMPLETED
08:09:26.497 [ INFO] maestro.cli.runner.CliConsoleListener.onCommandStart: Take screenshot 09-one-win RUNNING
08:09:26.497 [ INFO] maestro.Maestro.takeScreenshot: Taking screenshot
08:09:26.498 [TRACE] maestro.utils.ScreenshotUtils.takeScreenshot: Taking screenshot to output sink
08:09:26.671 [ INFO] maestro.cli.runner.CliConsoleListener.onCommandFinished: Take screenshot 09-one-win COMPLETED
