08:09:37.415 [ INFO] maestro.cli.runner.CliConsoleListener.onCommandStart: Define variables RUNNING
08:09:37.417 [ INFO] maestro.cli.runner.CliConsoleListener.onCommandFinished: Define variables COMPLETED
08:09:37.417 [ INFO] maestro.cli.runner.CliConsoleListener.onCommandStart: Apply configuration RUNNING
08:09:37.418 [ INFO] maestro.cli.runner.CliConsoleListener.onCommandFinished: Apply configuration COMPLETED
08:09:37.418 [ INFO] maestro.cli.runner.CliConsoleListener.onCommandStart: Launch app "com.meeshogi.app" RUNNING
08:09:37.913 [ INFO] maestro.Maestro.launchApp$lambda$5: Launching app com.meeshogi.app
08:09:37.913 [ INFO] maestro.Maestro.launchApp$lambda$5: Stopping com.meeshogi.app app during launch
08:09:38.140 [ INFO] maestro.cli.runner.CliConsoleListener.onCommandFinished: Launch app "com.meeshogi.app" COMPLETED
08:09:38.144 [ INFO] maestro.cli.runner.CliConsoleListener.onCommandStart: Tap on "設定.*" RUNNING
08:09:40.878 [ INFO] maestro.Maestro.tap-HgV9Ck0: Tapping on element:  UiElement(treeNode=TreeNode(attributes={text=設定, accessibilityText=, hintText=, ignoreBoundsFiltering=false, resource-id=, clickable=false, bounds=[871,2293][929,2336], enabled=true, focused=false, checked=false, scrollable=false, selected=false, class=android.widget.TextView, important-for-accessibility=true, error=}, children=[], clickable=false, enabled=true, focused=false, checked=false, selected=false), bounds=Bounds(x=871, y=2293, width=58, height=43))
08:09:42.356 [ INFO] maestro.Maestro.tap-HgV9Ck0: Tap aimed via settled hierarchy
08:09:42.360 [ INFO] maestro.Maestro.hierarchyBasedTap-ogj28Uc: Tapping at (900, 2314) using hierarchy based logic for wait
08:09:43.720 [ INFO] maestro.Maestro.hierarchyBasedTap-ogj28Uc: Something has changed in the UI judging by view hierarchy. Proceed.
08:09:43.720 [ INFO] maestro.cli.runner.CliConsoleListener.onCommandFinished: Tap on "設定.*" COMPLETED
08:09:43.720 [ INFO] maestro.cli.runner.CliConsoleListener.onCommandStart: Tap on id: player-names-link RUNNING
08:09:43.844 [ INFO] maestro.Maestro.tap-HgV9Ck0: Tapping on element:  UiElement(treeNode=TreeNode(attributes={text=, accessibilityText=, 対局者名, asitaka_y, , hintText=, ignoreBoundsFiltering=false, resource-id=player-names-link, clickable=true, bounds=[54,573][1027,715], enabled=true, focused=false, checked=false, scrollable=false, selected=false, class=android.widget.Button, important-for-accessibility=true, error=}, children=[TreeNode(attributes={text=, accessibilityText=, hintText=, ignoreBoundsFiltering=false, resource-id=, clickable=false, bounds=[96,614][157,676], enabled=true, focused=false, checked=false, scrollable=false, selected=false, class=android.widget.TextView, important-for-accessibility=true, error=}, children=[], clickable=false, enabled=true, focused=false, checked=false, selected=false), TreeNode(attributes={text=対局者名, accessibilityText=, hintText=, ignoreBoundsFiltering=false, resource-id=, clickable=false, bounds=[187,610][690,676], enabled=true, focused=false, checked=false, scrollable=false, selected=false, class=android.widget.TextView, important-for-accessibility=true, error=}, children=[], clickable=false, enabled=true, focused=false, checked=false, selected=false), TreeNode(attributes={text=asitaka_y, accessibilityText=, hintText=, ignoreBoundsFiltering=false, resource-id=, clickable=false, bounds=[721,610][906,676], enabled=true, focused=false, checked=false, scrollable=false, selected=false, class=android.widget.TextView, important-for-accessibility=true, error=}, children=[], clickable=false, enabled=true, focused=false, checked=false, selected=false), TreeNode(attributes={text=, accessibilityText=, hintText=, ignoreBoundsFiltering=false, resource-id=, clickable=false, bounds=[938,620][986,668], enabled=true, focused=false, checked=false, scrollable=false, selected=false, class=android.widget.TextView, important-for-accessibility=true, error=}, children=[], clickable=false, enabled=true, focused=false, checked=false, selected=false)], clickable=true, enabled=true, focused=false, checked=false, selected=false), bounds=Bounds(x=54, y=573, width=973, height=142))
08:09:45.156 [ INFO] maestro.Maestro.tap-HgV9Ck0: Tap aimed via settled hierarchy
08:09:45.157 [ INFO] maestro.Maestro.hierarchyBasedTap-ogj28Uc: Tapping at (540, 644) using hierarchy based logic for wait
08:09:46.439 [ INFO] maestro.Maestro.hierarchyBasedTap-ogj28Uc: Something has changed in the UI judging by view hierarchy. Proceed.
08:09:46.439 [ INFO] maestro.cli.runner.CliConsoleListener.onCommandFinished: Tap on id: player-names-link COMPLETED
08:09:46.439 [ INFO] maestro.cli.runner.CliConsoleListener.onCommandStart: Tap on id: names-kiou RUNNING
08:09:46.509 [ INFO] maestro.Maestro.tap-HgV9Ck0: Tapping on element:  UiElement(treeNode=TreeNode(attributes={text=, accessibilityText=棋桜の対局者名1, hintText=名前を入力, ignoreBoundsFiltering=false, resource-id=names-kiou, clickable=true, bounds=[302,1151][990,1288], enabled=true, focused=false, checked=false, scrollable=false, selected=false, class=android.widget.EditText, important-for-accessibility=true, error=}, children=[], clickable=true, enabled=true, focused=false, checked=false, selected=false), bounds=Bounds(x=302, y=1151, width=688, height=137))
08:09:47.802 [ INFO] maestro.Maestro.tap-HgV9Ck0: Tap aimed via settled hierarchy
08:09:47.803 [ INFO] maestro.Maestro.hierarchyBasedTap-ogj28Uc: Tapping at (646, 1219) using hierarchy based logic for wait
08:09:49.288 [ INFO] maestro.Maestro.hierarchyBasedTap-ogj28Uc: Something has changed in the UI judging by view hierarchy. Proceed.
08:09:49.289 [ INFO] maestro.cli.runner.CliConsoleListener.onCommandFinished: Tap on id: names-kiou COMPLETED
08:09:49.289 [ INFO] maestro.cli.runner.CliConsoleListener.onCommandStart: Erase 100 characters RUNNING
08:09:49.290 [ INFO] maestro.Maestro.eraseText$lambda$52: Erasing 100 characters
08:09:53.124 [ INFO] maestro.cli.runner.CliConsoleListener.onCommandFinished: Erase 100 characters COMPLETED
08:09:53.124 [ INFO] maestro.cli.runner.CliConsoleListener.onCommandStart: Long press on id: names-kiou RUNNING
08:09:53.257 [ INFO] maestro.Maestro.tap-HgV9Ck0: Tapping on element:  UiElement(treeNode=TreeNode(attributes={text=, accessibilityText=棋桜の対局者名1, hintText=名前を入力, ignoreBoundsFiltering=false, resource-id=names-kiou, clickable=true, bounds=[302,1151][990,1288], enabled=true, focused=true, checked=false, scrollable=false, selected=false, class=android.widget.EditText, important-for-accessibility=true, error=}, children=[], clickable=true, enabled=true, focused=true, checked=false, selected=false), bounds=Bounds(x=302, y=1151, width=688, height=137))
08:09:54.473 [ INFO] maestro.Maestro.tap-HgV9Ck0: Tap aimed via settled hierarchy
08:09:54.474 [ INFO] maestro.Maestro.hierarchyBasedTap-ogj28Uc: Tapping at (646, 1219) using hierarchy based logic for wait
08:09:58.316 [ INFO] maestro.Maestro.hierarchyBasedTap-ogj28Uc: Something has changed in the UI judging by view hierarchy. Proceed.
08:09:58.317 [ INFO] maestro.cli.runner.CliConsoleListener.onCommandFinished: Long press on id: names-kiou COMPLETED
08:09:58.317 [ INFO] maestro.cli.runner.CliConsoleListener.onCommandStart: Tap on "Paste|貼り付け|ペースト" RUNNING
08:09:58.424 [ INFO] maestro.Maestro.tap-HgV9Ck0: Tapping on element:  UiElement(treeNode=TreeNode(attributes={text=Paste, accessibilityText=, hintText=, ignoreBoundsFiltering=false, resource-id=android:id/floating_toolbar_menu_item_text, clickable=false, bounds=[212,1038][306,1164], enabled=true, focused=false, checked=false, scrollable=false, selected=false, class=android.widget.TextView, important-for-accessibility=false, error=}, children=[], clickable=false, enabled=true, focused=false, checked=false, selected=false), bounds=Bounds(x=212, y=1038, width=94, height=126))
08:09:59.671 [ INFO] maestro.Maestro.tap-HgV9Ck0: Tap aimed via settled hierarchy
08:09:59.672 [ INFO] maestro.Maestro.hierarchyBasedTap-ogj28Uc: Tapping at (259, 1101) using hierarchy based logic for wait
08:10:01.219 [ INFO] maestro.Maestro.hierarchyBasedTap-ogj28Uc: Something has changed in the UI judging by view hierarchy. Proceed.
08:10:01.220 [ INFO] maestro.cli.runner.CliConsoleListener.onCommandFinished: Tap on "Paste|貼り付け|ペースト" COMPLETED
08:10:01.220 [ INFO] maestro.cli.runner.CliConsoleListener.onCommandStart: Tap on (Optional) "Allow Paste|ペーストを許可" RUNNING
08:10:08.449 [ INFO] maestro.orchestra.Orchestra.executeCommands: [Command execution] CommandWarned: Element not found: Text matching regex: Allow Paste|ペーストを許可
08:10:08.662 [ INFO] maestro.Maestro.takeScreenshot: Taking screenshot
08:10:08.664 [TRACE] maestro.utils.ScreenshotUtils.takeScreenshot: Taking screenshot to output sink
08:10:08.891 [ INFO] maestro.cli.runner.CliConsoleListener.onCommandFinished: Tap on (Optional) "Allow Paste|ペーストを許可" WARNED
08:10:08.892 [ INFO] maestro.cli.runner.CliConsoleListener.onCommandStart: Assert that ".*シシ神.*" is visible RUNNING
08:10:09.029 [ INFO] maestro.cli.runner.CliConsoleListener.onCommandFinished: Assert that ".*シシ神.*" is visible COMPLETED
08:10:09.030 [ INFO] maestro.cli.runner.CliConsoleListener.onCommandStart: Hide Keyboard RUNNING
08:10:09.030 [ INFO] maestro.Maestro.hideKeyboard$lambda$12: Hiding Keyboard
08:10:10.263 [ INFO] maestro.cli.runner.CliConsoleListener.onCommandFinished: Hide Keyboard COMPLETED
08:10:10.264 [ INFO] maestro.cli.runner.CliConsoleListener.onCommandStart: Take screenshot 08-player-names-both-services RUNNING
08:10:10.265 [ INFO] maestro.Maestro.takeScreenshot: Taking screenshot
08:10:10.266 [TRACE] maestro.utils.ScreenshotUtils.takeScreenshot: Taking screenshot to output sink
08:10:10.364 [ INFO] maestro.cli.runner.CliConsoleListener.onCommandFinished: Take screenshot 08-player-names-both-services COMPLETED
08:10:10.364 [ INFO] maestro.cli.runner.CliConsoleListener.onCommandStart: Tap on id: names-save RUNNING
08:10:10.474 [ INFO] maestro.Maestro.tap-HgV9Ck0: Tapping on element:  UiElement(treeNode=TreeNode(attributes={text=, accessibilityText=完了, hintText=, ignoreBoundsFiltering=false, resource-id=names-save, clickable=true, bounds=[948,146][1038,272], enabled=true, focused=false, checked=false, scrollable=false, selected=false, class=android.widget.Button, important-for-accessibility=true, error=}, children=[TreeNode(attributes={text=完了, accessibilityText=, hintText=, ignoreBoundsFiltering=false, resource-id=, clickable=false, bounds=[948,176][1038,242], enabled=true, focused=false, checked=false, scrollable=false, selected=false, class=android.widget.TextView, important-for-accessibility=true, error=}, children=[], clickable=false, enabled=true, focused=false, checked=false, selected=false)], clickable=true, enabled=true, focused=false, checked=false, selected=false), bounds=Bounds(x=948, y=146, width=90, height=126))
08:10:11.693 [ INFO] maestro.Maestro.tap-HgV9Ck0: Tap aimed via settled hierarchy
08:10:11.694 [ INFO] maestro.Maestro.hierarchyBasedTap-ogj28Uc: Tapping at (993, 209) using hierarchy based logic for wait
08:10:13.274 [ INFO] maestro.Maestro.hierarchyBasedTap-ogj28Uc: Something has changed in the UI judging by view hierarchy. Proceed.
08:10:13.274 [ INFO] maestro.cli.runner.CliConsoleListener.onCommandFinished: Tap on id: names-save COMPLETED
08:10:13.274 [ INFO] maestro.cli.runner.CliConsoleListener.onCommandStart: Assert that id: settings-screen is visible RUNNING
08:10:13.389 [ INFO] maestro.cli.runner.CliConsoleListener.onCommandFinished: Assert that id: settings-screen is visible COMPLETED
