seed ok /Users/devin/repos/meeshogi/artifacts/ios/runs/20260922T204527Z-37636/clipboard-wars.txt
=== flow.start player-names (player-names-kbd.yaml)

1/1 Flow Failed

=== flow.end player-names
seed ok /Users/devin/repos/meeshogi/artifacts/ios/runs/20260922T204527Z-37636/clipboard-kiou.txt
=== flow.start player-names-kiou (player-names-kiou-kbd.yaml)

1/1 Flow Passed in 33s

=== flow.end player-names-kiou
=== flow.start analysis-review (analysis-review.yaml)

1/1 Flow Failed

=== flow.end analysis-review
=== flow.start analysis-partial-review (analysis-partial-review.yaml)

1/1 Flow Failed

=== flow.end analysis-partial-review
=== flow.start candidate-review (candidate-review.yaml)

1/1 Flow Failed

=== flow.end candidate-review
=== flow.start file-import (file-import.yaml)

1/1 Flow Failed

=== flow.end file-import
=== flow.start management-review (management-review.yaml)

1/1 Flow Failed

=== flow.end management-review
=== flow.start appearance-review (appearance-review.yaml)

1/1 Flow Failed

=== flow.end appearance-review
=== flow.start appearance-dark (appearance-dark.yaml)

1/1 Flow Failed

=== flow.end appearance-dark
=== flow.start export-review-ios (export-review-ios.yaml)

1/1 Flow Failed

=== flow.end export-review-ios
=== flow.start background-review (background-review.yaml)

1/1 Flow Failed

=== flow.end background-review
=== flow.start large-text (large-text-review-ios.yaml)

1/1 Flow Passed in 34s

=== flow.end large-text
=== flow.start search-delete (search-delete-review-ios.yaml)

1/1 Flow Failed

=== flow.end search-delete
/ios/runs/20260922T204527Z-37636/clipboard-wars.txt
=== flow.start player-names (player-names-kbd.yaml)

1/1 Flow Failed

=== flow.end player-names
seed ok /Users/devin/repos/meeshogi/artifacts/ios/runs/20260922T204527Z-37636/clipboard-kiou.txt
=== flow.start player-names-kiou (player-names-kiou-kbd.yaml)

1/1 Flow Passed in 31s

=== flow.end player-names-kiou
=== flow.start analysis-review (analysis-review-6a54ff5.yaml)

1/1 Flow Passed in 2m 40s

=== flow.end analysis-review
=== flow.start analysis-partial-review (analysis-partial-6a54ff5.yaml)

1/1 Flow Passed in 1m 42s

=== flow.end analysis-partial-review
=== flow.start candidate-review (candidate-review-ios.yaml)

1/1 Flow Passed in 44s

=== flow.end candidate-review
=== flow.start file-import (file-import-ios.yaml)

1/1 Flow Failed

=== flow.end file-import
=== flow.start management-review (management-review-ios.yaml)

1/1 Flow Failed

=== flow.end management-review
=== flow.start appearance-review (appearance-review-6a54ff5.yaml)

1/1 Flow Passed in 56s

=== flow.end appearance-review
=== flow.start appearance-dark (appearance-dark-ios.yaml)

1/1 Flow Passed in 57s

=== flow.end appearance-dark
=== flow.start export-review-ios (export-review-ios.yaml)

1/1 Flow Passed in 23s

=== flow.end export-review-ios
=== flow.start background-review (background-6a54ff5.yaml)

1/1 Flow Passed in 50s

=== flow.end background-review
=== flow.start large-text (large-text-review-ios.yaml)

1/1 Flow Passed in 37s

=== flow.end large-text
=== flow.start search-delete (search-delete-review-ios.yaml)

1/1 Flow Failed

=== flow.end search-delete
=== suite continuation done
