09:28:22.229 [ INFO] maestro.cli.runner.CliConsoleListener.onCommandStart: Define variables RUNNING
09:28:22.231 [ INFO] maestro.cli.runner.CliConsoleListener.onCommandFinished: Define variables COMPLETED
09:28:22.231 [ INFO] maestro.cli.runner.CliConsoleListener.onCommandStart: Define variables RUNNING
09:28:22.684 [ INFO] maestro.cli.runner.CliConsoleListener.onCommandFinished: Define variables COMPLETED
09:28:22.685 [ INFO] maestro.cli.runner.CliConsoleListener.onCommandStart: Apply configuration RUNNING
09:28:22.685 [ INFO] maestro.cli.runner.CliConsoleListener.onCommandFinished: Apply configuration COMPLETED
09:28:22.685 [ INFO] maestro.cli.runner.CliConsoleListener.onCommandStart: Launch app "com.meeshogi.app" RUNNING
09:28:23.170 [ INFO] maestro.Maestro.launchApp$lambda$5: Launching app com.meeshogi.app
09:28:23.170 [ INFO] maestro.Maestro.launchApp$lambda$5: Stopping com.meeshogi.app app during launch
09:28:23.280 [ INFO] maestro.cli.runner.CliConsoleListener.onCommandFinished: Launch app "com.meeshogi.app" COMPLETED
09:28:23.281 [ INFO] maestro.cli.runner.CliConsoleListener.onCommandStart: Assert that id: library-screen is visible RUNNING
09:28:25.154 [ INFO] maestro.cli.runner.CliConsoleListener.onCommandFinished: Assert that id: library-screen is visible COMPLETED
09:28:25.155 [ INFO] maestro.cli.runner.CliConsoleListener.onCommandStart: Tap on id: import-button RUNNING
09:28:25.628 [ INFO] maestro.Maestro.tap-HgV9Ck0: Tapping on element:  UiElement(treeNode=TreeNode(attributes={text=, accessibilityText=棋譜を追加, hintText=, ignoreBoundsFiltering=false, resource-id=import-button, clickable=true, bounds=[903,280][1029,406], enabled=true, focused=false, checked=false, scrollable=false, selected=false, class=android.widget.Button, important-for-accessibility=true, error=}, children=[TreeNode(attributes={text=, accessibilityText=, hintText=, ignoreBoundsFiltering=false, resource-id=, clickable=false, bounds=[936,313][997,374], enabled=true, focused=false, checked=false, scrollable=false, selected=false, class=android.widget.TextView, important-for-accessibility=true, error=}, children=[], clickable=false, enabled=true, focused=false, checked=false, selected=false)], clickable=true, enabled=true, focused=false, checked=false, selected=false), bounds=Bounds(x=903, y=280, width=126, height=126))
09:28:26.828 [ INFO] maestro.Maestro.tap-HgV9Ck0: Tap aimed via settled hierarchy
09:28:26.831 [ INFO] maestro.Maestro.hierarchyBasedTap-ogj28Uc: Tapping at (966, 343) using hierarchy based logic for wait
09:28:28.064 [ INFO] maestro.Maestro.hierarchyBasedTap-ogj28Uc: Something has changed in the UI judging by view hierarchy. Proceed.
09:28:28.064 [ INFO] maestro.cli.runner.CliConsoleListener.onCommandFinished: Tap on id: import-button COMPLETED
09:28:28.064 [ INFO] maestro.cli.runner.CliConsoleListener.onCommandStart: Assert that id: import-paste is visible RUNNING
09:28:28.180 [ INFO] maestro.cli.runner.CliConsoleListener.onCommandFinished: Assert that id: import-paste is visible COMPLETED
09:28:28.180 [ INFO] maestro.cli.runner.CliConsoleListener.onCommandStart: Tap on id: import-paste RUNNING
09:28:28.294 [ INFO] maestro.Maestro.tap-HgV9Ck0: Tapping on element:  UiElement(treeNode=TreeNode(attributes={text=, accessibilityText=, ペースト, hintText=, ignoreBoundsFiltering=false, resource-id=import-paste, clickable=true, bounds=[745,1032][993,1158], enabled=true, focused=false, checked=false, scrollable=false, selected=false, class=android.widget.Button, important-for-accessibility=true, error=}, children=[TreeNode(attributes={text=, accessibilityText=, hintText=, ignoreBoundsFiltering=false, resource-id=, clickable=false, bounds=[745,1070][796,1121], enabled=true, focused=false, checked=false, scrollable=false, selected=false, class=android.widget.TextView, important-for-accessibility=true, error=}, children=[], clickable=false, enabled=true, focused=false, checked=false, selected=false), TreeNode(attributes={text=ペースト, accessibilityText=, hintText=, ignoreBoundsFiltering=false, resource-id=, clickable=false, bounds=[815,1062][993,1128], enabled=true, focused=false, checked=false, scrollable=false, selected=false, class=android.widget.TextView, important-for-accessibility=true, error=}, children=[], clickable=false, enabled=true, focused=false, checked=false, selected=false)], clickable=true, enabled=true, focused=false, checked=false, selected=false), bounds=Bounds(x=745, y=1032, width=248, height=126))
09:28:29.600 [ INFO] maestro.Maestro.tap-HgV9Ck0: Tap aimed via settled hierarchy
09:28:29.601 [ INFO] maestro.Maestro.hierarchyBasedTap-ogj28Uc: Tapping at (869, 1095) using hierarchy based logic for wait
09:28:30.676 [ INFO] maestro.Maestro.hierarchyBasedTap-ogj28Uc: Something has changed in the UI judging by view hierarchy. Proceed.
09:28:30.676 [ INFO] maestro.cli.runner.CliConsoleListener.onCommandFinished: Tap on id: import-paste COMPLETED
09:28:30.676 [ INFO] maestro.cli.runner.CliConsoleListener.onCommandStart: Tap on (Optional) "Allow Paste|ペーストを許可" RUNNING
09:28:37.801 [ INFO] maestro.orchestra.Orchestra.executeCommands: [Command execution] CommandWarned: Element not found: Text matching regex: Allow Paste|ペーストを許可
09:28:37.989 [ INFO] maestro.Maestro.takeScreenshot: Taking screenshot
09:28:37.990 [TRACE] maestro.utils.ScreenshotUtils.takeScreenshot: Taking screenshot to output sink
09:28:38.246 [ INFO] maestro.cli.runner.CliConsoleListener.onCommandFinished: Tap on (Optional) "Allow Paste|ペーストを許可" WARNED
09:28:38.247 [ INFO] maestro.cli.runner.CliConsoleListener.onCommandStart: Assert that ".*${MOVES}手の棋譜を読み取りました.*" is visible RUNNING
09:28:38.384 [ INFO] maestro.cli.runner.CliConsoleListener.onCommandFinished: Assert that ".*${MOVES}手の棋譜を読み取りました.*" is visible COMPLETED
09:28:38.385 [ INFO] maestro.cli.runner.CliConsoleListener.onCommandStart: Run flow when "この棋譜は保存済みです" is visible RUNNING
09:28:38.576 [ INFO] maestro.orchestra.Orchestra.executeCommands: [Command execution] CommandSkipped: null
09:28:38.577 [ INFO] maestro.cli.runner.CliConsoleListener.onCommandFinished: Run flow when "この棋譜は保存済みです" is visible SKIPPED
09:28:38.577 [ INFO] maestro.cli.runner.CliConsoleListener.onCommandStart: Run flow when "この棋譜は保存済みです" is not visible RUNNING
09:28:39.231 [ INFO] maestro.cli.runner.CliConsoleListener.onCommandStart: Swipe from (95%, 85%) to (95%, 30%) in 400 ms RUNNING
09:28:40.618 [ INFO] maestro.cli.runner.CliConsoleListener.onCommandFinished: Swipe from (95%, 85%) to (95%, 30%) in 400 ms COMPLETED
09:28:40.619 [ INFO] maestro.cli.runner.CliConsoleListener.onCommandStart: Scrolling DOWN until id: import-save is visible with speed 40, visibility percentage 100%, timeout 20000 ms, with centering disabled RUNNING
09:28:40.703 [ INFO] maestro.orchestra.Orchestra.scrollUntilVisible: Scrolling try count: 0, DeviceWidth: 1080, DeviceWidth: 2400
09:28:40.704 [ INFO] maestro.orchestra.Orchestra.scrollUntilVisible: Element bounds: Bounds(x=53, y=2172, width=975, height=135)
09:28:40.704 [ INFO] maestro.orchestra.Orchestra.scrollUntilVisible: Visibility Percent: 1.0
09:28:40.712 [ INFO] maestro.orchestra.Orchestra.scrollUntilVisible: Command centerElement: ScrollUntilVisibleCommand(selector=ElementSelector(textRegex=null, idRegex=import-save, size=null, below=null, above=null, leftOf=null, rightOf=null, containsChild=null, containsDescendants=null, traits=null, index=null, enabled=null, optional=false, selected=null, checked=null, focused=null, childOf=null, css=null), direction=DOWN, scrollDuration=601, visibilityPercentage=100, timeout=20000, waitToSettleTimeoutMs=null, centerElement=false, originalSpeedValue=40, label=null, optional=false).centerElement
09:28:40.713 [ INFO] maestro.orchestra.Orchestra.scrollUntilVisible: visibilityPercentageNormalized: 1.0
09:28:40.713 [ INFO] maestro.cli.runner.CliConsoleListener.onCommandFinished: Scrolling DOWN until id: import-save is visible with speed 40, visibility percentage 100%, timeout 20000 ms, with centering disabled COMPLETED
09:28:40.713 [ INFO] maestro.cli.runner.CliConsoleListener.onCommandStart: Tap on id: import-save RUNNING
09:28:40.791 [ INFO] maestro.Maestro.tap-HgV9Ck0: Tapping on element:  UiElement(treeNode=TreeNode(attributes={text=, accessibilityText=保存して検討する, hintText=, ignoreBoundsFiltering=false, resource-id=import-save, clickable=true, bounds=[53,2172][1028,2307], enabled=true, focused=false, checked=false, scrollable=false, selected=false, class=android.widget.Button, important-for-accessibility=true, error=}, children=[TreeNode(attributes={text=保存して検討する, accessibilityText=, hintText=, ignoreBoundsFiltering=false, resource-id=, clickable=false, bounds=[361,2206][720,2272], enabled=true, focused=false, checked=false, scrollable=false, selected=false, class=android.widget.TextView, important-for-accessibility=true, error=}, children=[], clickable=false, enabled=true, focused=false, checked=false, selected=false)], clickable=true, enabled=true, focused=false, checked=false, selected=false), bounds=Bounds(x=53, y=2172, width=975, height=135))
09:28:41.984 [ INFO] maestro.Maestro.tap-HgV9Ck0: Tap aimed via settled hierarchy
09:28:41.985 [ INFO] maestro.Maestro.hierarchyBasedTap-ogj28Uc: Tapping at (540, 2239) using hierarchy based logic for wait
09:28:47.240 [ INFO] maestro.Maestro.hierarchyBasedTap-ogj28Uc: Something has changed in the UI judging by view hierarchy. Proceed.
09:28:47.240 [ INFO] maestro.cli.runner.CliConsoleListener.onCommandFinished: Tap on id: import-save COMPLETED
09:28:47.240 [ INFO] maestro.cli.runner.CliConsoleListener.onCommandFinished: Run flow when "この棋譜は保存済みです" is not visible COMPLETED
09:28:47.240 [ INFO] maestro.cli.runner.CliConsoleListener.onCommandStart: Assert that id: game-screen is visible RUNNING
09:28:47.434 [ INFO] maestro.cli.runner.CliConsoleListener.onCommandFinished: Assert that id: game-screen is visible COMPLETED
09:28:47.434 [ INFO] maestro.cli.runner.CliConsoleListener.onCommandStart: Scrolling DOWN until id: analysis-status is visible with speed 40, visibility percentage 100%, timeout 20000 ms, with centering disabled RUNNING
09:28:48.125 [ WARN] maestro.orchestra.Orchestra.scrollUntilVisible: Error: maestro.MaestroException$ElementNotFound: Element not found: Id matching regex: analysis-status
09:28:48.164 [ INFO] maestro.Maestro.swipeFromCenter: Swiping UP from center
09:28:49.927 [ INFO] maestro.orchestra.Orchestra.scrollUntilVisible: Scrolling try count: 0, DeviceWidth: 1080, DeviceWidth: 2400
09:28:49.927 [ INFO] maestro.orchestra.Orchestra.scrollUntilVisible: Element bounds: Bounds(x=32, y=1938, width=1017, height=53)
09:28:49.927 [ INFO] maestro.orchestra.Orchestra.scrollUntilVisible: Visibility Percent: 1.0
09:28:49.927 [ INFO] maestro.orchestra.Orchestra.scrollUntilVisible: Command centerElement: ScrollUntilVisibleCommand(selector=ElementSelector(textRegex=null, idRegex=analysis-status, size=null, below=null, above=null, leftOf=null, rightOf=null, containsChild=null, containsDescendants=null, traits=null, index=null, enabled=null, optional=false, selected=null, checked=null, focused=null, childOf=null, css=null), direction=DOWN, scrollDuration=601, visibilityPercentage=100, timeout=20000, waitToSettleTimeoutMs=null, centerElement=false, originalSpeedValue=40, label=null, optional=false).centerElement
09:28:49.927 [ INFO] maestro.orchestra.Orchestra.scrollUntilVisible: visibilityPercentageNormalized: 1.0
09:28:49.927 [ INFO] maestro.cli.runner.CliConsoleListener.onCommandFinished: Scrolling DOWN until id: analysis-status is visible with speed 40, visibility percentage 100%, timeout 20000 ms, with centering disabled COMPLETED
09:28:49.927 [ INFO] maestro.cli.runner.CliConsoleListener.onCommandStart: Assert that "全局解析が完了しました|解析処理が終了しました" is visible RUNNING
09:28:50.138 [ INFO] maestro.cli.runner.CliConsoleListener.onCommandFinished: Assert that "全局解析が完了しました|解析処理が終了しました" is visible COMPLETED
09:28:50.138 [ INFO] maestro.cli.runner.CliConsoleListener.onCommandStart: Assert that "解析に失敗しました。もう一度解析できます。" is not visible RUNNING
09:28:50.938 [ INFO] maestro.cli.runner.CliConsoleListener.onCommandFinished: Assert that "解析に失敗しました。もう一度解析できます。" is not visible COMPLETED
09:28:50.939 [ INFO] maestro.cli.runner.CliConsoleListener.onCommandStart: Run flow when "解析処理が終了しました" is visible RUNNING
09:28:51.115 [ INFO] maestro.cli.runner.CliConsoleListener.onCommandStart: Scrolling DOWN until id: analysis-start is visible with speed 40, visibility percentage 100%, timeout 20000 ms, with centering disabled RUNNING
09:28:51.243 [ INFO] maestro.orchestra.Orchestra.scrollUntilVisible: Scrolling try count: 0, DeviceWidth: 1080, DeviceWidth: 2400
09:28:51.243 [ INFO] maestro.orchestra.Orchestra.scrollUntilVisible: Element bounds: Bounds(x=32, y=1991, width=295, height=126)
09:28:51.243 [ INFO] maestro.orchestra.Orchestra.scrollUntilVisible: Visibility Percent: 1.0
09:28:51.243 [ INFO] maestro.orchestra.Orchestra.scrollUntilVisible: Command centerElement: ScrollUntilVisibleCommand(selector=ElementSelector(textRegex=null, idRegex=analysis-start, size=null, below=null, above=null, leftOf=null, rightOf=null, containsChild=null, containsDescendants=null, traits=null, index=null, enabled=null, optional=false, selected=null, checked=null, focused=null, childOf=null, css=null), direction=DOWN, scrollDuration=601, visibilityPercentage=100, timeout=20000, waitToSettleTimeoutMs=null, centerElement=false, originalSpeedValue=40, label=null, optional=false).centerElement
09:28:51.244 [ INFO] maestro.orchestra.Orchestra.scrollUntilVisible: visibilityPercentageNormalized: 1.0
09:28:51.244 [ INFO] maestro.cli.runner.CliConsoleListener.onCommandFinished: Scrolling DOWN until id: analysis-start is visible with speed 40, visibility percentage 100%, timeout 20000 ms, with centering disabled COMPLETED
09:28:51.244 [ INFO] maestro.cli.runner.CliConsoleListener.onCommandStart: Tap on id: analysis-start RUNNING
09:28:51.432 [ INFO] maestro.Maestro.tap-HgV9Ck0: Tapping on element:  UiElement(treeNode=TreeNode(attributes={text=, accessibilityText=, 解析を再開, hintText=, ignoreBoundsFiltering=false, resource-id=analysis-start, clickable=true, bounds=[32,1991][327,2117], enabled=true, focused=false, checked=false, scrollable=false, selected=false, class=android.widget.Button, important-for-accessibility=true, error=}, children=[TreeNode(attributes={text=, accessibilityText=, hintText=, ignoreBoundsFiltering=false, resource-id=, clickable=false, bounds=[32,2029][83,2080], enabled=true, focused=false, checked=false, scrollable=false, selected=false, class=android.widget.TextView, important-for-accessibility=true, error=}, children=[], clickable=false, enabled=true, focused=false, checked=false, selected=false), TreeNode(attributes={text=解析を再開, accessibilityText=, hintText=, ignoreBoundsFiltering=false, resource-id=, clickable=false, bounds=[102,2021][327,2087], enabled=true, focused=false, checked=false, scrollable=false, selected=false, class=android.widget.TextView, important-for-accessibility=true, error=}, children=[], clickable=false, enabled=true, focused=false, checked=false, selected=false)], clickable=true, enabled=true, focused=false, checked=false, selected=false), bounds=Bounds(x=32, y=1991, width=295, height=126))
09:28:53.234 [ INFO] maestro.Maestro.tap-HgV9Ck0: Tap aimed via settled hierarchy
09:28:53.235 [ INFO] maestro.Maestro.hierarchyBasedTap-ogj28Uc: Tapping at (179, 2054) using hierarchy based logic for wait
09:28:54.861 [ INFO] maestro.Maestro.hierarchyBasedTap-ogj28Uc: Something has changed in the UI judging by view hierarchy. Proceed.
09:28:54.862 [ INFO] maestro.cli.runner.CliConsoleListener.onCommandFinished: Tap on id: analysis-start COMPLETED
09:28:54.862 [ INFO] maestro.cli.runner.CliConsoleListener.onCommandStart: Assert that "全局解析が完了しました|解析処理が終了しました" is visible RUNNING
09:38:55.258 [ INFO] maestro.Maestro.takeScreenshot: Taking screenshot
09:38:55.259 [TRACE] maestro.utils.ScreenshotUtils.takeScreenshot: Taking screenshot to output sink
09:38:55.459 [ INFO] maestro.cli.runner.CliConsoleListener.onCommandFinished: Assert that "全局解析が完了しました|解析処理が終了しました" is visible FAILED
09:38:55.460 [ERROR] maestro.orchestra.Orchestra.executeCommands: [Command execution] CommandFailed: Assertion is false: "全局解析が完了しました|解析処理が終了しました" is visible
09:38:55.461 [ INFO] maestro.Maestro.takeScreenshot: Taking screenshot
09:38:55.461 [TRACE] maestro.utils.ScreenshotUtils.takeScreenshot: Taking screenshot to output sink
09:38:55.630 [ INFO] maestro.cli.runner.CliConsoleListener.onCommandFinished: Run flow when "解析処理が終了しました" is visible FAILED
