09:54:01.776 [ INFO] maestro.cli.runner.CliConsoleListener.onCommandStart: Define variables RUNNING
09:54:01.780 [ INFO] maestro.cli.runner.CliConsoleListener.onCommandFinished: Define variables COMPLETED
09:54:01.780 [ INFO] maestro.cli.runner.CliConsoleListener.onCommandStart: Define variables RUNNING
09:54:02.579 [ INFO] maestro.cli.runner.CliConsoleListener.onCommandFinished: Define variables COMPLETED
09:54:02.580 [ INFO] maestro.cli.runner.CliConsoleListener.onCommandStart: Apply configuration RUNNING
09:54:02.581 [ INFO] maestro.cli.runner.CliConsoleListener.onCommandFinished: Apply configuration COMPLETED
09:54:02.581 [ INFO] maestro.cli.runner.CliConsoleListener.onCommandStart: Launch app "com.meeshogi.app" RUNNING
09:54:03.160 [ INFO] maestro.Maestro.launchApp$lambda$5: Launching app com.meeshogi.app
09:54:03.160 [ INFO] maestro.Maestro.launchApp$lambda$5: Stopping com.meeshogi.app app during launch
09:54:03.250 [ INFO] maestro.cli.runner.CliConsoleListener.onCommandFinished: Launch app "com.meeshogi.app" COMPLETED
09:54:03.251 [ INFO] maestro.cli.runner.CliConsoleListener.onCommandStart: Assert that id: library-screen is visible RUNNING
09:54:05.828 [ INFO] maestro.cli.runner.CliConsoleListener.onCommandFinished: Assert that id: library-screen is visible COMPLETED
09:54:05.829 [ INFO] maestro.cli.runner.CliConsoleListener.onCommandStart: Tap on id: import-button RUNNING
09:54:06.278 [ INFO] maestro.Maestro.tap-HgV9Ck0: Tapping on element:  UiElement(treeNode=TreeNode(attributes={text=, accessibilityText=棋譜を追加, hintText=, ignoreBoundsFiltering=false, resource-id=import-button, clickable=true, bounds=[903,280][1029,406], enabled=true, focused=false, checked=false, scrollable=false, selected=false, class=android.widget.Button, important-for-accessibility=true, error=}, children=[TreeNode(attributes={text=, accessibilityText=, hintText=, ignoreBoundsFiltering=false, resource-id=, clickable=false, bounds=[936,313][997,374], enabled=true, focused=false, checked=false, scrollable=false, selected=false, class=android.widget.TextView, important-for-accessibility=true, error=}, children=[], clickable=false, enabled=true, focused=false, checked=false, selected=false)], clickable=true, enabled=true, focused=false, checked=false, selected=false), bounds=Bounds(x=903, y=280, width=126, height=126))
09:54:07.504 [ INFO] maestro.Maestro.tap-HgV9Ck0: Tap aimed via settled hierarchy
09:54:07.507 [ INFO] maestro.Maestro.hierarchyBasedTap-ogj28Uc: Tapping at (966, 343) using hierarchy based logic for wait
09:54:08.858 [ INFO] maestro.Maestro.hierarchyBasedTap-ogj28Uc: Something has changed in the UI judging by view hierarchy. Proceed.
09:54:08.859 [ INFO] maestro.cli.runner.CliConsoleListener.onCommandFinished: Tap on id: import-button COMPLETED
09:54:08.859 [ INFO] maestro.cli.runner.CliConsoleListener.onCommandStart: Assert that id: import-paste is visible RUNNING
09:54:09.002 [ INFO] maestro.cli.runner.CliConsoleListener.onCommandFinished: Assert that id: import-paste is visible COMPLETED
09:54:09.002 [ INFO] maestro.cli.runner.CliConsoleListener.onCommandStart: Tap on id: import-paste RUNNING
09:54:09.099 [ INFO] maestro.Maestro.tap-HgV9Ck0: Tapping on element:  UiElement(treeNode=TreeNode(attributes={text=, accessibilityText=, ペースト, hintText=, ignoreBoundsFiltering=false, resource-id=import-paste, clickable=true, bounds=[745,1032][993,1158], enabled=true, focused=false, checked=false, scrollable=false, selected=false, class=android.widget.Button, important-for-accessibility=true, error=}, children=[TreeNode(attributes={text=, accessibilityText=, hintText=, ignoreBoundsFiltering=false, resource-id=, clickable=false, bounds=[745,1070][796,1121], enabled=true, focused=false, checked=false, scrollable=false, selected=false, class=android.widget.TextView, important-for-accessibility=true, error=}, children=[], clickable=false, enabled=true, focused=false, checked=false, selected=false), TreeNode(attributes={text=ペースト, accessibilityText=, hintText=, ignoreBoundsFiltering=false, resource-id=, clickable=false, bounds=[815,1062][993,1128], enabled=true, focused=false, checked=false, scrollable=false, selected=false, class=android.widget.TextView, important-for-accessibility=true, error=}, children=[], clickable=false, enabled=true, focused=false, checked=false, selected=false)], clickable=true, enabled=true, focused=false, checked=false, selected=false), bounds=Bounds(x=745, y=1032, width=248, height=126))
09:54:10.364 [ INFO] maestro.Maestro.tap-HgV9Ck0: Tap aimed via settled hierarchy
09:54:10.365 [ INFO] maestro.Maestro.hierarchyBasedTap-ogj28Uc: Tapping at (869, 1095) using hierarchy based logic for wait
09:54:11.655 [ INFO] maestro.Maestro.hierarchyBasedTap-ogj28Uc: Something has changed in the UI judging by view hierarchy. Proceed.
09:54:11.656 [ INFO] maestro.cli.runner.CliConsoleListener.onCommandFinished: Tap on id: import-paste COMPLETED
09:54:11.656 [ INFO] maestro.cli.runner.CliConsoleListener.onCommandStart: Tap on (Optional) "Allow Paste|ペーストを許可" RUNNING
09:54:18.795 [ INFO] maestro.orchestra.Orchestra.executeCommands: [Command execution] CommandWarned: Element not found: Text matching regex: Allow Paste|ペーストを許可
09:54:19.003 [ INFO] maestro.Maestro.takeScreenshot: Taking screenshot
09:54:19.004 [TRACE] maestro.utils.ScreenshotUtils.takeScreenshot: Taking screenshot to output sink
09:54:19.319 [ INFO] maestro.cli.runner.CliConsoleListener.onCommandFinished: Tap on (Optional) "Allow Paste|ペーストを許可" WARNED
09:54:19.320 [ INFO] maestro.cli.runner.CliConsoleListener.onCommandStart: Assert that ".*${MOVES}手の棋譜を読み取りました.*" is visible RUNNING
09:54:19.470 [ INFO] maestro.cli.runner.CliConsoleListener.onCommandFinished: Assert that ".*${MOVES}手の棋譜を読み取りました.*" is visible COMPLETED
09:54:19.472 [ INFO] maestro.cli.runner.CliConsoleListener.onCommandStart: Swipe from (50%, 60%) to (50%, 61%) in 6000 ms RUNNING
09:54:26.289 [ INFO] maestro.cli.runner.CliConsoleListener.onCommandFinished: Swipe from (50%, 60%) to (50%, 61%) in 6000 ms COMPLETED
09:54:26.289 [ INFO] maestro.cli.runner.CliConsoleListener.onCommandStart: Assert that (Optional) "この棋譜は保存済みです.*" is visible RUNNING
09:54:34.542 [ INFO] maestro.orchestra.Orchestra.executeCommands: [Command execution] CommandWarned: Assertion is false: "この棋譜は保存済みです.*" is visible
09:54:34.625 [ INFO] maestro.Maestro.takeScreenshot: Taking screenshot
09:54:34.625 [TRACE] maestro.utils.ScreenshotUtils.takeScreenshot: Taking screenshot to output sink
09:54:34.806 [ INFO] maestro.cli.runner.CliConsoleListener.onCommandFinished: Assert that (Optional) "この棋譜は保存済みです.*" is visible WARNED
09:54:34.806 [ INFO] maestro.cli.runner.CliConsoleListener.onCommandStart: Run flow when "この棋譜は保存済みです.*" is visible RUNNING
09:54:35.050 [ INFO] maestro.orchestra.Orchestra.executeCommands: [Command execution] CommandSkipped: null
09:54:35.050 [ INFO] maestro.cli.runner.CliConsoleListener.onCommandFinished: Run flow when "この棋譜は保存済みです.*" is visible SKIPPED
09:54:35.050 [ INFO] maestro.cli.runner.CliConsoleListener.onCommandStart: Run flow when "この棋譜は保存済みです.*" is not visible RUNNING
09:54:35.686 [ INFO] maestro.cli.runner.CliConsoleListener.onCommandStart: Swipe from (95%, 85%) to (95%, 30%) in 400 ms RUNNING
09:54:37.121 [ INFO] maestro.cli.runner.CliConsoleListener.onCommandFinished: Swipe from (95%, 85%) to (95%, 30%) in 400 ms COMPLETED
09:54:37.122 [ INFO] maestro.cli.runner.CliConsoleListener.onCommandStart: Scrolling DOWN until id: import-save is visible with speed 40, visibility percentage 100%, timeout 20000 ms, with centering disabled RUNNING
09:54:37.204 [ INFO] maestro.orchestra.Orchestra.scrollUntilVisible: Scrolling try count: 0, DeviceWidth: 1080, DeviceWidth: 2400
09:54:37.204 [ INFO] maestro.orchestra.Orchestra.scrollUntilVisible: Element bounds: Bounds(x=53, y=2172, width=975, height=135)
09:54:37.204 [ INFO] maestro.orchestra.Orchestra.scrollUntilVisible: Visibility Percent: 1.0
09:54:37.210 [ INFO] maestro.orchestra.Orchestra.scrollUntilVisible: Command centerElement: ScrollUntilVisibleCommand(selector=ElementSelector(textRegex=null, idRegex=import-save, size=null, below=null, above=null, leftOf=null, rightOf=null, containsChild=null, containsDescendants=null, traits=null, index=null, enabled=null, optional=false, selected=null, checked=null, focused=null, childOf=null, css=null), direction=DOWN, scrollDuration=601, visibilityPercentage=100, timeout=20000, waitToSettleTimeoutMs=null, centerElement=false, originalSpeedValue=40, label=null, optional=false).centerElement
09:54:37.211 [ INFO] maestro.orchestra.Orchestra.scrollUntilVisible: visibilityPercentageNormalized: 1.0
09:54:37.211 [ INFO] maestro.cli.runner.CliConsoleListener.onCommandFinished: Scrolling DOWN until id: import-save is visible with speed 40, visibility percentage 100%, timeout 20000 ms, with centering disabled COMPLETED
09:54:37.211 [ INFO] maestro.cli.runner.CliConsoleListener.onCommandStart: Tap on id: import-save RUNNING
09:54:37.281 [ INFO] maestro.Maestro.tap-HgV9Ck0: Tapping on element:  UiElement(treeNode=TreeNode(attributes={text=, accessibilityText=保存して検討する, hintText=, ignoreBoundsFiltering=false, resource-id=import-save, clickable=true, bounds=[53,2172][1028,2307], enabled=true, focused=false, checked=false, scrollable=false, selected=false, class=android.widget.Button, important-for-accessibility=true, error=}, children=[TreeNode(attributes={text=保存して検討する, accessibilityText=, hintText=, ignoreBoundsFiltering=false, resource-id=, clickable=false, bounds=[361,2206][720,2272], enabled=true, focused=false, checked=false, scrollable=false, selected=false, class=android.widget.TextView, important-for-accessibility=true, error=}, children=[], clickable=false, enabled=true, focused=false, checked=false, selected=false)], clickable=true, enabled=true, focused=false, checked=false, selected=false), bounds=Bounds(x=53, y=2172, width=975, height=135))
09:54:38.472 [ INFO] maestro.Maestro.tap-HgV9Ck0: Tap aimed via settled hierarchy
09:54:38.473 [ INFO] maestro.Maestro.hierarchyBasedTap-ogj28Uc: Tapping at (540, 2239) using hierarchy based logic for wait
09:54:43.751 [ INFO] maestro.Maestro.hierarchyBasedTap-ogj28Uc: Something has changed in the UI judging by view hierarchy. Proceed.
09:54:43.751 [ INFO] maestro.cli.runner.CliConsoleListener.onCommandFinished: Tap on id: import-save COMPLETED
09:54:43.752 [ INFO] maestro.cli.runner.CliConsoleListener.onCommandFinished: Run flow when "この棋譜は保存済みです.*" is not visible COMPLETED
09:54:43.752 [ INFO] maestro.cli.runner.CliConsoleListener.onCommandStart: Assert that id: game-screen is visible RUNNING
09:54:43.891 [ INFO] maestro.cli.runner.CliConsoleListener.onCommandFinished: Assert that id: game-screen is visible COMPLETED
09:54:43.891 [ INFO] maestro.cli.runner.CliConsoleListener.onCommandStart: Scrolling DOWN until id: analysis-status is visible with speed 40, visibility percentage 100%, timeout 20000 ms, with centering disabled RUNNING
09:54:44.764 [ WARN] maestro.orchestra.Orchestra.scrollUntilVisible: Error: maestro.MaestroException$ElementNotFound: Element not found: Id matching regex: analysis-status
09:54:44.803 [ INFO] maestro.Maestro.swipeFromCenter: Swiping UP from center
09:54:46.531 [ INFO] maestro.orchestra.Orchestra.scrollUntilVisible: Scrolling try count: 0, DeviceWidth: 1080, DeviceWidth: 2400
09:54:46.531 [ INFO] maestro.orchestra.Orchestra.scrollUntilVisible: Element bounds: Bounds(x=32, y=1938, width=1017, height=53)
09:54:46.531 [ INFO] maestro.orchestra.Orchestra.scrollUntilVisible: Visibility Percent: 1.0
09:54:46.531 [ INFO] maestro.orchestra.Orchestra.scrollUntilVisible: Command centerElement: ScrollUntilVisibleCommand(selector=ElementSelector(textRegex=null, idRegex=analysis-status, size=null, below=null, above=null, leftOf=null, rightOf=null, containsChild=null, containsDescendants=null, traits=null, index=null, enabled=null, optional=false, selected=null, checked=null, focused=null, childOf=null, css=null), direction=DOWN, scrollDuration=601, visibilityPercentage=100, timeout=20000, waitToSettleTimeoutMs=null, centerElement=false, originalSpeedValue=40, label=null, optional=false).centerElement
09:54:46.531 [ INFO] maestro.orchestra.Orchestra.scrollUntilVisible: visibilityPercentageNormalized: 1.0
09:54:46.532 [ INFO] maestro.cli.runner.CliConsoleListener.onCommandFinished: Scrolling DOWN until id: analysis-status is visible with speed 40, visibility percentage 100%, timeout 20000 ms, with centering disabled COMPLETED
09:54:46.532 [ INFO] maestro.cli.runner.CliConsoleListener.onCommandStart: Assert that "全局解析が完了しました|解析処理が終了しました|.*局面を解析済み.*" is visible RUNNING
09:54:46.718 [ INFO] maestro.cli.runner.CliConsoleListener.onCommandFinished: Assert that "全局解析が完了しました|解析処理が終了しました|.*局面を解析済み.*" is visible COMPLETED
09:54:46.718 [ INFO] maestro.cli.runner.CliConsoleListener.onCommandStart: Assert that "解析に失敗しました。もう一度解析できます。" is not visible RUNNING
09:54:47.489 [ INFO] maestro.cli.runner.CliConsoleListener.onCommandFinished: Assert that "解析に失敗しました。もう一度解析できます。" is not visible COMPLETED
09:54:47.489 [ INFO] maestro.cli.runner.CliConsoleListener.onCommandStart: Run flow when ".*局面を解析済み.*" is visible RUNNING
09:54:47.681 [ INFO] maestro.cli.runner.CliConsoleListener.onCommandStart: Scrolling DOWN until id: analysis-start is visible with speed 40, visibility percentage 100%, timeout 20000 ms, with centering disabled RUNNING
09:54:47.829 [ INFO] maestro.orchestra.Orchestra.scrollUntilVisible: Scrolling try count: 0, DeviceWidth: 1080, DeviceWidth: 2400
09:54:47.829 [ INFO] maestro.orchestra.Orchestra.scrollUntilVisible: Element bounds: Bounds(x=32, y=1991, width=295, height=126)
09:54:47.829 [ INFO] maestro.orchestra.Orchestra.scrollUntilVisible: Visibility Percent: 1.0
09:54:47.829 [ INFO] maestro.orchestra.Orchestra.scrollUntilVisible: Command centerElement: ScrollUntilVisibleCommand(selector=ElementSelector(textRegex=null, idRegex=analysis-start, size=null, below=null, above=null, leftOf=null, rightOf=null, containsChild=null, containsDescendants=null, traits=null, index=null, enabled=null, optional=false, selected=null, checked=null, focused=null, childOf=null, css=null), direction=DOWN, scrollDuration=601, visibilityPercentage=100, timeout=20000, waitToSettleTimeoutMs=null, centerElement=false, originalSpeedValue=40, label=null, optional=false).centerElement
09:54:47.829 [ INFO] maestro.orchestra.Orchestra.scrollUntilVisible: visibilityPercentageNormalized: 1.0
09:54:47.829 [ INFO] maestro.cli.runner.CliConsoleListener.onCommandFinished: Scrolling DOWN until id: analysis-start is visible with speed 40, visibility percentage 100%, timeout 20000 ms, with centering disabled COMPLETED
09:54:47.830 [ INFO] maestro.cli.runner.CliConsoleListener.onCommandStart: Tap on id: analysis-start RUNNING
09:54:48.002 [ INFO] maestro.Maestro.tap-HgV9Ck0: Tapping on element:  UiElement(treeNode=TreeNode(attributes={text=, accessibilityText=, 解析を再開, hintText=, ignoreBoundsFiltering=false, resource-id=analysis-start, clickable=true, bounds=[32,1991][327,2117], enabled=true, focused=false, checked=false, scrollable=false, selected=false, class=android.widget.Button, important-for-accessibility=true, error=}, children=[TreeNode(attributes={text=, accessibilityText=, hintText=, ignoreBoundsFiltering=false, resource-id=, clickable=false, bounds=[32,2029][83,2080], enabled=true, focused=false, checked=false, scrollable=false, selected=false, class=android.widget.TextView, important-for-accessibility=true, error=}, children=[], clickable=false, enabled=true, focused=false, checked=false, selected=false), TreeNode(attributes={text=解析を再開, accessibilityText=, hintText=, ignoreBoundsFiltering=false, resource-id=, clickable=false, bounds=[102,2021][327,2087], enabled=true, focused=false, checked=false, scrollable=false, selected=false, class=android.widget.TextView, important-for-accessibility=true, error=}, children=[], clickable=false, enabled=true, focused=false, checked=false, selected=false)], clickable=true, enabled=true, focused=false, checked=false, selected=false), bounds=Bounds(x=32, y=1991, width=295, height=126))
09:54:49.247 [ INFO] maestro.Maestro.tap-HgV9Ck0: Tap aimed via settled hierarchy
09:54:49.248 [ INFO] maestro.Maestro.hierarchyBasedTap-ogj28Uc: Tapping at (179, 2054) using hierarchy based logic for wait
09:54:50.883 [ INFO] maestro.Maestro.hierarchyBasedTap-ogj28Uc: Something has changed in the UI judging by view hierarchy. Proceed.
09:54:50.883 [ INFO] maestro.cli.runner.CliConsoleListener.onCommandFinished: Tap on id: analysis-start COMPLETED
09:54:50.883 [ INFO] maestro.cli.runner.CliConsoleListener.onCommandStart: Assert that "全局解析が完了しました|解析処理が終了しました|.*局面を解析済み.*" is visible RUNNING
09:54:51.028 [ INFO] maestro.cli.runner.CliConsoleListener.onCommandFinished: Assert that "全局解析が完了しました|解析処理が終了しました|.*局面を解析済み.*" is visible COMPLETED
09:54:51.029 [ INFO] maestro.cli.runner.CliConsoleListener.onCommandStart: Assert that "解析に失敗しました。もう一度解析できます。" is not visible RUNNING
09:54:51.684 [ INFO] maestro.cli.runner.CliConsoleListener.onCommandFinished: Assert that "解析に失敗しました。もう一度解析できます。" is not visible COMPLETED
09:54:51.684 [ INFO] maestro.cli.runner.CliConsoleListener.onCommandFinished: Run flow when ".*局面を解析済み.*" is visible COMPLETED
09:54:51.685 [ INFO] maestro.cli.runner.CliConsoleListener.onCommandStart: Scrolling UP until id: evaluation-chart is visible with speed 40, visibility percentage 100%, timeout 20000 ms, with centering disabled RUNNING
09:54:51.829 [ INFO] maestro.orchestra.Orchestra.scrollUntilVisible: Scrolling try count: 0, DeviceWidth: 1080, DeviceWidth: 2400
09:54:51.830 [ INFO] maestro.orchestra.Orchestra.scrollUntilVisible: Element bounds: Bounds(x=32, y=1154, width=1017, height=255)
09:54:51.830 [ INFO] maestro.orchestra.Orchestra.scrollUntilVisible: Visibility Percent: 1.0
09:54:51.830 [ INFO] maestro.orchestra.Orchestra.scrollUntilVisible: Command centerElement: ScrollUntilVisibleCommand(selector=ElementSelector(textRegex=null, idRegex=evaluation-chart, size=null, below=null, above=null, leftOf=null, rightOf=null, containsChild=null, containsDescendants=null, traits=null, index=null, enabled=null, optional=false, selected=null, checked=null, focused=null, childOf=null, css=null), direction=UP, scrollDuration=601, visibilityPercentage=100, timeout=20000, waitToSettleTimeoutMs=null, centerElement=false, originalSpeedValue=40, label=null, optional=false).centerElement
09:54:51.830 [ INFO] maestro.orchestra.Orchestra.scrollUntilVisible: visibilityPercentageNormalized: 1.0
09:54:51.830 [ INFO] maestro.cli.runner.CliConsoleListener.onCommandFinished: Scrolling UP until id: evaluation-chart is visible with speed 40, visibility percentage 100%, timeout 20000 ms, with centering disabled COMPLETED
09:54:51.830 [ INFO] maestro.cli.runner.CliConsoleListener.onCommandStart: Assert that id: evaluation-chart is visible RUNNING
09:54:51.970 [ INFO] maestro.cli.runner.CliConsoleListener.onCommandFinished: Assert that id: evaluation-chart is visible COMPLETED
09:54:51.970 [ INFO] maestro.cli.runner.CliConsoleListener.onCommandStart: Tap on id: move-last RUNNING
09:54:52.096 [ INFO] maestro.Maestro.tap-HgV9Ck0: Tapping on element:  UiElement(treeNode=TreeNode(attributes={text=, accessibilityText=最終局面へ, hintText=, ignoreBoundsFiltering=false, resource-id=move-last, clickable=true, bounds=[845,2214][960,2329], enabled=true, focused=false, checked=false, scrollable=false, selected=false, class=android.widget.Button, important-for-accessibility=true, error=}, children=[TreeNode(attributes={text=, accessibilityText=, hintText=, ignoreBoundsFiltering=false, resource-id=, clickable=false, bounds=[876,2246][929,2299], enabled=true, focused=false, checked=false, scrollable=false, selected=false, class=android.widget.TextView, important-for-accessibility=true, error=}, children=[], clickable=false, enabled=true, focused=false, checked=false, selected=false)], clickable=true, enabled=true, focused=false, checked=false, selected=false), bounds=Bounds(x=845, y=2214, width=115, height=115))
09:54:53.712 [ INFO] maestro.Maestro.tap-HgV9Ck0: Tap aimed via settled hierarchy
09:54:53.714 [ INFO] maestro.Maestro.hierarchyBasedTap-ogj28Uc: Tapping at (902, 2271) using hierarchy based logic for wait
09:54:55.153 [ INFO] maestro.Maestro.hierarchyBasedTap-ogj28Uc: Something has changed in the UI judging by view hierarchy. Proceed.
09:54:55.153 [ INFO] maestro.cli.runner.CliConsoleListener.onCommandFinished: Tap on id: move-last COMPLETED
09:54:55.154 [ INFO] maestro.cli.runner.CliConsoleListener.onCommandStart: Assert that "${MOVES} / ${MOVES}手" is visible RUNNING
09:54:55.295 [ INFO] maestro.cli.runner.CliConsoleListener.onCommandFinished: Assert that "${MOVES} / ${MOVES}手" is visible COMPLETED
09:54:55.295 [ INFO] maestro.cli.runner.CliConsoleListener.onCommandStart: Scrolling UP until "${TERMINAL_LABEL}" is visible with speed 40, visibility percentage 100%, timeout 20000 ms, with centering disabled RUNNING
09:54:55.443 [ INFO] maestro.orchestra.Orchestra.scrollUntilVisible: Scrolling try count: 0, DeviceWidth: 1080, DeviceWidth: 2400
09:54:55.444 [ INFO] maestro.orchestra.Orchestra.scrollUntilVisible: Element bounds: Bounds(x=32, y=1065, width=405, height=63)
09:54:55.444 [ INFO] maestro.orchestra.Orchestra.scrollUntilVisible: Visibility Percent: 1.0
09:54:55.444 [ INFO] maestro.orchestra.Orchestra.scrollUntilVisible: Command centerElement: ScrollUntilVisibleCommand(selector=ElementSelector(textRegex=先手勝ち・詰み終局, idRegex=null, size=null, below=null, above=null, leftOf=null, rightOf=null, containsChild=null, containsDescendants=null, traits=null, index=null, enabled=null, optional=false, selected=null, checked=null, focused=null, childOf=null, css=null), direction=UP, scrollDuration=601, visibilityPercentage=100, timeout=20000, waitToSettleTimeoutMs=null, centerElement=false, originalSpeedValue=40, label=null, optional=false).centerElement
09:54:55.444 [ INFO] maestro.orchestra.Orchestra.scrollUntilVisible: visibilityPercentageNormalized: 1.0
09:54:55.444 [ INFO] maestro.cli.runner.CliConsoleListener.onCommandFinished: Scrolling UP until "${TERMINAL_LABEL}" is visible with speed 40, visibility percentage 100%, timeout 20000 ms, with centering disabled COMPLETED
09:54:55.444 [ INFO] maestro.cli.runner.CliConsoleListener.onCommandStart: Assert that "${TERMINAL_LABEL}" is visible RUNNING
09:54:55.608 [ INFO] maestro.cli.runner.CliConsoleListener.onCommandFinished: Assert that "${TERMINAL_LABEL}" is visible COMPLETED
09:54:55.609 [ INFO] maestro.cli.runner.CliConsoleListener.onCommandStart: Assert that id: candidate-0 is not visible RUNNING
09:54:56.304 [ INFO] maestro.cli.runner.CliConsoleListener.onCommandFinished: Assert that id: candidate-0 is not visible COMPLETED
09:54:56.304 [ INFO] maestro.cli.runner.CliConsoleListener.onCommandStart: Take screenshot ${SHOT_PREFIX}-terminal RUNNING
09:54:56.308 [ INFO] maestro.Maestro.takeScreenshot: Taking screenshot
09:54:56.309 [TRACE] maestro.utils.ScreenshotUtils.takeScreenshot: Taking screenshot to output sink
09:54:56.501 [ INFO] maestro.cli.runner.CliConsoleListener.onCommandFinished: Take screenshot ${SHOT_PREFIX}-terminal COMPLETED
09:54:56.501 [ INFO] maestro.cli.runner.CliConsoleListener.onCommandStart: Tap on id: move-prev RUNNING
09:54:56.653 [ INFO] maestro.Maestro.tap-HgV9Ck0: Tapping on element:  UiElement(treeNode=TreeNode(attributes={text=, accessibilityText=一手戻る, hintText=, ignoreBoundsFiltering=false, resource-id=move-prev, clickable=true, bounds=[301,2214][417,2329], enabled=true, focused=false, checked=false, scrollable=false, selected=false, class=android.widget.Button, important-for-accessibility=true, error=}, children=[TreeNode(attributes={text=, accessibilityText=, hintText=, ignoreBoundsFiltering=false, resource-id=, clickable=false, bounds=[332,2246][386,2299], enabled=true, focused=false, checked=false, scrollable=false, selected=false, class=android.widget.TextView, important-for-accessibility=true, error=}, children=[], clickable=false, enabled=true, focused=false, checked=false, selected=false)], clickable=true, enabled=true, focused=false, checked=false, selected=false), bounds=Bounds(x=301, y=2214, width=116, height=115))
09:54:57.959 [ INFO] maestro.Maestro.tap-HgV9Ck0: Tap aimed via settled hierarchy
09:54:57.961 [ INFO] maestro.Maestro.hierarchyBasedTap-ogj28Uc: Tapping at (359, 2271) using hierarchy based logic for wait
09:54:59.463 [ INFO] maestro.Maestro.hierarchyBasedTap-ogj28Uc: Something has changed in the UI judging by view hierarchy. Proceed.
09:54:59.463 [ INFO] maestro.cli.runner.CliConsoleListener.onCommandFinished: Tap on id: move-prev COMPLETED
09:54:59.464 [ INFO] maestro.cli.runner.CliConsoleListener.onCommandStart: Assert that "${MOVES_PREV} / ${MOVES}手" is visible RUNNING
09:54:59.617 [ INFO] maestro.cli.runner.CliConsoleListener.onCommandFinished: Assert that "${MOVES_PREV} / ${MOVES}手" is visible COMPLETED
09:54:59.618 [ INFO] maestro.cli.runner.CliConsoleListener.onCommandStart: Scrolling UP until "${MATE_BADGE}" is visible with speed 40, visibility percentage 100%, timeout 20000 ms, with centering disabled RUNNING
09:54:59.788 [ INFO] maestro.orchestra.Orchestra.scrollUntilVisible: Scrolling try count: 0, DeviceWidth: 1080, DeviceWidth: 2400
09:54:59.789 [ INFO] maestro.orchestra.Orchestra.scrollUntilVisible: Element bounds: Bounds(x=778, y=1096, width=250, height=53)
09:54:59.789 [ INFO] maestro.orchestra.Orchestra.scrollUntilVisible: Visibility Percent: 1.0
09:54:59.789 [ INFO] maestro.orchestra.Orchestra.scrollUntilVisible: Command centerElement: ScrollUntilVisibleCommand(selector=ElementSelector(textRegex=先手・1手詰め ›, idRegex=null, size=null, below=null, above=null, leftOf=null, rightOf=null, containsChild=null, containsDescendants=null, traits=null, index=null, enabled=null, optional=false, selected=null, checked=null, focused=null, childOf=null, css=null), direction=UP, scrollDuration=601, visibilityPercentage=100, timeout=20000, waitToSettleTimeoutMs=null, centerElement=false, originalSpeedValue=40, label=null, optional=false).centerElement
09:54:59.789 [ INFO] maestro.orchestra.Orchestra.scrollUntilVisible: visibilityPercentageNormalized: 1.0
09:54:59.789 [ INFO] maestro.cli.runner.CliConsoleListener.onCommandFinished: Scrolling UP until "${MATE_BADGE}" is visible with speed 40, visibility percentage 100%, timeout 20000 ms, with centering disabled COMPLETED
09:54:59.789 [ INFO] maestro.cli.runner.CliConsoleListener.onCommandStart: Assert that "${MATE_REGEX}" is visible RUNNING
09:54:59.933 [ INFO] maestro.cli.runner.CliConsoleListener.onCommandFinished: Assert that "${MATE_REGEX}" is visible COMPLETED
09:54:59.934 [ INFO] maestro.cli.runner.CliConsoleListener.onCommandStart: Assert that "${MATE_BADGE}" is visible RUNNING
09:55:00.061 [ INFO] maestro.cli.runner.CliConsoleListener.onCommandFinished: Assert that "${MATE_BADGE}" is visible COMPLETED
09:55:00.061 [ INFO] maestro.cli.runner.CliConsoleListener.onCommandStart: Take screenshot ${SHOT_PREFIX}-mate-badge RUNNING
09:55:00.064 [ INFO] maestro.Maestro.takeScreenshot: Taking screenshot
09:55:00.064 [TRACE] maestro.utils.ScreenshotUtils.takeScreenshot: Taking screenshot to output sink
09:55:00.256 [ INFO] maestro.cli.runner.CliConsoleListener.onCommandFinished: Take screenshot ${SHOT_PREFIX}-mate-badge COMPLETED
09:55:00.257 [ INFO] maestro.cli.runner.CliConsoleListener.onCommandStart: Press Back key RUNNING
09:55:00.258 [ INFO] maestro.Maestro.pressKey: Pressing key BACK
09:55:01.237 [ INFO] maestro.cli.runner.CliConsoleListener.onCommandFinished: Press Back key COMPLETED
