09:47:27.750 [ INFO] maestro.cli.runner.CliConsoleListener.onCommandStart: Define variables RUNNING
09:47:27.752 [ INFO] maestro.cli.runner.CliConsoleListener.onCommandFinished: Define variables COMPLETED
09:47:27.753 [ INFO] maestro.cli.runner.CliConsoleListener.onCommandStart: Define variables RUNNING
09:47:28.334 [ INFO] maestro.cli.runner.CliConsoleListener.onCommandFinished: Define variables COMPLETED
09:47:28.334 [ INFO] maestro.cli.runner.CliConsoleListener.onCommandStart: Apply configuration RUNNING
09:47:28.335 [ INFO] maestro.cli.runner.CliConsoleListener.onCommandFinished: Apply configuration COMPLETED
09:47:28.335 [ INFO] maestro.cli.runner.CliConsoleListener.onCommandStart: Launch app "com.meeshogi.app" RUNNING
09:47:28.849 [ INFO] maestro.Maestro.launchApp$lambda$5: Launching app com.meeshogi.app
09:47:28.849 [ INFO] maestro.Maestro.launchApp$lambda$5: Stopping com.meeshogi.app app during launch
09:47:28.942 [ INFO] maestro.cli.runner.CliConsoleListener.onCommandFinished: Launch app "com.meeshogi.app" COMPLETED
09:47:28.943 [ INFO] maestro.cli.runner.CliConsoleListener.onCommandStart: Assert that id: library-screen is visible RUNNING
09:47:31.509 [ INFO] maestro.cli.runner.CliConsoleListener.onCommandFinished: Assert that id: library-screen is visible COMPLETED
09:47:31.510 [ INFO] maestro.cli.runner.CliConsoleListener.onCommandStart: Tap on id: import-button RUNNING
09:47:31.957 [ INFO] maestro.Maestro.tap-HgV9Ck0: Tapping on element:  UiElement(treeNode=TreeNode(attributes={text=, accessibilityText=棋譜を追加, hintText=, ignoreBoundsFiltering=false, resource-id=import-button, clickable=true, bounds=[903,280][1029,406], enabled=true, focused=false, checked=false, scrollable=false, selected=false, class=android.widget.Button, important-for-accessibility=true, error=}, children=[TreeNode(attributes={text=, accessibilityText=, hintText=, ignoreBoundsFiltering=false, resource-id=, clickable=false, bounds=[936,313][997,374], enabled=true, focused=false, checked=false, scrollable=false, selected=false, class=android.widget.TextView, important-for-accessibility=true, error=}, children=[], clickable=false, enabled=true, focused=false, checked=false, selected=false)], clickable=true, enabled=true, focused=false, checked=false, selected=false), bounds=Bounds(x=903, y=280, width=126, height=126))
09:47:33.460 [ INFO] maestro.Maestro.tap-HgV9Ck0: Tap aimed via settled hierarchy
09:47:33.465 [ INFO] maestro.Maestro.hierarchyBasedTap-ogj28Uc: Tapping at (966, 343) using hierarchy based logic for wait
09:47:34.771 [ INFO] maestro.Maestro.hierarchyBasedTap-ogj28Uc: Something has changed in the UI judging by view hierarchy. Proceed.
09:47:34.771 [ INFO] maestro.cli.runner.CliConsoleListener.onCommandFinished: Tap on id: import-button COMPLETED
09:47:34.771 [ INFO] maestro.cli.runner.CliConsoleListener.onCommandStart: Assert that id: import-paste is visible RUNNING
09:47:34.861 [ INFO] maestro.cli.runner.CliConsoleListener.onCommandFinished: Assert that id: import-paste is visible COMPLETED
09:47:34.861 [ INFO] maestro.cli.runner.CliConsoleListener.onCommandStart: Tap on id: import-paste RUNNING
09:47:34.995 [ INFO] maestro.Maestro.tap-HgV9Ck0: Tapping on element:  UiElement(treeNode=TreeNode(attributes={text=, accessibilityText=, ペースト, hintText=, ignoreBoundsFiltering=false, resource-id=import-paste, clickable=true, bounds=[745,1032][993,1158], enabled=true, focused=false, checked=false, scrollable=false, selected=false, class=android.widget.Button, important-for-accessibility=true, error=}, children=[TreeNode(attributes={text=, accessibilityText=, hintText=, ignoreBoundsFiltering=false, resource-id=, clickable=false, bounds=[745,1070][796,1121], enabled=true, focused=false, checked=false, scrollable=false, selected=false, class=android.widget.TextView, important-for-accessibility=true, error=}, children=[], clickable=false, enabled=true, focused=false, checked=false, selected=false), TreeNode(attributes={text=ペースト, accessibilityText=, hintText=, ignoreBoundsFiltering=false, resource-id=, clickable=false, bounds=[815,1062][993,1128], enabled=true, focused=false, checked=false, scrollable=false, selected=false, class=android.widget.TextView, important-for-accessibility=true, error=}, children=[], clickable=false, enabled=true, focused=false, checked=false, selected=false)], clickable=true, enabled=true, focused=false, checked=false, selected=false), bounds=Bounds(x=745, y=1032, width=248, height=126))
09:47:36.292 [ INFO] maestro.Maestro.tap-HgV9Ck0: Tap aimed via settled hierarchy
09:47:36.293 [ INFO] maestro.Maestro.hierarchyBasedTap-ogj28Uc: Tapping at (869, 1095) using hierarchy based logic for wait
09:47:37.479 [ INFO] maestro.Maestro.hierarchyBasedTap-ogj28Uc: Something has changed in the UI judging by view hierarchy. Proceed.
09:47:37.480 [ INFO] maestro.cli.runner.CliConsoleListener.onCommandFinished: Tap on id: import-paste COMPLETED
09:47:37.480 [ INFO] maestro.cli.runner.CliConsoleListener.onCommandStart: Tap on (Optional) "Allow Paste|ペーストを許可" RUNNING
09:47:44.596 [ INFO] maestro.orchestra.Orchestra.executeCommands: [Command execution] CommandWarned: Element not found: Text matching regex: Allow Paste|ペーストを許可
09:47:44.778 [ INFO] maestro.Maestro.takeScreenshot: Taking screenshot
09:47:44.779 [TRACE] maestro.utils.ScreenshotUtils.takeScreenshot: Taking screenshot to output sink
09:47:45.040 [ INFO] maestro.cli.runner.CliConsoleListener.onCommandFinished: Tap on (Optional) "Allow Paste|ペーストを許可" WARNED
09:47:45.040 [ INFO] maestro.cli.runner.CliConsoleListener.onCommandStart: Assert that ".*${MOVES}手の棋譜を読み取りました.*" is visible RUNNING
09:47:45.194 [ INFO] maestro.cli.runner.CliConsoleListener.onCommandFinished: Assert that ".*${MOVES}手の棋譜を読み取りました.*" is visible COMPLETED
09:47:45.194 [ INFO] maestro.cli.runner.CliConsoleListener.onCommandStart: Assert that (Optional) "この棋譜は保存済みです.*" is visible RUNNING
09:47:45.504 [ INFO] maestro.orchestra.Orchestra.executeCommands: [Command execution] CommandWarned: Assertion is false: "この棋譜は保存済みです.*" is visible
09:47:45.588 [ INFO] maestro.Maestro.takeScreenshot: Taking screenshot
09:47:45.589 [TRACE] maestro.utils.ScreenshotUtils.takeScreenshot: Taking screenshot to output sink
09:47:45.766 [ INFO] maestro.cli.runner.CliConsoleListener.onCommandFinished: Assert that (Optional) "この棋譜は保存済みです.*" is visible WARNED
09:47:45.766 [ INFO] maestro.cli.runner.CliConsoleListener.onCommandStart: Run flow when "この棋譜は保存済みです.*" is visible RUNNING
09:47:46.026 [ INFO] maestro.orchestra.Orchestra.executeCommands: [Command execution] CommandSkipped: null
09:47:46.027 [ INFO] maestro.cli.runner.CliConsoleListener.onCommandFinished: Run flow when "この棋譜は保存済みです.*" is visible SKIPPED
09:47:46.027 [ INFO] maestro.cli.runner.CliConsoleListener.onCommandStart: Run flow when "この棋譜は保存済みです.*" is not visible RUNNING
09:47:46.668 [ INFO] maestro.cli.runner.CliConsoleListener.onCommandStart: Swipe from (95%, 85%) to (95%, 30%) in 400 ms RUNNING
09:47:48.026 [ INFO] maestro.cli.runner.CliConsoleListener.onCommandFinished: Swipe from (95%, 85%) to (95%, 30%) in 400 ms COMPLETED
09:47:48.027 [ INFO] maestro.cli.runner.CliConsoleListener.onCommandStart: Scrolling DOWN until id: import-save is visible with speed 40, visibility percentage 100%, timeout 20000 ms, with centering disabled RUNNING
09:47:48.110 [ INFO] maestro.orchestra.Orchestra.scrollUntilVisible: Scrolling try count: 0, DeviceWidth: 1080, DeviceWidth: 2400
09:47:48.110 [ INFO] maestro.orchestra.Orchestra.scrollUntilVisible: Element bounds: Bounds(x=53, y=2172, width=975, height=135)
09:47:48.111 [ INFO] maestro.orchestra.Orchestra.scrollUntilVisible: Visibility Percent: 1.0
09:47:48.118 [ INFO] maestro.orchestra.Orchestra.scrollUntilVisible: Command centerElement: ScrollUntilVisibleCommand(selector=ElementSelector(textRegex=null, idRegex=import-save, size=null, below=null, above=null, leftOf=null, rightOf=null, containsChild=null, containsDescendants=null, traits=null, index=null, enabled=null, optional=false, selected=null, checked=null, focused=null, childOf=null, css=null), direction=DOWN, scrollDuration=601, visibilityPercentage=100, timeout=20000, waitToSettleTimeoutMs=null, centerElement=false, originalSpeedValue=40, label=null, optional=false).centerElement
09:47:48.118 [ INFO] maestro.orchestra.Orchestra.scrollUntilVisible: visibilityPercentageNormalized: 1.0
09:47:48.118 [ INFO] maestro.cli.runner.CliConsoleListener.onCommandFinished: Scrolling DOWN until id: import-save is visible with speed 40, visibility percentage 100%, timeout 20000 ms, with centering disabled COMPLETED
09:47:48.118 [ INFO] maestro.cli.runner.CliConsoleListener.onCommandStart: Tap on id: import-save RUNNING
09:47:48.188 [ INFO] maestro.Maestro.tap-HgV9Ck0: Tapping on element:  UiElement(treeNode=TreeNode(attributes={text=, accessibilityText=保存して検討する, hintText=, ignoreBoundsFiltering=false, resource-id=import-save, clickable=true, bounds=[53,2172][1028,2307], enabled=true, focused=false, checked=false, scrollable=false, selected=false, class=android.widget.Button, important-for-accessibility=true, error=}, children=[TreeNode(attributes={text=保存して検討する, accessibilityText=, hintText=, ignoreBoundsFiltering=false, resource-id=, clickable=false, bounds=[361,2206][720,2272], enabled=true, focused=false, checked=false, scrollable=false, selected=false, class=android.widget.TextView, important-for-accessibility=true, error=}, children=[], clickable=false, enabled=true, focused=false, checked=false, selected=false)], clickable=true, enabled=true, focused=false, checked=false, selected=false), bounds=Bounds(x=53, y=2172, width=975, height=135))
09:47:49.396 [ INFO] maestro.Maestro.tap-HgV9Ck0: Tap aimed via settled hierarchy
09:47:49.397 [ INFO] maestro.Maestro.hierarchyBasedTap-ogj28Uc: Tapping at (540, 2239) using hierarchy based logic for wait
09:47:50.228 [ INFO] maestro.Maestro.hierarchyBasedTap-ogj28Uc: Something has changed in the UI judging by view hierarchy. Proceed.
09:47:50.228 [ INFO] maestro.cli.runner.CliConsoleListener.onCommandFinished: Tap on id: import-save COMPLETED
09:47:50.229 [ INFO] maestro.cli.runner.CliConsoleListener.onCommandFinished: Run flow when "この棋譜は保存済みです.*" is not visible COMPLETED
09:47:50.229 [ INFO] maestro.cli.runner.CliConsoleListener.onCommandStart: Assert that id: game-screen is visible RUNNING
09:48:20.492 [ERROR] maestro.orchestra.Orchestra.executeCommands: [Command execution] CommandFailed: Assertion is false: id: game-screen is visible
09:48:20.578 [ INFO] maestro.Maestro.takeScreenshot: Taking screenshot
09:48:20.578 [TRACE] maestro.utils.ScreenshotUtils.takeScreenshot: Taking screenshot to output sink
09:48:20.763 [ INFO] maestro.cli.runner.CliConsoleListener.onCommandFinished: Assert that id: game-screen is visible FAILED
