09:21:46.638 [ INFO] maestro.cli.runner.CliConsoleListener.onCommandStart: Define variables RUNNING
09:21:46.640 [ INFO] maestro.cli.runner.CliConsoleListener.onCommandFinished: Define variables COMPLETED
09:21:46.640 [ INFO] maestro.cli.runner.CliConsoleListener.onCommandStart: Define variables RUNNING
09:21:47.134 [ INFO] maestro.cli.runner.CliConsoleListener.onCommandFinished: Define variables COMPLETED
09:21:47.135 [ INFO] maestro.cli.runner.CliConsoleListener.onCommandStart: Apply configuration RUNNING
09:21:47.135 [ INFO] maestro.cli.runner.CliConsoleListener.onCommandFinished: Apply configuration COMPLETED
09:21:47.135 [ INFO] maestro.cli.runner.CliConsoleListener.onCommandStart: Launch app "com.meeshogi.app" RUNNING
09:21:47.625 [ INFO] maestro.Maestro.launchApp$lambda$5: Launching app com.meeshogi.app
09:21:47.625 [ INFO] maestro.Maestro.launchApp$lambda$5: Stopping com.meeshogi.app app during launch
09:21:47.747 [ INFO] maestro.cli.runner.CliConsoleListener.onCommandFinished: Launch app "com.meeshogi.app" COMPLETED
09:21:47.747 [ INFO] maestro.cli.runner.CliConsoleListener.onCommandStart: Assert that id: library-screen is visible RUNNING
09:21:51.410 [ INFO] maestro.cli.runner.CliConsoleListener.onCommandFinished: Assert that id: library-screen is visible COMPLETED
09:21:51.410 [ INFO] maestro.cli.runner.CliConsoleListener.onCommandStart: Tap on id: import-button RUNNING
09:21:51.497 [ INFO] maestro.Maestro.tap-HgV9Ck0: Tapping on element:  UiElement(treeNode=TreeNode(attributes={text=, accessibilityText=棋譜を追加, hintText=, ignoreBoundsFiltering=false, resource-id=import-button, clickable=true, bounds=[903,280][1029,406], enabled=true, focused=false, checked=false, scrollable=false, selected=false, class=android.widget.Button, important-for-accessibility=true, error=}, children=[TreeNode(attributes={text=, accessibilityText=, hintText=, ignoreBoundsFiltering=false, resource-id=, clickable=false, bounds=[936,313][997,374], enabled=true, focused=false, checked=false, scrollable=false, selected=false, class=android.widget.TextView, important-for-accessibility=true, error=}, children=[], clickable=false, enabled=true, focused=false, checked=false, selected=false)], clickable=true, enabled=true, focused=false, checked=false, selected=false), bounds=Bounds(x=903, y=280, width=126, height=126))
09:21:52.744 [ INFO] maestro.Maestro.tap-HgV9Ck0: Tap aimed via settled hierarchy
09:21:52.748 [ INFO] maestro.Maestro.hierarchyBasedTap-ogj28Uc: Tapping at (966, 343) using hierarchy based logic for wait
09:21:54.043 [ INFO] maestro.Maestro.hierarchyBasedTap-ogj28Uc: Something has changed in the UI judging by view hierarchy. Proceed.
09:21:54.043 [ INFO] maestro.cli.runner.CliConsoleListener.onCommandFinished: Tap on id: import-button COMPLETED
09:21:54.043 [ INFO] maestro.cli.runner.CliConsoleListener.onCommandStart: Assert that id: import-paste is visible RUNNING
09:21:54.166 [ INFO] maestro.cli.runner.CliConsoleListener.onCommandFinished: Assert that id: import-paste is visible COMPLETED
09:21:54.166 [ INFO] maestro.cli.runner.CliConsoleListener.onCommandStart: Tap on id: import-paste RUNNING
09:21:54.286 [ INFO] maestro.Maestro.tap-HgV9Ck0: Tapping on element:  UiElement(treeNode=TreeNode(attributes={text=, accessibilityText=, ペースト, hintText=, ignoreBoundsFiltering=false, resource-id=import-paste, clickable=true, bounds=[745,1032][993,1158], enabled=true, focused=false, checked=false, scrollable=false, selected=false, class=android.widget.Button, important-for-accessibility=true, error=}, children=[TreeNode(attributes={text=, accessibilityText=, hintText=, ignoreBoundsFiltering=false, resource-id=, clickable=false, bounds=[745,1070][796,1121], enabled=true, focused=false, checked=false, scrollable=false, selected=false, class=android.widget.TextView, important-for-accessibility=true, error=}, children=[], clickable=false, enabled=true, focused=false, checked=false, selected=false), TreeNode(attributes={text=ペースト, accessibilityText=, hintText=, ignoreBoundsFiltering=false, resource-id=, clickable=false, bounds=[815,1062][993,1128], enabled=true, focused=false, checked=false, scrollable=false, selected=false, class=android.widget.TextView, important-for-accessibility=true, error=}, children=[], clickable=false, enabled=true, focused=false, checked=false, selected=false)], clickable=true, enabled=true, focused=false, checked=false, selected=false), bounds=Bounds(x=745, y=1032, width=248, height=126))
09:21:55.592 [ INFO] maestro.Maestro.tap-HgV9Ck0: Tap aimed via settled hierarchy
09:21:55.593 [ INFO] maestro.Maestro.hierarchyBasedTap-ogj28Uc: Tapping at (869, 1095) using hierarchy based logic for wait
09:21:56.748 [ INFO] maestro.Maestro.hierarchyBasedTap-ogj28Uc: Something has changed in the UI judging by view hierarchy. Proceed.
09:21:56.748 [ INFO] maestro.cli.runner.CliConsoleListener.onCommandFinished: Tap on id: import-paste COMPLETED
09:21:56.748 [ INFO] maestro.cli.runner.CliConsoleListener.onCommandStart: Tap on (Optional) "Allow Paste|ペーストを許可" RUNNING
09:22:03.886 [ INFO] maestro.orchestra.Orchestra.executeCommands: [Command execution] CommandWarned: Element not found: Text matching regex: Allow Paste|ペーストを許可
09:22:04.075 [ INFO] maestro.Maestro.takeScreenshot: Taking screenshot
09:22:04.076 [TRACE] maestro.utils.ScreenshotUtils.takeScreenshot: Taking screenshot to output sink
09:22:04.333 [ INFO] maestro.cli.runner.CliConsoleListener.onCommandFinished: Tap on (Optional) "Allow Paste|ペーストを許可" WARNED
09:22:04.333 [ INFO] maestro.cli.runner.CliConsoleListener.onCommandStart: Assert that ".*${MOVES}手の棋譜を読み取りました.*" is visible RUNNING
09:22:04.464 [ INFO] maestro.cli.runner.CliConsoleListener.onCommandFinished: Assert that ".*${MOVES}手の棋譜を読み取りました.*" is visible COMPLETED
09:22:04.466 [ INFO] maestro.cli.runner.CliConsoleListener.onCommandStart: Swipe from (95%, 85%) to (95%, 30%) in 400 ms RUNNING
09:22:06.003 [ INFO] maestro.cli.runner.CliConsoleListener.onCommandFinished: Swipe from (95%, 85%) to (95%, 30%) in 400 ms COMPLETED
09:22:06.004 [ INFO] maestro.cli.runner.CliConsoleListener.onCommandStart: Scrolling DOWN until id: import-save is visible with speed 40, visibility percentage 100%, timeout 20000 ms, with centering disabled RUNNING
09:22:06.146 [ INFO] maestro.orchestra.Orchestra.scrollUntilVisible: Scrolling try count: 0, DeviceWidth: 1080, DeviceWidth: 2400
09:22:06.146 [ INFO] maestro.orchestra.Orchestra.scrollUntilVisible: Element bounds: Bounds(x=53, y=2172, width=975, height=135)
09:22:06.147 [ INFO] maestro.orchestra.Orchestra.scrollUntilVisible: Visibility Percent: 1.0
09:22:06.153 [ INFO] maestro.orchestra.Orchestra.scrollUntilVisible: Command centerElement: ScrollUntilVisibleCommand(selector=ElementSelector(textRegex=null, idRegex=import-save, size=null, below=null, above=null, leftOf=null, rightOf=null, containsChild=null, containsDescendants=null, traits=null, index=null, enabled=null, optional=false, selected=null, checked=null, focused=null, childOf=null, css=null), direction=DOWN, scrollDuration=601, visibilityPercentage=100, timeout=20000, waitToSettleTimeoutMs=null, centerElement=false, originalSpeedValue=40, label=null, optional=false).centerElement
09:22:06.154 [ INFO] maestro.orchestra.Orchestra.scrollUntilVisible: visibilityPercentageNormalized: 1.0
09:22:06.154 [ INFO] maestro.cli.runner.CliConsoleListener.onCommandFinished: Scrolling DOWN until id: import-save is visible with speed 40, visibility percentage 100%, timeout 20000 ms, with centering disabled COMPLETED
09:22:06.154 [ INFO] maestro.cli.runner.CliConsoleListener.onCommandStart: Tap on id: import-save RUNNING
09:22:06.268 [ INFO] maestro.Maestro.tap-HgV9Ck0: Tapping on element:  UiElement(treeNode=TreeNode(attributes={text=, accessibilityText=保存して検討する, hintText=, ignoreBoundsFiltering=false, resource-id=import-save, clickable=true, bounds=[53,2172][1028,2307], enabled=true, focused=false, checked=false, scrollable=false, selected=false, class=android.widget.Button, important-for-accessibility=true, error=}, children=[TreeNode(attributes={text=保存して検討する, accessibilityText=, hintText=, ignoreBoundsFiltering=false, resource-id=, clickable=false, bounds=[361,2206][720,2272], enabled=true, focused=false, checked=false, scrollable=false, selected=false, class=android.widget.TextView, important-for-accessibility=true, error=}, children=[], clickable=false, enabled=true, focused=false, checked=false, selected=false)], clickable=true, enabled=true, focused=false, checked=false, selected=false), bounds=Bounds(x=53, y=2172, width=975, height=135))
09:22:07.472 [ INFO] maestro.Maestro.tap-HgV9Ck0: Tap aimed via settled hierarchy
09:22:07.473 [ INFO] maestro.Maestro.hierarchyBasedTap-ogj28Uc: Tapping at (540, 2239) using hierarchy based logic for wait
09:22:19.437 [ INFO] maestro.Maestro.hierarchyBasedTap-ogj28Uc: Something has changed in the UI judging by view hierarchy. Proceed.
09:22:19.438 [ INFO] maestro.cli.runner.CliConsoleListener.onCommandFinished: Tap on id: import-save COMPLETED
09:22:19.439 [ INFO] maestro.cli.runner.CliConsoleListener.onCommandStart: Assert that id: game-screen is visible RUNNING
09:22:19.623 [ INFO] maestro.cli.runner.CliConsoleListener.onCommandFinished: Assert that id: game-screen is visible COMPLETED
09:22:19.624 [ INFO] maestro.cli.runner.CliConsoleListener.onCommandStart: Scrolling DOWN until id: analysis-status is visible with speed 40, visibility percentage 100%, timeout 20000 ms, with centering disabled RUNNING
09:22:20.451 [ WARN] maestro.orchestra.Orchestra.scrollUntilVisible: Error: maestro.MaestroException$ElementNotFound: Element not found: Id matching regex: analysis-status
09:22:20.492 [ INFO] maestro.Maestro.swipeFromCenter: Swiping UP from center
09:22:22.373 [ INFO] maestro.orchestra.Orchestra.scrollUntilVisible: Scrolling try count: 0, DeviceWidth: 1080, DeviceWidth: 2400
09:22:22.373 [ INFO] maestro.orchestra.Orchestra.scrollUntilVisible: Element bounds: Bounds(x=84, y=1938, width=965, height=53)
09:22:22.373 [ INFO] maestro.orchestra.Orchestra.scrollUntilVisible: Visibility Percent: 1.0
09:22:22.373 [ INFO] maestro.orchestra.Orchestra.scrollUntilVisible: Command centerElement: ScrollUntilVisibleCommand(selector=ElementSelector(textRegex=null, idRegex=analysis-status, size=null, below=null, above=null, leftOf=null, rightOf=null, containsChild=null, containsDescendants=null, traits=null, index=null, enabled=null, optional=false, selected=null, checked=null, focused=null, childOf=null, css=null), direction=DOWN, scrollDuration=601, visibilityPercentage=100, timeout=20000, waitToSettleTimeoutMs=null, centerElement=false, originalSpeedValue=40, label=null, optional=false).centerElement
09:22:22.373 [ INFO] maestro.orchestra.Orchestra.scrollUntilVisible: visibilityPercentageNormalized: 1.0
09:22:22.374 [ INFO] maestro.cli.runner.CliConsoleListener.onCommandFinished: Scrolling DOWN until id: analysis-status is visible with speed 40, visibility percentage 100%, timeout 20000 ms, with centering disabled COMPLETED
09:22:22.374 [ INFO] maestro.cli.runner.CliConsoleListener.onCommandStart: Assert that "全局解析が完了しました|解析処理が終了しました" is visible RUNNING
09:22:22.914 [ INFO] maestro.cli.runner.CliConsoleListener.onCommandFinished: Assert that "全局解析が完了しました|解析処理が終了しました" is visible COMPLETED
09:22:22.914 [ INFO] maestro.cli.runner.CliConsoleListener.onCommandStart: Assert that "解析に失敗しました。もう一度解析できます。" is not visible RUNNING
09:22:23.606 [ INFO] maestro.cli.runner.CliConsoleListener.onCommandFinished: Assert that "解析に失敗しました。もう一度解析できます。" is not visible COMPLETED
09:22:23.607 [ INFO] maestro.cli.runner.CliConsoleListener.onCommandStart: Run flow when "解析処理が終了しました" is visible RUNNING
09:22:29.631 [ INFO] maestro.orchestra.Orchestra.executeCommands: [Command execution] CommandSkipped: null
09:22:29.631 [ INFO] maestro.cli.runner.CliConsoleListener.onCommandFinished: Run flow when "解析処理が終了しました" is visible SKIPPED
09:22:29.631 [ INFO] maestro.cli.runner.CliConsoleListener.onCommandStart: Scrolling UP until id: evaluation-chart is visible with speed 40, visibility percentage 100%, timeout 20000 ms, with centering disabled RUNNING
09:22:29.768 [ INFO] maestro.orchestra.Orchestra.scrollUntilVisible: Scrolling try count: 0, DeviceWidth: 1080, DeviceWidth: 2400
09:22:29.768 [ INFO] maestro.orchestra.Orchestra.scrollUntilVisible: Element bounds: Bounds(x=32, y=1193, width=1017, height=255)
09:22:29.768 [ INFO] maestro.orchestra.Orchestra.scrollUntilVisible: Visibility Percent: 1.0
09:22:29.769 [ INFO] maestro.orchestra.Orchestra.scrollUntilVisible: Command centerElement: ScrollUntilVisibleCommand(selector=ElementSelector(textRegex=null, idRegex=evaluation-chart, size=null, below=null, above=null, leftOf=null, rightOf=null, containsChild=null, containsDescendants=null, traits=null, index=null, enabled=null, optional=false, selected=null, checked=null, focused=null, childOf=null, css=null), direction=UP, scrollDuration=601, visibilityPercentage=100, timeout=20000, waitToSettleTimeoutMs=null, centerElement=false, originalSpeedValue=40, label=null, optional=false).centerElement
09:22:29.769 [ INFO] maestro.orchestra.Orchestra.scrollUntilVisible: visibilityPercentageNormalized: 1.0
09:22:29.769 [ INFO] maestro.cli.runner.CliConsoleListener.onCommandFinished: Scrolling UP until id: evaluation-chart is visible with speed 40, visibility percentage 100%, timeout 20000 ms, with centering disabled COMPLETED
09:22:29.769 [ INFO] maestro.cli.runner.CliConsoleListener.onCommandStart: Assert that id: evaluation-chart is visible RUNNING
09:22:29.898 [ INFO] maestro.cli.runner.CliConsoleListener.onCommandFinished: Assert that id: evaluation-chart is visible COMPLETED
09:22:29.898 [ INFO] maestro.cli.runner.CliConsoleListener.onCommandStart: Tap on id: move-last RUNNING
09:22:30.028 [ INFO] maestro.Maestro.tap-HgV9Ck0: Tapping on element:  UiElement(treeNode=TreeNode(attributes={text=, accessibilityText=最終局面へ, hintText=, ignoreBoundsFiltering=false, resource-id=move-last, clickable=true, bounds=[845,2214][960,2329], enabled=true, focused=false, checked=false, scrollable=false, selected=false, class=android.widget.Button, important-for-accessibility=true, error=}, children=[TreeNode(attributes={text=, accessibilityText=, hintText=, ignoreBoundsFiltering=false, resource-id=, clickable=false, bounds=[876,2246][929,2299], enabled=true, focused=false, checked=false, scrollable=false, selected=false, class=android.widget.TextView, important-for-accessibility=true, error=}, children=[], clickable=false, enabled=true, focused=false, checked=false, selected=false)], clickable=true, enabled=true, focused=false, checked=false, selected=false), bounds=Bounds(x=845, y=2214, width=115, height=115))
09:22:31.275 [ INFO] maestro.Maestro.tap-HgV9Ck0: Tap aimed via settled hierarchy
09:22:31.277 [ INFO] maestro.Maestro.hierarchyBasedTap-ogj28Uc: Tapping at (902, 2271) using hierarchy based logic for wait
09:22:32.835 [ INFO] maestro.Maestro.hierarchyBasedTap-ogj28Uc: Something has changed in the UI judging by view hierarchy. Proceed.
09:22:32.836 [ INFO] maestro.cli.runner.CliConsoleListener.onCommandFinished: Tap on id: move-last COMPLETED
09:22:32.836 [ INFO] maestro.cli.runner.CliConsoleListener.onCommandStart: Assert that "${MOVES} / ${MOVES}手" is visible RUNNING
09:22:32.963 [ INFO] maestro.cli.runner.CliConsoleListener.onCommandFinished: Assert that "${MOVES} / ${MOVES}手" is visible COMPLETED
09:22:32.964 [ INFO] maestro.cli.runner.CliConsoleListener.onCommandStart: Scrolling UP until "${TERMINAL_LABEL}" is visible with speed 40, visibility percentage 100%, timeout 20000 ms, with centering disabled RUNNING
09:22:33.096 [ INFO] maestro.orchestra.Orchestra.scrollUntilVisible: Scrolling try count: 0, DeviceWidth: 1080, DeviceWidth: 2400
09:22:33.096 [ INFO] maestro.orchestra.Orchestra.scrollUntilVisible: Element bounds: Bounds(x=32, y=1241, width=405, height=63)
09:22:33.096 [ INFO] maestro.orchestra.Orchestra.scrollUntilVisible: Visibility Percent: 1.0
09:22:33.097 [ INFO] maestro.orchestra.Orchestra.scrollUntilVisible: Command centerElement: ScrollUntilVisibleCommand(selector=ElementSelector(textRegex=後手勝ち・詰み終局, idRegex=null, size=null, below=null, above=null, leftOf=null, rightOf=null, containsChild=null, containsDescendants=null, traits=null, index=null, enabled=null, optional=false, selected=null, checked=null, focused=null, childOf=null, css=null), direction=UP, scrollDuration=601, visibilityPercentage=100, timeout=20000, waitToSettleTimeoutMs=null, centerElement=false, originalSpeedValue=40, label=null, optional=false).centerElement
09:22:33.097 [ INFO] maestro.orchestra.Orchestra.scrollUntilVisible: visibilityPercentageNormalized: 1.0
09:22:33.097 [ INFO] maestro.cli.runner.CliConsoleListener.onCommandFinished: Scrolling UP until "${TERMINAL_LABEL}" is visible with speed 40, visibility percentage 100%, timeout 20000 ms, with centering disabled COMPLETED
09:22:33.097 [ INFO] maestro.cli.runner.CliConsoleListener.onCommandStart: Assert that "${TERMINAL_LABEL}" is visible RUNNING
09:22:33.230 [ INFO] maestro.cli.runner.CliConsoleListener.onCommandFinished: Assert that "${TERMINAL_LABEL}" is visible COMPLETED
09:22:33.230 [ INFO] maestro.cli.runner.CliConsoleListener.onCommandStart: Assert that id: candidate-0 is not visible RUNNING
09:22:34.004 [ INFO] maestro.cli.runner.CliConsoleListener.onCommandFinished: Assert that id: candidate-0 is not visible COMPLETED
09:22:34.004 [ INFO] maestro.cli.runner.CliConsoleListener.onCommandStart: Take screenshot ${SHOT_PREFIX}-terminal RUNNING
09:22:34.008 [ INFO] maestro.Maestro.takeScreenshot: Taking screenshot
09:22:34.009 [TRACE] maestro.utils.ScreenshotUtils.takeScreenshot: Taking screenshot to output sink
09:22:34.207 [ INFO] maestro.cli.runner.CliConsoleListener.onCommandFinished: Take screenshot ${SHOT_PREFIX}-terminal COMPLETED
09:22:34.207 [ INFO] maestro.cli.runner.CliConsoleListener.onCommandStart: Tap on id: move-prev RUNNING
09:22:34.390 [ INFO] maestro.Maestro.tap-HgV9Ck0: Tapping on element:  UiElement(treeNode=TreeNode(attributes={text=, accessibilityText=一手戻る, hintText=, ignoreBoundsFiltering=false, resource-id=move-prev, clickable=true, bounds=[301,2214][417,2329], enabled=true, focused=false, checked=false, scrollable=false, selected=false, class=android.widget.Button, important-for-accessibility=true, error=}, children=[TreeNode(attributes={text=, accessibilityText=, hintText=, ignoreBoundsFiltering=false, resource-id=, clickable=false, bounds=[332,2246][386,2299], enabled=true, focused=false, checked=false, scrollable=false, selected=false, class=android.widget.TextView, important-for-accessibility=true, error=}, children=[], clickable=false, enabled=true, focused=false, checked=false, selected=false)], clickable=true, enabled=true, focused=false, checked=false, selected=false), bounds=Bounds(x=301, y=2214, width=116, height=115))
09:22:35.671 [ INFO] maestro.Maestro.tap-HgV9Ck0: Tap aimed via settled hierarchy
09:22:35.672 [ INFO] maestro.Maestro.hierarchyBasedTap-ogj28Uc: Tapping at (359, 2271) using hierarchy based logic for wait
09:22:37.122 [ INFO] maestro.Maestro.hierarchyBasedTap-ogj28Uc: Something has changed in the UI judging by view hierarchy. Proceed.
09:22:37.123 [ INFO] maestro.cli.runner.CliConsoleListener.onCommandFinished: Tap on id: move-prev COMPLETED
09:22:37.123 [ INFO] maestro.cli.runner.CliConsoleListener.onCommandStart: Assert that "${MOVES_PREV} / ${MOVES}手" is visible RUNNING
09:22:37.295 [ INFO] maestro.cli.runner.CliConsoleListener.onCommandFinished: Assert that "${MOVES_PREV} / ${MOVES}手" is visible COMPLETED
09:22:37.295 [ INFO] maestro.cli.runner.CliConsoleListener.onCommandStart: Scrolling UP until "${MATE_BADGE}" is visible with speed 40, visibility percentage 100%, timeout 20000 ms, with centering disabled RUNNING
09:22:37.478 [ INFO] maestro.orchestra.Orchestra.scrollUntilVisible: Scrolling try count: 0, DeviceWidth: 1080, DeviceWidth: 2400
09:22:37.478 [ INFO] maestro.orchestra.Orchestra.scrollUntilVisible: Element bounds: Bounds(x=778, y=1272, width=250, height=53)
09:22:37.478 [ INFO] maestro.orchestra.Orchestra.scrollUntilVisible: Visibility Percent: 1.0
09:22:37.478 [ INFO] maestro.orchestra.Orchestra.scrollUntilVisible: Command centerElement: ScrollUntilVisibleCommand(selector=ElementSelector(textRegex=後手・1手詰め ›, idRegex=null, size=null, below=null, above=null, leftOf=null, rightOf=null, containsChild=null, containsDescendants=null, traits=null, index=null, enabled=null, optional=false, selected=null, checked=null, focused=null, childOf=null, css=null), direction=UP, scrollDuration=601, visibilityPercentage=100, timeout=20000, waitToSettleTimeoutMs=null, centerElement=false, originalSpeedValue=40, label=null, optional=false).centerElement
09:22:37.478 [ INFO] maestro.orchestra.Orchestra.scrollUntilVisible: visibilityPercentageNormalized: 1.0
09:22:37.478 [ INFO] maestro.cli.runner.CliConsoleListener.onCommandFinished: Scrolling UP until "${MATE_BADGE}" is visible with speed 40, visibility percentage 100%, timeout 20000 ms, with centering disabled COMPLETED
09:22:37.478 [ INFO] maestro.cli.runner.CliConsoleListener.onCommandStart: Assert that "${MATE_REGEX}" is visible RUNNING
09:22:37.641 [ INFO] maestro.cli.runner.CliConsoleListener.onCommandFinished: Assert that "${MATE_REGEX}" is visible COMPLETED
09:22:37.641 [ INFO] maestro.cli.runner.CliConsoleListener.onCommandStart: Assert that "${MATE_BADGE}" is visible RUNNING
09:22:37.793 [ INFO] maestro.cli.runner.CliConsoleListener.onCommandFinished: Assert that "${MATE_BADGE}" is visible COMPLETED
09:22:37.793 [ INFO] maestro.cli.runner.CliConsoleListener.onCommandStart: Take screenshot ${SHOT_PREFIX}-mate-badge RUNNING
09:22:37.796 [ INFO] maestro.Maestro.takeScreenshot: Taking screenshot
09:22:37.796 [TRACE] maestro.utils.ScreenshotUtils.takeScreenshot: Taking screenshot to output sink
09:22:37.924 [ INFO] maestro.cli.runner.CliConsoleListener.onCommandFinished: Take screenshot ${SHOT_PREFIX}-mate-badge COMPLETED
09:22:37.924 [ INFO] maestro.cli.runner.CliConsoleListener.onCommandStart: Press Back key RUNNING
09:22:37.925 [ INFO] maestro.Maestro.pressKey: Pressing key BACK
09:22:38.769 [ INFO] maestro.cli.runner.CliConsoleListener.onCommandFinished: Press Back key COMPLETED
