09:51:33.873 [ INFO] maestro.cli.runner.CliConsoleListener.onCommandStart: Define variables RUNNING
09:51:33.877 [ INFO] maestro.cli.runner.CliConsoleListener.onCommandFinished: Define variables COMPLETED
09:51:33.878 [ INFO] maestro.cli.runner.CliConsoleListener.onCommandStart: Define variables RUNNING
09:51:34.643 [ INFO] maestro.cli.runner.CliConsoleListener.onCommandFinished: Define variables COMPLETED
09:51:34.644 [ INFO] maestro.cli.runner.CliConsoleListener.onCommandStart: Apply configuration RUNNING
09:51:34.644 [ INFO] maestro.cli.runner.CliConsoleListener.onCommandFinished: Apply configuration COMPLETED
09:51:34.645 [ INFO] maestro.cli.runner.CliConsoleListener.onCommandStart: Launch app "com.meeshogi.app" RUNNING
09:51:35.234 [ INFO] maestro.Maestro.launchApp$lambda$5: Launching app com.meeshogi.app
09:51:35.234 [ INFO] maestro.Maestro.launchApp$lambda$5: Stopping com.meeshogi.app app during launch
09:51:35.347 [ INFO] maestro.cli.runner.CliConsoleListener.onCommandFinished: Launch app "com.meeshogi.app" COMPLETED
09:51:35.352 [ INFO] maestro.cli.runner.CliConsoleListener.onCommandStart: Assert that id: library-screen is visible RUNNING
09:51:38.005 [ INFO] maestro.cli.runner.CliConsoleListener.onCommandFinished: Assert that id: library-screen is visible COMPLETED
09:51:38.005 [ INFO] maestro.cli.runner.CliConsoleListener.onCommandStart: Tap on id: import-button RUNNING
09:51:38.473 [ INFO] maestro.Maestro.tap-HgV9Ck0: Tapping on element:  UiElement(treeNode=TreeNode(attributes={text=, accessibilityText=棋譜を追加, hintText=, ignoreBoundsFiltering=false, resource-id=import-button, clickable=true, bounds=[903,280][1029,406], enabled=true, focused=false, checked=false, scrollable=false, selected=false, class=android.widget.Button, important-for-accessibility=true, error=}, children=[TreeNode(attributes={text=, accessibilityText=, hintText=, ignoreBoundsFiltering=false, resource-id=, clickable=false, bounds=[936,313][997,374], enabled=true, focused=false, checked=false, scrollable=false, selected=false, class=android.widget.TextView, important-for-accessibility=true, error=}, children=[], clickable=false, enabled=true, focused=false, checked=false, selected=false)], clickable=true, enabled=true, focused=false, checked=false, selected=false), bounds=Bounds(x=903, y=280, width=126, height=126))
09:51:39.728 [ INFO] maestro.Maestro.tap-HgV9Ck0: Tap aimed via settled hierarchy
09:51:39.732 [ INFO] maestro.Maestro.hierarchyBasedTap-ogj28Uc: Tapping at (966, 343) using hierarchy based logic for wait
09:51:41.040 [ INFO] maestro.Maestro.hierarchyBasedTap-ogj28Uc: Something has changed in the UI judging by view hierarchy. Proceed.
09:51:41.040 [ INFO] maestro.cli.runner.CliConsoleListener.onCommandFinished: Tap on id: import-button COMPLETED
09:51:41.041 [ INFO] maestro.cli.runner.CliConsoleListener.onCommandStart: Assert that id: import-paste is visible RUNNING
09:51:41.152 [ INFO] maestro.cli.runner.CliConsoleListener.onCommandFinished: Assert that id: import-paste is visible COMPLETED
09:51:41.153 [ INFO] maestro.cli.runner.CliConsoleListener.onCommandStart: Tap on id: import-paste RUNNING
09:51:41.274 [ INFO] maestro.Maestro.tap-HgV9Ck0: Tapping on element:  UiElement(treeNode=TreeNode(attributes={text=, accessibilityText=, ペースト, hintText=, ignoreBoundsFiltering=false, resource-id=import-paste, clickable=true, bounds=[745,1032][993,1158], enabled=true, focused=false, checked=false, scrollable=false, selected=false, class=android.widget.Button, important-for-accessibility=true, error=}, children=[TreeNode(attributes={text=, accessibilityText=, hintText=, ignoreBoundsFiltering=false, resource-id=, clickable=false, bounds=[745,1070][796,1121], enabled=true, focused=false, checked=false, scrollable=false, selected=false, class=android.widget.TextView, important-for-accessibility=true, error=}, children=[], clickable=false, enabled=true, focused=false, checked=false, selected=false), TreeNode(attributes={text=ペースト, accessibilityText=, hintText=, ignoreBoundsFiltering=false, resource-id=, clickable=false, bounds=[815,1062][993,1128], enabled=true, focused=false, checked=false, scrollable=false, selected=false, class=android.widget.TextView, important-for-accessibility=true, error=}, children=[], clickable=false, enabled=true, focused=false, checked=false, selected=false)], clickable=true, enabled=true, focused=false, checked=false, selected=false), bounds=Bounds(x=745, y=1032, width=248, height=126))
09:51:42.586 [ INFO] maestro.Maestro.tap-HgV9Ck0: Tap aimed via settled hierarchy
09:51:42.587 [ INFO] maestro.Maestro.hierarchyBasedTap-ogj28Uc: Tapping at (869, 1095) using hierarchy based logic for wait
09:51:43.787 [ INFO] maestro.Maestro.hierarchyBasedTap-ogj28Uc: Something has changed in the UI judging by view hierarchy. Proceed.
09:51:43.787 [ INFO] maestro.cli.runner.CliConsoleListener.onCommandFinished: Tap on id: import-paste COMPLETED
09:51:43.787 [ INFO] maestro.cli.runner.CliConsoleListener.onCommandStart: Tap on (Optional) "Allow Paste|ペーストを許可" RUNNING
09:51:50.962 [ INFO] maestro.orchestra.Orchestra.executeCommands: [Command execution] CommandWarned: Element not found: Text matching regex: Allow Paste|ペーストを許可
09:51:51.173 [ INFO] maestro.Maestro.takeScreenshot: Taking screenshot
09:51:51.174 [TRACE] maestro.utils.ScreenshotUtils.takeScreenshot: Taking screenshot to output sink
09:51:51.496 [ INFO] maestro.cli.runner.CliConsoleListener.onCommandFinished: Tap on (Optional) "Allow Paste|ペーストを許可" WARNED
09:51:51.496 [ INFO] maestro.cli.runner.CliConsoleListener.onCommandStart: Assert that ".*${MOVES}手の棋譜を読み取りました.*" is visible RUNNING
09:51:51.674 [ INFO] maestro.cli.runner.CliConsoleListener.onCommandFinished: Assert that ".*${MOVES}手の棋譜を読み取りました.*" is visible COMPLETED
09:51:51.681 [ INFO] maestro.cli.runner.CliConsoleListener.onCommandStart: Swipe from (50%, 60%) to (50%, 61%) in 6000 ms RUNNING
09:51:58.575 [ INFO] maestro.cli.runner.CliConsoleListener.onCommandFinished: Swipe from (50%, 60%) to (50%, 61%) in 6000 ms COMPLETED
09:51:58.575 [ INFO] maestro.cli.runner.CliConsoleListener.onCommandStart: Assert that (Optional) "この棋譜は保存済みです.*" is visible RUNNING
09:52:06.819 [ INFO] maestro.orchestra.Orchestra.executeCommands: [Command execution] CommandWarned: Assertion is false: "この棋譜は保存済みです.*" is visible
09:52:06.923 [ INFO] maestro.Maestro.takeScreenshot: Taking screenshot
09:52:06.923 [TRACE] maestro.utils.ScreenshotUtils.takeScreenshot: Taking screenshot to output sink
09:52:07.133 [ INFO] maestro.cli.runner.CliConsoleListener.onCommandFinished: Assert that (Optional) "この棋譜は保存済みです.*" is visible WARNED
09:52:07.134 [ INFO] maestro.cli.runner.CliConsoleListener.onCommandStart: Run flow when "この棋譜は保存済みです.*" is visible RUNNING
09:52:07.410 [ INFO] maestro.orchestra.Orchestra.executeCommands: [Command execution] CommandSkipped: null
09:52:07.411 [ INFO] maestro.cli.runner.CliConsoleListener.onCommandFinished: Run flow when "この棋譜は保存済みです.*" is visible SKIPPED
09:52:07.411 [ INFO] maestro.cli.runner.CliConsoleListener.onCommandStart: Run flow when "この棋譜は保存済みです.*" is not visible RUNNING
09:52:08.073 [ INFO] maestro.cli.runner.CliConsoleListener.onCommandStart: Swipe from (95%, 85%) to (95%, 30%) in 400 ms RUNNING
09:52:09.579 [ INFO] maestro.cli.runner.CliConsoleListener.onCommandFinished: Swipe from (95%, 85%) to (95%, 30%) in 400 ms COMPLETED
09:52:09.580 [ INFO] maestro.cli.runner.CliConsoleListener.onCommandStart: Scrolling DOWN until id: import-save is visible with speed 40, visibility percentage 100%, timeout 20000 ms, with centering disabled RUNNING
09:52:09.704 [ INFO] maestro.orchestra.Orchestra.scrollUntilVisible: Scrolling try count: 0, DeviceWidth: 1080, DeviceWidth: 2400
09:52:09.705 [ INFO] maestro.orchestra.Orchestra.scrollUntilVisible: Element bounds: Bounds(x=53, y=2172, width=975, height=135)
09:52:09.705 [ INFO] maestro.orchestra.Orchestra.scrollUntilVisible: Visibility Percent: 1.0
09:52:09.712 [ INFO] maestro.orchestra.Orchestra.scrollUntilVisible: Command centerElement: ScrollUntilVisibleCommand(selector=ElementSelector(textRegex=null, idRegex=import-save, size=null, below=null, above=null, leftOf=null, rightOf=null, containsChild=null, containsDescendants=null, traits=null, index=null, enabled=null, optional=false, selected=null, checked=null, focused=null, childOf=null, css=null), direction=DOWN, scrollDuration=601, visibilityPercentage=100, timeout=20000, waitToSettleTimeoutMs=null, centerElement=false, originalSpeedValue=40, label=null, optional=false).centerElement
09:52:09.712 [ INFO] maestro.orchestra.Orchestra.scrollUntilVisible: visibilityPercentageNormalized: 1.0
09:52:09.712 [ INFO] maestro.cli.runner.CliConsoleListener.onCommandFinished: Scrolling DOWN until id: import-save is visible with speed 40, visibility percentage 100%, timeout 20000 ms, with centering disabled COMPLETED
09:52:09.712 [ INFO] maestro.cli.runner.CliConsoleListener.onCommandStart: Tap on id: import-save RUNNING
09:52:09.798 [ INFO] maestro.Maestro.tap-HgV9Ck0: Tapping on element:  UiElement(treeNode=TreeNode(attributes={text=, accessibilityText=保存して検討する, hintText=, ignoreBoundsFiltering=false, resource-id=import-save, clickable=true, bounds=[53,2172][1028,2307], enabled=true, focused=false, checked=false, scrollable=false, selected=false, class=android.widget.Button, important-for-accessibility=true, error=}, children=[TreeNode(attributes={text=保存して検討する, accessibilityText=, hintText=, ignoreBoundsFiltering=false, resource-id=, clickable=false, bounds=[361,2206][720,2272], enabled=true, focused=false, checked=false, scrollable=false, selected=false, class=android.widget.TextView, important-for-accessibility=true, error=}, children=[], clickable=false, enabled=true, focused=false, checked=false, selected=false)], clickable=true, enabled=true, focused=false, checked=false, selected=false), bounds=Bounds(x=53, y=2172, width=975, height=135))
09:52:11.007 [ INFO] maestro.Maestro.tap-HgV9Ck0: Tap aimed via settled hierarchy
09:52:11.009 [ INFO] maestro.Maestro.hierarchyBasedTap-ogj28Uc: Tapping at (540, 2239) using hierarchy based logic for wait
09:52:11.872 [ INFO] maestro.Maestro.hierarchyBasedTap-ogj28Uc: Something has changed in the UI judging by view hierarchy. Proceed.
09:52:11.872 [ INFO] maestro.cli.runner.CliConsoleListener.onCommandFinished: Tap on id: import-save COMPLETED
09:52:11.872 [ INFO] maestro.cli.runner.CliConsoleListener.onCommandFinished: Run flow when "この棋譜は保存済みです.*" is not visible COMPLETED
09:52:11.872 [ INFO] maestro.cli.runner.CliConsoleListener.onCommandStart: Assert that id: game-screen is visible RUNNING
09:52:42.143 [ERROR] maestro.orchestra.Orchestra.executeCommands: [Command execution] CommandFailed: Assertion is false: id: game-screen is visible
09:52:42.250 [ INFO] maestro.Maestro.takeScreenshot: Taking screenshot
09:52:42.250 [TRACE] maestro.utils.ScreenshotUtils.takeScreenshot: Taking screenshot to output sink
09:52:42.448 [ INFO] maestro.cli.runner.CliConsoleListener.onCommandFinished: Assert that id: game-screen is visible FAILED
