09:20:44.333 [ INFO] maestro.cli.runner.CliConsoleListener.onCommandStart: Define variables RUNNING
09:20:44.336 [ INFO] maestro.cli.runner.CliConsoleListener.onCommandFinished: Define variables COMPLETED
09:20:44.336 [ INFO] maestro.cli.runner.CliConsoleListener.onCommandStart: Define variables RUNNING
09:20:44.797 [ INFO] maestro.cli.runner.CliConsoleListener.onCommandFinished: Define variables COMPLETED
09:20:44.798 [ INFO] maestro.cli.runner.CliConsoleListener.onCommandStart: Apply configuration RUNNING
09:20:44.798 [ INFO] maestro.cli.runner.CliConsoleListener.onCommandFinished: Apply configuration COMPLETED
09:20:44.799 [ INFO] maestro.cli.runner.CliConsoleListener.onCommandStart: Launch app "com.meeshogi.app" RUNNING
09:20:45.292 [ INFO] maestro.Maestro.launchApp$lambda$5: Launching app com.meeshogi.app
09:20:45.292 [ INFO] maestro.Maestro.launchApp$lambda$5: Stopping com.meeshogi.app app during launch
09:20:45.492 [ INFO] maestro.cli.runner.CliConsoleListener.onCommandFinished: Launch app "com.meeshogi.app" COMPLETED
09:20:45.493 [ INFO] maestro.cli.runner.CliConsoleListener.onCommandStart: Assert that id: library-screen is visible RUNNING
09:20:48.809 [ INFO] maestro.cli.runner.CliConsoleListener.onCommandFinished: Assert that id: library-screen is visible COMPLETED
09:20:48.809 [ INFO] maestro.cli.runner.CliConsoleListener.onCommandStart: Tap on id: import-button RUNNING
09:20:48.918 [ INFO] maestro.Maestro.tap-HgV9Ck0: Tapping on element:  UiElement(treeNode=TreeNode(attributes={text=, accessibilityText=棋譜を追加, hintText=, ignoreBoundsFiltering=false, resource-id=import-button, clickable=true, bounds=[903,280][1029,406], enabled=true, focused=false, checked=false, scrollable=false, selected=false, class=android.widget.Button, important-for-accessibility=true, error=}, children=[TreeNode(attributes={text=, accessibilityText=, hintText=, ignoreBoundsFiltering=false, resource-id=, clickable=false, bounds=[936,313][997,374], enabled=true, focused=false, checked=false, scrollable=false, selected=false, class=android.widget.TextView, important-for-accessibility=true, error=}, children=[], clickable=false, enabled=true, focused=false, checked=false, selected=false)], clickable=true, enabled=true, focused=false, checked=false, selected=false), bounds=Bounds(x=903, y=280, width=126, height=126))
09:20:50.245 [ INFO] maestro.Maestro.tap-HgV9Ck0: Tap aimed via settled hierarchy
09:20:50.248 [ INFO] maestro.Maestro.hierarchyBasedTap-ogj28Uc: Tapping at (966, 343) using hierarchy based logic for wait
09:20:51.489 [ INFO] maestro.Maestro.hierarchyBasedTap-ogj28Uc: Something has changed in the UI judging by view hierarchy. Proceed.
09:20:51.489 [ INFO] maestro.cli.runner.CliConsoleListener.onCommandFinished: Tap on id: import-button COMPLETED
09:20:51.489 [ INFO] maestro.cli.runner.CliConsoleListener.onCommandStart: Assert that id: import-paste is visible RUNNING
09:20:51.606 [ INFO] maestro.cli.runner.CliConsoleListener.onCommandFinished: Assert that id: import-paste is visible COMPLETED
09:20:51.607 [ INFO] maestro.cli.runner.CliConsoleListener.onCommandStart: Tap on id: import-paste RUNNING
09:20:51.693 [ INFO] maestro.Maestro.tap-HgV9Ck0: Tapping on element:  UiElement(treeNode=TreeNode(attributes={text=, accessibilityText=, ペースト, hintText=, ignoreBoundsFiltering=false, resource-id=import-paste, clickable=true, bounds=[745,1032][993,1158], enabled=true, focused=false, checked=false, scrollable=false, selected=false, class=android.widget.Button, important-for-accessibility=true, error=}, children=[TreeNode(attributes={text=, accessibilityText=, hintText=, ignoreBoundsFiltering=false, resource-id=, clickable=false, bounds=[745,1070][796,1121], enabled=true, focused=false, checked=false, scrollable=false, selected=false, class=android.widget.TextView, important-for-accessibility=true, error=}, children=[], clickable=false, enabled=true, focused=false, checked=false, selected=false), TreeNode(attributes={text=ペースト, accessibilityText=, hintText=, ignoreBoundsFiltering=false, resource-id=, clickable=false, bounds=[815,1062][993,1128], enabled=true, focused=false, checked=false, scrollable=false, selected=false, class=android.widget.TextView, important-for-accessibility=true, error=}, children=[], clickable=false, enabled=true, focused=false, checked=false, selected=false)], clickable=true, enabled=true, focused=false, checked=false, selected=false), bounds=Bounds(x=745, y=1032, width=248, height=126))
09:20:53.004 [ INFO] maestro.Maestro.tap-HgV9Ck0: Tap aimed via settled hierarchy
09:20:53.005 [ INFO] maestro.Maestro.hierarchyBasedTap-ogj28Uc: Tapping at (869, 1095) using hierarchy based logic for wait
09:20:54.164 [ INFO] maestro.Maestro.hierarchyBasedTap-ogj28Uc: Something has changed in the UI judging by view hierarchy. Proceed.
09:20:54.165 [ INFO] maestro.cli.runner.CliConsoleListener.onCommandFinished: Tap on id: import-paste COMPLETED
09:20:54.165 [ INFO] maestro.cli.runner.CliConsoleListener.onCommandStart: Tap on (Optional) "Allow Paste|ペーストを許可" RUNNING
09:21:01.308 [ INFO] maestro.orchestra.Orchestra.executeCommands: [Command execution] CommandWarned: Element not found: Text matching regex: Allow Paste|ペーストを許可
09:21:01.491 [ INFO] maestro.Maestro.takeScreenshot: Taking screenshot
09:21:01.492 [TRACE] maestro.utils.ScreenshotUtils.takeScreenshot: Taking screenshot to output sink
09:21:01.748 [ INFO] maestro.cli.runner.CliConsoleListener.onCommandFinished: Tap on (Optional) "Allow Paste|ペーストを許可" WARNED
09:21:01.749 [ INFO] maestro.cli.runner.CliConsoleListener.onCommandStart: Assert that ".*${MOVES}手の棋譜を読み取りました.*" is visible RUNNING
09:21:01.883 [ INFO] maestro.cli.runner.CliConsoleListener.onCommandFinished: Assert that ".*${MOVES}手の棋譜を読み取りました.*" is visible COMPLETED
09:21:01.885 [ INFO] maestro.cli.runner.CliConsoleListener.onCommandStart: Swipe from (95%, 85%) to (95%, 30%) in 400 ms RUNNING
09:21:03.309 [ INFO] maestro.cli.runner.CliConsoleListener.onCommandFinished: Swipe from (95%, 85%) to (95%, 30%) in 400 ms COMPLETED
09:21:03.309 [ INFO] maestro.cli.runner.CliConsoleListener.onCommandStart: Scrolling DOWN until id: import-save is visible with speed 40, visibility percentage 100%, timeout 20000 ms, with centering disabled RUNNING
09:21:03.449 [ INFO] maestro.orchestra.Orchestra.scrollUntilVisible: Scrolling try count: 0, DeviceWidth: 1080, DeviceWidth: 2400
09:21:03.449 [ INFO] maestro.orchestra.Orchestra.scrollUntilVisible: Element bounds: Bounds(x=53, y=2172, width=975, height=135)
09:21:03.450 [ INFO] maestro.orchestra.Orchestra.scrollUntilVisible: Visibility Percent: 1.0
09:21:03.456 [ INFO] maestro.orchestra.Orchestra.scrollUntilVisible: Command centerElement: ScrollUntilVisibleCommand(selector=ElementSelector(textRegex=null, idRegex=import-save, size=null, below=null, above=null, leftOf=null, rightOf=null, containsChild=null, containsDescendants=null, traits=null, index=null, enabled=null, optional=false, selected=null, checked=null, focused=null, childOf=null, css=null), direction=DOWN, scrollDuration=601, visibilityPercentage=100, timeout=20000, waitToSettleTimeoutMs=null, centerElement=false, originalSpeedValue=40, label=null, optional=false).centerElement
09:21:03.457 [ INFO] maestro.orchestra.Orchestra.scrollUntilVisible: visibilityPercentageNormalized: 1.0
09:21:03.457 [ INFO] maestro.cli.runner.CliConsoleListener.onCommandFinished: Scrolling DOWN until id: import-save is visible with speed 40, visibility percentage 100%, timeout 20000 ms, with centering disabled COMPLETED
09:21:03.457 [ INFO] maestro.cli.runner.CliConsoleListener.onCommandStart: Tap on id: import-save RUNNING
09:21:03.527 [ INFO] maestro.Maestro.tap-HgV9Ck0: Tapping on element:  UiElement(treeNode=TreeNode(attributes={text=, accessibilityText=保存して検討する, hintText=, ignoreBoundsFiltering=false, resource-id=import-save, clickable=true, bounds=[53,2172][1028,2307], enabled=true, focused=false, checked=false, scrollable=false, selected=false, class=android.widget.Button, important-for-accessibility=true, error=}, children=[TreeNode(attributes={text=保存して検討する, accessibilityText=, hintText=, ignoreBoundsFiltering=false, resource-id=, clickable=false, bounds=[361,2206][720,2272], enabled=true, focused=false, checked=false, scrollable=false, selected=false, class=android.widget.TextView, important-for-accessibility=true, error=}, children=[], clickable=false, enabled=true, focused=false, checked=false, selected=false)], clickable=true, enabled=true, focused=false, checked=false, selected=false), bounds=Bounds(x=53, y=2172, width=975, height=135))
09:21:04.725 [ INFO] maestro.Maestro.tap-HgV9Ck0: Tap aimed via settled hierarchy
09:21:04.727 [ INFO] maestro.Maestro.hierarchyBasedTap-ogj28Uc: Tapping at (540, 2239) using hierarchy based logic for wait
09:21:05.643 [ INFO] maestro.Maestro.hierarchyBasedTap-ogj28Uc: Something has changed in the UI judging by view hierarchy. Proceed.
09:21:05.643 [ INFO] maestro.cli.runner.CliConsoleListener.onCommandFinished: Tap on id: import-save COMPLETED
09:21:05.643 [ INFO] maestro.cli.runner.CliConsoleListener.onCommandStart: Assert that id: game-screen is visible RUNNING
09:21:35.807 [ERROR] maestro.orchestra.Orchestra.executeCommands: [Command execution] CommandFailed: Assertion is false: id: game-screen is visible
09:21:35.886 [ INFO] maestro.Maestro.takeScreenshot: Taking screenshot
09:21:35.887 [TRACE] maestro.utils.ScreenshotUtils.takeScreenshot: Taking screenshot to output sink
09:21:36.066 [ INFO] maestro.cli.runner.CliConsoleListener.onCommandFinished: Assert that id: game-screen is visible FAILED
