09:02:47.757 [ INFO] maestro.cli.runner.CliConsoleListener.onCommandStart: Define variables RUNNING
09:02:47.759 [ INFO] maestro.cli.runner.CliConsoleListener.onCommandFinished: Define variables COMPLETED
09:02:47.759 [ INFO] maestro.cli.runner.CliConsoleListener.onCommandStart: Define variables RUNNING
09:02:48.211 [ INFO] maestro.cli.runner.CliConsoleListener.onCommandFinished: Define variables COMPLETED
09:02:48.212 [ INFO] maestro.cli.runner.CliConsoleListener.onCommandStart: Apply configuration RUNNING
09:02:48.212 [ INFO] maestro.cli.runner.CliConsoleListener.onCommandFinished: Apply configuration COMPLETED
09:02:48.212 [ INFO] maestro.cli.runner.CliConsoleListener.onCommandStart: Launch app "com.meeshogi.app" RUNNING
09:02:48.698 [ INFO] maestro.Maestro.launchApp$lambda$5: Launching app com.meeshogi.app
09:02:48.698 [ INFO] maestro.Maestro.launchApp$lambda$5: Stopping com.meeshogi.app app during launch
09:02:48.885 [ INFO] maestro.cli.runner.CliConsoleListener.onCommandFinished: Launch app "com.meeshogi.app" COMPLETED
09:02:48.886 [ INFO] maestro.cli.runner.CliConsoleListener.onCommandStart: Assert that id: library-screen is visible RUNNING
09:02:51.538 [ INFO] maestro.cli.runner.CliConsoleListener.onCommandFinished: Assert that id: library-screen is visible COMPLETED
09:02:51.539 [ INFO] maestro.cli.runner.CliConsoleListener.onCommandStart: Run subflows/select-set.yaml RUNNING
09:02:51.540 [ INFO] maestro.cli.runner.CliConsoleListener.onCommandStart: Define variables RUNNING
09:02:51.541 [ INFO] maestro.cli.runner.CliConsoleListener.onCommandFinished: Define variables COMPLETED
09:02:51.541 [ INFO] maestro.cli.runner.CliConsoleListener.onCommandStart: Apply configuration RUNNING
09:02:51.541 [ INFO] maestro.cli.runner.CliConsoleListener.onCommandFinished: Apply configuration COMPLETED
09:02:51.542 [ INFO] maestro.cli.runner.CliConsoleListener.onCommandStart: Tap on "設定.*" RUNNING
09:02:51.986 [ INFO] maestro.Maestro.tap-HgV9Ck0: Tapping on element:  UiElement(treeNode=TreeNode(attributes={text=設定, accessibilityText=, hintText=, ignoreBoundsFiltering=false, resource-id=, clickable=false, bounds=[871,2293][929,2336], enabled=true, focused=false, checked=false, scrollable=false, selected=false, class=android.widget.TextView, important-for-accessibility=true, error=}, children=[], clickable=false, enabled=true, focused=false, checked=false, selected=false), bounds=Bounds(x=871, y=2293, width=58, height=43))
09:02:53.461 [ INFO] maestro.Maestro.tap-HgV9Ck0: Tap aimed via settled hierarchy
09:02:53.465 [ INFO] maestro.Maestro.hierarchyBasedTap-ogj28Uc: Tapping at (900, 2314) using hierarchy based logic for wait
09:02:54.532 [ INFO] maestro.Maestro.hierarchyBasedTap-ogj28Uc: Something has changed in the UI judging by view hierarchy. Proceed.
09:02:54.533 [ INFO] maestro.cli.runner.CliConsoleListener.onCommandFinished: Tap on "設定.*" COMPLETED
09:02:54.533 [ INFO] maestro.cli.runner.CliConsoleListener.onCommandStart: Assert that id: settings-screen is visible RUNNING
09:02:54.676 [ INFO] maestro.cli.runner.CliConsoleListener.onCommandFinished: Assert that id: settings-screen is visible COMPLETED
09:02:54.676 [ INFO] maestro.cli.runner.CliConsoleListener.onCommandStart: Scrolling DOWN until id: piece-sets-link is visible with speed 40, visibility percentage 100%, timeout 20000 ms, with centering disabled RUNNING
09:02:54.774 [ INFO] maestro.orchestra.Orchestra.scrollUntilVisible: Scrolling try count: 0, DeviceWidth: 1080, DeviceWidth: 2400
09:02:54.774 [ INFO] maestro.orchestra.Orchestra.scrollUntilVisible: Element bounds: Bounds(x=54, y=1655, width=973, height=142)
09:02:54.774 [ INFO] maestro.orchestra.Orchestra.scrollUntilVisible: Visibility Percent: 1.0
09:02:54.781 [ INFO] maestro.orchestra.Orchestra.scrollUntilVisible: Command centerElement: ScrollUntilVisibleCommand(selector=ElementSelector(textRegex=null, idRegex=piece-sets-link, size=null, below=null, above=null, leftOf=null, rightOf=null, containsChild=null, containsDescendants=null, traits=null, index=null, enabled=null, optional=false, selected=null, checked=null, focused=null, childOf=null, css=null), direction=DOWN, scrollDuration=601, visibilityPercentage=100, timeout=20000, waitToSettleTimeoutMs=null, centerElement=false, originalSpeedValue=40, label=null, optional=false).centerElement
09:02:54.782 [ INFO] maestro.orchestra.Orchestra.scrollUntilVisible: visibilityPercentageNormalized: 1.0
09:02:54.782 [ INFO] maestro.cli.runner.CliConsoleListener.onCommandFinished: Scrolling DOWN until id: piece-sets-link is visible with speed 40, visibility percentage 100%, timeout 20000 ms, with centering disabled COMPLETED
09:02:54.782 [ INFO] maestro.cli.runner.CliConsoleListener.onCommandStart: Tap on id: piece-sets-link RUNNING
09:02:54.892 [ INFO] maestro.Maestro.tap-HgV9Ck0: Tapping on element:  UiElement(treeNode=TreeNode(attributes={text=, accessibilityText=駒セット, 黄楊, , hintText=, ignoreBoundsFiltering=false, resource-id=piece-sets-link, clickable=true, bounds=[54,1655][1027,1797], enabled=true, focused=false, checked=false, scrollable=false, selected=false, class=android.widget.Button, important-for-accessibility=true, error=}, children=[TreeNode(attributes={text=駒セット, accessibilityText=, hintText=, ignoreBoundsFiltering=false, resource-id=, clickable=false, bounds=[96,1692][786,1758], enabled=true, focused=false, checked=false, scrollable=false, selected=false, class=android.widget.TextView, important-for-accessibility=true, error=}, children=[], clickable=false, enabled=true, focused=false, checked=false, selected=false), TreeNode(attributes={text=黄楊, accessibilityText=, hintText=, ignoreBoundsFiltering=false, resource-id=, clickable=false, bounds=[816,1692][906,1758], enabled=true, focused=false, checked=false, scrollable=false, selected=false, class=android.widget.TextView, important-for-accessibility=true, error=}, children=[], clickable=false, enabled=true, focused=false, checked=false, selected=false), TreeNode(attributes={text=, accessibilityText=, hintText=, ignoreBoundsFiltering=false, resource-id=, clickable=false, bounds=[938,1702][986,1751], enabled=true, focused=false, checked=false, scrollable=false, selected=false, class=android.widget.TextView, important-for-accessibility=true, error=}, children=[], clickable=false, enabled=true, focused=false, checked=false, selected=false)], clickable=true, enabled=true, focused=false, checked=false, selected=false), bounds=Bounds(x=54, y=1655, width=973, height=142))
09:02:56.173 [ INFO] maestro.Maestro.tap-HgV9Ck0: Tap aimed via settled hierarchy
09:02:56.174 [ INFO] maestro.Maestro.hierarchyBasedTap-ogj28Uc: Tapping at (540, 1726) using hierarchy based logic for wait
09:02:57.558 [ INFO] maestro.Maestro.hierarchyBasedTap-ogj28Uc: Something has changed in the UI judging by view hierarchy. Proceed.
09:02:57.559 [ INFO] maestro.cli.runner.CliConsoleListener.onCommandFinished: Tap on id: piece-sets-link COMPLETED
09:02:57.559 [ INFO] maestro.cli.runner.CliConsoleListener.onCommandStart: Assert that id: piece-sets-screen is visible RUNNING
09:02:57.642 [ INFO] maestro.cli.runner.CliConsoleListener.onCommandFinished: Assert that id: piece-sets-screen is visible COMPLETED
09:02:57.642 [ INFO] maestro.cli.runner.CliConsoleListener.onCommandStart: Tap on id: ${SET_ID} RUNNING
09:02:57.728 [ INFO] maestro.Maestro.tap-HgV9Ck0: Tapping on element:  UiElement(treeNode=TreeNode(attributes={text=, accessibilityText=青磁。落ち着いた青緑の磁器の風合い, hintText=, ignoreBoundsFiltering=false, resource-id=piece-set-seiji, clickable=true, bounds=[53,1824][1028,2266], enabled=true, focused=false, checked=false, scrollable=false, selected=false, class=android.widget.RadioButton, important-for-accessibility=true, error=}, children=[TreeNode(attributes={text=青磁, accessibilityText=, hintText=, ignoreBoundsFiltering=false, resource-id=, clickable=false, bounds=[92,1863][990,1929], enabled=true, focused=false, checked=false, scrollable=false, selected=false, class=android.widget.TextView, important-for-accessibility=true, error=}, children=[], clickable=false, enabled=true, focused=false, checked=false, selected=false), TreeNode(attributes={text=落ち着いた青緑の磁器の風合い, accessibilityText=, hintText=, ignoreBoundsFiltering=false, resource-id=, clickable=false, bounds=[92,1937][990,1990], enabled=true, focused=false, checked=false, scrollable=false, selected=false, class=android.widget.TextView, important-for-accessibility=true, error=}, children=[], clickable=false, enabled=true, focused=false, checked=false, selected=false), TreeNode(attributes={text=, accessibilityText=, hintText=, ignoreBoundsFiltering=false, resource-id=, clickable=false, bounds=[92,2022][988,2227], enabled=true, focused=false, checked=false, scrollable=false, selected=false, class=android.view.ViewGroup, important-for-accessibility=false, error=}, children=[], clickable=false, enabled=true, focused=false, checked=false, selected=false), TreeNode(attributes={text=▲ 先手, accessibilityText=, hintText=, ignoreBoundsFiltering=false, resource-id=, clickable=false, bounds=[108,2046][528,2088], enabled=true, focused=false, checked=false, scrollable=false, selected=false, class=android.widget.TextView, important-for-accessibility=true, error=}, children=[], clickable=false, enabled=true, focused=false, checked=false, selected=false), TreeNode(attributes={text=△ 後手, accessibilityText=, hintText=, ignoreBoundsFiltering=false, resource-id=, clickable=false, bounds=[553,2046][973,2088], enabled=true, focused=false, checked=false, scrollable=false, selected=false, class=android.widget.TextView, important-for-accessibility=true, error=}, children=[], clickable=false, enabled=true, focused=false, checked=false, selected=false), TreeNode(attributes={text=, accessibilityText=, hintText=, ignoreBoundsFiltering=false, resource-id=, clickable=false, bounds=[184,2101][268,2203], enabled=true, focused=false, checked=false, scrollable=false, selected=false, class=android.view.ViewGroup, important-for-accessibility=false, error=}, children=[TreeNode(attributes={text=, accessibilityText=, hintText=, ignoreBoundsFiltering=false, resource-id=, clickable=false, bounds=[184,2104][268,2200], enabled=true, focused=false, checked=false, scrollable=false, selected=false, class=android.widget.ImageView, important-for-accessibility=false, error=}, children=[], clickable=false, enabled=true, focused=false, checked=false, selected=false), TreeNode(attributes={text=, accessibilityText=, hintText=, ignoreBoundsFiltering=false, resource-id=, clickable=false, bounds=[195,2124][257,2192], enabled=true, focused=false, checked=false, scrollable=false, selected=false, class=android.widget.ImageView, important-for-accessibility=false, error=}, children=[], clickable=false, enabled=true, focused=false, checked=false, selected=false)], clickable=false, enabled=true, focused=false, checked=false, selected=false), TreeNode(attributes={text=, accessibilityText=, hintText=, ignoreBoundsFiltering=false, resource-id=, clickable=false, bounds=[276,2101][360,2203], enabled=true, focused=false, checked=false, scrollable=false, selected=false, class=android.view.ViewGroup, important-for-accessibility=false, error=}, children=[TreeNode(attributes={text=, accessibilityText=, hintText=, ignoreBoundsFiltering=false, resource-id=, clickable=false, bounds=[276,2104][360,2200], enabled=true, focused=false, checked=false, scrollable=false, selected=false, class=android.widget.ImageView, important-for-accessibility=false, error=}, children=[], clickable=false, enabled=true, focused=false, checked=false, selected=false), TreeNode(attributes={text=, accessibilityText=, hintText=, ignoreBoundsFiltering=false, resource-id=, clickable=false, bounds=[287,2124][349,2192], enabled=true, focused=false, checked=false, scrollable=false, selected=false, class=android.widget.ImageView, important-for-accessibility=false, error=}, children=[], clickable=false, enabled=true, focused=false, checked=false, selected=false)], clickable=false, enabled=true, focused=false, checked=false, selected=false), TreeNode(attributes={text=, accessibilityText=, hintText=, ignoreBoundsFiltering=false, resource-id=, clickable=false, bounds=[368,2101][452,2203], enabled=true, focused=false, checked=false, scrollable=false, selected=false, class=android.view.ViewGroup, important-for-accessibility=false, error=}, children=[TreeNode(attributes={text=, accessibilityText=, hintText=, ignoreBoundsFiltering=false, resource-id=, clickable=false, bounds=[368,2104][452,2200], enabled=true, focused=false, checked=false, scrollable=false, selected=false, class=android.widget.ImageView, important-for-accessibility=false, error=}, children=[], clickable=false, enabled=true, focused=false, checked=false, selected=false), TreeNode(attributes={text=, accessibilityText=, hintText=, ignoreBoundsFiltering=false, resource-id=, clickable=false, bounds=[379,2124][441,2192], enabled=true, focused=false, checked=false, scrollable=false, selected=false, class=android.widget.ImageView, important-for-accessibility=false, error=}, children=[], clickable=false, enabled=true, focused=false, checked=false, selected=false)], clickable=false, enabled=true, focused=false, checked=false, selected=false), TreeNode(attributes={text=, accessibilityText=, hintText=, ignoreBoundsFiltering=false, resource-id=, clickable=false, bounds=[629,2101][713,2203], enabled=true, focused=false, checked=false, scrollable=false, selected=false, class=android.view.ViewGroup, important-for-accessibility=false, error=}, children=[TreeNode(attributes={text=, accessibilityText=, hintText=, ignoreBoundsFiltering=false, resource-id=, clickable=false, bounds=[629,2104][713,2200], enabled=true, focused=false, checked=false, scrollable=false, selected=false, class=android.widget.ImageView, important-for-accessibility=false, error=}, children=[], clickable=false, enabled=true, focused=false, checked=false, selected=false), TreeNode(attributes={text=, accessibilityText=, hintText=, ignoreBoundsFiltering=false, resource-id=, clickable=false, bounds=[640,2124][702,2192], enabled=true, focused=false, checked=false, scrollable=false, selected=false, class=android.widget.ImageView, important-for-accessibility=false, error=}, children=[], clickable=false, enabled=true, focused=false, checked=false, selected=false)], clickable=false, enabled=true, focused=false, checked=false, selected=false), TreeNode(attributes={text=, accessibilityText=, hintText=, ignoreBoundsFiltering=false, resource-id=, clickable=false, bounds=[721,2101][805,2203], enabled=true, focused=false, checked=false, scrollable=false, selected=false, class=android.view.ViewGroup, important-for-accessibility=false, error=}, children=[TreeNode(attributes={text=, accessibilityText=, hintText=, ignoreBoundsFiltering=false, resource-id=, clickable=false, bounds=[721,2104][805,2200], enabled=true, focused=false, checked=false, scrollable=false, selected=false, class=android.widget.ImageView, important-for-accessibility=false, error=}, children=[], clickable=false, enabled=true, focused=false, checked=false, selected=false), TreeNode(attributes={text=, accessibilityText=, hintText=, ignoreBoundsFiltering=false, resource-id=, clickable=false, bounds=[732,2124][794,2192], enabled=true, focused=false, checked=false, scrollable=false, selected=false, class=android.widget.ImageView, important-for-accessibility=false, error=}, children=[], clickable=false, enabled=true, focused=false, checked=false, selected=false)], clickable=false, enabled=true, focused=false, checked=false, selected=false), TreeNode(attributes={text=, accessibilityText=, hintText=, ignoreBoundsFiltering=false, resource-id=, clickable=false, bounds=[813,2101][897,2203], enabled=true, focused=false, checked=false, scrollable=false, selected=false, class=android.view.ViewGroup, important-for-accessibility=false, error=}, children=[TreeNode(attributes={text=, accessibilityText=, hintText=, ignoreBoundsFiltering=false, resource-id=, clickable=false, bounds=[813,2104][897,2200], enabled=true, focused=false, checked=false, scrollable=false, selected=false, class=android.widget.ImageView, important-for-accessibility=false, error=}, children=[], clickable=false, enabled=true, focused=false, checked=false, selected=false), TreeNode(attributes={text=, accessibilityText=, hintText=, ignoreBoundsFiltering=false, resource-id=, clickable=false, bounds=[824,2124][886,2192], enabled=true, focused=false, checked=false, scrollable=false, selected=false, class=android.widget.ImageView, important-for-accessibility=false, error=}, children=[], clickable=false, enabled=true, focused=false, checked=false, selected=false)], clickable=false, enabled=true, focused=false, checked=false, selected=false)], clickable=true, enabled=true, focused=false, checked=false, selected=false), bounds=Bounds(x=53, y=1824, width=975, height=442))
09:02:58.931 [ INFO] maestro.Maestro.tap-HgV9Ck0: Tap aimed via settled hierarchy
09:02:58.932 [ INFO] maestro.Maestro.hierarchyBasedTap-ogj28Uc: Tapping at (540, 2045) using hierarchy based logic for wait
09:02:59.998 [ INFO] maestro.Maestro.hierarchyBasedTap-ogj28Uc: Something has changed in the UI judging by view hierarchy. Proceed.
09:02:59.998 [ INFO] maestro.cli.runner.CliConsoleListener.onCommandFinished: Tap on id: ${SET_ID} COMPLETED
09:02:59.998 [ INFO] maestro.cli.runner.CliConsoleListener.onCommandStart: Assert that id: ${SET_ID} is visible RUNNING
09:03:00.080 [ INFO] maestro.cli.runner.CliConsoleListener.onCommandFinished: Assert that id: ${SET_ID} is visible COMPLETED
09:03:00.081 [ INFO] maestro.cli.runner.CliConsoleListener.onCommandStart: Press Back key RUNNING
09:03:00.081 [ INFO] maestro.Maestro.pressKey: Pressing key BACK
09:03:01.268 [ INFO] maestro.cli.runner.CliConsoleListener.onCommandFinished: Press Back key COMPLETED
09:03:01.268 [ INFO] maestro.cli.runner.CliConsoleListener.onCommandStart: Assert that id: settings-screen is visible RUNNING
09:03:01.390 [ INFO] maestro.cli.runner.CliConsoleListener.onCommandFinished: Assert that id: settings-screen is visible COMPLETED
09:03:01.390 [ INFO] maestro.cli.runner.CliConsoleListener.onCommandStart: Tap on id: tab-games RUNNING
09:03:01.509 [ INFO] maestro.Maestro.tap-HgV9Ck0: Tapping on element:  UiElement(treeNode=TreeNode(attributes={text=, accessibilityText=, 棋譜, hintText=, ignoreBoundsFiltering=false, resource-id=tab-games, clickable=true, bounds=[0,2207][360,2337], enabled=true, focused=false, checked=false, scrollable=false, selected=false, class=android.view.View, important-for-accessibility=true, error=}, children=[TreeNode(attributes={text=, accessibilityText=, hintText=, ignoreBoundsFiltering=false, resource-id=, clickable=false, bounds=[150,2227][212,2288], enabled=true, focused=false, checked=false, scrollable=false, selected=false, class=android.widget.TextView, important-for-accessibility=true, error=}, children=[], clickable=false, enabled=true, focused=false, checked=false, selected=false), TreeNode(attributes={text=棋譜, accessibilityText=, hintText=, ignoreBoundsFiltering=false, resource-id=, clickable=false, bounds=[151,2293][209,2336], enabled=true, focused=false, checked=false, scrollable=false, selected=false, class=android.widget.TextView, important-for-accessibility=true, error=}, children=[], clickable=false, enabled=true, focused=false, checked=false, selected=false)], clickable=true, enabled=true, focused=false, checked=false, selected=false), bounds=Bounds(x=0, y=2207, width=360, height=130))
09:03:02.755 [ INFO] maestro.Maestro.tap-HgV9Ck0: Tap aimed via settled hierarchy
09:03:02.756 [ INFO] maestro.Maestro.hierarchyBasedTap-ogj28Uc: Tapping at (180, 2272) using hierarchy based logic for wait
09:03:03.848 [ INFO] maestro.Maestro.hierarchyBasedTap-ogj28Uc: Something has changed in the UI judging by view hierarchy. Proceed.
09:03:03.848 [ INFO] maestro.cli.runner.CliConsoleListener.onCommandFinished: Tap on id: tab-games COMPLETED
09:03:03.848 [ INFO] maestro.cli.runner.CliConsoleListener.onCommandStart: Assert that id: library-screen is visible RUNNING
09:03:03.969 [ INFO] maestro.cli.runner.CliConsoleListener.onCommandFinished: Assert that id: library-screen is visible COMPLETED
09:03:03.970 [ INFO] maestro.cli.runner.CliConsoleListener.onCommandFinished: Run subflows/select-set.yaml COMPLETED
09:03:03.970 [ INFO] maestro.cli.runner.CliConsoleListener.onCommandStart: Stop com.meeshogi.app RUNNING
09:03:03.971 [ INFO] maestro.Maestro.stopApp$lambda$6: Stopping app com.meeshogi.app
09:03:03.997 [ INFO] maestro.cli.runner.CliConsoleListener.onCommandFinished: Stop com.meeshogi.app COMPLETED
09:03:03.997 [ INFO] maestro.cli.runner.CliConsoleListener.onCommandStart: Launch app "com.meeshogi.app" RUNNING
09:03:04.840 [ INFO] maestro.Maestro.launchApp$lambda$5: Launching app com.meeshogi.app
09:03:04.841 [ INFO] maestro.Maestro.launchApp$lambda$5: Stopping com.meeshogi.app app during launch
09:03:04.885 [ INFO] maestro.cli.runner.CliConsoleListener.onCommandFinished: Launch app "com.meeshogi.app" COMPLETED
09:03:04.885 [ INFO] maestro.cli.runner.CliConsoleListener.onCommandStart: Assert that id: library-screen is visible RUNNING
09:03:07.175 [ INFO] maestro.cli.runner.CliConsoleListener.onCommandFinished: Assert that id: library-screen is visible COMPLETED
09:03:07.176 [ INFO] maestro.cli.runner.CliConsoleListener.onCommandStart: Tap on ".*KeroPona.*" RUNNING
09:03:07.685 [ INFO] maestro.Maestro.tap-HgV9Ck0: Tapping on element:  UiElement(treeNode=TreeNode(attributes={text=KeroPona との対局, accessibilityText=, hintText=, ignoreBoundsFiltering=false, resource-id=, clickable=false, bounds=[96,712][708,778], enabled=true, focused=false, checked=false, scrollable=false, selected=false, class=android.widget.TextView, important-for-accessibility=true, error=}, children=[], clickable=false, enabled=true, focused=false, checked=false, selected=false), bounds=Bounds(x=96, y=712, width=612, height=66))
09:03:08.877 [ INFO] maestro.Maestro.tap-HgV9Ck0: Tap aimed via settled hierarchy
09:03:08.877 [ INFO] maestro.Maestro.hierarchyBasedTap-ogj28Uc: Tapping at (402, 745) using hierarchy based logic for wait
09:03:09.251 [ INFO] maestro.cli.runner.CliConsoleListener.onCommandFinished: Tap on ".*KeroPona.*" COMPLETED
09:03:09.252 [ INFO] maestro.cli.runner.CliConsoleListener.onCommandStart: Assert that id: game-screen is visible RUNNING
09:03:10.772 [ INFO] maestro.cli.runner.CliConsoleListener.onCommandFinished: Assert that id: game-screen is visible COMPLETED
09:03:10.773 [ INFO] maestro.cli.runner.CliConsoleListener.onCommandStart: Assert that id: board is visible RUNNING
09:03:10.965 [ INFO] maestro.cli.runner.CliConsoleListener.onCommandFinished: Assert that id: board is visible COMPLETED
09:03:10.965 [ INFO] maestro.cli.runner.CliConsoleListener.onCommandStart: Scrolling DOWN until id: evaluation-chart is visible with speed 40, visibility percentage 100%, timeout 20000 ms, with centering disabled RUNNING
09:03:11.196 [ INFO] maestro.orchestra.Orchestra.scrollUntilVisible: Scrolling try count: 0, DeviceWidth: 1080, DeviceWidth: 2400
09:03:11.197 [ INFO] maestro.orchestra.Orchestra.scrollUntilVisible: Element bounds: Bounds(x=32, y=1605, width=1017, height=254)
09:03:11.197 [ INFO] maestro.orchestra.Orchestra.scrollUntilVisible: Visibility Percent: 1.0
09:03:11.197 [ INFO] maestro.orchestra.Orchestra.scrollUntilVisible: Command centerElement: ScrollUntilVisibleCommand(selector=ElementSelector(textRegex=null, idRegex=evaluation-chart, size=null, below=null, above=null, leftOf=null, rightOf=null, containsChild=null, containsDescendants=null, traits=null, index=null, enabled=null, optional=false, selected=null, checked=null, focused=null, childOf=null, css=null), direction=DOWN, scrollDuration=601, visibilityPercentage=100, timeout=20000, waitToSettleTimeoutMs=null, centerElement=false, originalSpeedValue=40, label=null, optional=false).centerElement
09:03:11.197 [ INFO] maestro.orchestra.Orchestra.scrollUntilVisible: visibilityPercentageNormalized: 1.0
09:03:11.197 [ INFO] maestro.cli.runner.CliConsoleListener.onCommandFinished: Scrolling DOWN until id: evaluation-chart is visible with speed 40, visibility percentage 100%, timeout 20000 ms, with centering disabled COMPLETED
09:03:11.197 [ INFO] maestro.cli.runner.CliConsoleListener.onCommandStart: Assert that id: evaluation-chart is visible RUNNING
09:03:11.686 [ INFO] maestro.cli.runner.CliConsoleListener.onCommandFinished: Assert that id: evaluation-chart is visible COMPLETED
09:03:11.687 [ INFO] maestro.cli.runner.CliConsoleListener.onCommandStart: Take screenshot 80-persisted-seiji-light RUNNING
09:03:11.689 [ INFO] maestro.Maestro.takeScreenshot: Taking screenshot
09:03:11.689 [TRACE] maestro.utils.ScreenshotUtils.takeScreenshot: Taking screenshot to output sink
09:03:11.973 [ INFO] maestro.cli.runner.CliConsoleListener.onCommandFinished: Take screenshot 80-persisted-seiji-light COMPLETED
09:03:11.973 [ INFO] maestro.cli.runner.CliConsoleListener.onCommandStart: Scrolling DOWN until id: analysis-status is visible with speed 40, visibility percentage 100%, timeout 20000 ms, with centering disabled RUNNING
09:03:12.743 [ WARN] maestro.orchestra.Orchestra.scrollUntilVisible: Error: maestro.MaestroException$ElementNotFound: Element not found: Id matching regex: analysis-status
09:03:12.749 [ INFO] maestro.Maestro.swipeFromCenter: Swiping UP from center
09:03:14.697 [ INFO] maestro.orchestra.Orchestra.scrollUntilVisible: Scrolling try count: 0, DeviceWidth: 1080, DeviceWidth: 2400
09:03:14.697 [ INFO] maestro.orchestra.Orchestra.scrollUntilVisible: Element bounds: Bounds(x=32, y=1938, width=1017, height=53)
09:03:14.697 [ INFO] maestro.orchestra.Orchestra.scrollUntilVisible: Visibility Percent: 1.0
09:03:14.698 [ INFO] maestro.orchestra.Orchestra.scrollUntilVisible: Command centerElement: ScrollUntilVisibleCommand(selector=ElementSelector(textRegex=null, idRegex=analysis-status, size=null, below=null, above=null, leftOf=null, rightOf=null, containsChild=null, containsDescendants=null, traits=null, index=null, enabled=null, optional=false, selected=null, checked=null, focused=null, childOf=null, css=null), direction=DOWN, scrollDuration=601, visibilityPercentage=100, timeout=20000, waitToSettleTimeoutMs=null, centerElement=false, originalSpeedValue=40, label=null, optional=false).centerElement
09:03:14.698 [ INFO] maestro.orchestra.Orchestra.scrollUntilVisible: visibilityPercentageNormalized: 1.0
09:03:14.698 [ INFO] maestro.cli.runner.CliConsoleListener.onCommandFinished: Scrolling DOWN until id: analysis-status is visible with speed 40, visibility percentage 100%, timeout 20000 ms, with centering disabled COMPLETED
09:03:14.698 [ INFO] maestro.cli.runner.CliConsoleListener.onCommandStart: Assert that id: analysis-status is visible RUNNING
09:03:14.850 [ INFO] maestro.cli.runner.CliConsoleListener.onCommandFinished: Assert that id: analysis-status is visible COMPLETED
09:03:14.850 [ INFO] maestro.cli.runner.CliConsoleListener.onCommandStart: Tap on id: move-last RUNNING
09:03:15.007 [ INFO] maestro.Maestro.tap-HgV9Ck0: Tapping on element:  UiElement(treeNode=TreeNode(attributes={text=, accessibilityText=最終局面へ, hintText=, ignoreBoundsFiltering=false, resource-id=move-last, clickable=true, bounds=[845,2214][960,2329], enabled=false, focused=false, checked=false, scrollable=false, selected=false, class=android.widget.Button, important-for-accessibility=true, error=}, children=[TreeNode(attributes={text=, accessibilityText=, hintText=, ignoreBoundsFiltering=false, resource-id=, clickable=false, bounds=[876,2246][929,2299], enabled=true, focused=false, checked=false, scrollable=false, selected=false, class=android.widget.TextView, important-for-accessibility=true, error=}, children=[], clickable=false, enabled=true, focused=false, checked=false, selected=false)], clickable=true, enabled=false, focused=false, checked=false, selected=false), bounds=Bounds(x=845, y=2214, width=115, height=115))
09:03:16.270 [ INFO] maestro.Maestro.tap-HgV9Ck0: Tap aimed via settled hierarchy
09:03:16.271 [ INFO] maestro.Maestro.hierarchyBasedTap-ogj28Uc: Tapping at (902, 2271) using hierarchy based logic for wait
09:03:16.705 [ INFO] maestro.cli.runner.CliConsoleListener.onCommandFinished: Tap on id: move-last COMPLETED
09:03:16.706 [ INFO] maestro.cli.runner.CliConsoleListener.onCommandStart: Tap x5 on id: move-prev RUNNING
09:03:16.862 [ INFO] maestro.Maestro.tap-HgV9Ck0: Tapping on element: TapRepeat(repeat=5, delay=500) UiElement(treeNode=TreeNode(attributes={text=, accessibilityText=一手戻る, hintText=, ignoreBoundsFiltering=false, resource-id=move-prev, clickable=true, bounds=[301,2214][417,2329], enabled=true, focused=false, checked=false, scrollable=false, selected=false, class=android.widget.Button, important-for-accessibility=true, error=}, children=[TreeNode(attributes={text=, accessibilityText=, hintText=, ignoreBoundsFiltering=false, resource-id=, clickable=false, bounds=[332,2246][386,2299], enabled=true, focused=false, checked=false, scrollable=false, selected=false, class=android.widget.TextView, important-for-accessibility=true, error=}, children=[], clickable=false, enabled=true, focused=false, checked=false, selected=false)], clickable=true, enabled=true, focused=false, checked=false, selected=false), bounds=Bounds(x=301, y=2214, width=116, height=115))
09:03:18.128 [ INFO] maestro.Maestro.tap-HgV9Ck0: Tap aimed via settled hierarchy
09:03:18.130 [ INFO] maestro.Maestro.hierarchyBasedTap-ogj28Uc: Tapping at (359, 2271) using hierarchy based logic for wait
09:03:21.390 [ INFO] maestro.Maestro.hierarchyBasedTap-ogj28Uc: Something has changed in the UI judging by view hierarchy. Proceed.
09:03:21.391 [ INFO] maestro.cli.runner.CliConsoleListener.onCommandFinished: Tap x5 on id: move-prev COMPLETED
09:03:21.391 [ INFO] maestro.cli.runner.CliConsoleListener.onCommandStart: Assert that "75 / 80手" is visible RUNNING
09:03:21.596 [ INFO] maestro.cli.runner.CliConsoleListener.onCommandFinished: Assert that "75 / 80手" is visible COMPLETED
09:03:21.596 [ INFO] maestro.cli.runner.CliConsoleListener.onCommandStart: Tap on id: move-first RUNNING
09:03:21.809 [ INFO] maestro.Maestro.tap-HgV9Ck0: Tapping on element:  UiElement(treeNode=TreeNode(attributes={text=, accessibilityText=初期局面へ, hintText=, ignoreBoundsFiltering=false, resource-id=move-first, clickable=true, bounds=[120,2214][236,2329], enabled=true, focused=false, checked=false, scrollable=false, selected=false, class=android.widget.Button, important-for-accessibility=true, error=}, children=[TreeNode(attributes={text=, accessibilityText=, hintText=, ignoreBoundsFiltering=false, resource-id=, clickable=false, bounds=[151,2246][204,2299], enabled=true, focused=false, checked=false, scrollable=false, selected=false, class=android.widget.TextView, important-for-accessibility=true, error=}, children=[], clickable=false, enabled=true, focused=false, checked=false, selected=false)], clickable=true, enabled=true, focused=false, checked=false, selected=false), bounds=Bounds(x=120, y=2214, width=116, height=115))
09:03:23.448 [ INFO] maestro.Maestro.tap-HgV9Ck0: Tap aimed via settled hierarchy
09:03:23.449 [ INFO] maestro.Maestro.hierarchyBasedTap-ogj28Uc: Tapping at (178, 2271) using hierarchy based logic for wait
09:03:23.979 [ INFO] maestro.cli.runner.CliConsoleListener.onCommandFinished: Tap on id: move-first COMPLETED
09:03:23.979 [ INFO] maestro.cli.runner.CliConsoleListener.onCommandStart: Press Back key RUNNING
09:03:23.979 [ INFO] maestro.Maestro.pressKey: Pressing key BACK
09:03:25.016 [ INFO] maestro.cli.runner.CliConsoleListener.onCommandFinished: Press Back key COMPLETED
09:03:25.017 [ INFO] maestro.cli.runner.CliConsoleListener.onCommandStart: Tap on "設定.*" RUNNING
09:03:25.090 [ INFO] maestro.Maestro.tap-HgV9Ck0: Tapping on element:  UiElement(treeNode=TreeNode(attributes={text=設定, accessibilityText=, hintText=, ignoreBoundsFiltering=false, resource-id=, clickable=false, bounds=[871,2293][929,2336], enabled=true, focused=false, checked=false, scrollable=false, selected=false, class=android.widget.TextView, important-for-accessibility=true, error=}, children=[], clickable=false, enabled=true, focused=false, checked=false, selected=false), bounds=Bounds(x=871, y=2293, width=58, height=43))
09:03:26.249 [ INFO] maestro.Maestro.tap-HgV9Ck0: Tap aimed via settled hierarchy
09:03:26.250 [ INFO] maestro.Maestro.hierarchyBasedTap-ogj28Uc: Tapping at (900, 2314) using hierarchy based logic for wait
09:03:27.308 [ INFO] maestro.Maestro.hierarchyBasedTap-ogj28Uc: Something has changed in the UI judging by view hierarchy. Proceed.
09:03:27.308 [ INFO] maestro.cli.runner.CliConsoleListener.onCommandFinished: Tap on "設定.*" COMPLETED
09:03:27.308 [ INFO] maestro.cli.runner.CliConsoleListener.onCommandStart: Assert that id: settings-screen is visible RUNNING
09:03:27.398 [ INFO] maestro.cli.runner.CliConsoleListener.onCommandFinished: Assert that id: settings-screen is visible COMPLETED
09:03:27.398 [ INFO] maestro.cli.runner.CliConsoleListener.onCommandStart: Scrolling DOWN until id: piece-sets-link is visible with speed 40, visibility percentage 100%, timeout 20000 ms, with centering disabled RUNNING
09:03:27.485 [ INFO] maestro.orchestra.Orchestra.scrollUntilVisible: Scrolling try count: 0, DeviceWidth: 1080, DeviceWidth: 2400
09:03:27.485 [ INFO] maestro.orchestra.Orchestra.scrollUntilVisible: Element bounds: Bounds(x=54, y=1655, width=973, height=142)
09:03:27.485 [ INFO] maestro.orchestra.Orchestra.scrollUntilVisible: Visibility Percent: 1.0
09:03:27.485 [ INFO] maestro.orchestra.Orchestra.scrollUntilVisible: Command centerElement: ScrollUntilVisibleCommand(selector=ElementSelector(textRegex=null, idRegex=piece-sets-link, size=null, below=null, above=null, leftOf=null, rightOf=null, containsChild=null, containsDescendants=null, traits=null, index=null, enabled=null, optional=false, selected=null, checked=null, focused=null, childOf=null, css=null), direction=DOWN, scrollDuration=601, visibilityPercentage=100, timeout=20000, waitToSettleTimeoutMs=null, centerElement=false, originalSpeedValue=40, label=null, optional=false).centerElement
09:03:27.485 [ INFO] maestro.orchestra.Orchestra.scrollUntilVisible: visibilityPercentageNormalized: 1.0
09:03:27.485 [ INFO] maestro.cli.runner.CliConsoleListener.onCommandFinished: Scrolling DOWN until id: piece-sets-link is visible with speed 40, visibility percentage 100%, timeout 20000 ms, with centering disabled COMPLETED
09:03:27.485 [ INFO] maestro.cli.runner.CliConsoleListener.onCommandStart: Tap on id: piece-sets-link RUNNING
09:03:27.618 [ INFO] maestro.Maestro.tap-HgV9Ck0: Tapping on element:  UiElement(treeNode=TreeNode(attributes={text=, accessibilityText=駒セット, 青磁, , hintText=, ignoreBoundsFiltering=false, resource-id=piece-sets-link, clickable=true, bounds=[54,1655][1027,1797], enabled=true, focused=false, checked=false, scrollable=false, selected=false, class=android.widget.Button, important-for-accessibility=true, error=}, children=[TreeNode(attributes={text=駒セット, accessibilityText=, hintText=, ignoreBoundsFiltering=false, resource-id=, clickable=false, bounds=[96,1692][786,1758], enabled=true, focused=false, checked=false, scrollable=false, selected=false, class=android.widget.TextView, important-for-accessibility=true, error=}, children=[], clickable=false, enabled=true, focused=false, checked=false, selected=false), TreeNode(attributes={text=青磁, accessibilityText=, hintText=, ignoreBoundsFiltering=false, resource-id=, clickable=false, bounds=[816,1692][906,1758], enabled=true, focused=false, checked=false, scrollable=false, selected=false, class=android.widget.TextView, important-for-accessibility=true, error=}, children=[], clickable=false, enabled=true, focused=false, checked=false, selected=false), TreeNode(attributes={text=, accessibilityText=, hintText=, ignoreBoundsFiltering=false, resource-id=, clickable=false, bounds=[938,1702][986,1751], enabled=true, focused=false, checked=false, scrollable=false, selected=false, class=android.widget.TextView, important-for-accessibility=true, error=}, children=[], clickable=false, enabled=true, focused=false, checked=false, selected=false)], clickable=true, enabled=true, focused=false, checked=false, selected=false), bounds=Bounds(x=54, y=1655, width=973, height=142))
09:03:28.833 [ INFO] maestro.Maestro.tap-HgV9Ck0: Tap aimed via settled hierarchy
09:03:28.834 [ INFO] maestro.Maestro.hierarchyBasedTap-ogj28Uc: Tapping at (540, 1726) using hierarchy based logic for wait
09:03:30.085 [ INFO] maestro.Maestro.hierarchyBasedTap-ogj28Uc: Something has changed in the UI judging by view hierarchy. Proceed.
09:03:30.085 [ INFO] maestro.cli.runner.CliConsoleListener.onCommandFinished: Tap on id: piece-sets-link COMPLETED
09:03:30.085 [ INFO] maestro.cli.runner.CliConsoleListener.onCommandStart: Assert that id: piece-sets-screen is visible RUNNING
09:03:30.206 [ INFO] maestro.cli.runner.CliConsoleListener.onCommandFinished: Assert that id: piece-sets-screen is visible COMPLETED
09:03:30.206 [ INFO] maestro.cli.runner.CliConsoleListener.onCommandStart: Assert that id: piece-set-seiji is visible RUNNING
09:03:30.285 [ INFO] maestro.cli.runner.CliConsoleListener.onCommandFinished: Assert that id: piece-set-seiji is visible COMPLETED
09:03:30.285 [ INFO] maestro.cli.runner.CliConsoleListener.onCommandStart: Take screenshot 81-persisted-picker-seiji RUNNING
09:03:30.285 [ INFO] maestro.Maestro.takeScreenshot: Taking screenshot
09:03:30.286 [TRACE] maestro.utils.ScreenshotUtils.takeScreenshot: Taking screenshot to output sink
09:03:30.481 [ INFO] maestro.cli.runner.CliConsoleListener.onCommandFinished: Take screenshot 81-persisted-picker-seiji COMPLETED
09:03:30.482 [ INFO] maestro.cli.runner.CliConsoleListener.onCommandStart: Tap on id: piece-set-tsuge RUNNING
09:03:30.558 [ INFO] maestro.Maestro.tap-HgV9Ck0: Tapping on element:  UiElement(treeNode=TreeNode(attributes={text=, accessibilityText=黄楊。暖かい蜂蜜色と、艶のある飴色, hintText=, ignoreBoundsFiltering=false, resource-id=piece-set-tsuge, clickable=true, bounds=[53,404][1028,846], enabled=true, focused=false, checked=false, scrollable=false, selected=false, class=android.widget.RadioButton, important-for-accessibility=true, error=}, children=[TreeNode(attributes={text=黄楊, accessibilityText=, hintText=, ignoreBoundsFiltering=false, resource-id=, clickable=false, bounds=[92,443][990,509], enabled=true, focused=false, checked=false, scrollable=false, selected=false, class=android.widget.TextView, important-for-accessibility=true, error=}, children=[], clickable=false, enabled=true, focused=false, checked=false, selected=false), TreeNode(attributes={text=暖かい蜂蜜色と、艶のある飴色, accessibilityText=, hintText=, ignoreBoundsFiltering=false, resource-id=, clickable=false, bounds=[92,517][990,570], enabled=true, focused=false, checked=false, scrollable=false, selected=false, class=android.widget.TextView, important-for-accessibility=true, error=}, children=[], clickable=false, enabled=true, focused=false, checked=false, selected=false), TreeNode(attributes={text=, accessibilityText=, hintText=, ignoreBoundsFiltering=false, resource-id=, clickable=false, bounds=[92,602][988,807], enabled=true, focused=false, checked=false, scrollable=false, selected=false, class=android.view.ViewGroup, important-for-accessibility=false, error=}, children=[], clickable=false, enabled=true, focused=false, checked=false, selected=false), TreeNode(attributes={text=▲ 先手, accessibilityText=, hintText=, ignoreBoundsFiltering=false, resource-id=, clickable=false, bounds=[108,626][528,668], enabled=true, focused=false, checked=false, scrollable=false, selected=false, class=android.widget.TextView, important-for-accessibility=true, error=}, children=[], clickable=false, enabled=true, focused=false, checked=false, selected=false), TreeNode(attributes={text=△ 後手, accessibilityText=, hintText=, ignoreBoundsFiltering=false, resource-id=, clickable=false, bounds=[553,626][973,668], enabled=true, focused=false, checked=false, scrollable=false, selected=false, class=android.widget.TextView, important-for-accessibility=true, error=}, children=[], clickable=false, enabled=true, focused=false, checked=false, selected=false), TreeNode(attributes={text=, accessibilityText=, hintText=, ignoreBoundsFiltering=false, resource-id=, clickable=false, bounds=[184,681][268,783], enabled=true, focused=false, checked=false, scrollable=false, selected=false, class=android.view.ViewGroup, important-for-accessibility=false, error=}, children=[TreeNode(attributes={text=, accessibilityText=, hintText=, ignoreBoundsFiltering=false, resource-id=, clickable=false, bounds=[184,684][268,780], enabled=true, focused=false, checked=false, scrollable=false, selected=false, class=android.widget.ImageView, important-for-accessibility=false, error=}, children=[], clickable=false, enabled=true, focused=false, checked=false, selected=false), TreeNode(attributes={text=, accessibilityText=, hintText=, ignoreBoundsFiltering=false, resource-id=, clickable=false, bounds=[195,704][257,772], enabled=true, focused=false, checked=false, scrollable=false, selected=false, class=android.widget.ImageView, important-for-accessibility=false, error=}, children=[], clickable=false, enabled=true, focused=false, checked=false, selected=false)], clickable=false, enabled=true, focused=false, checked=false, selected=false), TreeNode(attributes={text=, accessibilityText=, hintText=, ignoreBoundsFiltering=false, resource-id=, clickable=false, bounds=[276,681][360,783], enabled=true, focused=false, checked=false, scrollable=false, selected=false, class=android.view.ViewGroup, important-for-accessibility=false, error=}, children=[TreeNode(attributes={text=, accessibilityText=, hintText=, ignoreBoundsFiltering=false, resource-id=, clickable=false, bounds=[276,684][360,780], enabled=true, focused=false, checked=false, scrollable=false, selected=false, class=android.widget.ImageView, important-for-accessibility=false, error=}, children=[], clickable=false, enabled=true, focused=false, checked=false, selected=false), TreeNode(attributes={text=, accessibilityText=, hintText=, ignoreBoundsFiltering=false, resource-id=, clickable=false, bounds=[287,704][349,772], enabled=true, focused=false, checked=false, scrollable=false, selected=false, class=android.widget.ImageView, important-for-accessibility=false, error=}, children=[], clickable=false, enabled=true, focused=false, checked=false, selected=false)], clickable=false, enabled=true, focused=false, checked=false, selected=false), TreeNode(attributes={text=, accessibilityText=, hintText=, ignoreBoundsFiltering=false, resource-id=, clickable=false, bounds=[368,681][452,783], enabled=true, focused=false, checked=false, scrollable=false, selected=false, class=android.view.ViewGroup, important-for-accessibility=false, error=}, children=[TreeNode(attributes={text=, accessibilityText=, hintText=, ignoreBoundsFiltering=false, resource-id=, clickable=false, bounds=[368,684][452,780], enabled=true, focused=false, checked=false, scrollable=false, selected=false, class=android.widget.ImageView, important-for-accessibility=false, error=}, children=[], clickable=false, enabled=true, focused=false, checked=false, selected=false), TreeNode(attributes={text=, accessibilityText=, hintText=, ignoreBoundsFiltering=false, resource-id=, clickable=false, bounds=[379,704][441,772], enabled=true, focused=false, checked=false, scrollable=false, selected=false, class=android.widget.ImageView, important-for-accessibility=false, error=}, children=[], clickable=false, enabled=true, focused=false, checked=false, selected=false)], clickable=false, enabled=true, focused=false, checked=false, selected=false), TreeNode(attributes={text=, accessibilityText=, hintText=, ignoreBoundsFiltering=false, resource-id=, clickable=false, bounds=[629,681][713,783], enabled=true, focused=false, checked=false, scrollable=false, selected=false, class=android.view.ViewGroup, important-for-accessibility=false, error=}, children=[TreeNode(attributes={text=, accessibilityText=, hintText=, ignoreBoundsFiltering=false, resource-id=, clickable=false, bounds=[629,684][713,780], enabled=true, focused=false, checked=false, scrollable=false, selected=false, class=android.widget.ImageView, important-for-accessibility=false, error=}, children=[], clickable=false, enabled=true, focused=false, checked=false, selected=false), TreeNode(attributes={text=, accessibilityText=, hintText=, ignoreBoundsFiltering=false, resource-id=, clickable=false, bounds=[640,704][702,772], enabled=true, focused=false, checked=false, scrollable=false, selected=false, class=android.widget.ImageView, important-for-accessibility=false, error=}, children=[], clickable=false, enabled=true, focused=false, checked=false, selected=false)], clickable=false, enabled=true, focused=false, checked=false, selected=false), TreeNode(attributes={text=, accessibilityText=, hintText=, ignoreBoundsFiltering=false, resource-id=, clickable=false, bounds=[721,681][805,783], enabled=true, focused=false, checked=false, scrollable=false, selected=false, class=android.view.ViewGroup, important-for-accessibility=false, error=}, children=[TreeNode(attributes={text=, accessibilityText=, hintText=, ignoreBoundsFiltering=false, resource-id=, clickable=false, bounds=[721,684][805,780], enabled=true, focused=false, checked=false, scrollable=false, selected=false, class=android.widget.ImageView, important-for-accessibility=false, error=}, children=[], clickable=false, enabled=true, focused=false, checked=false, selected=false), TreeNode(attributes={text=, accessibilityText=, hintText=, ignoreBoundsFiltering=false, resource-id=, clickable=false, bounds=[732,704][794,772], enabled=true, focused=false, checked=false, scrollable=false, selected=false, class=android.widget.ImageView, important-for-accessibility=false, error=}, children=[], clickable=false, enabled=true, focused=false, checked=false, selected=false)], clickable=false, enabled=true, focused=false, checked=false, selected=false), TreeNode(attributes={text=, accessibilityText=, hintText=, ignoreBoundsFiltering=false, resource-id=, clickable=false, bounds=[813,681][897,783], enabled=true, focused=false, checked=false, scrollable=false, selected=false, class=android.view.ViewGroup, important-for-accessibility=false, error=}, children=[TreeNode(attributes={text=, accessibilityText=, hintText=, ignoreBoundsFiltering=false, resource-id=, clickable=false, bounds=[813,684][897,780], enabled=true, focused=false, checked=false, scrollable=false, selected=false, class=android.widget.ImageView, important-for-accessibility=false, error=}, children=[], clickable=false, enabled=true, focused=false, checked=false, selected=false), TreeNode(attributes={text=, accessibilityText=, hintText=, ignoreBoundsFiltering=false, resource-id=, clickable=false, bounds=[824,704][886,772], enabled=true, focused=false, checked=false, scrollable=false, selected=false, class=android.widget.ImageView, important-for-accessibility=false, error=}, children=[], clickable=false, enabled=true, focused=false, checked=false, selected=false)], clickable=false, enabled=true, focused=false, checked=false, selected=false)], clickable=true, enabled=true, focused=false, checked=false, selected=false), bounds=Bounds(x=53, y=404, width=975, height=442))
09:03:31.745 [ INFO] maestro.Maestro.tap-HgV9Ck0: Tap aimed via settled hierarchy
09:03:31.746 [ INFO] maestro.Maestro.hierarchyBasedTap-ogj28Uc: Tapping at (540, 625) using hierarchy based logic for wait
09:03:32.572 [ INFO] maestro.Maestro.hierarchyBasedTap-ogj28Uc: Something has changed in the UI judging by view hierarchy. Proceed.
09:03:32.572 [ INFO] maestro.cli.runner.CliConsoleListener.onCommandFinished: Tap on id: piece-set-tsuge COMPLETED
09:03:32.572 [ INFO] maestro.cli.runner.CliConsoleListener.onCommandStart: Assert that id: piece-set-tsuge is visible RUNNING
09:03:32.647 [ INFO] maestro.cli.runner.CliConsoleListener.onCommandFinished: Assert that id: piece-set-tsuge is visible COMPLETED
09:03:32.648 [ INFO] maestro.cli.runner.CliConsoleListener.onCommandStart: Press Back key RUNNING
09:03:32.648 [ INFO] maestro.Maestro.pressKey: Pressing key BACK
09:03:33.460 [ INFO] maestro.cli.runner.CliConsoleListener.onCommandFinished: Press Back key COMPLETED
09:03:33.460 [ INFO] maestro.cli.runner.CliConsoleListener.onCommandStart: Scrolling DOWN until "表示テーマ" is visible with speed 40, visibility percentage 100%, timeout 20000 ms, with centering disabled RUNNING
09:03:34.127 [ WARN] maestro.orchestra.Orchestra.scrollUntilVisible: Error: maestro.MaestroException$ElementNotFound: Element not found: Text matching regex: 表示テーマ
09:03:34.168 [ INFO] maestro.Maestro.swipeFromCenter: Swiping UP from center
09:03:35.772 [ INFO] maestro.orchestra.Orchestra.scrollUntilVisible: Scrolling try count: 0, DeviceWidth: 1080, DeviceWidth: 2400
09:03:35.773 [ INFO] maestro.orchestra.Orchestra.scrollUntilVisible: Element bounds: Bounds(x=96, y=1733, width=645, height=66)
09:03:35.773 [ INFO] maestro.orchestra.Orchestra.scrollUntilVisible: Visibility Percent: 1.0
09:03:35.773 [ INFO] maestro.orchestra.Orchestra.scrollUntilVisible: Command centerElement: ScrollUntilVisibleCommand(selector=ElementSelector(textRegex=表示テーマ, idRegex=null, size=null, below=null, above=null, leftOf=null, rightOf=null, containsChild=null, containsDescendants=null, traits=null, index=null, enabled=null, optional=false, selected=null, checked=null, focused=null, childOf=null, css=null), direction=DOWN, scrollDuration=601, visibilityPercentage=100, timeout=20000, waitToSettleTimeoutMs=null, centerElement=false, originalSpeedValue=40, label=null, optional=false).centerElement
09:03:35.773 [ INFO] maestro.orchestra.Orchestra.scrollUntilVisible: visibilityPercentageNormalized: 1.0
09:03:35.773 [ INFO] maestro.cli.runner.CliConsoleListener.onCommandFinished: Scrolling DOWN until "表示テーマ" is visible with speed 40, visibility percentage 100%, timeout 20000 ms, with centering disabled COMPLETED
09:03:35.773 [ INFO] maestro.cli.runner.CliConsoleListener.onCommandStart: Tap on "表示テーマ" RUNNING
09:03:35.890 [ INFO] maestro.Maestro.tap-HgV9Ck0: Tapping on element:  UiElement(treeNode=TreeNode(attributes={text=表示テーマ, accessibilityText=, hintText=, ignoreBoundsFiltering=false, resource-id=, clickable=false, bounds=[96,1733][741,1799], enabled=true, focused=false, checked=false, scrollable=false, selected=false, class=android.widget.TextView, important-for-accessibility=true, error=}, children=[], clickable=false, enabled=true, focused=false, checked=false, selected=false), bounds=Bounds(x=96, y=1733, width=645, height=66))
09:03:37.120 [ INFO] maestro.Maestro.tap-HgV9Ck0: Tap aimed via settled hierarchy
09:03:37.120 [ INFO] maestro.Maestro.hierarchyBasedTap-ogj28Uc: Tapping at (418, 1766) using hierarchy based logic for wait
09:03:38.250 [ INFO] maestro.Maestro.hierarchyBasedTap-ogj28Uc: Something has changed in the UI judging by view hierarchy. Proceed.
09:03:38.251 [ INFO] maestro.cli.runner.CliConsoleListener.onCommandFinished: Tap on "表示テーマ" COMPLETED
09:03:38.251 [ INFO] maestro.cli.runner.CliConsoleListener.onCommandStart: Tap on "ライト" RUNNING
09:03:38.307 [ INFO] maestro.Maestro.tap-HgV9Ck0: Tapping on element:  UiElement(treeNode=TreeNode(attributes={text=ライト, accessibilityText=, hintText=, ignoreBoundsFiltering=false, resource-id=, clickable=false, bounds=[42,2001][168,2063], enabled=true, focused=false, checked=false, scrollable=false, selected=false, class=android.widget.TextView, important-for-accessibility=true, error=}, children=[], clickable=false, enabled=true, focused=false, checked=false, selected=false), bounds=Bounds(x=42, y=2001, width=126, height=62))
09:03:39.559 [ INFO] maestro.Maestro.tap-HgV9Ck0: Tap aimed via settled hierarchy
09:03:39.560 [ INFO] maestro.Maestro.hierarchyBasedTap-ogj28Uc: Tapping at (105, 2032) using hierarchy based logic for wait
09:03:40.872 [ INFO] maestro.Maestro.hierarchyBasedTap-ogj28Uc: Something has changed in the UI judging by view hierarchy. Proceed.
09:03:40.872 [ INFO] maestro.cli.runner.CliConsoleListener.onCommandFinished: Tap on "ライト" COMPLETED
09:03:40.872 [ INFO] maestro.cli.runner.CliConsoleListener.onCommandStart: Tap on id: tab-games RUNNING
09:03:40.996 [ INFO] maestro.Maestro.tap-HgV9Ck0: Tapping on element:  UiElement(treeNode=TreeNode(attributes={text=, accessibilityText=, 棋譜, hintText=, ignoreBoundsFiltering=false, resource-id=tab-games, clickable=true, bounds=[0,2207][360,2337], enabled=true, focused=false, checked=false, scrollable=false, selected=false, class=android.view.View, important-for-accessibility=true, error=}, children=[TreeNode(attributes={text=, accessibilityText=, hintText=, ignoreBoundsFiltering=false, resource-id=, clickable=false, bounds=[150,2227][212,2288], enabled=true, focused=false, checked=false, scrollable=false, selected=false, class=android.widget.TextView, important-for-accessibility=true, error=}, children=[], clickable=false, enabled=true, focused=false, checked=false, selected=false), TreeNode(attributes={text=棋譜, accessibilityText=, hintText=, ignoreBoundsFiltering=false, resource-id=, clickable=false, bounds=[151,2293][209,2336], enabled=true, focused=false, checked=false, scrollable=false, selected=false, class=android.widget.TextView, important-for-accessibility=true, error=}, children=[], clickable=false, enabled=true, focused=false, checked=false, selected=false)], clickable=true, enabled=true, focused=false, checked=false, selected=false), bounds=Bounds(x=0, y=2207, width=360, height=130))
09:03:42.235 [ INFO] maestro.Maestro.tap-HgV9Ck0: Tap aimed via settled hierarchy
09:03:42.236 [ INFO] maestro.Maestro.hierarchyBasedTap-ogj28Uc: Tapping at (180, 2272) using hierarchy based logic for wait
09:03:43.339 [ INFO] maestro.Maestro.hierarchyBasedTap-ogj28Uc: Something has changed in the UI judging by view hierarchy. Proceed.
09:03:43.339 [ INFO] maestro.cli.runner.CliConsoleListener.onCommandFinished: Tap on id: tab-games COMPLETED
