09:23:30.860 [ INFO] maestro.cli.runner.CliConsoleListener.onCommandStart: Define variables RUNNING
09:23:30.862 [ INFO] maestro.cli.runner.CliConsoleListener.onCommandFinished: Define variables COMPLETED
09:23:30.863 [ INFO] maestro.cli.runner.CliConsoleListener.onCommandStart: Define variables RUNNING
09:23:31.334 [ INFO] maestro.cli.runner.CliConsoleListener.onCommandFinished: Define variables COMPLETED
09:23:31.334 [ INFO] maestro.cli.runner.CliConsoleListener.onCommandStart: Apply configuration RUNNING
09:23:31.335 [ INFO] maestro.cli.runner.CliConsoleListener.onCommandFinished: Apply configuration COMPLETED
09:23:31.335 [ INFO] maestro.cli.runner.CliConsoleListener.onCommandStart: Launch app "com.meeshogi.app" RUNNING
09:23:31.841 [ INFO] maestro.Maestro.launchApp$lambda$5: Launching app com.meeshogi.app
09:23:31.841 [ INFO] maestro.Maestro.launchApp$lambda$5: Stopping com.meeshogi.app app during launch
09:23:32.018 [ INFO] maestro.cli.runner.CliConsoleListener.onCommandFinished: Launch app "com.meeshogi.app" COMPLETED
09:23:32.018 [ INFO] maestro.cli.runner.CliConsoleListener.onCommandStart: Assert that id: library-screen is visible RUNNING
09:23:35.331 [ INFO] maestro.cli.runner.CliConsoleListener.onCommandFinished: Assert that id: library-screen is visible COMPLETED
09:23:35.332 [ INFO] maestro.cli.runner.CliConsoleListener.onCommandStart: Run flow when ".*検証先手.*" is visible RUNNING
09:23:35.773 [ INFO] maestro.cli.runner.CliConsoleListener.onCommandStart: Scrolling DOWN until ".*検証先手.*" is visible with speed 40, visibility percentage 100%, timeout 20000 ms, with centering disabled RUNNING
09:23:35.891 [ INFO] maestro.orchestra.Orchestra.scrollUntilVisible: Scrolling try count: 0, DeviceWidth: 1080, DeviceWidth: 2400
09:23:35.893 [ INFO] maestro.orchestra.Orchestra.scrollUntilVisible: Element bounds: Bounds(x=184, y=1181, width=428, height=66)
09:23:35.894 [ INFO] maestro.orchestra.Orchestra.scrollUntilVisible: Visibility Percent: 1.0
09:23:35.901 [ INFO] maestro.orchestra.Orchestra.scrollUntilVisible: Command centerElement: ScrollUntilVisibleCommand(selector=ElementSelector(textRegex=.*検証先手.*, idRegex=null, size=null, below=null, above=null, leftOf=null, rightOf=null, containsChild=null, containsDescendants=null, traits=null, index=null, enabled=null, optional=false, selected=null, checked=null, focused=null, childOf=null, css=null), direction=DOWN, scrollDuration=601, visibilityPercentage=100, timeout=20000, waitToSettleTimeoutMs=null, centerElement=false, originalSpeedValue=40, label=null, optional=false).centerElement
09:23:35.902 [ INFO] maestro.orchestra.Orchestra.scrollUntilVisible: visibilityPercentageNormalized: 1.0
09:23:35.902 [ INFO] maestro.cli.runner.CliConsoleListener.onCommandFinished: Scrolling DOWN until ".*検証先手.*" is visible with speed 40, visibility percentage 100%, timeout 20000 ms, with centering disabled COMPLETED
09:23:35.902 [ INFO] maestro.cli.runner.CliConsoleListener.onCommandStart: Tap on ".*検証先手.*" RUNNING
09:23:36.011 [ INFO] maestro.Maestro.tap-HgV9Ck0: Tapping on element:  UiElement(treeNode=TreeNode(attributes={text=検証先手 対 検証後手, accessibilityText=, hintText=, ignoreBoundsFiltering=false, resource-id=, clickable=false, bounds=[184,1181][612,1247], enabled=true, focused=false, checked=false, scrollable=false, selected=false, class=android.widget.TextView, important-for-accessibility=true, error=}, children=[], clickable=false, enabled=true, focused=false, checked=false, selected=false), bounds=Bounds(x=184, y=1181, width=428, height=66))
09:23:37.298 [ INFO] maestro.Maestro.tap-HgV9Ck0: Tap aimed via settled hierarchy
09:23:37.302 [ INFO] maestro.Maestro.hierarchyBasedTap-ogj28Uc: Tapping at (398, 1214) using hierarchy based logic for wait
09:23:38.776 [ INFO] maestro.Maestro.hierarchyBasedTap-ogj28Uc: Something has changed in the UI judging by view hierarchy. Proceed.
09:23:38.776 [ INFO] maestro.cli.runner.CliConsoleListener.onCommandFinished: Tap on ".*検証先手.*" COMPLETED
09:23:38.776 [ INFO] maestro.cli.runner.CliConsoleListener.onCommandStart: Assert that id: game-screen is visible RUNNING
09:23:38.977 [ INFO] maestro.cli.runner.CliConsoleListener.onCommandFinished: Assert that id: game-screen is visible COMPLETED
09:23:38.977 [ INFO] maestro.cli.runner.CliConsoleListener.onCommandStart: Tap on "棋譜の操作" RUNNING
09:23:39.164 [ INFO] maestro.Maestro.tap-HgV9Ck0: Tapping on element:  UiElement(treeNode=TreeNode(attributes={text=, accessibilityText=棋譜の操作, hintText=, ignoreBoundsFiltering=false, resource-id=, clickable=true, bounds=[923,151][1038,267], enabled=true, focused=false, checked=false, scrollable=false, selected=false, class=android.widget.Button, important-for-accessibility=true, error=}, children=[TreeNode(attributes={text=, accessibilityText=, hintText=, ignoreBoundsFiltering=false, resource-id=, clickable=false, bounds=[951,179][1012,240], enabled=true, focused=false, checked=false, scrollable=false, selected=false, class=android.widget.TextView, important-for-accessibility=true, error=}, children=[], clickable=false, enabled=true, focused=false, checked=false, selected=false)], clickable=true, enabled=true, focused=false, checked=false, selected=false), bounds=Bounds(x=923, y=151, width=115, height=116))
09:23:40.444 [ INFO] maestro.Maestro.tap-HgV9Ck0: Tap aimed via settled hierarchy
09:23:40.446 [ INFO] maestro.Maestro.hierarchyBasedTap-ogj28Uc: Tapping at (980, 209) using hierarchy based logic for wait
09:23:41.864 [ INFO] maestro.Maestro.hierarchyBasedTap-ogj28Uc: Something has changed in the UI judging by view hierarchy. Proceed.
09:23:41.864 [ INFO] maestro.cli.runner.CliConsoleListener.onCommandFinished: Tap on "棋譜の操作" COMPLETED
09:23:41.864 [ INFO] maestro.cli.runner.CliConsoleListener.onCommandStart: Tap on "対局情報を確認・修正" RUNNING
09:23:41.960 [ INFO] maestro.Maestro.tap-HgV9Ck0: Tapping on element:  UiElement(treeNode=TreeNode(attributes={text=対局情報を確認・修正, accessibilityText=, hintText=, ignoreBoundsFiltering=false, resource-id=, clickable=false, bounds=[42,2001][462,2063], enabled=true, focused=false, checked=false, scrollable=false, selected=false, class=android.widget.TextView, important-for-accessibility=true, error=}, children=[], clickable=false, enabled=true, focused=false, checked=false, selected=false), bounds=Bounds(x=42, y=2001, width=420, height=62))
09:23:43.480 [ INFO] maestro.Maestro.tap-HgV9Ck0: Tap aimed via settled hierarchy
09:23:43.481 [ INFO] maestro.Maestro.hierarchyBasedTap-ogj28Uc: Tapping at (252, 2032) using hierarchy based logic for wait
09:23:45.106 [ INFO] maestro.Maestro.hierarchyBasedTap-ogj28Uc: Something has changed in the UI judging by view hierarchy. Proceed.
09:23:45.107 [ INFO] maestro.cli.runner.CliConsoleListener.onCommandFinished: Tap on "対局情報を確認・修正" COMPLETED
09:23:45.107 [ INFO] maestro.cli.runner.CliConsoleListener.onCommandStart: Scrolling DOWN until "この棋譜を削除" is visible with speed 40, visibility percentage 100%, timeout 20000 ms, with centering disabled RUNNING
09:23:45.188 [ INFO] maestro.orchestra.Orchestra.scrollUntilVisible: Scrolling try count: 0, DeviceWidth: 1080, DeviceWidth: 2400
09:23:45.188 [ INFO] maestro.orchestra.Orchestra.scrollUntilVisible: Element bounds: Bounds(x=123, y=2387, width=315, height=13)
09:23:45.188 [ INFO] maestro.orchestra.Orchestra.scrollUntilVisible: Visibility Percent: 1.0
09:23:45.188 [ INFO] maestro.orchestra.Orchestra.scrollUntilVisible: Command centerElement: ScrollUntilVisibleCommand(selector=ElementSelector(textRegex=この棋譜を削除, idRegex=null, size=null, below=null, above=null, leftOf=null, rightOf=null, containsChild=null, containsDescendants=null, traits=null, index=null, enabled=null, optional=false, selected=null, checked=null, focused=null, childOf=null, css=null), direction=DOWN, scrollDuration=601, visibilityPercentage=100, timeout=20000, waitToSettleTimeoutMs=null, centerElement=false, originalSpeedValue=40, label=null, optional=false).centerElement
09:23:45.189 [ INFO] maestro.orchestra.Orchestra.scrollUntilVisible: visibilityPercentageNormalized: 1.0
09:23:45.189 [ INFO] maestro.cli.runner.CliConsoleListener.onCommandFinished: Scrolling DOWN until "この棋譜を削除" is visible with speed 40, visibility percentage 100%, timeout 20000 ms, with centering disabled COMPLETED
09:23:45.189 [ INFO] maestro.cli.runner.CliConsoleListener.onCommandStart: Tap on "この棋譜を削除" RUNNING
09:23:45.262 [ INFO] maestro.Maestro.tap-HgV9Ck0: Tapping on element:  UiElement(treeNode=TreeNode(attributes={text=この棋譜を削除, accessibilityText=, hintText=, ignoreBoundsFiltering=false, resource-id=, clickable=false, bounds=[123,2387][438,2400], enabled=true, focused=false, checked=false, scrollable=false, selected=false, class=android.widget.TextView, important-for-accessibility=true, error=}, children=[], clickable=false, enabled=true, focused=false, checked=false, selected=false), bounds=Bounds(x=123, y=2387, width=315, height=13))
09:23:46.614 [ INFO] maestro.Maestro.tap-HgV9Ck0: Tap aimed via settled hierarchy
09:23:46.615 [ INFO] maestro.Maestro.hierarchyBasedTap-ogj28Uc: Tapping at (280, 2393) using hierarchy based logic for wait
09:23:47.531 [ INFO] maestro.Maestro.hierarchyBasedTap-ogj28Uc: Something has changed in the UI judging by view hierarchy. Proceed.
09:23:47.532 [ INFO] maestro.cli.runner.CliConsoleListener.onCommandFinished: Tap on "この棋譜を削除" COMPLETED
09:23:47.532 [ INFO] maestro.cli.runner.CliConsoleListener.onCommandStart: Assert that "棋譜を削除しますか？" is visible RUNNING
09:23:47.588 [ INFO] maestro.cli.runner.CliConsoleListener.onCommandFinished: Assert that "棋譜を削除しますか？" is visible COMPLETED
09:23:47.588 [ INFO] maestro.cli.runner.CliConsoleListener.onCommandStart: Tap on "削除" RUNNING
09:23:47.688 [ INFO] maestro.Maestro.tap-HgV9Ck0: Tapping on element:  UiElement(treeNode=TreeNode(attributes={text=削除, accessibilityText=, hintText=, ignoreBoundsFiltering=false, resource-id=android:id/button1, clickable=true, bounds=[810,1301][978,1443], enabled=true, focused=false, checked=false, scrollable=false, selected=false, class=android.widget.Button, important-for-accessibility=true, error=}, children=[], clickable=true, enabled=true, focused=false, checked=false, selected=false), bounds=Bounds(x=810, y=1301, width=168, height=142))
09:23:48.867 [ INFO] maestro.Maestro.tap-HgV9Ck0: Tap aimed via settled hierarchy
09:23:48.868 [ INFO] maestro.Maestro.hierarchyBasedTap-ogj28Uc: Tapping at (894, 1372) using hierarchy based logic for wait
09:23:50.249 [ INFO] maestro.Maestro.hierarchyBasedTap-ogj28Uc: Something has changed in the UI judging by view hierarchy. Proceed.
09:23:50.249 [ INFO] maestro.cli.runner.CliConsoleListener.onCommandFinished: Tap on "削除" COMPLETED
09:23:50.249 [ INFO] maestro.cli.runner.CliConsoleListener.onCommandStart: Assert that id: library-screen is visible RUNNING
09:23:50.374 [ INFO] maestro.cli.runner.CliConsoleListener.onCommandFinished: Assert that id: library-screen is visible COMPLETED
09:23:50.374 [ INFO] maestro.cli.runner.CliConsoleListener.onCommandFinished: Run flow when ".*検証先手.*" is visible COMPLETED
09:23:50.374 [ INFO] maestro.cli.runner.CliConsoleListener.onCommandStart: Run flow when ".*検証先手.*" is visible RUNNING
09:23:50.486 [ INFO] maestro.cli.runner.CliConsoleListener.onCommandStart: Scrolling DOWN until ".*検証先手.*" is visible with speed 40, visibility percentage 100%, timeout 20000 ms, with centering disabled RUNNING
09:23:50.603 [ INFO] maestro.orchestra.Orchestra.scrollUntilVisible: Scrolling try count: 0, DeviceWidth: 1080, DeviceWidth: 2400
09:23:50.603 [ INFO] maestro.orchestra.Orchestra.scrollUntilVisible: Element bounds: Bounds(x=184, y=1181, width=489, height=66)
09:23:50.603 [ INFO] maestro.orchestra.Orchestra.scrollUntilVisible: Visibility Percent: 1.0
09:23:50.603 [ INFO] maestro.orchestra.Orchestra.scrollUntilVisible: Command centerElement: ScrollUntilVisibleCommand(selector=ElementSelector(textRegex=.*検証先手.*, idRegex=null, size=null, below=null, above=null, leftOf=null, rightOf=null, containsChild=null, containsDescendants=null, traits=null, index=null, enabled=null, optional=false, selected=null, checked=null, focused=null, childOf=null, css=null), direction=DOWN, scrollDuration=601, visibilityPercentage=100, timeout=20000, waitToSettleTimeoutMs=null, centerElement=false, originalSpeedValue=40, label=null, optional=false).centerElement
09:23:50.603 [ INFO] maestro.orchestra.Orchestra.scrollUntilVisible: visibilityPercentageNormalized: 1.0
09:23:50.603 [ INFO] maestro.cli.runner.CliConsoleListener.onCommandFinished: Scrolling DOWN until ".*検証先手.*" is visible with speed 40, visibility percentage 100%, timeout 20000 ms, with centering disabled COMPLETED
09:23:50.603 [ INFO] maestro.cli.runner.CliConsoleListener.onCommandStart: Tap on ".*検証先手.*" RUNNING
09:23:50.713 [ INFO] maestro.Maestro.tap-HgV9Ck0: Tapping on element:  UiElement(treeNode=TreeNode(attributes={text=検証先手G 対 検証後手G, accessibilityText=, hintText=, ignoreBoundsFiltering=false, resource-id=, clickable=false, bounds=[184,1181][673,1247], enabled=true, focused=false, checked=false, scrollable=false, selected=false, class=android.widget.TextView, important-for-accessibility=true, error=}, children=[], clickable=false, enabled=true, focused=false, checked=false, selected=false), bounds=Bounds(x=184, y=1181, width=489, height=66))
09:23:51.975 [ INFO] maestro.Maestro.tap-HgV9Ck0: Tap aimed via settled hierarchy
09:23:51.976 [ INFO] maestro.Maestro.hierarchyBasedTap-ogj28Uc: Tapping at (428, 1214) using hierarchy based logic for wait
09:23:53.506 [ INFO] maestro.Maestro.hierarchyBasedTap-ogj28Uc: Something has changed in the UI judging by view hierarchy. Proceed.
09:23:53.506 [ INFO] maestro.cli.runner.CliConsoleListener.onCommandFinished: Tap on ".*検証先手.*" COMPLETED
09:23:53.506 [ INFO] maestro.cli.runner.CliConsoleListener.onCommandStart: Assert that id: game-screen is visible RUNNING
09:23:53.701 [ INFO] maestro.cli.runner.CliConsoleListener.onCommandFinished: Assert that id: game-screen is visible COMPLETED
09:23:53.702 [ INFO] maestro.cli.runner.CliConsoleListener.onCommandStart: Tap on "棋譜の操作" RUNNING
09:23:53.858 [ INFO] maestro.Maestro.tap-HgV9Ck0: Tapping on element:  UiElement(treeNode=TreeNode(attributes={text=, accessibilityText=棋譜の操作, hintText=, ignoreBoundsFiltering=false, resource-id=, clickable=true, bounds=[923,151][1038,267], enabled=true, focused=false, checked=false, scrollable=false, selected=false, class=android.widget.Button, important-for-accessibility=true, error=}, children=[TreeNode(attributes={text=, accessibilityText=, hintText=, ignoreBoundsFiltering=false, resource-id=, clickable=false, bounds=[951,179][1012,240], enabled=true, focused=false, checked=false, scrollable=false, selected=false, class=android.widget.TextView, important-for-accessibility=true, error=}, children=[], clickable=false, enabled=true, focused=false, checked=false, selected=false)], clickable=true, enabled=true, focused=false, checked=false, selected=false), bounds=Bounds(x=923, y=151, width=115, height=116))
09:23:55.160 [ INFO] maestro.Maestro.tap-HgV9Ck0: Tap aimed via settled hierarchy
09:23:55.161 [ INFO] maestro.Maestro.hierarchyBasedTap-ogj28Uc: Tapping at (980, 209) using hierarchy based logic for wait
09:23:56.332 [ INFO] maestro.Maestro.hierarchyBasedTap-ogj28Uc: Something has changed in the UI judging by view hierarchy. Proceed.
09:23:56.332 [ INFO] maestro.cli.runner.CliConsoleListener.onCommandFinished: Tap on "棋譜の操作" COMPLETED
09:23:56.332 [ INFO] maestro.cli.runner.CliConsoleListener.onCommandStart: Tap on "対局情報を確認・修正" RUNNING
09:23:56.387 [ INFO] maestro.Maestro.tap-HgV9Ck0: Tapping on element:  UiElement(treeNode=TreeNode(attributes={text=対局情報を確認・修正, accessibilityText=, hintText=, ignoreBoundsFiltering=false, resource-id=, clickable=false, bounds=[42,2001][462,2063], enabled=true, focused=false, checked=false, scrollable=false, selected=false, class=android.widget.TextView, important-for-accessibility=true, error=}, children=[], clickable=false, enabled=true, focused=false, checked=false, selected=false), bounds=Bounds(x=42, y=2001, width=420, height=62))
09:23:57.796 [ INFO] maestro.Maestro.tap-HgV9Ck0: Tap aimed via settled hierarchy
09:23:57.797 [ INFO] maestro.Maestro.hierarchyBasedTap-ogj28Uc: Tapping at (252, 2032) using hierarchy based logic for wait
09:23:59.367 [ INFO] maestro.Maestro.hierarchyBasedTap-ogj28Uc: Something has changed in the UI judging by view hierarchy. Proceed.
09:23:59.367 [ INFO] maestro.cli.runner.CliConsoleListener.onCommandFinished: Tap on "対局情報を確認・修正" COMPLETED
09:23:59.367 [ INFO] maestro.cli.runner.CliConsoleListener.onCommandStart: Scrolling DOWN until "この棋譜を削除" is visible with speed 40, visibility percentage 100%, timeout 20000 ms, with centering disabled RUNNING
09:23:59.406 [ INFO] maestro.orchestra.Orchestra.scrollUntilVisible: Scrolling try count: 0, DeviceWidth: 1080, DeviceWidth: 2400
09:23:59.406 [ INFO] maestro.orchestra.Orchestra.scrollUntilVisible: Element bounds: Bounds(x=123, y=2387, width=315, height=13)
09:23:59.406 [ INFO] maestro.orchestra.Orchestra.scrollUntilVisible: Visibility Percent: 1.0
09:23:59.406 [ INFO] maestro.orchestra.Orchestra.scrollUntilVisible: Command centerElement: ScrollUntilVisibleCommand(selector=ElementSelector(textRegex=この棋譜を削除, idRegex=null, size=null, below=null, above=null, leftOf=null, rightOf=null, containsChild=null, containsDescendants=null, traits=null, index=null, enabled=null, optional=false, selected=null, checked=null, focused=null, childOf=null, css=null), direction=DOWN, scrollDuration=601, visibilityPercentage=100, timeout=20000, waitToSettleTimeoutMs=null, centerElement=false, originalSpeedValue=40, label=null, optional=false).centerElement
09:23:59.406 [ INFO] maestro.orchestra.Orchestra.scrollUntilVisible: visibilityPercentageNormalized: 1.0
09:23:59.407 [ INFO] maestro.cli.runner.CliConsoleListener.onCommandFinished: Scrolling DOWN until "この棋譜を削除" is visible with speed 40, visibility percentage 100%, timeout 20000 ms, with centering disabled COMPLETED
09:23:59.407 [ INFO] maestro.cli.runner.CliConsoleListener.onCommandStart: Tap on "この棋譜を削除" RUNNING
09:23:59.519 [ INFO] maestro.Maestro.tap-HgV9Ck0: Tapping on element:  UiElement(treeNode=TreeNode(attributes={text=この棋譜を削除, accessibilityText=, hintText=, ignoreBoundsFiltering=false, resource-id=, clickable=false, bounds=[123,2387][438,2400], enabled=true, focused=false, checked=false, scrollable=false, selected=false, class=android.widget.TextView, important-for-accessibility=true, error=}, children=[], clickable=false, enabled=true, focused=false, checked=false, selected=false), bounds=Bounds(x=123, y=2387, width=315, height=13))
09:24:01.446 [ INFO] maestro.Maestro.tap-HgV9Ck0: Tap aimed via settled hierarchy
09:24:01.447 [ INFO] maestro.Maestro.hierarchyBasedTap-ogj28Uc: Tapping at (280, 2393) using hierarchy based logic for wait
09:24:02.419 [ INFO] maestro.Maestro.hierarchyBasedTap-ogj28Uc: Something has changed in the UI judging by view hierarchy. Proceed.
09:24:02.420 [ INFO] maestro.cli.runner.CliConsoleListener.onCommandFinished: Tap on "この棋譜を削除" COMPLETED
09:24:02.420 [ INFO] maestro.cli.runner.CliConsoleListener.onCommandStart: Assert that "棋譜を削除しますか？" is visible RUNNING
09:24:02.475 [ INFO] maestro.cli.runner.CliConsoleListener.onCommandFinished: Assert that "棋譜を削除しますか？" is visible COMPLETED
09:24:02.476 [ INFO] maestro.cli.runner.CliConsoleListener.onCommandStart: Tap on "削除" RUNNING
09:24:02.572 [ INFO] maestro.Maestro.tap-HgV9Ck0: Tapping on element:  UiElement(treeNode=TreeNode(attributes={text=削除, accessibilityText=, hintText=, ignoreBoundsFiltering=false, resource-id=android:id/button1, clickable=true, bounds=[810,1301][978,1443], enabled=true, focused=false, checked=false, scrollable=false, selected=false, class=android.widget.Button, important-for-accessibility=true, error=}, children=[], clickable=true, enabled=true, focused=false, checked=false, selected=false), bounds=Bounds(x=810, y=1301, width=168, height=142))
09:24:03.744 [ INFO] maestro.Maestro.tap-HgV9Ck0: Tap aimed via settled hierarchy
09:24:03.744 [ INFO] maestro.Maestro.hierarchyBasedTap-ogj28Uc: Tapping at (894, 1372) using hierarchy based logic for wait
09:24:05.325 [ INFO] maestro.Maestro.hierarchyBasedTap-ogj28Uc: Something has changed in the UI judging by view hierarchy. Proceed.
09:24:05.326 [ INFO] maestro.cli.runner.CliConsoleListener.onCommandFinished: Tap on "削除" COMPLETED
09:24:05.326 [ INFO] maestro.cli.runner.CliConsoleListener.onCommandStart: Assert that id: library-screen is visible RUNNING
09:24:05.407 [ INFO] maestro.cli.runner.CliConsoleListener.onCommandFinished: Assert that id: library-screen is visible COMPLETED
09:24:05.407 [ INFO] maestro.cli.runner.CliConsoleListener.onCommandFinished: Run flow when ".*検証先手.*" is visible COMPLETED
09:24:05.407 [ INFO] maestro.cli.runner.CliConsoleListener.onCommandStart: Run flow when ".*検証先手.*" is visible RUNNING
09:24:12.493 [ INFO] maestro.orchestra.Orchestra.executeCommands: [Command execution] CommandSkipped: null
09:24:12.493 [ INFO] maestro.cli.runner.CliConsoleListener.onCommandFinished: Run flow when ".*検証先手.*" is visible SKIPPED
09:24:12.494 [ INFO] maestro.cli.runner.CliConsoleListener.onCommandStart: Assert that ".*検証先手.*" is not visible RUNNING
09:24:13.109 [ INFO] maestro.cli.runner.CliConsoleListener.onCommandFinished: Assert that ".*検証先手.*" is not visible COMPLETED
09:24:13.109 [ INFO] maestro.cli.runner.CliConsoleListener.onCommandStart: Assert that ".*最近の対局.*1局.*" is visible RUNNING
09:24:13.179 [ INFO] maestro.cli.runner.CliConsoleListener.onCommandFinished: Assert that ".*最近の対局.*1局.*" is visible COMPLETED
09:24:13.179 [ INFO] maestro.cli.runner.CliConsoleListener.onCommandStart: Take screenshot 98-cleaned-library RUNNING
09:24:13.181 [ INFO] maestro.Maestro.takeScreenshot: Taking screenshot
09:24:13.182 [TRACE] maestro.utils.ScreenshotUtils.takeScreenshot: Taking screenshot to output sink
09:24:13.439 [ INFO] maestro.cli.runner.CliConsoleListener.onCommandFinished: Take screenshot 98-cleaned-library COMPLETED
