09:24:19.912 [ INFO] maestro.cli.runner.CliConsoleListener.onCommandStart: Define variables RUNNING
09:24:19.914 [ INFO] maestro.cli.runner.CliConsoleListener.onCommandFinished: Define variables COMPLETED
09:24:19.914 [ INFO] maestro.cli.runner.CliConsoleListener.onCommandStart: Define variables RUNNING
09:24:20.371 [ INFO] maestro.cli.runner.CliConsoleListener.onCommandFinished: Define variables COMPLETED
09:24:20.372 [ INFO] maestro.cli.runner.CliConsoleListener.onCommandStart: Apply configuration RUNNING
09:24:20.372 [ INFO] maestro.cli.runner.CliConsoleListener.onCommandFinished: Apply configuration COMPLETED
09:24:20.372 [ INFO] maestro.cli.runner.CliConsoleListener.onCommandStart: Launch app "com.meeshogi.app" RUNNING
09:24:20.837 [ INFO] maestro.Maestro.launchApp$lambda$5: Launching app com.meeshogi.app
09:24:20.838 [ INFO] maestro.Maestro.launchApp$lambda$5: Stopping com.meeshogi.app app during launch
09:24:21.002 [ INFO] maestro.cli.runner.CliConsoleListener.onCommandFinished: Launch app "com.meeshogi.app" COMPLETED
09:24:21.003 [ INFO] maestro.cli.runner.CliConsoleListener.onCommandStart: Assert that id: library-screen is visible RUNNING
09:24:23.801 [ INFO] maestro.cli.runner.CliConsoleListener.onCommandFinished: Assert that id: library-screen is visible COMPLETED
09:24:23.802 [ INFO] maestro.cli.runner.CliConsoleListener.onCommandStart: Take screenshot 90-large-library-pr12 RUNNING
09:24:23.803 [ INFO] maestro.Maestro.takeScreenshot: Taking screenshot
09:24:23.805 [TRACE] maestro.utils.ScreenshotUtils.takeScreenshot: Taking screenshot to output sink
09:24:24.032 [ INFO] maestro.cli.runner.CliConsoleListener.onCommandFinished: Take screenshot 90-large-library-pr12 COMPLETED
09:24:24.032 [ INFO] maestro.cli.runner.CliConsoleListener.onCommandStart: Tap on ".*KeroPona.*" RUNNING
09:24:24.219 [ INFO] maestro.Maestro.tap-HgV9Ck0: Tapping on element:  UiElement(treeNode=TreeNode(attributes={text=KeroPona との対局, accessibilityText=, hintText=, ignoreBoundsFiltering=false, resource-id=, clickable=false, bounds=[96,721][708,792], enabled=true, focused=false, checked=false, scrollable=false, selected=false, class=android.widget.TextView, important-for-accessibility=true, error=}, children=[], clickable=false, enabled=true, focused=false, checked=false, selected=false), bounds=Bounds(x=96, y=721, width=612, height=71))
09:24:25.416 [ INFO] maestro.Maestro.tap-HgV9Ck0: Tap aimed via settled hierarchy
09:24:25.419 [ INFO] maestro.Maestro.hierarchyBasedTap-ogj28Uc: Tapping at (402, 756) using hierarchy based logic for wait
09:24:25.758 [ INFO] maestro.cli.runner.CliConsoleListener.onCommandFinished: Tap on ".*KeroPona.*" COMPLETED
09:24:25.758 [ INFO] maestro.cli.runner.CliConsoleListener.onCommandStart: Assert that id: game-screen is visible RUNNING
09:24:27.272 [ INFO] maestro.cli.runner.CliConsoleListener.onCommandFinished: Assert that id: game-screen is visible COMPLETED
09:24:27.272 [ INFO] maestro.cli.runner.CliConsoleListener.onCommandStart: Take screenshot 91-large-game-top RUNNING
09:24:27.273 [ INFO] maestro.Maestro.takeScreenshot: Taking screenshot
09:24:27.273 [TRACE] maestro.utils.ScreenshotUtils.takeScreenshot: Taking screenshot to output sink
09:24:27.443 [ INFO] maestro.cli.runner.CliConsoleListener.onCommandFinished: Take screenshot 91-large-game-top COMPLETED
09:24:27.444 [ INFO] maestro.cli.runner.CliConsoleListener.onCommandStart: Scrolling DOWN until id: evaluation-chart is visible with speed 40, visibility percentage 100%, timeout 20000 ms, with centering disabled RUNNING
09:24:27.674 [ INFO] maestro.orchestra.Orchestra.scrollUntilVisible: Scrolling try count: 0, DeviceWidth: 1080, DeviceWidth: 2400
09:24:27.674 [ INFO] maestro.orchestra.Orchestra.scrollUntilVisible: Element bounds: Bounds(x=32, y=1605, width=1017, height=254)
09:24:27.675 [ INFO] maestro.orchestra.Orchestra.scrollUntilVisible: Visibility Percent: 1.0
09:24:27.681 [ INFO] maestro.orchestra.Orchestra.scrollUntilVisible: Command centerElement: ScrollUntilVisibleCommand(selector=ElementSelector(textRegex=null, idRegex=evaluation-chart, size=null, below=null, above=null, leftOf=null, rightOf=null, containsChild=null, containsDescendants=null, traits=null, index=null, enabled=null, optional=false, selected=null, checked=null, focused=null, childOf=null, css=null), direction=DOWN, scrollDuration=601, visibilityPercentage=100, timeout=20000, waitToSettleTimeoutMs=null, centerElement=false, originalSpeedValue=40, label=null, optional=false).centerElement
09:24:27.682 [ INFO] maestro.orchestra.Orchestra.scrollUntilVisible: visibilityPercentageNormalized: 1.0
09:24:27.682 [ INFO] maestro.cli.runner.CliConsoleListener.onCommandFinished: Scrolling DOWN until id: evaluation-chart is visible with speed 40, visibility percentage 100%, timeout 20000 ms, with centering disabled COMPLETED
09:24:27.682 [ INFO] maestro.cli.runner.CliConsoleListener.onCommandStart: Take screenshot 92-large-chart RUNNING
09:24:27.682 [ INFO] maestro.Maestro.takeScreenshot: Taking screenshot
09:24:27.683 [TRACE] maestro.utils.ScreenshotUtils.takeScreenshot: Taking screenshot to output sink
09:24:27.991 [ INFO] maestro.cli.runner.CliConsoleListener.onCommandFinished: Take screenshot 92-large-chart COMPLETED
09:24:27.992 [ INFO] maestro.cli.runner.CliConsoleListener.onCommandStart: Assert that id: move-counter is visible RUNNING
09:24:28.258 [ INFO] maestro.cli.runner.CliConsoleListener.onCommandFinished: Assert that id: move-counter is visible COMPLETED
09:24:28.258 [ INFO] maestro.cli.runner.CliConsoleListener.onCommandStart: Scrolling DOWN until id: candidate-0 is visible with speed 40, visibility percentage 100%, timeout 20000 ms, with centering disabled RUNNING
09:24:28.473 [ INFO] maestro.orchestra.Orchestra.scrollUntilVisible: Scrolling try count: 0, DeviceWidth: 1080, DeviceWidth: 2400
09:24:28.473 [ INFO] maestro.orchestra.Orchestra.scrollUntilVisible: Element bounds: Bounds(x=32, y=1981, width=1017, height=159)
09:24:28.473 [ INFO] maestro.orchestra.Orchestra.scrollUntilVisible: Visibility Percent: 1.0
09:24:28.473 [ INFO] maestro.orchestra.Orchestra.scrollUntilVisible: Command centerElement: ScrollUntilVisibleCommand(selector=ElementSelector(textRegex=null, idRegex=candidate-0, size=null, below=null, above=null, leftOf=null, rightOf=null, containsChild=null, containsDescendants=null, traits=null, index=null, enabled=null, optional=false, selected=null, checked=null, focused=null, childOf=null, css=null), direction=DOWN, scrollDuration=601, visibilityPercentage=100, timeout=20000, waitToSettleTimeoutMs=null, centerElement=false, originalSpeedValue=40, label=null, optional=false).centerElement
09:24:28.473 [ INFO] maestro.orchestra.Orchestra.scrollUntilVisible: visibilityPercentageNormalized: 1.0
09:24:28.473 [ INFO] maestro.cli.runner.CliConsoleListener.onCommandFinished: Scrolling DOWN until id: candidate-0 is visible with speed 40, visibility percentage 100%, timeout 20000 ms, with centering disabled COMPLETED
09:24:28.474 [ INFO] maestro.cli.runner.CliConsoleListener.onCommandStart: Take screenshot 93-large-candidates RUNNING
09:24:28.474 [ INFO] maestro.Maestro.takeScreenshot: Taking screenshot
09:24:28.474 [TRACE] maestro.utils.ScreenshotUtils.takeScreenshot: Taking screenshot to output sink
09:24:28.620 [ INFO] maestro.cli.runner.CliConsoleListener.onCommandFinished: Take screenshot 93-large-candidates COMPLETED
09:24:28.621 [ INFO] maestro.cli.runner.CliConsoleListener.onCommandStart: Scrolling DOWN until id: analysis-status is visible with speed 40, visibility percentage 100%, timeout 20000 ms, with centering disabled RUNNING
09:24:29.337 [ WARN] maestro.orchestra.Orchestra.scrollUntilVisible: Error: maestro.MaestroException$ElementNotFound: Element not found: Id matching regex: analysis-status
09:24:29.378 [ INFO] maestro.Maestro.swipeFromCenter: Swiping UP from center
09:24:31.295 [ INFO] maestro.orchestra.Orchestra.scrollUntilVisible: Scrolling try count: 0, DeviceWidth: 1080, DeviceWidth: 2400
09:24:31.295 [ INFO] maestro.orchestra.Orchestra.scrollUntilVisible: Element bounds: Bounds(x=32, y=1920, width=1017, height=62)
09:24:31.295 [ INFO] maestro.orchestra.Orchestra.scrollUntilVisible: Visibility Percent: 1.0
09:24:31.295 [ INFO] maestro.orchestra.Orchestra.scrollUntilVisible: Command centerElement: ScrollUntilVisibleCommand(selector=ElementSelector(textRegex=null, idRegex=analysis-status, size=null, below=null, above=null, leftOf=null, rightOf=null, containsChild=null, containsDescendants=null, traits=null, index=null, enabled=null, optional=false, selected=null, checked=null, focused=null, childOf=null, css=null), direction=DOWN, scrollDuration=601, visibilityPercentage=100, timeout=20000, waitToSettleTimeoutMs=null, centerElement=false, originalSpeedValue=40, label=null, optional=false).centerElement
09:24:31.295 [ INFO] maestro.orchestra.Orchestra.scrollUntilVisible: visibilityPercentageNormalized: 1.0
09:24:31.295 [ INFO] maestro.cli.runner.CliConsoleListener.onCommandFinished: Scrolling DOWN until id: analysis-status is visible with speed 40, visibility percentage 100%, timeout 20000 ms, with centering disabled COMPLETED
09:24:31.296 [ INFO] maestro.cli.runner.CliConsoleListener.onCommandStart: Take screenshot 94-large-analysis-footer RUNNING
09:24:31.296 [ INFO] maestro.Maestro.takeScreenshot: Taking screenshot
09:24:31.296 [TRACE] maestro.utils.ScreenshotUtils.takeScreenshot: Taking screenshot to output sink
09:24:31.455 [ INFO] maestro.cli.runner.CliConsoleListener.onCommandFinished: Take screenshot 94-large-analysis-footer COMPLETED
09:24:31.456 [ INFO] maestro.cli.runner.CliConsoleListener.onCommandStart: Press Back key RUNNING
09:24:31.456 [ INFO] maestro.Maestro.pressKey: Pressing key BACK
09:24:32.296 [ INFO] maestro.cli.runner.CliConsoleListener.onCommandFinished: Press Back key COMPLETED
09:24:32.297 [ INFO] maestro.cli.runner.CliConsoleListener.onCommandStart: Assert that id: library-screen is visible RUNNING
09:24:32.871 [ INFO] maestro.cli.runner.CliConsoleListener.onCommandFinished: Assert that id: library-screen is visible COMPLETED
09:24:32.871 [ INFO] maestro.cli.runner.CliConsoleListener.onCommandStart: Tap on "設定.*" RUNNING
09:24:32.947 [ INFO] maestro.Maestro.tap-HgV9Ck0: Tapping on element:  UiElement(treeNode=TreeNode(attributes={text=設定, accessibilityText=, hintText=, ignoreBoundsFiltering=false, resource-id=, clickable=false, bounds=[862,2274][938,2330], enabled=true, focused=false, checked=false, scrollable=false, selected=false, class=android.widget.TextView, important-for-accessibility=true, error=}, children=[], clickable=false, enabled=true, focused=false, checked=false, selected=false), bounds=Bounds(x=862, y=2274, width=76, height=56))
09:24:34.172 [ INFO] maestro.Maestro.tap-HgV9Ck0: Tap aimed via settled hierarchy
09:24:34.173 [ INFO] maestro.Maestro.hierarchyBasedTap-ogj28Uc: Tapping at (900, 2302) using hierarchy based logic for wait
09:24:35.393 [ INFO] maestro.Maestro.hierarchyBasedTap-ogj28Uc: Something has changed in the UI judging by view hierarchy. Proceed.
09:24:35.394 [ INFO] maestro.cli.runner.CliConsoleListener.onCommandFinished: Tap on "設定.*" COMPLETED
09:24:35.394 [ INFO] maestro.cli.runner.CliConsoleListener.onCommandStart: Assert that id: settings-screen is visible RUNNING
09:24:35.482 [ INFO] maestro.cli.runner.CliConsoleListener.onCommandFinished: Assert that id: settings-screen is visible COMPLETED
09:24:35.482 [ INFO] maestro.cli.runner.CliConsoleListener.onCommandStart: Scrolling DOWN until id: piece-sets-link is visible with speed 40, visibility percentage 100%, timeout 20000 ms, with centering disabled RUNNING
09:24:35.605 [ INFO] maestro.orchestra.Orchestra.scrollUntilVisible: Scrolling try count: 0, DeviceWidth: 1080, DeviceWidth: 2400
09:24:35.605 [ INFO] maestro.orchestra.Orchestra.scrollUntilVisible: Element bounds: Bounds(x=54, y=1941, width=973, height=206)
09:24:35.605 [ INFO] maestro.orchestra.Orchestra.scrollUntilVisible: Visibility Percent: 1.0
09:24:35.606 [ INFO] maestro.orchestra.Orchestra.scrollUntilVisible: Command centerElement: ScrollUntilVisibleCommand(selector=ElementSelector(textRegex=null, idRegex=piece-sets-link, size=null, below=null, above=null, leftOf=null, rightOf=null, containsChild=null, containsDescendants=null, traits=null, index=null, enabled=null, optional=false, selected=null, checked=null, focused=null, childOf=null, css=null), direction=DOWN, scrollDuration=601, visibilityPercentage=100, timeout=20000, waitToSettleTimeoutMs=null, centerElement=false, originalSpeedValue=40, label=null, optional=false).centerElement
09:24:35.606 [ INFO] maestro.orchestra.Orchestra.scrollUntilVisible: visibilityPercentageNormalized: 1.0
09:24:35.606 [ INFO] maestro.cli.runner.CliConsoleListener.onCommandFinished: Scrolling DOWN until id: piece-sets-link is visible with speed 40, visibility percentage 100%, timeout 20000 ms, with centering disabled COMPLETED
09:24:35.606 [ INFO] maestro.cli.runner.CliConsoleListener.onCommandStart: Tap on id: piece-sets-link RUNNING
09:24:35.717 [ INFO] maestro.Maestro.tap-HgV9Ck0: Tapping on element:  UiElement(treeNode=TreeNode(attributes={text=, accessibilityText=駒セット, 黄楊, , hintText=, ignoreBoundsFiltering=false, resource-id=piece-sets-link, clickable=true, bounds=[54,1941][1027,2147], enabled=true, focused=false, checked=false, scrollable=false, selected=false, class=android.widget.Button, important-for-accessibility=true, error=}, children=[TreeNode(attributes={text=駒セット, accessibilityText=, hintText=, ignoreBoundsFiltering=false, resource-id=, clickable=false, bounds=[96,1967][907,2038], enabled=true, focused=false, checked=false, scrollable=false, selected=false, class=android.widget.TextView, important-for-accessibility=true, error=}, children=[], clickable=false, enabled=true, focused=false, checked=false, selected=false), TreeNode(attributes={text=黄楊, accessibilityText=, hintText=, ignoreBoundsFiltering=false, resource-id=, clickable=false, bounds=[96,2048][907,2119], enabled=true, focused=false, checked=false, scrollable=false, selected=false, class=android.widget.TextView, important-for-accessibility=true, error=}, children=[], clickable=false, enabled=true, focused=false, checked=false, selected=false), TreeNode(attributes={text=, accessibilityText=, hintText=, ignoreBoundsFiltering=false, resource-id=, clickable=false, bounds=[938,2020][986,2068], enabled=true, focused=false, checked=false, scrollable=false, selected=false, class=android.widget.TextView, important-for-accessibility=true, error=}, children=[], clickable=false, enabled=true, focused=false, checked=false, selected=false)], clickable=true, enabled=true, focused=false, checked=false, selected=false), bounds=Bounds(x=54, y=1941, width=973, height=206))
09:24:36.996 [ INFO] maestro.Maestro.tap-HgV9Ck0: Tap aimed via settled hierarchy
09:24:36.997 [ INFO] maestro.Maestro.hierarchyBasedTap-ogj28Uc: Tapping at (540, 2044) using hierarchy based logic for wait
09:24:38.224 [ INFO] maestro.Maestro.hierarchyBasedTap-ogj28Uc: Something has changed in the UI judging by view hierarchy. Proceed.
09:24:38.225 [ INFO] maestro.cli.runner.CliConsoleListener.onCommandFinished: Tap on id: piece-sets-link COMPLETED
09:24:38.225 [ INFO] maestro.cli.runner.CliConsoleListener.onCommandStart: Assert that id: piece-sets-screen is visible RUNNING
09:24:38.304 [ INFO] maestro.cli.runner.CliConsoleListener.onCommandFinished: Assert that id: piece-sets-screen is visible COMPLETED
09:24:38.304 [ INFO] maestro.cli.runner.CliConsoleListener.onCommandStart: Take screenshot 95-large-piece-sets RUNNING
09:24:38.304 [ INFO] maestro.Maestro.takeScreenshot: Taking screenshot
09:24:38.306 [TRACE] maestro.utils.ScreenshotUtils.takeScreenshot: Taking screenshot to output sink
09:24:38.513 [ INFO] maestro.cli.runner.CliConsoleListener.onCommandFinished: Take screenshot 95-large-piece-sets COMPLETED
09:24:38.513 [ INFO] maestro.cli.runner.CliConsoleListener.onCommandStart: Scrolling DOWN until id: piece-set-seiji is visible with speed 40, visibility percentage 100%, timeout 20000 ms, with centering enabled RUNNING
09:24:38.600 [ INFO] maestro.orchestra.Orchestra.scrollUntilVisible: Scrolling try count: 0, DeviceWidth: 1080, DeviceWidth: 2400
09:24:38.601 [ INFO] maestro.orchestra.Orchestra.scrollUntilVisible: Element bounds: Bounds(x=53, y=1973, width=975, height=427)
09:24:38.601 [ INFO] maestro.orchestra.Orchestra.scrollUntilVisible: Visibility Percent: 1.0
09:24:38.601 [ INFO] maestro.orchestra.Orchestra.scrollUntilVisible: Command centerElement: ScrollUntilVisibleCommand(selector=ElementSelector(textRegex=null, idRegex=piece-set-seiji, size=null, below=null, above=null, leftOf=null, rightOf=null, containsChild=null, containsDescendants=null, traits=null, index=null, enabled=null, optional=false, selected=null, checked=null, focused=null, childOf=null, css=null), direction=DOWN, scrollDuration=601, visibilityPercentage=100, timeout=20000, waitToSettleTimeoutMs=null, centerElement=true, originalSpeedValue=40, label=null, optional=false).centerElement
09:24:38.601 [ INFO] maestro.orchestra.Orchestra.scrollUntilVisible: visibilityPercentageNormalized: 1.0
09:24:38.640 [ INFO] maestro.Maestro.swipeFromCenter: Swiping UP from center
09:24:40.297 [ INFO] maestro.orchestra.Orchestra.scrollUntilVisible: Scrolling try count: 1, DeviceWidth: 1080, DeviceWidth: 2400
09:24:40.297 [ INFO] maestro.orchestra.Orchestra.scrollUntilVisible: Element bounds: Bounds(x=53, y=1827, width=975, height=468)
09:24:40.297 [ INFO] maestro.orchestra.Orchestra.scrollUntilVisible: Visibility Percent: 1.0
09:24:40.297 [ INFO] maestro.orchestra.Orchestra.scrollUntilVisible: Command centerElement: ScrollUntilVisibleCommand(selector=ElementSelector(textRegex=null, idRegex=piece-set-seiji, size=null, below=null, above=null, leftOf=null, rightOf=null, containsChild=null, containsDescendants=null, traits=null, index=null, enabled=null, optional=false, selected=null, checked=null, focused=null, childOf=null, css=null), direction=DOWN, scrollDuration=601, visibilityPercentage=100, timeout=20000, waitToSettleTimeoutMs=null, centerElement=true, originalSpeedValue=40, label=null, optional=false).centerElement
09:24:40.297 [ INFO] maestro.orchestra.Orchestra.scrollUntilVisible: visibilityPercentageNormalized: 1.0
09:24:40.337 [ INFO] maestro.Maestro.swipeFromCenter: Swiping UP from center
09:24:41.961 [ INFO] maestro.orchestra.Orchestra.scrollUntilVisible: Scrolling try count: 2, DeviceWidth: 1080, DeviceWidth: 2400
09:24:41.961 [ INFO] maestro.orchestra.Orchestra.scrollUntilVisible: Element bounds: Bounds(x=53, y=1827, width=975, height=468)
09:24:41.961 [ INFO] maestro.orchestra.Orchestra.scrollUntilVisible: Visibility Percent: 1.0
09:24:41.961 [ INFO] maestro.orchestra.Orchestra.scrollUntilVisible: Command centerElement: ScrollUntilVisibleCommand(selector=ElementSelector(textRegex=null, idRegex=piece-set-seiji, size=null, below=null, above=null, leftOf=null, rightOf=null, containsChild=null, containsDescendants=null, traits=null, index=null, enabled=null, optional=false, selected=null, checked=null, focused=null, childOf=null, css=null), direction=DOWN, scrollDuration=601, visibilityPercentage=100, timeout=20000, waitToSettleTimeoutMs=null, centerElement=true, originalSpeedValue=40, label=null, optional=false).centerElement
09:24:41.962 [ INFO] maestro.orchestra.Orchestra.scrollUntilVisible: visibilityPercentageNormalized: 1.0
09:24:42.002 [ INFO] maestro.Maestro.swipeFromCenter: Swiping UP from center
09:24:43.641 [ INFO] maestro.orchestra.Orchestra.scrollUntilVisible: Scrolling try count: 3, DeviceWidth: 1080, DeviceWidth: 2400
09:24:43.642 [ INFO] maestro.orchestra.Orchestra.scrollUntilVisible: Element bounds: Bounds(x=53, y=1827, width=975, height=468)
09:24:43.642 [ INFO] maestro.orchestra.Orchestra.scrollUntilVisible: Visibility Percent: 1.0
09:24:43.642 [ INFO] maestro.orchestra.Orchestra.scrollUntilVisible: Command centerElement: ScrollUntilVisibleCommand(selector=ElementSelector(textRegex=null, idRegex=piece-set-seiji, size=null, below=null, above=null, leftOf=null, rightOf=null, containsChild=null, containsDescendants=null, traits=null, index=null, enabled=null, optional=false, selected=null, checked=null, focused=null, childOf=null, css=null), direction=DOWN, scrollDuration=601, visibilityPercentage=100, timeout=20000, waitToSettleTimeoutMs=null, centerElement=true, originalSpeedValue=40, label=null, optional=false).centerElement
09:24:43.642 [ INFO] maestro.orchestra.Orchestra.scrollUntilVisible: visibilityPercentageNormalized: 1.0
09:24:43.681 [ INFO] maestro.Maestro.swipeFromCenter: Swiping UP from center
09:24:45.343 [ INFO] maestro.orchestra.Orchestra.scrollUntilVisible: Scrolling try count: 4, DeviceWidth: 1080, DeviceWidth: 2400
09:24:45.343 [ INFO] maestro.orchestra.Orchestra.scrollUntilVisible: Element bounds: Bounds(x=53, y=1827, width=975, height=468)
09:24:45.343 [ INFO] maestro.orchestra.Orchestra.scrollUntilVisible: Visibility Percent: 1.0
09:24:45.343 [ INFO] maestro.orchestra.Orchestra.scrollUntilVisible: Command centerElement: ScrollUntilVisibleCommand(selector=ElementSelector(textRegex=null, idRegex=piece-set-seiji, size=null, below=null, above=null, leftOf=null, rightOf=null, containsChild=null, containsDescendants=null, traits=null, index=null, enabled=null, optional=false, selected=null, checked=null, focused=null, childOf=null, css=null), direction=DOWN, scrollDuration=601, visibilityPercentage=100, timeout=20000, waitToSettleTimeoutMs=null, centerElement=true, originalSpeedValue=40, label=null, optional=false).centerElement
09:24:45.343 [ INFO] maestro.orchestra.Orchestra.scrollUntilVisible: visibilityPercentageNormalized: 1.0
09:24:45.384 [ INFO] maestro.Maestro.swipeFromCenter: Swiping UP from center
09:24:47.058 [ INFO] maestro.orchestra.Orchestra.scrollUntilVisible: Scrolling try count: 5, DeviceWidth: 1080, DeviceWidth: 2400
09:24:47.058 [ INFO] maestro.orchestra.Orchestra.scrollUntilVisible: Element bounds: Bounds(x=53, y=1827, width=975, height=468)
09:24:47.058 [ INFO] maestro.orchestra.Orchestra.scrollUntilVisible: Visibility Percent: 1.0
09:24:47.058 [ INFO] maestro.orchestra.Orchestra.scrollUntilVisible: Command centerElement: ScrollUntilVisibleCommand(selector=ElementSelector(textRegex=null, idRegex=piece-set-seiji, size=null, below=null, above=null, leftOf=null, rightOf=null, containsChild=null, containsDescendants=null, traits=null, index=null, enabled=null, optional=false, selected=null, checked=null, focused=null, childOf=null, css=null), direction=DOWN, scrollDuration=601, visibilityPercentage=100, timeout=20000, waitToSettleTimeoutMs=null, centerElement=true, originalSpeedValue=40, label=null, optional=false).centerElement
09:24:47.059 [ INFO] maestro.orchestra.Orchestra.scrollUntilVisible: visibilityPercentageNormalized: 1.0
09:24:47.059 [ INFO] maestro.cli.runner.CliConsoleListener.onCommandFinished: Scrolling DOWN until id: piece-set-seiji is visible with speed 40, visibility percentage 100%, timeout 20000 ms, with centering enabled COMPLETED
09:24:47.059 [ INFO] maestro.cli.runner.CliConsoleListener.onCommandStart: Take screenshot 96-large-piece-sets-bottom RUNNING
09:24:47.059 [ INFO] maestro.Maestro.takeScreenshot: Taking screenshot
09:24:47.060 [TRACE] maestro.utils.ScreenshotUtils.takeScreenshot: Taking screenshot to output sink
09:24:47.270 [ INFO] maestro.cli.runner.CliConsoleListener.onCommandFinished: Take screenshot 96-large-piece-sets-bottom COMPLETED
09:24:47.270 [ INFO] maestro.cli.runner.CliConsoleListener.onCommandStart: Press Back key RUNNING
09:24:47.271 [ INFO] maestro.Maestro.pressKey: Pressing key BACK
09:24:48.124 [ INFO] maestro.cli.runner.CliConsoleListener.onCommandFinished: Press Back key COMPLETED
09:24:48.125 [ INFO] maestro.cli.runner.CliConsoleListener.onCommandStart: Assert that id: settings-screen is visible RUNNING
09:24:48.238 [ INFO] maestro.cli.runner.CliConsoleListener.onCommandFinished: Assert that id: settings-screen is visible COMPLETED
09:24:48.238 [ INFO] maestro.cli.runner.CliConsoleListener.onCommandStart: Tap on id: tab-games RUNNING
09:24:48.357 [ INFO] maestro.Maestro.tap-HgV9Ck0: Tapping on element:  UiElement(treeNode=TreeNode(attributes={text=, accessibilityText=, 棋譜, hintText=, ignoreBoundsFiltering=false, resource-id=tab-games, clickable=true, bounds=[0,2188][360,2337], enabled=true, focused=false, checked=false, scrollable=false, selected=false, class=android.view.View, important-for-accessibility=true, error=}, children=[TreeNode(attributes={text=, accessibilityText=, hintText=, ignoreBoundsFiltering=false, resource-id=, clickable=false, bounds=[150,2208][212,2265], enabled=true, focused=false, checked=false, scrollable=false, selected=false, class=android.widget.TextView, important-for-accessibility=true, error=}, children=[], clickable=false, enabled=true, focused=false, checked=false, selected=false), TreeNode(attributes={text=棋譜, accessibilityText=, hintText=, ignoreBoundsFiltering=false, resource-id=, clickable=false, bounds=[142,2274][218,2330], enabled=true, focused=false, checked=false, scrollable=false, selected=false, class=android.widget.TextView, important-for-accessibility=true, error=}, children=[], clickable=false, enabled=true, focused=false, checked=false, selected=false)], clickable=true, enabled=true, focused=false, checked=false, selected=false), bounds=Bounds(x=0, y=2188, width=360, height=149))
09:24:49.616 [ INFO] maestro.Maestro.tap-HgV9Ck0: Tap aimed via settled hierarchy
09:24:49.617 [ INFO] maestro.Maestro.hierarchyBasedTap-ogj28Uc: Tapping at (180, 2262) using hierarchy based logic for wait
09:24:50.775 [ INFO] maestro.Maestro.hierarchyBasedTap-ogj28Uc: Something has changed in the UI judging by view hierarchy. Proceed.
09:24:50.776 [ INFO] maestro.cli.runner.CliConsoleListener.onCommandFinished: Tap on id: tab-games COMPLETED
09:24:50.776 [ INFO] maestro.cli.runner.CliConsoleListener.onCommandStart: Take screenshot 97-large-after-return RUNNING
09:24:50.776 [ INFO] maestro.Maestro.takeScreenshot: Taking screenshot
09:24:50.777 [TRACE] maestro.utils.ScreenshotUtils.takeScreenshot: Taking screenshot to output sink
09:24:50.928 [ INFO] maestro.cli.runner.CliConsoleListener.onCommandFinished: Take screenshot 97-large-after-return COMPLETED
