08:37:42.611 [ INFO] maestro.cli.runner.CliConsoleListener.onCommandStart: Define variables RUNNING
08:37:42.613 [ INFO] maestro.cli.runner.CliConsoleListener.onCommandFinished: Define variables COMPLETED
08:37:42.614 [ INFO] maestro.cli.runner.CliConsoleListener.onCommandStart: Apply configuration RUNNING
08:37:42.614 [ INFO] maestro.cli.runner.CliConsoleListener.onCommandFinished: Apply configuration COMPLETED
08:37:42.614 [ INFO] maestro.cli.runner.CliConsoleListener.onCommandStart: Launch app "com.meeshogi.app" RUNNING
08:37:43.107 [ INFO] maestro.Maestro.launchApp$lambda$5: Launching app com.meeshogi.app
08:37:43.107 [ INFO] maestro.Maestro.launchApp$lambda$5: Stopping com.meeshogi.app app during launch
08:37:43.276 [ INFO] maestro.cli.runner.CliConsoleListener.onCommandFinished: Launch app "com.meeshogi.app" COMPLETED
08:37:43.282 [ INFO] maestro.cli.runner.CliConsoleListener.onCommandStart: Assert that id: library-screen is visible RUNNING
08:37:46.475 [ INFO] maestro.cli.runner.CliConsoleListener.onCommandFinished: Assert that id: library-screen is visible COMPLETED
08:37:46.475 [ INFO] maestro.cli.runner.CliConsoleListener.onCommandStart: Tap on "設定.*" RUNNING
08:37:46.566 [ INFO] maestro.Maestro.tap-HgV9Ck0: Tapping on element:  UiElement(treeNode=TreeNode(attributes={text=設定, accessibilityText=, hintText=, ignoreBoundsFiltering=false, resource-id=, clickable=false, bounds=[871,2293][929,2336], enabled=true, focused=false, checked=false, scrollable=false, selected=false, class=android.widget.TextView, important-for-accessibility=true, error=}, children=[], clickable=false, enabled=true, focused=false, checked=false, selected=false), bounds=Bounds(x=871, y=2293, width=58, height=43))
08:37:47.839 [ INFO] maestro.Maestro.tap-HgV9Ck0: Tap aimed via settled hierarchy
08:37:47.842 [ INFO] maestro.Maestro.hierarchyBasedTap-ogj28Uc: Tapping at (900, 2314) using hierarchy based logic for wait
08:37:49.081 [ INFO] maestro.Maestro.hierarchyBasedTap-ogj28Uc: Something has changed in the UI judging by view hierarchy. Proceed.
08:37:49.081 [ INFO] maestro.cli.runner.CliConsoleListener.onCommandFinished: Tap on "設定.*" COMPLETED
08:37:49.081 [ INFO] maestro.cli.runner.CliConsoleListener.onCommandStart: Assert that id: settings-screen is visible RUNNING
08:37:49.181 [ INFO] maestro.cli.runner.CliConsoleListener.onCommandFinished: Assert that id: settings-screen is visible COMPLETED
08:37:49.182 [ INFO] maestro.cli.runner.CliConsoleListener.onCommandStart: Scrolling DOWN until "解析の長さ" is visible with speed 40, visibility percentage 100%, timeout 20000 ms, with centering disabled RUNNING
08:37:49.276 [ INFO] maestro.orchestra.Orchestra.scrollUntilVisible: Scrolling try count: 0, DeviceWidth: 1080, DeviceWidth: 2400
08:37:49.277 [ INFO] maestro.orchestra.Orchestra.scrollUntilVisible: Element bounds: Bounds(x=96, y=1151, width=690, height=66)
08:37:49.278 [ INFO] maestro.orchestra.Orchestra.scrollUntilVisible: Visibility Percent: 1.0
08:37:49.286 [ INFO] maestro.orchestra.Orchestra.scrollUntilVisible: Command centerElement: ScrollUntilVisibleCommand(selector=ElementSelector(textRegex=解析の長さ, idRegex=null, size=null, below=null, above=null, leftOf=null, rightOf=null, containsChild=null, containsDescendants=null, traits=null, index=null, enabled=null, optional=false, selected=null, checked=null, focused=null, childOf=null, css=null), direction=DOWN, scrollDuration=601, visibilityPercentage=100, timeout=20000, waitToSettleTimeoutMs=null, centerElement=false, originalSpeedValue=40, label=null, optional=false).centerElement
08:37:49.286 [ INFO] maestro.orchestra.Orchestra.scrollUntilVisible: visibilityPercentageNormalized: 1.0
08:37:49.286 [ INFO] maestro.cli.runner.CliConsoleListener.onCommandFinished: Scrolling DOWN until "解析の長さ" is visible with speed 40, visibility percentage 100%, timeout 20000 ms, with centering disabled COMPLETED
08:37:49.286 [ INFO] maestro.cli.runner.CliConsoleListener.onCommandStart: Tap on "解析の長さ" RUNNING
08:37:49.376 [ INFO] maestro.Maestro.tap-HgV9Ck0: Tapping on element:  UiElement(treeNode=TreeNode(attributes={text=解析の長さ, accessibilityText=, hintText=, ignoreBoundsFiltering=false, resource-id=, clickable=false, bounds=[96,1151][786,1217], enabled=true, focused=false, checked=false, scrollable=false, selected=false, class=android.widget.TextView, important-for-accessibility=true, error=}, children=[], clickable=false, enabled=true, focused=false, checked=false, selected=false), bounds=Bounds(x=96, y=1151, width=690, height=66))
08:37:50.603 [ INFO] maestro.Maestro.tap-HgV9Ck0: Tap aimed via settled hierarchy
08:37:50.604 [ INFO] maestro.Maestro.hierarchyBasedTap-ogj28Uc: Tapping at (441, 1184) using hierarchy based logic for wait
08:37:51.768 [ INFO] maestro.Maestro.hierarchyBasedTap-ogj28Uc: Something has changed in the UI judging by view hierarchy. Proceed.
08:37:51.769 [ INFO] maestro.cli.runner.CliConsoleListener.onCommandFinished: Tap on "解析の長さ" COMPLETED
08:37:51.769 [ INFO] maestro.cli.runner.CliConsoleListener.onCommandStart: Tap on "標準" RUNNING
08:37:51.831 [ INFO] maestro.Maestro.tap-HgV9Ck0: Tapping on element:  UiElement(treeNode=TreeNode(attributes={text=標準, accessibilityText=, hintText=, ignoreBoundsFiltering=false, resource-id=, clickable=false, bounds=[42,2001][126,2063], enabled=true, focused=false, checked=false, scrollable=false, selected=false, class=android.widget.TextView, important-for-accessibility=true, error=}, children=[], clickable=false, enabled=true, focused=false, checked=false, selected=false), bounds=Bounds(x=42, y=2001, width=84, height=62))
08:37:53.134 [ INFO] maestro.Maestro.tap-HgV9Ck0: Tap aimed via settled hierarchy
08:37:53.135 [ INFO] maestro.Maestro.hierarchyBasedTap-ogj28Uc: Tapping at (84, 2032) using hierarchy based logic for wait
08:37:54.308 [ INFO] maestro.Maestro.hierarchyBasedTap-ogj28Uc: Something has changed in the UI judging by view hierarchy. Proceed.
08:37:54.309 [ INFO] maestro.cli.runner.CliConsoleListener.onCommandFinished: Tap on "標準" COMPLETED
08:37:54.309 [ INFO] maestro.cli.runner.CliConsoleListener.onCommandStart: Tap on id: tab-games RUNNING
08:37:54.402 [ INFO] maestro.Maestro.tap-HgV9Ck0: Tapping on element:  UiElement(treeNode=TreeNode(attributes={text=, accessibilityText=, 棋譜, hintText=, ignoreBoundsFiltering=false, resource-id=tab-games, clickable=true, bounds=[0,2207][360,2337], enabled=true, focused=false, checked=false, scrollable=false, selected=false, class=android.view.View, important-for-accessibility=true, error=}, children=[TreeNode(attributes={text=, accessibilityText=, hintText=, ignoreBoundsFiltering=false, resource-id=, clickable=false, bounds=[150,2227][212,2288], enabled=true, focused=false, checked=false, scrollable=false, selected=false, class=android.widget.TextView, important-for-accessibility=true, error=}, children=[], clickable=false, enabled=true, focused=false, checked=false, selected=false), TreeNode(attributes={text=棋譜, accessibilityText=, hintText=, ignoreBoundsFiltering=false, resource-id=, clickable=false, bounds=[151,2293][209,2336], enabled=true, focused=false, checked=false, scrollable=false, selected=false, class=android.widget.TextView, important-for-accessibility=true, error=}, children=[], clickable=false, enabled=true, focused=false, checked=false, selected=false)], clickable=true, enabled=true, focused=false, checked=false, selected=false), bounds=Bounds(x=0, y=2207, width=360, height=130))
08:37:55.644 [ INFO] maestro.Maestro.tap-HgV9Ck0: Tap aimed via settled hierarchy
08:37:55.645 [ INFO] maestro.Maestro.hierarchyBasedTap-ogj28Uc: Tapping at (180, 2272) using hierarchy based logic for wait
08:37:56.692 [ INFO] maestro.Maestro.hierarchyBasedTap-ogj28Uc: Something has changed in the UI judging by view hierarchy. Proceed.
08:37:56.692 [ INFO] maestro.cli.runner.CliConsoleListener.onCommandFinished: Tap on id: tab-games COMPLETED
08:37:56.692 [ INFO] maestro.cli.runner.CliConsoleListener.onCommandStart: Assert that ".*KeroPona.*" is visible RUNNING
08:37:56.782 [ INFO] maestro.cli.runner.CliConsoleListener.onCommandFinished: Assert that ".*KeroPona.*" is visible COMPLETED
08:37:56.782 [ INFO] maestro.cli.runner.CliConsoleListener.onCommandStart: Tap on ".*KeroPona.*" RUNNING
08:37:56.874 [ INFO] maestro.Maestro.tap-HgV9Ck0: Tapping on element:  UiElement(treeNode=TreeNode(attributes={text=KeroPona との対局, accessibilityText=, hintText=, ignoreBoundsFiltering=false, resource-id=, clickable=false, bounds=[96,712][708,778], enabled=true, focused=false, checked=false, scrollable=false, selected=false, class=android.widget.TextView, important-for-accessibility=true, error=}, children=[], clickable=false, enabled=true, focused=false, checked=false, selected=false), bounds=Bounds(x=96, y=712, width=612, height=66))
08:37:58.108 [ INFO] maestro.Maestro.tap-HgV9Ck0: Tap aimed via settled hierarchy
08:37:58.108 [ INFO] maestro.Maestro.hierarchyBasedTap-ogj28Uc: Tapping at (402, 745) using hierarchy based logic for wait
08:37:58.437 [ INFO] maestro.cli.runner.CliConsoleListener.onCommandFinished: Tap on ".*KeroPona.*" COMPLETED
08:37:58.437 [ INFO] maestro.cli.runner.CliConsoleListener.onCommandStart: Scrolling DOWN until id: analysis-start is visible with speed 40, visibility percentage 100%, timeout 20000 ms, with centering disabled RUNNING
08:37:59.908 [ WARN] maestro.orchestra.Orchestra.scrollUntilVisible: Error: maestro.MaestroException$ElementNotFound: Element not found: Id matching regex: analysis-start
08:37:59.913 [ INFO] maestro.Maestro.swipeFromCenter: Swiping UP from center
08:38:01.804 [ INFO] maestro.orchestra.Orchestra.scrollUntilVisible: Scrolling try count: 0, DeviceWidth: 1080, DeviceWidth: 2400
08:38:01.805 [ INFO] maestro.orchestra.Orchestra.scrollUntilVisible: Element bounds: Bounds(x=32, y=1991, width=295, height=126)
08:38:01.805 [ INFO] maestro.orchestra.Orchestra.scrollUntilVisible: Visibility Percent: 1.0
08:38:01.805 [ INFO] maestro.orchestra.Orchestra.scrollUntilVisible: Command centerElement: ScrollUntilVisibleCommand(selector=ElementSelector(textRegex=null, idRegex=analysis-start, size=null, below=null, above=null, leftOf=null, rightOf=null, containsChild=null, containsDescendants=null, traits=null, index=null, enabled=null, optional=false, selected=null, checked=null, focused=null, childOf=null, css=null), direction=DOWN, scrollDuration=601, visibilityPercentage=100, timeout=20000, waitToSettleTimeoutMs=null, centerElement=false, originalSpeedValue=40, label=null, optional=false).centerElement
08:38:01.805 [ INFO] maestro.orchestra.Orchestra.scrollUntilVisible: visibilityPercentageNormalized: 1.0
08:38:01.805 [ INFO] maestro.cli.runner.CliConsoleListener.onCommandFinished: Scrolling DOWN until id: analysis-start is visible with speed 40, visibility percentage 100%, timeout 20000 ms, with centering disabled COMPLETED
08:38:01.805 [ INFO] maestro.cli.runner.CliConsoleListener.onCommandStart: Tap on id: analysis-start RUNNING
08:38:01.972 [ INFO] maestro.Maestro.tap-HgV9Ck0: Tapping on element:  UiElement(treeNode=TreeNode(attributes={text=, accessibilityText=, 解析を再開, hintText=, ignoreBoundsFiltering=false, resource-id=analysis-start, clickable=true, bounds=[32,1991][327,2117], enabled=true, focused=false, checked=false, scrollable=false, selected=false, class=android.widget.Button, important-for-accessibility=true, error=}, children=[TreeNode(attributes={text=, accessibilityText=, hintText=, ignoreBoundsFiltering=false, resource-id=, clickable=false, bounds=[32,2029][83,2080], enabled=true, focused=false, checked=false, scrollable=false, selected=false, class=android.widget.TextView, important-for-accessibility=true, error=}, children=[], clickable=false, enabled=true, focused=false, checked=false, selected=false), TreeNode(attributes={text=解析を再開, accessibilityText=, hintText=, ignoreBoundsFiltering=false, resource-id=, clickable=false, bounds=[102,2021][327,2087], enabled=true, focused=false, checked=false, scrollable=false, selected=false, class=android.widget.TextView, important-for-accessibility=true, error=}, children=[], clickable=false, enabled=true, focused=false, checked=false, selected=false)], clickable=true, enabled=true, focused=false, checked=false, selected=false), bounds=Bounds(x=32, y=1991, width=295, height=126))
08:38:03.278 [ INFO] maestro.Maestro.tap-HgV9Ck0: Tap aimed via settled hierarchy
08:38:03.279 [ INFO] maestro.Maestro.hierarchyBasedTap-ogj28Uc: Tapping at (179, 2054) using hierarchy based logic for wait
08:38:05.351 [ INFO] maestro.Maestro.hierarchyBasedTap-ogj28Uc: Something has changed in the UI judging by view hierarchy. Proceed.
08:38:05.352 [ INFO] maestro.cli.runner.CliConsoleListener.onCommandFinished: Tap on id: analysis-start COMPLETED
08:38:05.352 [ INFO] maestro.cli.runner.CliConsoleListener.onCommandStart: Assert that ".*局面を解析済み、.*局面は探索量不足です.*" is visible RUNNING
08:38:05.495 [ INFO] maestro.cli.runner.CliConsoleListener.onCommandFinished: Assert that ".*局面を解析済み、.*局面は探索量不足です.*" is visible COMPLETED
08:38:05.495 [ INFO] maestro.cli.runner.CliConsoleListener.onCommandStart: Assert that ".*局面を解析済み、.*局面は探索量不足です.*" is visible RUNNING
08:38:05.682 [ INFO] maestro.cli.runner.CliConsoleListener.onCommandFinished: Assert that ".*局面を解析済み、.*局面は探索量不足です.*" is visible COMPLETED
08:38:05.682 [ INFO] maestro.cli.runner.CliConsoleListener.onCommandStart: Scrolling DOWN until id: analysis-status is visible with speed 40, visibility percentage 100%, timeout 20000 ms, with centering disabled RUNNING
08:38:06.505 [ WARN] maestro.orchestra.Orchestra.scrollUntilVisible: Error: maestro.MaestroException$ElementNotFound: Element not found: Id matching regex: analysis-status
08:38:06.546 [ INFO] maestro.Maestro.swipeFromCenter: Swiping UP from center
08:38:08.453 [ INFO] maestro.orchestra.Orchestra.scrollUntilVisible: Scrolling try count: 0, DeviceWidth: 1080, DeviceWidth: 2400
08:38:08.453 [ INFO] maestro.orchestra.Orchestra.scrollUntilVisible: Element bounds: Bounds(x=32, y=1938, width=1017, height=53)
08:38:08.453 [ INFO] maestro.orchestra.Orchestra.scrollUntilVisible: Visibility Percent: 1.0
08:38:08.454 [ INFO] maestro.orchestra.Orchestra.scrollUntilVisible: Command centerElement: ScrollUntilVisibleCommand(selector=ElementSelector(textRegex=null, idRegex=analysis-status, size=null, below=null, above=null, leftOf=null, rightOf=null, containsChild=null, containsDescendants=null, traits=null, index=null, enabled=null, optional=false, selected=null, checked=null, focused=null, childOf=null, css=null), direction=DOWN, scrollDuration=601, visibilityPercentage=100, timeout=20000, waitToSettleTimeoutMs=null, centerElement=false, originalSpeedValue=40, label=null, optional=false).centerElement
08:38:08.454 [ INFO] maestro.orchestra.Orchestra.scrollUntilVisible: visibilityPercentageNormalized: 1.0
08:38:08.454 [ INFO] maestro.cli.runner.CliConsoleListener.onCommandFinished: Scrolling DOWN until id: analysis-status is visible with speed 40, visibility percentage 100%, timeout 20000 ms, with centering disabled COMPLETED
08:38:08.454 [ INFO] maestro.cli.runner.CliConsoleListener.onCommandStart: Assert that "解析処理が終了しました" is visible RUNNING
08:38:08.609 [ INFO] maestro.cli.runner.CliConsoleListener.onCommandFinished: Assert that "解析処理が終了しました" is visible COMPLETED
08:38:08.610 [ INFO] maestro.cli.runner.CliConsoleListener.onCommandStart: Assert that "全局解析が完了しました" is not visible RUNNING
08:38:09.439 [ INFO] maestro.cli.runner.CliConsoleListener.onCommandFinished: Assert that "全局解析が完了しました" is not visible COMPLETED
08:38:09.439 [ INFO] maestro.cli.runner.CliConsoleListener.onCommandStart: Take screenshot 51-partial-analysis RUNNING
08:38:09.441 [ INFO] maestro.Maestro.takeScreenshot: Taking screenshot
08:38:09.442 [TRACE] maestro.utils.ScreenshotUtils.takeScreenshot: Taking screenshot to output sink
08:38:09.678 [ INFO] maestro.cli.runner.CliConsoleListener.onCommandFinished: Take screenshot 51-partial-analysis COMPLETED
08:38:09.678 [ INFO] maestro.cli.runner.CliConsoleListener.onCommandStart: Tap on id: move-last RUNNING
08:38:09.866 [ INFO] maestro.Maestro.tap-HgV9Ck0: Tapping on element:  UiElement(treeNode=TreeNode(attributes={text=, accessibilityText=最終局面へ, hintText=, ignoreBoundsFiltering=false, resource-id=move-last, clickable=true, bounds=[845,2214][960,2329], enabled=true, focused=false, checked=false, scrollable=false, selected=false, class=android.widget.Button, important-for-accessibility=true, error=}, children=[TreeNode(attributes={text=, accessibilityText=, hintText=, ignoreBoundsFiltering=false, resource-id=, clickable=false, bounds=[876,2246][929,2299], enabled=true, focused=false, checked=false, scrollable=false, selected=false, class=android.widget.TextView, important-for-accessibility=true, error=}, children=[], clickable=false, enabled=true, focused=false, checked=false, selected=false)], clickable=true, enabled=true, focused=false, checked=false, selected=false), bounds=Bounds(x=845, y=2214, width=115, height=115))
08:38:11.117 [ INFO] maestro.Maestro.tap-HgV9Ck0: Tap aimed via settled hierarchy
08:38:11.118 [ INFO] maestro.Maestro.hierarchyBasedTap-ogj28Uc: Tapping at (902, 2271) using hierarchy based logic for wait
08:38:11.579 [ INFO] maestro.cli.runner.CliConsoleListener.onCommandFinished: Tap on id: move-last COMPLETED
08:38:11.580 [ INFO] maestro.cli.runner.CliConsoleListener.onCommandStart: Tap x39 on id: move-prev RUNNING
08:38:11.718 [ INFO] maestro.Maestro.tap-HgV9Ck0: Tapping on element: TapRepeat(repeat=39, delay=800) UiElement(treeNode=TreeNode(attributes={text=, accessibilityText=一手戻る, hintText=, ignoreBoundsFiltering=false, resource-id=move-prev, clickable=true, bounds=[301,2214][417,2329], enabled=true, focused=false, checked=false, scrollable=false, selected=false, class=android.widget.Button, important-for-accessibility=true, error=}, children=[TreeNode(attributes={text=, accessibilityText=, hintText=, ignoreBoundsFiltering=false, resource-id=, clickable=false, bounds=[332,2246][386,2299], enabled=true, focused=false, checked=false, scrollable=false, selected=false, class=android.widget.TextView, important-for-accessibility=true, error=}, children=[], clickable=false, enabled=true, focused=false, checked=false, selected=false)], clickable=true, enabled=true, focused=false, checked=false, selected=false), bounds=Bounds(x=301, y=2214, width=116, height=115))
08:38:13.330 [ INFO] maestro.Maestro.tap-HgV9Ck0: Tap aimed via settled hierarchy
08:38:13.331 [ INFO] maestro.Maestro.hierarchyBasedTap-ogj28Uc: Tapping at (359, 2271) using hierarchy based logic for wait
08:38:45.218 [ INFO] maestro.Maestro.hierarchyBasedTap-ogj28Uc: Something has changed in the UI judging by view hierarchy. Proceed.
08:38:45.219 [ INFO] maestro.cli.runner.CliConsoleListener.onCommandFinished: Tap x39 on id: move-prev COMPLETED
08:38:45.219 [ INFO] maestro.cli.runner.CliConsoleListener.onCommandStart: Run flow when "42 / 80手" is visible RUNNING
08:38:52.438 [ INFO] maestro.orchestra.Orchestra.executeCommands: [Command execution] CommandSkipped: null
08:38:52.438 [ INFO] maestro.cli.runner.CliConsoleListener.onCommandFinished: Run flow when "42 / 80手" is visible SKIPPED
08:38:52.438 [ INFO] maestro.cli.runner.CliConsoleListener.onCommandStart: Run flow when "40 / 80手" is visible RUNNING
08:38:52.764 [ INFO] maestro.orchestra.Orchestra.executeCommands: [Command execution] CommandSkipped: null
08:38:52.764 [ INFO] maestro.cli.runner.CliConsoleListener.onCommandFinished: Run flow when "40 / 80手" is visible SKIPPED
08:38:52.765 [ INFO] maestro.cli.runner.CliConsoleListener.onCommandStart: Assert that "41 / 80手" is visible RUNNING
08:38:52.959 [ INFO] maestro.cli.runner.CliConsoleListener.onCommandFinished: Assert that "41 / 80手" is visible COMPLETED
08:38:52.959 [ INFO] maestro.cli.runner.CliConsoleListener.onCommandStart: Scrolling UP until "—" is visible with speed 40, visibility percentage 100%, timeout 20000 ms, with centering disabled RUNNING
08:38:53.127 [ INFO] maestro.orchestra.Orchestra.scrollUntilVisible: Scrolling try count: 0, DeviceWidth: 1080, DeviceWidth: 2400
08:38:53.127 [ INFO] maestro.orchestra.Orchestra.scrollUntilVisible: Element bounds: Bounds(x=32, y=792, width=53, height=84)
08:38:53.127 [ INFO] maestro.orchestra.Orchestra.scrollUntilVisible: Visibility Percent: 1.0
08:38:53.127 [ INFO] maestro.orchestra.Orchestra.scrollUntilVisible: Command centerElement: ScrollUntilVisibleCommand(selector=ElementSelector(textRegex=—, idRegex=null, size=null, below=null, above=null, leftOf=null, rightOf=null, containsChild=null, containsDescendants=null, traits=null, index=null, enabled=null, optional=false, selected=null, checked=null, focused=null, childOf=null, css=null), direction=UP, scrollDuration=601, visibilityPercentage=100, timeout=20000, waitToSettleTimeoutMs=null, centerElement=false, originalSpeedValue=40, label=null, optional=false).centerElement
08:38:53.127 [ INFO] maestro.orchestra.Orchestra.scrollUntilVisible: visibilityPercentageNormalized: 1.0
08:38:53.128 [ INFO] maestro.cli.runner.CliConsoleListener.onCommandFinished: Scrolling UP until "—" is visible with speed 40, visibility percentage 100%, timeout 20000 ms, with centering disabled COMPLETED
08:38:53.128 [ INFO] maestro.cli.runner.CliConsoleListener.onCommandStart: Assert that "—" is visible RUNNING
08:38:53.323 [ INFO] maestro.cli.runner.CliConsoleListener.onCommandFinished: Assert that "—" is visible COMPLETED
08:38:53.323 [ INFO] maestro.cli.runner.CliConsoleListener.onCommandStart: Assert that id: candidate-0 is not visible RUNNING
08:38:54.131 [ INFO] maestro.cli.runner.CliConsoleListener.onCommandFinished: Assert that id: candidate-0 is not visible COMPLETED
08:38:54.131 [ INFO] maestro.cli.runner.CliConsoleListener.onCommandStart: Assert that "下の解析ボタンから候補手を確認できます。" is visible RUNNING
08:38:54.319 [ INFO] maestro.cli.runner.CliConsoleListener.onCommandFinished: Assert that "下の解析ボタンから候補手を確認できます。" is visible COMPLETED
08:38:54.320 [ INFO] maestro.cli.runner.CliConsoleListener.onCommandStart: Take screenshot 52-partial-skipped-ply RUNNING
08:38:54.320 [ INFO] maestro.Maestro.takeScreenshot: Taking screenshot
08:38:54.320 [TRACE] maestro.utils.ScreenshotUtils.takeScreenshot: Taking screenshot to output sink
08:38:54.521 [ INFO] maestro.cli.runner.CliConsoleListener.onCommandFinished: Take screenshot 52-partial-skipped-ply COMPLETED
08:38:54.521 [ INFO] maestro.cli.runner.CliConsoleListener.onCommandStart: Scrolling DOWN until id: analysis-start is visible with speed 40, visibility percentage 100%, timeout 20000 ms, with centering disabled RUNNING
08:38:54.700 [ INFO] maestro.orchestra.Orchestra.scrollUntilVisible: Scrolling try count: 0, DeviceWidth: 1080, DeviceWidth: 2400
08:38:54.701 [ INFO] maestro.orchestra.Orchestra.scrollUntilVisible: Element bounds: Bounds(x=32, y=2017, width=295, height=126)
08:38:54.701 [ INFO] maestro.orchestra.Orchestra.scrollUntilVisible: Visibility Percent: 1.0
08:38:54.701 [ INFO] maestro.orchestra.Orchestra.scrollUntilVisible: Command centerElement: ScrollUntilVisibleCommand(selector=ElementSelector(textRegex=null, idRegex=analysis-start, size=null, below=null, above=null, leftOf=null, rightOf=null, containsChild=null, containsDescendants=null, traits=null, index=null, enabled=null, optional=false, selected=null, checked=null, focused=null, childOf=null, css=null), direction=DOWN, scrollDuration=601, visibilityPercentage=100, timeout=20000, waitToSettleTimeoutMs=null, centerElement=false, originalSpeedValue=40, label=null, optional=false).centerElement
08:38:54.701 [ INFO] maestro.orchestra.Orchestra.scrollUntilVisible: visibilityPercentageNormalized: 1.0
08:38:54.701 [ INFO] maestro.cli.runner.CliConsoleListener.onCommandFinished: Scrolling DOWN until id: analysis-start is visible with speed 40, visibility percentage 100%, timeout 20000 ms, with centering disabled COMPLETED
08:38:54.701 [ INFO] maestro.cli.runner.CliConsoleListener.onCommandStart: Assert that id: analysis-start is visible RUNNING
08:38:54.834 [ INFO] maestro.cli.runner.CliConsoleListener.onCommandFinished: Assert that id: analysis-start is visible COMPLETED
08:38:54.835 [ INFO] maestro.cli.runner.CliConsoleListener.onCommandStart: Assert that "解析を再開" is visible RUNNING
08:38:55.021 [ INFO] maestro.cli.runner.CliConsoleListener.onCommandFinished: Assert that "解析を再開" is visible COMPLETED
08:38:55.021 [ INFO] maestro.cli.runner.CliConsoleListener.onCommandStart: Tap on id: analysis-start RUNNING
08:38:55.145 [ INFO] maestro.Maestro.tap-HgV9Ck0: Tapping on element:  UiElement(treeNode=TreeNode(attributes={text=, accessibilityText=, 解析を再開, hintText=, ignoreBoundsFiltering=false, resource-id=analysis-start, clickable=true, bounds=[32,2017][327,2143], enabled=true, focused=false, checked=false, scrollable=false, selected=false, class=android.widget.Button, important-for-accessibility=true, error=}, children=[TreeNode(attributes={text=, accessibilityText=, hintText=, ignoreBoundsFiltering=false, resource-id=, clickable=false, bounds=[32,2055][83,2106], enabled=true, focused=false, checked=false, scrollable=false, selected=false, class=android.widget.TextView, important-for-accessibility=true, error=}, children=[], clickable=false, enabled=true, focused=false, checked=false, selected=false), TreeNode(attributes={text=解析を再開, accessibilityText=, hintText=, ignoreBoundsFiltering=false, resource-id=, clickable=false, bounds=[102,2047][327,2113], enabled=true, focused=false, checked=false, scrollable=false, selected=false, class=android.widget.TextView, important-for-accessibility=true, error=}, children=[], clickable=false, enabled=true, focused=false, checked=false, selected=false)], clickable=true, enabled=true, focused=false, checked=false, selected=false), bounds=Bounds(x=32, y=2017, width=295, height=126))
08:38:56.424 [ INFO] maestro.Maestro.tap-HgV9Ck0: Tap aimed via settled hierarchy
08:38:56.425 [ INFO] maestro.Maestro.hierarchyBasedTap-ogj28Uc: Tapping at (179, 2080) using hierarchy based logic for wait
08:38:57.972 [ INFO] maestro.Maestro.hierarchyBasedTap-ogj28Uc: Something has changed in the UI judging by view hierarchy. Proceed.
08:38:57.973 [ INFO] maestro.cli.runner.CliConsoleListener.onCommandFinished: Tap on id: analysis-start COMPLETED
08:38:57.973 [ INFO] maestro.cli.runner.CliConsoleListener.onCommandStart: Assert that ".*局面を解析済み、.*局面は探索量不足です.*" is visible RUNNING
08:38:58.476 [ INFO] maestro.cli.runner.CliConsoleListener.onCommandFinished: Assert that ".*局面を解析済み、.*局面は探索量不足です.*" is visible COMPLETED
08:38:58.476 [ INFO] maestro.cli.runner.CliConsoleListener.onCommandStart: Assert that ".*局面を解析済み、.*局面は探索量不足です.*" is visible RUNNING
08:38:58.653 [ INFO] maestro.cli.runner.CliConsoleListener.onCommandFinished: Assert that ".*局面を解析済み、.*局面は探索量不足です.*" is visible COMPLETED
08:38:58.654 [ INFO] maestro.cli.runner.CliConsoleListener.onCommandStart: Scrolling DOWN until id: analysis-status is visible with speed 40, visibility percentage 100%, timeout 20000 ms, with centering disabled RUNNING
08:38:59.348 [ WARN] maestro.orchestra.Orchestra.scrollUntilVisible: Error: maestro.MaestroException$ElementNotFound: Element not found: Id matching regex: analysis-status
08:38:59.352 [ INFO] maestro.Maestro.swipeFromCenter: Swiping UP from center
08:39:01.732 [ INFO] maestro.orchestra.Orchestra.scrollUntilVisible: Scrolling try count: 0, DeviceWidth: 1080, DeviceWidth: 2400
08:39:01.732 [ INFO] maestro.orchestra.Orchestra.scrollUntilVisible: Element bounds: Bounds(x=32, y=1938, width=1017, height=53)
08:39:01.732 [ INFO] maestro.orchestra.Orchestra.scrollUntilVisible: Visibility Percent: 1.0
08:39:01.732 [ INFO] maestro.orchestra.Orchestra.scrollUntilVisible: Command centerElement: ScrollUntilVisibleCommand(selector=ElementSelector(textRegex=null, idRegex=analysis-status, size=null, below=null, above=null, leftOf=null, rightOf=null, containsChild=null, containsDescendants=null, traits=null, index=null, enabled=null, optional=false, selected=null, checked=null, focused=null, childOf=null, css=null), direction=DOWN, scrollDuration=601, visibilityPercentage=100, timeout=20000, waitToSettleTimeoutMs=null, centerElement=false, originalSpeedValue=40, label=null, optional=false).centerElement
08:39:01.733 [ INFO] maestro.orchestra.Orchestra.scrollUntilVisible: visibilityPercentageNormalized: 1.0
08:39:01.733 [ INFO] maestro.cli.runner.CliConsoleListener.onCommandFinished: Scrolling DOWN until id: analysis-status is visible with speed 40, visibility percentage 100%, timeout 20000 ms, with centering disabled COMPLETED
08:39:01.733 [ INFO] maestro.cli.runner.CliConsoleListener.onCommandStart: Assert that "解析処理が終了しました" is visible RUNNING
08:39:01.911 [ INFO] maestro.cli.runner.CliConsoleListener.onCommandFinished: Assert that "解析処理が終了しました" is visible COMPLETED
08:39:01.911 [ INFO] maestro.cli.runner.CliConsoleListener.onCommandStart: Assert that "全局解析が完了しました" is not visible RUNNING
08:39:03.025 [ INFO] maestro.cli.runner.CliConsoleListener.onCommandFinished: Assert that "全局解析が完了しました" is not visible COMPLETED
08:39:03.025 [ INFO] maestro.cli.runner.CliConsoleListener.onCommandStart: Assert that "解析を再開できます" is not visible RUNNING
08:39:03.771 [ INFO] maestro.cli.runner.CliConsoleListener.onCommandFinished: Assert that "解析を再開できます" is not visible COMPLETED
08:39:03.771 [ INFO] maestro.cli.runner.CliConsoleListener.onCommandStart: Assert that "解析に失敗しました。もう一度解析できます。" is not visible RUNNING
08:39:04.598 [ INFO] maestro.cli.runner.CliConsoleListener.onCommandFinished: Assert that "解析に失敗しました。もう一度解析できます。" is not visible COMPLETED
