08:49:25.184 [ INFO] maestro.cli.runner.CliConsoleListener.onCommandStart: Define variables RUNNING
08:49:25.186 [ INFO] maestro.cli.runner.CliConsoleListener.onCommandFinished: Define variables COMPLETED
08:49:25.186 [ INFO] maestro.cli.runner.CliConsoleListener.onCommandStart: Define variables RUNNING
08:49:25.957 [ INFO] maestro.cli.runner.CliConsoleListener.onCommandFinished: Define variables COMPLETED
08:49:25.958 [ INFO] maestro.cli.runner.CliConsoleListener.onCommandStart: Apply configuration RUNNING
08:49:25.958 [ INFO] maestro.cli.runner.CliConsoleListener.onCommandFinished: Apply configuration COMPLETED
08:49:25.959 [ INFO] maestro.cli.runner.CliConsoleListener.onCommandStart: Launch app "com.meeshogi.app" RUNNING
08:49:26.578 [ INFO] maestro.Maestro.launchApp$lambda$5: Launching app com.meeshogi.app
08:49:26.578 [ INFO] maestro.Maestro.launchApp$lambda$5: Stopping com.meeshogi.app app during launch
08:49:26.889 [ INFO] maestro.cli.runner.CliConsoleListener.onCommandFinished: Launch app "com.meeshogi.app" COMPLETED
08:49:26.890 [ INFO] maestro.cli.runner.CliConsoleListener.onCommandStart: Assert that id: library-screen is visible RUNNING
08:49:31.875 [ INFO] maestro.cli.runner.CliConsoleListener.onCommandFinished: Assert that id: library-screen is visible COMPLETED
08:49:31.876 [ INFO] maestro.cli.runner.CliConsoleListener.onCommandStart: Assert that ".*KeroPona.*" is visible RUNNING
08:49:32.371 [ INFO] maestro.cli.runner.CliConsoleListener.onCommandFinished: Assert that ".*KeroPona.*" is visible COMPLETED
08:49:32.373 [ INFO] maestro.cli.runner.CliConsoleListener.onCommandStart: Tap on "設定.*" RUNNING
08:49:32.674 [ INFO] maestro.Maestro.tap-HgV9Ck0: Tapping on element:  UiElement(treeNode=TreeNode(attributes={text=設定, accessibilityText=, hintText=, ignoreBoundsFiltering=false, resource-id=, clickable=false, bounds=[871,2293][929,2336], enabled=true, focused=false, checked=false, scrollable=false, selected=false, class=android.widget.TextView, important-for-accessibility=true, error=}, children=[], clickable=false, enabled=true, focused=false, checked=false, selected=false), bounds=Bounds(x=871, y=2293, width=58, height=43))
08:49:33.575 [ INFO] maestro.Maestro.tap-HgV9Ck0: Tap aimed via settled hierarchy
08:49:33.579 [ INFO] maestro.Maestro.hierarchyBasedTap-ogj28Uc: Tapping at (900, 2314) using hierarchy based logic for wait
08:49:35.152 [ INFO] maestro.Maestro.hierarchyBasedTap-ogj28Uc: Something has changed in the UI judging by view hierarchy. Proceed.
08:49:35.152 [ INFO] maestro.cli.runner.CliConsoleListener.onCommandFinished: Tap on "設定.*" COMPLETED
08:49:35.153 [ INFO] maestro.cli.runner.CliConsoleListener.onCommandStart: Scrolling DOWN until "表示テーマ" is visible with speed 40, visibility percentage 100%, timeout 20000 ms, with centering disabled RUNNING
08:49:36.276 [ WARN] maestro.orchestra.Orchestra.scrollUntilVisible: Error: maestro.MaestroException$ElementNotFound: Element not found: Text matching regex: 表示テーマ
08:49:36.282 [ INFO] maestro.Maestro.swipeFromCenter: Swiping UP from center
08:49:38.684 [ INFO] maestro.orchestra.Orchestra.scrollUntilVisible: Scrolling try count: 0, DeviceWidth: 1080, DeviceWidth: 2400
08:49:38.685 [ INFO] maestro.orchestra.Orchestra.scrollUntilVisible: Element bounds: Bounds(x=96, y=1733, width=601, height=66)
08:49:38.686 [ INFO] maestro.orchestra.Orchestra.scrollUntilVisible: Visibility Percent: 1.0
08:49:38.696 [ INFO] maestro.orchestra.Orchestra.scrollUntilVisible: Command centerElement: ScrollUntilVisibleCommand(selector=ElementSelector(textRegex=表示テーマ, idRegex=null, size=null, below=null, above=null, leftOf=null, rightOf=null, containsChild=null, containsDescendants=null, traits=null, index=null, enabled=null, optional=false, selected=null, checked=null, focused=null, childOf=null, css=null), direction=DOWN, scrollDuration=601, visibilityPercentage=100, timeout=20000, waitToSettleTimeoutMs=null, centerElement=false, originalSpeedValue=40, label=null, optional=false).centerElement
08:49:38.696 [ INFO] maestro.orchestra.Orchestra.scrollUntilVisible: visibilityPercentageNormalized: 1.0
08:49:38.696 [ INFO] maestro.cli.runner.CliConsoleListener.onCommandFinished: Scrolling DOWN until "表示テーマ" is visible with speed 40, visibility percentage 100%, timeout 20000 ms, with centering disabled COMPLETED
08:49:38.696 [ INFO] maestro.cli.runner.CliConsoleListener.onCommandStart: Tap on "表示テーマ" RUNNING
08:49:38.797 [ INFO] maestro.Maestro.tap-HgV9Ck0: Tapping on element:  UiElement(treeNode=TreeNode(attributes={text=表示テーマ, accessibilityText=, hintText=, ignoreBoundsFiltering=false, resource-id=, clickable=false, bounds=[96,1733][697,1799], enabled=true, focused=false, checked=false, scrollable=false, selected=false, class=android.widget.TextView, important-for-accessibility=true, error=}, children=[], clickable=false, enabled=true, focused=false, checked=false, selected=false), bounds=Bounds(x=96, y=1733, width=601, height=66))
08:49:40.008 [ INFO] maestro.Maestro.tap-HgV9Ck0: Tap aimed via settled hierarchy
08:49:40.010 [ INFO] maestro.Maestro.hierarchyBasedTap-ogj28Uc: Tapping at (396, 1766) using hierarchy based logic for wait
08:49:41.399 [ INFO] maestro.Maestro.hierarchyBasedTap-ogj28Uc: Something has changed in the UI judging by view hierarchy. Proceed.
08:49:41.399 [ INFO] maestro.cli.runner.CliConsoleListener.onCommandFinished: Tap on "表示テーマ" COMPLETED
08:49:41.399 [ INFO] maestro.cli.runner.CliConsoleListener.onCommandStart: Tap on "${APPEARANCE_LABEL}" RUNNING
08:49:41.432 [ INFO] maestro.Maestro.tap-HgV9Ck0: Tapping on element:  UiElement(treeNode=TreeNode(attributes={text=ライト, accessibilityText=, hintText=, ignoreBoundsFiltering=false, resource-id=, clickable=false, bounds=[42,2001][168,2063], enabled=true, focused=false, checked=false, scrollable=false, selected=false, class=android.widget.TextView, important-for-accessibility=true, error=}, children=[], clickable=false, enabled=true, focused=false, checked=false, selected=false), bounds=Bounds(x=42, y=2001, width=126, height=62))
08:49:42.889 [ INFO] maestro.Maestro.tap-HgV9Ck0: Tap aimed via settled hierarchy
08:49:42.890 [ INFO] maestro.Maestro.hierarchyBasedTap-ogj28Uc: Tapping at (105, 2032) using hierarchy based logic for wait
08:49:44.555 [ INFO] maestro.Maestro.hierarchyBasedTap-ogj28Uc: Something has changed in the UI judging by view hierarchy. Proceed.
08:49:44.556 [ INFO] maestro.cli.runner.CliConsoleListener.onCommandFinished: Tap on "${APPEARANCE_LABEL}" COMPLETED
08:49:44.556 [ INFO] maestro.cli.runner.CliConsoleListener.onCommandStart: Take screenshot 25-${SHOT_PREFIX}-settings RUNNING
08:49:44.562 [ INFO] maestro.Maestro.takeScreenshot: Taking screenshot
08:49:44.563 [TRACE] maestro.utils.ScreenshotUtils.takeScreenshot: Taking screenshot to output sink
08:49:44.888 [ INFO] maestro.cli.runner.CliConsoleListener.onCommandFinished: Take screenshot 25-${SHOT_PREFIX}-settings COMPLETED
08:49:44.889 [ INFO] maestro.cli.runner.CliConsoleListener.onCommandStart: Scrolling UP until id: player-names-link is visible with speed 40, visibility percentage 100%, timeout 20000 ms, with centering disabled RUNNING
08:49:45.629 [ WARN] maestro.orchestra.Orchestra.scrollUntilVisible: Error: maestro.MaestroException$ElementNotFound: Element not found: Id matching regex: player-names-link
08:49:45.636 [ INFO] maestro.Maestro.swipeFromCenter: Swiping DOWN from center
08:49:47.313 [ INFO] maestro.orchestra.Orchestra.scrollUntilVisible: Scrolling try count: 0, DeviceWidth: 1080, DeviceWidth: 2400
08:49:47.314 [ INFO] maestro.orchestra.Orchestra.scrollUntilVisible: Element bounds: Bounds(x=54, y=573, width=973, height=142)
08:49:47.314 [ INFO] maestro.orchestra.Orchestra.scrollUntilVisible: Visibility Percent: 1.0
08:49:47.314 [ INFO] maestro.orchestra.Orchestra.scrollUntilVisible: Command centerElement: ScrollUntilVisibleCommand(selector=ElementSelector(textRegex=null, idRegex=player-names-link, size=null, below=null, above=null, leftOf=null, rightOf=null, containsChild=null, containsDescendants=null, traits=null, index=null, enabled=null, optional=false, selected=null, checked=null, focused=null, childOf=null, css=null), direction=UP, scrollDuration=601, visibilityPercentage=100, timeout=20000, waitToSettleTimeoutMs=null, centerElement=false, originalSpeedValue=40, label=null, optional=false).centerElement
08:49:47.314 [ INFO] maestro.orchestra.Orchestra.scrollUntilVisible: visibilityPercentageNormalized: 1.0
08:49:47.314 [ INFO] maestro.cli.runner.CliConsoleListener.onCommandFinished: Scrolling UP until id: player-names-link is visible with speed 40, visibility percentage 100%, timeout 20000 ms, with centering disabled COMPLETED
08:49:47.315 [ INFO] maestro.cli.runner.CliConsoleListener.onCommandStart: Take screenshot 26-${SHOT_PREFIX}-settings-top RUNNING
08:49:47.318 [ INFO] maestro.Maestro.takeScreenshot: Taking screenshot
08:49:47.319 [TRACE] maestro.utils.ScreenshotUtils.takeScreenshot: Taking screenshot to output sink
08:49:47.714 [ INFO] maestro.cli.runner.CliConsoleListener.onCommandFinished: Take screenshot 26-${SHOT_PREFIX}-settings-top COMPLETED
08:49:47.714 [ INFO] maestro.cli.runner.CliConsoleListener.onCommandStart: Tap on id: player-names-link RUNNING
08:49:47.893 [ INFO] maestro.Maestro.tap-HgV9Ck0: Tapping on element:  UiElement(treeNode=TreeNode(attributes={text=, accessibilityText=, 対局者名, asitaka_y ほか1件, , hintText=, ignoreBoundsFiltering=false, resource-id=player-names-link, clickable=true, bounds=[54,573][1027,715], enabled=true, focused=false, checked=false, scrollable=false, selected=false, class=android.widget.Button, important-for-accessibility=true, error=}, children=[TreeNode(attributes={text=, accessibilityText=, hintText=, ignoreBoundsFiltering=false, resource-id=, clickable=false, bounds=[96,614][157,676], enabled=true, focused=false, checked=false, scrollable=false, selected=false, class=android.widget.TextView, important-for-accessibility=true, error=}, children=[], clickable=false, enabled=true, focused=false, checked=false, selected=false), TreeNode(attributes={text=対局者名, accessibilityText=, hintText=, ignoreBoundsFiltering=false, resource-id=, clickable=false, bounds=[187,610][519,676], enabled=true, focused=false, checked=false, scrollable=false, selected=false, class=android.widget.TextView, important-for-accessibility=true, error=}, children=[], clickable=false, enabled=true, focused=false, checked=false, selected=false), TreeNode(attributes={text=asitaka_y ほか1件, accessibilityText=, hintText=, ignoreBoundsFiltering=false, resource-id=, clickable=false, bounds=[550,610][906,676], enabled=true, focused=false, checked=false, scrollable=false, selected=false, class=android.widget.TextView, important-for-accessibility=true, error=}, children=[], clickable=false, enabled=true, focused=false, checked=false, selected=false), TreeNode(attributes={text=, accessibilityText=, hintText=, ignoreBoundsFiltering=false, resource-id=, clickable=false, bounds=[938,620][986,668], enabled=true, focused=false, checked=false, scrollable=false, selected=false, class=android.widget.TextView, important-for-accessibility=true, error=}, children=[], clickable=false, enabled=true, focused=false, checked=false, selected=false)], clickable=true, enabled=true, focused=false, checked=false, selected=false), bounds=Bounds(x=54, y=573, width=973, height=142))
08:49:49.119 [ INFO] maestro.Maestro.tap-HgV9Ck0: Tap aimed via settled hierarchy
08:49:49.120 [ INFO] maestro.Maestro.hierarchyBasedTap-ogj28Uc: Tapping at (540, 644) using hierarchy based logic for wait
08:49:50.432 [ INFO] maestro.Maestro.hierarchyBasedTap-ogj28Uc: Something has changed in the UI judging by view hierarchy. Proceed.
08:49:50.433 [ INFO] maestro.cli.runner.CliConsoleListener.onCommandFinished: Tap on id: player-names-link COMPLETED
08:49:50.433 [ INFO] maestro.cli.runner.CliConsoleListener.onCommandStart: Assert that id: names-save is visible RUNNING
08:49:50.553 [ INFO] maestro.cli.runner.CliConsoleListener.onCommandFinished: Assert that id: names-save is visible COMPLETED
08:49:50.553 [ INFO] maestro.cli.runner.CliConsoleListener.onCommandStart: Take screenshot 27-${SHOT_PREFIX}-player-names RUNNING
08:49:50.557 [ INFO] maestro.Maestro.takeScreenshot: Taking screenshot
08:49:50.558 [TRACE] maestro.utils.ScreenshotUtils.takeScreenshot: Taking screenshot to output sink
08:49:50.727 [ INFO] maestro.cli.runner.CliConsoleListener.onCommandFinished: Take screenshot 27-${SHOT_PREFIX}-player-names COMPLETED
08:49:50.727 [ INFO] maestro.cli.runner.CliConsoleListener.onCommandStart: Stop com.meeshogi.app RUNNING
08:49:50.729 [ INFO] maestro.Maestro.stopApp$lambda$6: Stopping app com.meeshogi.app
08:49:50.764 [ INFO] maestro.cli.runner.CliConsoleListener.onCommandFinished: Stop com.meeshogi.app COMPLETED
08:49:50.764 [ INFO] maestro.cli.runner.CliConsoleListener.onCommandStart: Launch app "com.meeshogi.app" RUNNING
08:49:52.350 [ INFO] maestro.Maestro.launchApp$lambda$5: Launching app com.meeshogi.app
08:49:52.350 [ INFO] maestro.Maestro.launchApp$lambda$5: Stopping com.meeshogi.app app during launch
08:49:53.047 [ INFO] maestro.cli.runner.CliConsoleListener.onCommandFinished: Launch app "com.meeshogi.app" COMPLETED
08:49:53.047 [ INFO] maestro.cli.runner.CliConsoleListener.onCommandStart: Assert that id: library-screen is visible RUNNING
08:49:58.176 [ INFO] maestro.cli.runner.CliConsoleListener.onCommandFinished: Assert that id: library-screen is visible COMPLETED
08:49:58.176 [ INFO] maestro.cli.runner.CliConsoleListener.onCommandStart: Assert that ".*KeroPona.*" is visible RUNNING
08:49:58.583 [ INFO] maestro.cli.runner.CliConsoleListener.onCommandFinished: Assert that ".*KeroPona.*" is visible COMPLETED
08:49:58.584 [ INFO] maestro.cli.runner.CliConsoleListener.onCommandStart: Take screenshot 28-${SHOT_PREFIX}-library RUNNING
08:49:58.587 [ INFO] maestro.Maestro.takeScreenshot: Taking screenshot
08:49:58.587 [TRACE] maestro.utils.ScreenshotUtils.takeScreenshot: Taking screenshot to output sink
08:49:58.981 [ INFO] maestro.cli.runner.CliConsoleListener.onCommandFinished: Take screenshot 28-${SHOT_PREFIX}-library COMPLETED
08:49:58.982 [ INFO] maestro.cli.runner.CliConsoleListener.onCommandStart: Tap on ".*KeroPona.*" RUNNING
08:49:59.538 [ INFO] maestro.Maestro.tap-HgV9Ck0: Tapping on element:  UiElement(treeNode=TreeNode(attributes={text=KeroPona との対局, accessibilityText=, hintText=, ignoreBoundsFiltering=false, resource-id=, clickable=false, bounds=[96,712][708,778], enabled=true, focused=false, checked=false, scrollable=false, selected=false, class=android.widget.TextView, important-for-accessibility=true, error=}, children=[], clickable=false, enabled=true, focused=false, checked=false, selected=false), bounds=Bounds(x=96, y=712, width=612, height=66))
08:50:01.470 [ INFO] maestro.Maestro.tap-HgV9Ck0: Tap aimed via settled hierarchy
08:50:01.472 [ INFO] maestro.Maestro.hierarchyBasedTap-ogj28Uc: Tapping at (402, 745) using hierarchy based logic for wait
08:50:01.893 [ INFO] maestro.cli.runner.CliConsoleListener.onCommandFinished: Tap on ".*KeroPona.*" COMPLETED
08:50:01.894 [ INFO] maestro.cli.runner.CliConsoleListener.onCommandStart: Assert that id: game-screen is visible RUNNING
08:50:03.406 [ INFO] maestro.cli.runner.CliConsoleListener.onCommandFinished: Assert that id: game-screen is visible COMPLETED
08:50:03.407 [ INFO] maestro.cli.runner.CliConsoleListener.onCommandStart: Take screenshot 29-${SHOT_PREFIX}-game RUNNING
08:50:03.411 [ INFO] maestro.Maestro.takeScreenshot: Taking screenshot
08:50:03.411 [TRACE] maestro.utils.ScreenshotUtils.takeScreenshot: Taking screenshot to output sink
08:50:03.595 [ INFO] maestro.cli.runner.CliConsoleListener.onCommandFinished: Take screenshot 29-${SHOT_PREFIX}-game COMPLETED
08:50:03.596 [ INFO] maestro.cli.runner.CliConsoleListener.onCommandStart: Tap on id: move-first RUNNING
08:50:04.599 [ INFO] maestro.Maestro.tap-HgV9Ck0: Tapping on element:  UiElement(treeNode=TreeNode(attributes={text=, accessibilityText=初期局面へ, hintText=, ignoreBoundsFiltering=false, resource-id=move-first, clickable=true, bounds=[120,2214][236,2329], enabled=false, focused=false, checked=false, scrollable=false, selected=false, class=android.widget.Button, important-for-accessibility=true, error=}, children=[TreeNode(attributes={text=, accessibilityText=, hintText=, ignoreBoundsFiltering=false, resource-id=, clickable=false, bounds=[151,2246][204,2299], enabled=true, focused=false, checked=false, scrollable=false, selected=false, class=android.widget.TextView, important-for-accessibility=true, error=}, children=[], clickable=false, enabled=true, focused=false, checked=false, selected=false)], clickable=true, enabled=false, focused=false, checked=false, selected=false), bounds=Bounds(x=120, y=2214, width=116, height=115))
08:50:05.947 [ INFO] maestro.Maestro.tap-HgV9Ck0: Tap aimed via settled hierarchy
08:50:05.949 [ INFO] maestro.Maestro.hierarchyBasedTap-ogj28Uc: Tapping at (178, 2271) using hierarchy based logic for wait
08:50:06.601 [ INFO] maestro.cli.runner.CliConsoleListener.onCommandFinished: Tap on id: move-first COMPLETED
08:50:06.602 [ INFO] maestro.cli.runner.CliConsoleListener.onCommandStart: Tap on id: square-2g RUNNING
08:50:06.871 [ INFO] maestro.Maestro.tap-HgV9Ck0: Tapping on element:  UiElement(treeNode=TreeNode(attributes={text=, accessibilityText=2七、先手の歩, hintText=, ignoreBoundsFiltering=false, resource-id=square-2g, clickable=true, bounds=[186,665][287,766], enabled=true, focused=false, checked=false, scrollable=false, selected=false, class=android.widget.Button, important-for-accessibility=true, error=}, children=[TreeNode(attributes={text=, accessibilityText=, hintText=, ignoreBoundsFiltering=false, resource-id=, clickable=false, bounds=[190,668][283,763], enabled=true, focused=false, checked=false, scrollable=false, selected=false, class=android.view.ViewGroup, important-for-accessibility=false, error=}, children=[TreeNode(attributes={text=, accessibilityText=, hintText=, ignoreBoundsFiltering=false, resource-id=, clickable=false, bounds=[195,668][278,763], enabled=true, focused=false, checked=false, scrollable=false, selected=false, class=android.widget.ImageView, important-for-accessibility=false, error=}, children=[], clickable=false, enabled=true, focused=false, checked=false, selected=false), TreeNode(attributes={text=, accessibilityText=, hintText=, ignoreBoundsFiltering=false, resource-id=, clickable=false, bounds=[206,677][267,743], enabled=true, focused=false, checked=false, scrollable=false, selected=false, class=android.widget.ImageView, important-for-accessibility=false, error=}, children=[], clickable=false, enabled=true, focused=false, checked=false, selected=false)], clickable=false, enabled=true, focused=false, checked=false, selected=false)], clickable=true, enabled=true, focused=false, checked=false, selected=false), bounds=Bounds(x=186, y=665, width=101, height=101))
08:50:08.247 [ INFO] maestro.Maestro.tap-HgV9Ck0: Tap aimed via settled hierarchy
08:50:08.249 [ INFO] maestro.Maestro.hierarchyBasedTap-ogj28Uc: Tapping at (236, 715) using hierarchy based logic for wait
08:50:09.672 [ INFO] maestro.Maestro.hierarchyBasedTap-ogj28Uc: Something has changed in the UI judging by view hierarchy. Proceed.
08:50:09.672 [ INFO] maestro.cli.runner.CliConsoleListener.onCommandFinished: Tap on id: square-2g COMPLETED
08:50:09.672 [ INFO] maestro.cli.runner.CliConsoleListener.onCommandStart: Tap on id: square-2f RUNNING
08:50:09.911 [ INFO] maestro.Maestro.tap-HgV9Ck0: Tapping on element:  UiElement(treeNode=TreeNode(attributes={text=, accessibilityText=2六、空きマス、移動できます, hintText=, ignoreBoundsFiltering=false, resource-id=square-2f, clickable=true, bounds=[186,766][287,868], enabled=true, focused=false, checked=false, scrollable=false, selected=false, class=android.widget.Button, important-for-accessibility=true, error=}, children=[TreeNode(attributes={text=, accessibilityText=, hintText=, ignoreBoundsFiltering=false, resource-id=, clickable=false, bounds=[225,805][247,828], enabled=true, focused=false, checked=false, scrollable=false, selected=false, class=android.view.ViewGroup, important-for-accessibility=false, error=}, children=[], clickable=false, enabled=true, focused=false, checked=false, selected=false)], clickable=true, enabled=true, focused=false, checked=false, selected=false), bounds=Bounds(x=186, y=766, width=101, height=102))
08:50:11.287 [ INFO] maestro.Maestro.tap-HgV9Ck0: Tap aimed via settled hierarchy
08:50:11.289 [ INFO] maestro.Maestro.hierarchyBasedTap-ogj28Uc: Tapping at (236, 817) using hierarchy based logic for wait
08:50:13.561 [ INFO] maestro.Maestro.hierarchyBasedTap-ogj28Uc: Something has changed in the UI judging by view hierarchy. Proceed.
08:50:13.561 [ INFO] maestro.cli.runner.CliConsoleListener.onCommandFinished: Tap on id: square-2f COMPLETED
08:50:13.561 [ INFO] maestro.cli.runner.CliConsoleListener.onCommandStart: Assert that "分岐検討" is visible RUNNING
08:50:13.826 [ INFO] maestro.cli.runner.CliConsoleListener.onCommandFinished: Assert that "分岐検討" is visible COMPLETED
08:50:13.826 [ INFO] maestro.cli.runner.CliConsoleListener.onCommandStart: Take screenshot 30-${SHOT_PREFIX}-branch RUNNING
08:50:13.829 [ INFO] maestro.Maestro.takeScreenshot: Taking screenshot
08:50:13.830 [TRACE] maestro.utils.ScreenshotUtils.takeScreenshot: Taking screenshot to output sink
08:50:13.978 [ INFO] maestro.cli.runner.CliConsoleListener.onCommandFinished: Take screenshot 30-${SHOT_PREFIX}-branch COMPLETED
08:50:13.979 [ INFO] maestro.cli.runner.CliConsoleListener.onCommandStart: Tap on "本譜に戻る" RUNNING
08:50:14.215 [ INFO] maestro.Maestro.tap-HgV9Ck0: Tapping on element:  UiElement(treeNode=TreeNode(attributes={text=, accessibilityText=本譜に戻る, hintText=, ignoreBoundsFiltering=false, resource-id=, clickable=true, bounds=[42,146][168,272], enabled=true, focused=false, checked=false, scrollable=false, selected=false, class=android.widget.Button, important-for-accessibility=true, error=}, children=[TreeNode(attributes={text=, accessibilityText=, hintText=, ignoreBoundsFiltering=false, resource-id=, clickable=false, bounds=[75,179][137,241], enabled=true, focused=false, checked=false, scrollable=false, selected=false, class=android.widget.TextView, important-for-accessibility=true, error=}, children=[], clickable=false, enabled=true, focused=false, checked=false, selected=false)], clickable=true, enabled=true, focused=false, checked=false, selected=false), bounds=Bounds(x=42, y=146, width=126, height=126))
08:50:15.572 [ INFO] maestro.Maestro.tap-HgV9Ck0: Tap aimed via settled hierarchy
08:50:15.574 [ INFO] maestro.Maestro.hierarchyBasedTap-ogj28Uc: Tapping at (105, 209) using hierarchy based logic for wait
08:50:17.063 [ INFO] maestro.Maestro.hierarchyBasedTap-ogj28Uc: Something has changed in the UI judging by view hierarchy. Proceed.
08:50:17.063 [ INFO] maestro.cli.runner.CliConsoleListener.onCommandFinished: Tap on "本譜に戻る" COMPLETED
08:50:17.063 [ INFO] maestro.cli.runner.CliConsoleListener.onCommandStart: Tap on id: move-last RUNNING
08:50:17.269 [ INFO] maestro.Maestro.tap-HgV9Ck0: Tapping on element:  UiElement(treeNode=TreeNode(attributes={text=, accessibilityText=最終局面へ, hintText=, ignoreBoundsFiltering=false, resource-id=move-last, clickable=true, bounds=[845,2214][960,2329], enabled=true, focused=false, checked=false, scrollable=false, selected=false, class=android.widget.Button, important-for-accessibility=true, error=}, children=[TreeNode(attributes={text=, accessibilityText=, hintText=, ignoreBoundsFiltering=false, resource-id=, clickable=false, bounds=[876,2246][929,2299], enabled=true, focused=false, checked=false, scrollable=false, selected=false, class=android.widget.TextView, important-for-accessibility=true, error=}, children=[], clickable=false, enabled=true, focused=false, checked=false, selected=false)], clickable=true, enabled=true, focused=false, checked=false, selected=false), bounds=Bounds(x=845, y=2214, width=115, height=115))
08:50:18.694 [ INFO] maestro.Maestro.tap-HgV9Ck0: Tap aimed via settled hierarchy
08:50:18.695 [ INFO] maestro.Maestro.hierarchyBasedTap-ogj28Uc: Tapping at (902, 2271) using hierarchy based logic for wait
08:50:19.311 [ INFO] maestro.cli.runner.CliConsoleListener.onCommandFinished: Tap on id: move-last COMPLETED
08:50:19.312 [ INFO] maestro.cli.runner.CliConsoleListener.onCommandStart: Tap x13 on id: move-prev RUNNING
08:50:19.515 [ INFO] maestro.Maestro.tap-HgV9Ck0: Tapping on element: TapRepeat(repeat=13, delay=800) UiElement(treeNode=TreeNode(attributes={text=, accessibilityText=一手戻る, hintText=, ignoreBoundsFiltering=false, resource-id=move-prev, clickable=true, bounds=[301,2214][417,2329], enabled=false, focused=false, checked=false, scrollable=false, selected=false, class=android.widget.Button, important-for-accessibility=true, error=}, children=[TreeNode(attributes={text=, accessibilityText=, hintText=, ignoreBoundsFiltering=false, resource-id=, clickable=false, bounds=[332,2246][386,2299], enabled=true, focused=false, checked=false, scrollable=false, selected=false, class=android.widget.TextView, important-for-accessibility=true, error=}, children=[], clickable=false, enabled=true, focused=false, checked=false, selected=false)], clickable=true, enabled=false, focused=false, checked=false, selected=false), bounds=Bounds(x=301, y=2214, width=116, height=115))
08:50:20.916 [ INFO] maestro.Maestro.tap-HgV9Ck0: Tap aimed via settled hierarchy
08:50:20.917 [ INFO] maestro.Maestro.hierarchyBasedTap-ogj28Uc: Tapping at (359, 2271) using hierarchy based logic for wait
08:50:32.113 [ INFO] maestro.Maestro.hierarchyBasedTap-ogj28Uc: Something has changed in the UI judging by view hierarchy. Proceed.
08:50:32.114 [ INFO] maestro.cli.runner.CliConsoleListener.onCommandFinished: Tap x13 on id: move-prev COMPLETED
08:50:32.114 [ INFO] maestro.cli.runner.CliConsoleListener.onCommandStart: Scrolling DOWN until "後手・3手詰め ›" is visible with speed 40, visibility percentage 100%, timeout 20000 ms, with centering disabled RUNNING
08:50:32.370 [ INFO] maestro.orchestra.Orchestra.scrollUntilVisible: Scrolling try count: 0, DeviceWidth: 1080, DeviceWidth: 2400
08:50:32.370 [ INFO] maestro.orchestra.Orchestra.scrollUntilVisible: Element bounds: Bounds(x=778, y=1547, width=250, height=53)
08:50:32.370 [ INFO] maestro.orchestra.Orchestra.scrollUntilVisible: Visibility Percent: 1.0
08:50:32.371 [ INFO] maestro.orchestra.Orchestra.scrollUntilVisible: Command centerElement: ScrollUntilVisibleCommand(selector=ElementSelector(textRegex=後手・3手詰め ›, idRegex=null, size=null, below=null, above=null, leftOf=null, rightOf=null, containsChild=null, containsDescendants=null, traits=null, index=null, enabled=null, optional=false, selected=null, checked=null, focused=null, childOf=null, css=null), direction=DOWN, scrollDuration=601, visibilityPercentage=100, timeout=20000, waitToSettleTimeoutMs=null, centerElement=false, originalSpeedValue=40, label=null, optional=false).centerElement
08:50:32.371 [ INFO] maestro.orchestra.Orchestra.scrollUntilVisible: visibilityPercentageNormalized: 1.0
08:50:32.371 [ INFO] maestro.cli.runner.CliConsoleListener.onCommandFinished: Scrolling DOWN until "後手・3手詰め ›" is visible with speed 40, visibility percentage 100%, timeout 20000 ms, with centering disabled COMPLETED
08:50:32.371 [ INFO] maestro.cli.runner.CliConsoleListener.onCommandStart: Tap on "後手・3手詰め ›" RUNNING
08:50:32.603 [ INFO] maestro.Maestro.tap-HgV9Ck0: Tapping on element:  UiElement(treeNode=TreeNode(attributes={text=後手・3手詰め ›, accessibilityText=, hintText=, ignoreBoundsFiltering=false, resource-id=, clickable=false, bounds=[778,1547][1028,1600], enabled=true, focused=false, checked=false, scrollable=false, selected=false, class=android.widget.TextView, important-for-accessibility=true, error=}, children=[], clickable=false, enabled=true, focused=false, checked=false, selected=false), bounds=Bounds(x=778, y=1547, width=250, height=53))
08:50:34.011 [ INFO] maestro.Maestro.tap-HgV9Ck0: Tap aimed via settled hierarchy
08:50:34.013 [ INFO] maestro.Maestro.hierarchyBasedTap-ogj28Uc: Tapping at (903, 1573) using hierarchy based logic for wait
08:50:36.608 [ INFO] maestro.Maestro.hierarchyBasedTap-ogj28Uc: Something has changed in the UI judging by view hierarchy. Proceed.
08:50:36.608 [ INFO] maestro.cli.runner.CliConsoleListener.onCommandFinished: Tap on "後手・3手詰め ›" COMPLETED
08:50:36.609 [ INFO] maestro.cli.runner.CliConsoleListener.onCommandStart: Take screenshot 31-${SHOT_PREFIX}-mate RUNNING
08:50:36.612 [ INFO] maestro.Maestro.takeScreenshot: Taking screenshot
08:50:36.613 [TRACE] maestro.utils.ScreenshotUtils.takeScreenshot: Taking screenshot to output sink
08:50:36.854 [ INFO] maestro.cli.runner.CliConsoleListener.onCommandFinished: Take screenshot 31-${SHOT_PREFIX}-mate COMPLETED
08:50:36.854 [ INFO] maestro.cli.runner.CliConsoleListener.onCommandStart: Stop com.meeshogi.app RUNNING
08:50:36.855 [ INFO] maestro.Maestro.stopApp$lambda$6: Stopping app com.meeshogi.app
08:50:36.898 [ INFO] maestro.cli.runner.CliConsoleListener.onCommandFinished: Stop com.meeshogi.app COMPLETED
08:50:36.899 [ INFO] maestro.cli.runner.CliConsoleListener.onCommandStart: Launch app "com.meeshogi.app" RUNNING
08:50:38.077 [ INFO] maestro.Maestro.launchApp$lambda$5: Launching app com.meeshogi.app
08:50:38.077 [ INFO] maestro.Maestro.launchApp$lambda$5: Stopping com.meeshogi.app app during launch
08:50:38.459 [ INFO] maestro.cli.runner.CliConsoleListener.onCommandFinished: Launch app "com.meeshogi.app" COMPLETED
08:50:38.459 [ INFO] maestro.cli.runner.CliConsoleListener.onCommandStart: Assert that id: library-screen is visible RUNNING
08:50:43.328 [ INFO] maestro.cli.runner.CliConsoleListener.onCommandFinished: Assert that id: library-screen is visible COMPLETED
08:50:43.329 [ INFO] maestro.cli.runner.CliConsoleListener.onCommandStart: Assert that ".*KeroPona.*" is visible RUNNING
08:50:43.479 [ INFO] maestro.cli.runner.CliConsoleListener.onCommandFinished: Assert that ".*KeroPona.*" is visible COMPLETED
08:50:43.480 [ INFO] maestro.cli.runner.CliConsoleListener.onCommandStart: Tap on "戦績.*" RUNNING
08:50:43.566 [ INFO] maestro.Maestro.tap-HgV9Ck0: Tapping on element:  UiElement(treeNode=TreeNode(attributes={text=戦績, accessibilityText=, hintText=, ignoreBoundsFiltering=false, resource-id=, clickable=false, bounds=[511,2293][569,2336], enabled=true, focused=false, checked=false, scrollable=false, selected=false, class=android.widget.TextView, important-for-accessibility=true, error=}, children=[], clickable=false, enabled=true, focused=false, checked=false, selected=false), bounds=Bounds(x=511, y=2293, width=58, height=43))
08:50:44.917 [ INFO] maestro.Maestro.tap-HgV9Ck0: Tap aimed via settled hierarchy
08:50:44.918 [ INFO] maestro.Maestro.hierarchyBasedTap-ogj28Uc: Tapping at (540, 2314) using hierarchy based logic for wait
08:50:46.525 [ INFO] maestro.Maestro.hierarchyBasedTap-ogj28Uc: Something has changed in the UI judging by view hierarchy. Proceed.
08:50:46.525 [ INFO] maestro.cli.runner.CliConsoleListener.onCommandFinished: Tap on "戦績.*" COMPLETED
08:50:46.525 [ INFO] maestro.cli.runner.CliConsoleListener.onCommandStart: Assert that id: statistics-screen is visible RUNNING
08:50:46.740 [ INFO] maestro.cli.runner.CliConsoleListener.onCommandFinished: Assert that id: statistics-screen is visible COMPLETED
08:50:46.740 [ INFO] maestro.cli.runner.CliConsoleListener.onCommandStart: Tap on "全期間" RUNNING
08:50:46.820 [ INFO] maestro.Maestro.tap-HgV9Ck0: Tapping on element:  UiElement(treeNode=TreeNode(attributes={text=全期間, accessibilityText=, hintText=, ignoreBoundsFiltering=false, resource-id=, clickable=false, bounds=[805,474][925,533], enabled=true, focused=false, checked=false, scrollable=false, selected=false, class=android.widget.TextView, important-for-accessibility=true, error=}, children=[], clickable=false, enabled=true, focused=false, checked=false, selected=false), bounds=Bounds(x=805, y=474, width=120, height=59))
08:50:48.145 [ INFO] maestro.Maestro.tap-HgV9Ck0: Tap aimed via settled hierarchy
08:50:48.146 [ INFO] maestro.Maestro.hierarchyBasedTap-ogj28Uc: Tapping at (865, 503) using hierarchy based logic for wait
08:50:49.409 [ INFO] maestro.Maestro.hierarchyBasedTap-ogj28Uc: Something has changed in the UI judging by view hierarchy. Proceed.
08:50:49.409 [ INFO] maestro.cli.runner.CliConsoleListener.onCommandFinished: Tap on "全期間" COMPLETED
08:50:49.409 [ INFO] maestro.cli.runner.CliConsoleListener.onCommandStart: Take screenshot 32-${SHOT_PREFIX}-statistics RUNNING
08:50:49.411 [ INFO] maestro.Maestro.takeScreenshot: Taking screenshot
08:50:49.412 [TRACE] maestro.utils.ScreenshotUtils.takeScreenshot: Taking screenshot to output sink
08:50:49.550 [ INFO] maestro.cli.runner.CliConsoleListener.onCommandFinished: Take screenshot 32-${SHOT_PREFIX}-statistics COMPLETED
