08:50:55.611 [ INFO] maestro.cli.runner.CliConsoleListener.onCommandStart: Define variables RUNNING
08:50:55.613 [ INFO] maestro.cli.runner.CliConsoleListener.onCommandFinished: Define variables COMPLETED
08:50:55.613 [ INFO] maestro.cli.runner.CliConsoleListener.onCommandStart: Apply configuration RUNNING
08:50:55.613 [ INFO] maestro.cli.runner.CliConsoleListener.onCommandFinished: Apply configuration COMPLETED
08:50:55.614 [ INFO] maestro.cli.runner.CliConsoleListener.onCommandStart: Run appearance-review.yaml RUNNING
08:50:55.615 [ INFO] maestro.cli.runner.CliConsoleListener.onCommandStart: Define variables RUNNING
08:50:55.615 [ INFO] maestro.cli.runner.CliConsoleListener.onCommandFinished: Define variables COMPLETED
08:50:55.615 [ INFO] maestro.cli.runner.CliConsoleListener.onCommandStart: Define variables RUNNING
08:50:56.079 [ INFO] maestro.cli.runner.CliConsoleListener.onCommandFinished: Define variables COMPLETED
08:50:56.080 [ INFO] maestro.cli.runner.CliConsoleListener.onCommandStart: Apply configuration RUNNING
08:50:56.080 [ INFO] maestro.cli.runner.CliConsoleListener.onCommandFinished: Apply configuration COMPLETED
08:50:56.080 [ INFO] maestro.cli.runner.CliConsoleListener.onCommandStart: Launch app "com.meeshogi.app" RUNNING
08:50:56.569 [ INFO] maestro.Maestro.launchApp$lambda$5: Launching app com.meeshogi.app
08:50:56.569 [ INFO] maestro.Maestro.launchApp$lambda$5: Stopping com.meeshogi.app app during launch
08:50:56.733 [ INFO] maestro.cli.runner.CliConsoleListener.onCommandFinished: Launch app "com.meeshogi.app" COMPLETED
08:50:56.734 [ INFO] maestro.cli.runner.CliConsoleListener.onCommandStart: Assert that id: library-screen is visible RUNNING
08:51:00.698 [ INFO] maestro.cli.runner.CliConsoleListener.onCommandFinished: Assert that id: library-screen is visible COMPLETED
08:51:00.700 [ INFO] maestro.cli.runner.CliConsoleListener.onCommandStart: Assert that ".*KeroPona.*" is visible RUNNING
08:51:01.229 [ INFO] maestro.cli.runner.CliConsoleListener.onCommandFinished: Assert that ".*KeroPona.*" is visible COMPLETED
08:51:01.230 [ INFO] maestro.cli.runner.CliConsoleListener.onCommandStart: Tap on "設定.*" RUNNING
08:51:01.339 [ INFO] maestro.Maestro.tap-HgV9Ck0: Tapping on element:  UiElement(treeNode=TreeNode(attributes={text=設定, accessibilityText=, hintText=, ignoreBoundsFiltering=false, resource-id=, clickable=false, bounds=[871,2293][929,2336], enabled=true, focused=false, checked=false, scrollable=false, selected=false, class=android.widget.TextView, important-for-accessibility=true, error=}, children=[], clickable=false, enabled=true, focused=false, checked=false, selected=false), bounds=Bounds(x=871, y=2293, width=58, height=43))
08:51:02.593 [ INFO] maestro.Maestro.tap-HgV9Ck0: Tap aimed via settled hierarchy
08:51:02.596 [ INFO] maestro.Maestro.hierarchyBasedTap-ogj28Uc: Tapping at (900, 2314) using hierarchy based logic for wait
08:51:04.129 [ INFO] maestro.Maestro.hierarchyBasedTap-ogj28Uc: Something has changed in the UI judging by view hierarchy. Proceed.
08:51:04.129 [ INFO] maestro.cli.runner.CliConsoleListener.onCommandFinished: Tap on "設定.*" COMPLETED
08:51:04.130 [ INFO] maestro.cli.runner.CliConsoleListener.onCommandStart: Scrolling DOWN until "表示テーマ" is visible with speed 40, visibility percentage 100%, timeout 20000 ms, with centering disabled RUNNING
08:51:05.209 [ WARN] maestro.orchestra.Orchestra.scrollUntilVisible: Error: maestro.MaestroException$ElementNotFound: Element not found: Text matching regex: 表示テーマ
08:51:05.215 [ INFO] maestro.Maestro.swipeFromCenter: Swiping UP from center
08:51:07.203 [ INFO] maestro.orchestra.Orchestra.scrollUntilVisible: Scrolling try count: 0, DeviceWidth: 1080, DeviceWidth: 2400
08:51:07.203 [ INFO] maestro.orchestra.Orchestra.scrollUntilVisible: Element bounds: Bounds(x=96, y=1733, width=645, height=66)
08:51:07.204 [ INFO] maestro.orchestra.Orchestra.scrollUntilVisible: Visibility Percent: 1.0
08:51:07.210 [ INFO] maestro.orchestra.Orchestra.scrollUntilVisible: Command centerElement: ScrollUntilVisibleCommand(selector=ElementSelector(textRegex=表示テーマ, idRegex=null, size=null, below=null, above=null, leftOf=null, rightOf=null, containsChild=null, containsDescendants=null, traits=null, index=null, enabled=null, optional=false, selected=null, checked=null, focused=null, childOf=null, css=null), direction=DOWN, scrollDuration=601, visibilityPercentage=100, timeout=20000, waitToSettleTimeoutMs=null, centerElement=false, originalSpeedValue=40, label=null, optional=false).centerElement
08:51:07.210 [ INFO] maestro.orchestra.Orchestra.scrollUntilVisible: visibilityPercentageNormalized: 1.0
08:51:07.211 [ INFO] maestro.cli.runner.CliConsoleListener.onCommandFinished: Scrolling DOWN until "表示テーマ" is visible with speed 40, visibility percentage 100%, timeout 20000 ms, with centering disabled COMPLETED
08:51:07.211 [ INFO] maestro.cli.runner.CliConsoleListener.onCommandStart: Tap on "表示テーマ" RUNNING
08:51:07.322 [ INFO] maestro.Maestro.tap-HgV9Ck0: Tapping on element:  UiElement(treeNode=TreeNode(attributes={text=表示テーマ, accessibilityText=, hintText=, ignoreBoundsFiltering=false, resource-id=, clickable=false, bounds=[96,1733][741,1799], enabled=true, focused=false, checked=false, scrollable=false, selected=false, class=android.widget.TextView, important-for-accessibility=true, error=}, children=[], clickable=false, enabled=true, focused=false, checked=false, selected=false), bounds=Bounds(x=96, y=1733, width=645, height=66))
08:51:08.558 [ INFO] maestro.Maestro.tap-HgV9Ck0: Tap aimed via settled hierarchy
08:51:08.559 [ INFO] maestro.Maestro.hierarchyBasedTap-ogj28Uc: Tapping at (418, 1766) using hierarchy based logic for wait
08:51:09.777 [ INFO] maestro.Maestro.hierarchyBasedTap-ogj28Uc: Something has changed in the UI judging by view hierarchy. Proceed.
08:51:09.777 [ INFO] maestro.cli.runner.CliConsoleListener.onCommandFinished: Tap on "表示テーマ" COMPLETED
08:51:09.777 [ INFO] maestro.cli.runner.CliConsoleListener.onCommandStart: Tap on "${APPEARANCE_LABEL}" RUNNING
08:51:09.819 [ INFO] maestro.Maestro.tap-HgV9Ck0: Tapping on element:  UiElement(treeNode=TreeNode(attributes={text=ダーク, accessibilityText=, hintText=, ignoreBoundsFiltering=false, resource-id=, clickable=false, bounds=[42,2148][168,2210], enabled=true, focused=false, checked=false, scrollable=false, selected=false, class=android.widget.TextView, important-for-accessibility=true, error=}, children=[], clickable=false, enabled=true, focused=false, checked=false, selected=false), bounds=Bounds(x=42, y=2148, width=126, height=62))
08:51:11.213 [ INFO] maestro.Maestro.tap-HgV9Ck0: Tap aimed via settled hierarchy
08:51:11.214 [ INFO] maestro.Maestro.hierarchyBasedTap-ogj28Uc: Tapping at (105, 2179) using hierarchy based logic for wait
08:51:12.839 [ INFO] maestro.Maestro.hierarchyBasedTap-ogj28Uc: Something has changed in the UI judging by view hierarchy. Proceed.
08:51:12.840 [ INFO] maestro.cli.runner.CliConsoleListener.onCommandFinished: Tap on "${APPEARANCE_LABEL}" COMPLETED
08:51:12.840 [ INFO] maestro.cli.runner.CliConsoleListener.onCommandStart: Take screenshot 25-${SHOT_PREFIX}-settings RUNNING
08:51:12.844 [ INFO] maestro.Maestro.takeScreenshot: Taking screenshot
08:51:12.845 [TRACE] maestro.utils.ScreenshotUtils.takeScreenshot: Taking screenshot to output sink
08:51:13.077 [ INFO] maestro.cli.runner.CliConsoleListener.onCommandFinished: Take screenshot 25-${SHOT_PREFIX}-settings COMPLETED
08:51:13.078 [ INFO] maestro.cli.runner.CliConsoleListener.onCommandStart: Scrolling UP until id: player-names-link is visible with speed 40, visibility percentage 100%, timeout 20000 ms, with centering disabled RUNNING
08:51:13.806 [ WARN] maestro.orchestra.Orchestra.scrollUntilVisible: Error: maestro.MaestroException$ElementNotFound: Element not found: Id matching regex: player-names-link
08:51:13.811 [ INFO] maestro.Maestro.swipeFromCenter: Swiping DOWN from center
08:51:15.482 [ INFO] maestro.orchestra.Orchestra.scrollUntilVisible: Scrolling try count: 0, DeviceWidth: 1080, DeviceWidth: 2400
08:51:15.482 [ INFO] maestro.orchestra.Orchestra.scrollUntilVisible: Element bounds: Bounds(x=54, y=573, width=973, height=142)
08:51:15.482 [ INFO] maestro.orchestra.Orchestra.scrollUntilVisible: Visibility Percent: 1.0
08:51:15.482 [ INFO] maestro.orchestra.Orchestra.scrollUntilVisible: Command centerElement: ScrollUntilVisibleCommand(selector=ElementSelector(textRegex=null, idRegex=player-names-link, size=null, below=null, above=null, leftOf=null, rightOf=null, containsChild=null, containsDescendants=null, traits=null, index=null, enabled=null, optional=false, selected=null, checked=null, focused=null, childOf=null, css=null), direction=UP, scrollDuration=601, visibilityPercentage=100, timeout=20000, waitToSettleTimeoutMs=null, centerElement=false, originalSpeedValue=40, label=null, optional=false).centerElement
08:51:15.482 [ INFO] maestro.orchestra.Orchestra.scrollUntilVisible: visibilityPercentageNormalized: 1.0
08:51:15.483 [ INFO] maestro.cli.runner.CliConsoleListener.onCommandFinished: Scrolling UP until id: player-names-link is visible with speed 40, visibility percentage 100%, timeout 20000 ms, with centering disabled COMPLETED
08:51:15.483 [ INFO] maestro.cli.runner.CliConsoleListener.onCommandStart: Take screenshot 26-${SHOT_PREFIX}-settings-top RUNNING
08:51:15.485 [ INFO] maestro.Maestro.takeScreenshot: Taking screenshot
08:51:15.486 [TRACE] maestro.utils.ScreenshotUtils.takeScreenshot: Taking screenshot to output sink
08:51:15.929 [ INFO] maestro.cli.runner.CliConsoleListener.onCommandFinished: Take screenshot 26-${SHOT_PREFIX}-settings-top COMPLETED
08:51:15.929 [ INFO] maestro.cli.runner.CliConsoleListener.onCommandStart: Tap on id: player-names-link RUNNING
08:51:16.063 [ INFO] maestro.Maestro.tap-HgV9Ck0: Tapping on element:  UiElement(treeNode=TreeNode(attributes={text=, accessibilityText=, 対局者名, asitaka_y ほか1件, , hintText=, ignoreBoundsFiltering=false, resource-id=player-names-link, clickable=true, bounds=[54,573][1027,715], enabled=true, focused=false, checked=false, scrollable=false, selected=false, class=android.widget.Button, important-for-accessibility=true, error=}, children=[TreeNode(attributes={text=, accessibilityText=, hintText=, ignoreBoundsFiltering=false, resource-id=, clickable=false, bounds=[96,614][157,676], enabled=true, focused=false, checked=false, scrollable=false, selected=false, class=android.widget.TextView, important-for-accessibility=true, error=}, children=[], clickable=false, enabled=true, focused=false, checked=false, selected=false), TreeNode(attributes={text=対局者名, accessibilityText=, hintText=, ignoreBoundsFiltering=false, resource-id=, clickable=false, bounds=[187,610][519,676], enabled=true, focused=false, checked=false, scrollable=false, selected=false, class=android.widget.TextView, important-for-accessibility=true, error=}, children=[], clickable=false, enabled=true, focused=false, checked=false, selected=false), TreeNode(attributes={text=asitaka_y ほか1件, accessibilityText=, hintText=, ignoreBoundsFiltering=false, resource-id=, clickable=false, bounds=[550,610][906,676], enabled=true, focused=false, checked=false, scrollable=false, selected=false, class=android.widget.TextView, important-for-accessibility=true, error=}, children=[], clickable=false, enabled=true, focused=false, checked=false, selected=false), TreeNode(attributes={text=, accessibilityText=, hintText=, ignoreBoundsFiltering=false, resource-id=, clickable=false, bounds=[938,620][986,668], enabled=true, focused=false, checked=false, scrollable=false, selected=false, class=android.widget.TextView, important-for-accessibility=true, error=}, children=[], clickable=false, enabled=true, focused=false, checked=false, selected=false)], clickable=true, enabled=true, focused=false, checked=false, selected=false), bounds=Bounds(x=54, y=573, width=973, height=142))
08:51:17.259 [ INFO] maestro.Maestro.tap-HgV9Ck0: Tap aimed via settled hierarchy
08:51:17.260 [ INFO] maestro.Maestro.hierarchyBasedTap-ogj28Uc: Tapping at (540, 644) using hierarchy based logic for wait
08:51:18.537 [ INFO] maestro.Maestro.hierarchyBasedTap-ogj28Uc: Something has changed in the UI judging by view hierarchy. Proceed.
08:51:18.537 [ INFO] maestro.cli.runner.CliConsoleListener.onCommandFinished: Tap on id: player-names-link COMPLETED
08:51:18.537 [ INFO] maestro.cli.runner.CliConsoleListener.onCommandStart: Assert that id: names-save is visible RUNNING
08:51:18.605 [ INFO] maestro.cli.runner.CliConsoleListener.onCommandFinished: Assert that id: names-save is visible COMPLETED
08:51:18.605 [ INFO] maestro.cli.runner.CliConsoleListener.onCommandStart: Take screenshot 27-${SHOT_PREFIX}-player-names RUNNING
08:51:18.608 [ INFO] maestro.Maestro.takeScreenshot: Taking screenshot
08:51:18.609 [TRACE] maestro.utils.ScreenshotUtils.takeScreenshot: Taking screenshot to output sink
08:51:18.746 [ INFO] maestro.cli.runner.CliConsoleListener.onCommandFinished: Take screenshot 27-${SHOT_PREFIX}-player-names COMPLETED
08:51:18.746 [ INFO] maestro.cli.runner.CliConsoleListener.onCommandStart: Stop com.meeshogi.app RUNNING
08:51:18.747 [ INFO] maestro.Maestro.stopApp$lambda$6: Stopping app com.meeshogi.app
08:51:18.777 [ INFO] maestro.cli.runner.CliConsoleListener.onCommandFinished: Stop com.meeshogi.app COMPLETED
08:51:18.777 [ INFO] maestro.cli.runner.CliConsoleListener.onCommandStart: Launch app "com.meeshogi.app" RUNNING
08:51:19.804 [ INFO] maestro.Maestro.launchApp$lambda$5: Launching app com.meeshogi.app
08:51:19.805 [ INFO] maestro.Maestro.launchApp$lambda$5: Stopping com.meeshogi.app app during launch
08:51:19.863 [ INFO] maestro.cli.runner.CliConsoleListener.onCommandFinished: Launch app "com.meeshogi.app" COMPLETED
08:51:19.863 [ INFO] maestro.cli.runner.CliConsoleListener.onCommandStart: Assert that id: library-screen is visible RUNNING
08:51:23.973 [ INFO] maestro.cli.runner.CliConsoleListener.onCommandFinished: Assert that id: library-screen is visible COMPLETED
08:51:23.974 [ INFO] maestro.cli.runner.CliConsoleListener.onCommandStart: Assert that ".*KeroPona.*" is visible RUNNING
08:51:24.241 [ INFO] maestro.cli.runner.CliConsoleListener.onCommandFinished: Assert that ".*KeroPona.*" is visible COMPLETED
08:51:24.242 [ INFO] maestro.cli.runner.CliConsoleListener.onCommandStart: Take screenshot 28-${SHOT_PREFIX}-library RUNNING
08:51:24.244 [ INFO] maestro.Maestro.takeScreenshot: Taking screenshot
08:51:24.244 [TRACE] maestro.utils.ScreenshotUtils.takeScreenshot: Taking screenshot to output sink
08:51:24.493 [ INFO] maestro.cli.runner.CliConsoleListener.onCommandFinished: Take screenshot 28-${SHOT_PREFIX}-library COMPLETED
08:51:24.493 [ INFO] maestro.cli.runner.CliConsoleListener.onCommandStart: Tap on ".*KeroPona.*" RUNNING
08:51:24.626 [ INFO] maestro.Maestro.tap-HgV9Ck0: Tapping on element:  UiElement(treeNode=TreeNode(attributes={text=KeroPona との対局, accessibilityText=, hintText=, ignoreBoundsFiltering=false, resource-id=, clickable=false, bounds=[96,712][708,778], enabled=true, focused=false, checked=false, scrollable=false, selected=false, class=android.widget.TextView, important-for-accessibility=true, error=}, children=[], clickable=false, enabled=true, focused=false, checked=false, selected=false), bounds=Bounds(x=96, y=712, width=612, height=66))
08:51:25.930 [ INFO] maestro.Maestro.tap-HgV9Ck0: Tap aimed via settled hierarchy
08:51:25.931 [ INFO] maestro.Maestro.hierarchyBasedTap-ogj28Uc: Tapping at (402, 745) using hierarchy based logic for wait
08:51:26.279 [ INFO] maestro.cli.runner.CliConsoleListener.onCommandFinished: Tap on ".*KeroPona.*" COMPLETED
08:51:26.279 [ INFO] maestro.cli.runner.CliConsoleListener.onCommandStart: Assert that id: game-screen is visible RUNNING
08:51:27.890 [ INFO] maestro.cli.runner.CliConsoleListener.onCommandFinished: Assert that id: game-screen is visible COMPLETED
08:51:27.890 [ INFO] maestro.cli.runner.CliConsoleListener.onCommandStart: Take screenshot 29-${SHOT_PREFIX}-game RUNNING
08:51:27.893 [ INFO] maestro.Maestro.takeScreenshot: Taking screenshot
08:51:27.894 [TRACE] maestro.utils.ScreenshotUtils.takeScreenshot: Taking screenshot to output sink
08:51:28.096 [ INFO] maestro.cli.runner.CliConsoleListener.onCommandFinished: Take screenshot 29-${SHOT_PREFIX}-game COMPLETED
08:51:28.096 [ INFO] maestro.cli.runner.CliConsoleListener.onCommandStart: Tap on id: move-first RUNNING
08:51:28.313 [ INFO] maestro.Maestro.tap-HgV9Ck0: Tapping on element:  UiElement(treeNode=TreeNode(attributes={text=, accessibilityText=初期局面へ, hintText=, ignoreBoundsFiltering=false, resource-id=move-first, clickable=true, bounds=[120,2214][236,2329], enabled=true, focused=false, checked=false, scrollable=false, selected=false, class=android.widget.Button, important-for-accessibility=true, error=}, children=[TreeNode(attributes={text=, accessibilityText=, hintText=, ignoreBoundsFiltering=false, resource-id=, clickable=false, bounds=[151,2246][204,2299], enabled=true, focused=false, checked=false, scrollable=false, selected=false, class=android.widget.TextView, important-for-accessibility=true, error=}, children=[], clickable=false, enabled=true, focused=false, checked=false, selected=false)], clickable=true, enabled=true, focused=false, checked=false, selected=false), bounds=Bounds(x=120, y=2214, width=116, height=115))
08:51:29.709 [ INFO] maestro.Maestro.tap-HgV9Ck0: Tap aimed via settled hierarchy
08:51:29.711 [ INFO] maestro.Maestro.hierarchyBasedTap-ogj28Uc: Tapping at (178, 2271) using hierarchy based logic for wait
08:51:30.187 [ INFO] maestro.cli.runner.CliConsoleListener.onCommandFinished: Tap on id: move-first COMPLETED
08:51:30.187 [ INFO] maestro.cli.runner.CliConsoleListener.onCommandStart: Tap on id: square-2g RUNNING
08:51:30.335 [ INFO] maestro.Maestro.tap-HgV9Ck0: Tapping on element:  UiElement(treeNode=TreeNode(attributes={text=, accessibilityText=2七、空きマス, hintText=, ignoreBoundsFiltering=false, resource-id=square-2g, clickable=true, bounds=[186,665][287,766], enabled=true, focused=false, checked=false, scrollable=false, selected=false, class=android.widget.Button, important-for-accessibility=true, error=}, children=[], clickable=true, enabled=true, focused=false, checked=false, selected=false), bounds=Bounds(x=186, y=665, width=101, height=101))
08:51:31.427 [ INFO] maestro.Maestro.tap-HgV9Ck0: Tap aimed via settled hierarchy
08:51:31.428 [ INFO] maestro.Maestro.hierarchyBasedTap-ogj28Uc: Tapping at (236, 715) using hierarchy based logic for wait
08:51:32.774 [ INFO] maestro.Maestro.hierarchyBasedTap-ogj28Uc: Something has changed in the UI judging by view hierarchy. Proceed.
08:51:32.774 [ INFO] maestro.cli.runner.CliConsoleListener.onCommandFinished: Tap on id: square-2g COMPLETED
08:51:32.774 [ INFO] maestro.cli.runner.CliConsoleListener.onCommandStart: Tap on id: square-2f RUNNING
08:51:32.933 [ INFO] maestro.Maestro.tap-HgV9Ck0: Tapping on element:  UiElement(treeNode=TreeNode(attributes={text=, accessibilityText=2六、空きマス、移動できます, hintText=, ignoreBoundsFiltering=false, resource-id=square-2f, clickable=true, bounds=[186,766][287,868], enabled=true, focused=false, checked=false, scrollable=false, selected=false, class=android.widget.Button, important-for-accessibility=true, error=}, children=[TreeNode(attributes={text=, accessibilityText=, hintText=, ignoreBoundsFiltering=false, resource-id=, clickable=false, bounds=[225,805][247,828], enabled=true, focused=false, checked=false, scrollable=false, selected=false, class=android.view.ViewGroup, important-for-accessibility=false, error=}, children=[], clickable=false, enabled=true, focused=false, checked=false, selected=false)], clickable=true, enabled=true, focused=false, checked=false, selected=false), bounds=Bounds(x=186, y=766, width=101, height=102))
08:51:34.241 [ INFO] maestro.Maestro.tap-HgV9Ck0: Tap aimed via settled hierarchy
08:51:34.242 [ INFO] maestro.Maestro.hierarchyBasedTap-ogj28Uc: Tapping at (236, 817) using hierarchy based logic for wait
08:51:36.049 [ INFO] maestro.Maestro.hierarchyBasedTap-ogj28Uc: Something has changed in the UI judging by view hierarchy. Proceed.
08:51:36.049 [ INFO] maestro.cli.runner.CliConsoleListener.onCommandFinished: Tap on id: square-2f COMPLETED
08:51:36.049 [ INFO] maestro.cli.runner.CliConsoleListener.onCommandStart: Assert that "分岐検討" is visible RUNNING
08:51:36.225 [ INFO] maestro.cli.runner.CliConsoleListener.onCommandFinished: Assert that "分岐検討" is visible COMPLETED
08:51:36.225 [ INFO] maestro.cli.runner.CliConsoleListener.onCommandStart: Take screenshot 30-${SHOT_PREFIX}-branch RUNNING
08:51:36.227 [ INFO] maestro.Maestro.takeScreenshot: Taking screenshot
08:51:36.228 [TRACE] maestro.utils.ScreenshotUtils.takeScreenshot: Taking screenshot to output sink
08:51:36.384 [ INFO] maestro.cli.runner.CliConsoleListener.onCommandFinished: Take screenshot 30-${SHOT_PREFIX}-branch COMPLETED
08:51:36.385 [ INFO] maestro.cli.runner.CliConsoleListener.onCommandStart: Tap on "本譜に戻る" RUNNING
08:51:36.584 [ INFO] maestro.Maestro.tap-HgV9Ck0: Tapping on element:  UiElement(treeNode=TreeNode(attributes={text=, accessibilityText=本譜に戻る, hintText=, ignoreBoundsFiltering=false, resource-id=, clickable=true, bounds=[42,146][168,272], enabled=true, focused=false, checked=false, scrollable=false, selected=false, class=android.widget.Button, important-for-accessibility=true, error=}, children=[TreeNode(attributes={text=, accessibilityText=, hintText=, ignoreBoundsFiltering=false, resource-id=, clickable=false, bounds=[75,179][137,241], enabled=true, focused=false, checked=false, scrollable=false, selected=false, class=android.widget.TextView, important-for-accessibility=true, error=}, children=[], clickable=false, enabled=true, focused=false, checked=false, selected=false)], clickable=true, enabled=true, focused=false, checked=false, selected=false), bounds=Bounds(x=42, y=146, width=126, height=126))
08:51:37.872 [ INFO] maestro.Maestro.tap-HgV9Ck0: Tap aimed via settled hierarchy
08:51:37.874 [ INFO] maestro.Maestro.hierarchyBasedTap-ogj28Uc: Tapping at (105, 209) using hierarchy based logic for wait
08:51:39.210 [ INFO] maestro.Maestro.hierarchyBasedTap-ogj28Uc: Something has changed in the UI judging by view hierarchy. Proceed.
08:51:39.210 [ INFO] maestro.cli.runner.CliConsoleListener.onCommandFinished: Tap on "本譜に戻る" COMPLETED
08:51:39.211 [ INFO] maestro.cli.runner.CliConsoleListener.onCommandStart: Tap on id: move-last RUNNING
08:51:39.396 [ INFO] maestro.Maestro.tap-HgV9Ck0: Tapping on element:  UiElement(treeNode=TreeNode(attributes={text=, accessibilityText=最終局面へ, hintText=, ignoreBoundsFiltering=false, resource-id=move-last, clickable=true, bounds=[845,2214][960,2329], enabled=true, focused=false, checked=false, scrollable=false, selected=false, class=android.widget.Button, important-for-accessibility=true, error=}, children=[TreeNode(attributes={text=, accessibilityText=, hintText=, ignoreBoundsFiltering=false, resource-id=, clickable=false, bounds=[876,2246][929,2299], enabled=true, focused=false, checked=false, scrollable=false, selected=false, class=android.widget.TextView, important-for-accessibility=true, error=}, children=[], clickable=false, enabled=true, focused=false, checked=false, selected=false)], clickable=true, enabled=true, focused=false, checked=false, selected=false), bounds=Bounds(x=845, y=2214, width=115, height=115))
08:51:40.702 [ INFO] maestro.Maestro.tap-HgV9Ck0: Tap aimed via settled hierarchy
08:51:40.703 [ INFO] maestro.Maestro.hierarchyBasedTap-ogj28Uc: Tapping at (902, 2271) using hierarchy based logic for wait
08:51:41.172 [ INFO] maestro.cli.runner.CliConsoleListener.onCommandFinished: Tap on id: move-last COMPLETED
08:51:41.172 [ INFO] maestro.cli.runner.CliConsoleListener.onCommandStart: Tap x13 on id: move-prev RUNNING
08:51:41.364 [ INFO] maestro.Maestro.tap-HgV9Ck0: Tapping on element: TapRepeat(repeat=13, delay=800) UiElement(treeNode=TreeNode(attributes={text=, accessibilityText=一手戻る, hintText=, ignoreBoundsFiltering=false, resource-id=move-prev, clickable=true, bounds=[301,2214][417,2329], enabled=false, focused=false, checked=false, scrollable=false, selected=false, class=android.widget.Button, important-for-accessibility=true, error=}, children=[TreeNode(attributes={text=, accessibilityText=, hintText=, ignoreBoundsFiltering=false, resource-id=, clickable=false, bounds=[332,2246][386,2299], enabled=true, focused=false, checked=false, scrollable=false, selected=false, class=android.widget.TextView, important-for-accessibility=true, error=}, children=[], clickable=false, enabled=true, focused=false, checked=false, selected=false)], clickable=true, enabled=false, focused=false, checked=false, selected=false), bounds=Bounds(x=301, y=2214, width=116, height=115))
08:51:42.450 [ INFO] maestro.Maestro.tap-HgV9Ck0: Tap aimed via settled hierarchy
08:51:42.451 [ INFO] maestro.Maestro.hierarchyBasedTap-ogj28Uc: Tapping at (359, 2271) using hierarchy based logic for wait
08:51:53.592 [ INFO] maestro.Maestro.hierarchyBasedTap-ogj28Uc: Something has changed in the UI judging by view hierarchy. Proceed.
08:51:53.592 [ INFO] maestro.cli.runner.CliConsoleListener.onCommandFinished: Tap x13 on id: move-prev COMPLETED
08:51:53.593 [ INFO] maestro.cli.runner.CliConsoleListener.onCommandStart: Scrolling DOWN until "後手・3手詰め ›" is visible with speed 40, visibility percentage 100%, timeout 20000 ms, with centering disabled RUNNING
08:51:53.756 [ INFO] maestro.orchestra.Orchestra.scrollUntilVisible: Scrolling try count: 0, DeviceWidth: 1080, DeviceWidth: 2400
08:51:53.756 [ INFO] maestro.orchestra.Orchestra.scrollUntilVisible: Element bounds: Bounds(x=778, y=1547, width=250, height=53)
08:51:53.756 [ INFO] maestro.orchestra.Orchestra.scrollUntilVisible: Visibility Percent: 1.0
08:51:53.756 [ INFO] maestro.orchestra.Orchestra.scrollUntilVisible: Command centerElement: ScrollUntilVisibleCommand(selector=ElementSelector(textRegex=後手・3手詰め ›, idRegex=null, size=null, below=null, above=null, leftOf=null, rightOf=null, containsChild=null, containsDescendants=null, traits=null, index=null, enabled=null, optional=false, selected=null, checked=null, focused=null, childOf=null, css=null), direction=DOWN, scrollDuration=601, visibilityPercentage=100, timeout=20000, waitToSettleTimeoutMs=null, centerElement=false, originalSpeedValue=40, label=null, optional=false).centerElement
08:51:53.756 [ INFO] maestro.orchestra.Orchestra.scrollUntilVisible: visibilityPercentageNormalized: 1.0
08:51:53.756 [ INFO] maestro.cli.runner.CliConsoleListener.onCommandFinished: Scrolling DOWN until "後手・3手詰め ›" is visible with speed 40, visibility percentage 100%, timeout 20000 ms, with centering disabled COMPLETED
08:51:53.757 [ INFO] maestro.cli.runner.CliConsoleListener.onCommandStart: Tap on "後手・3手詰め ›" RUNNING
08:51:53.939 [ INFO] maestro.Maestro.tap-HgV9Ck0: Tapping on element:  UiElement(treeNode=TreeNode(attributes={text=後手・3手詰め ›, accessibilityText=, hintText=, ignoreBoundsFiltering=false, resource-id=, clickable=false, bounds=[778,1547][1028,1600], enabled=true, focused=false, checked=false, scrollable=false, selected=false, class=android.widget.TextView, important-for-accessibility=true, error=}, children=[], clickable=false, enabled=true, focused=false, checked=false, selected=false), bounds=Bounds(x=778, y=1547, width=250, height=53))
08:51:55.218 [ INFO] maestro.Maestro.tap-HgV9Ck0: Tap aimed via settled hierarchy
08:51:55.219 [ INFO] maestro.Maestro.hierarchyBasedTap-ogj28Uc: Tapping at (903, 1573) using hierarchy based logic for wait
08:51:56.888 [ INFO] maestro.Maestro.hierarchyBasedTap-ogj28Uc: Something has changed in the UI judging by view hierarchy. Proceed.
08:51:56.888 [ INFO] maestro.cli.runner.CliConsoleListener.onCommandFinished: Tap on "後手・3手詰め ›" COMPLETED
08:51:56.888 [ INFO] maestro.cli.runner.CliConsoleListener.onCommandStart: Take screenshot 31-${SHOT_PREFIX}-mate RUNNING
08:51:56.890 [ INFO] maestro.Maestro.takeScreenshot: Taking screenshot
08:51:56.891 [TRACE] maestro.utils.ScreenshotUtils.takeScreenshot: Taking screenshot to output sink
08:51:57.050 [ INFO] maestro.cli.runner.CliConsoleListener.onCommandFinished: Take screenshot 31-${SHOT_PREFIX}-mate COMPLETED
08:51:57.050 [ INFO] maestro.cli.runner.CliConsoleListener.onCommandStart: Stop com.meeshogi.app RUNNING
08:51:57.051 [ INFO] maestro.Maestro.stopApp$lambda$6: Stopping app com.meeshogi.app
08:51:57.099 [ INFO] maestro.cli.runner.CliConsoleListener.onCommandFinished: Stop com.meeshogi.app COMPLETED
08:51:57.099 [ INFO] maestro.cli.runner.CliConsoleListener.onCommandStart: Launch app "com.meeshogi.app" RUNNING
08:51:58.255 [ INFO] maestro.Maestro.launchApp$lambda$5: Launching app com.meeshogi.app
08:51:58.255 [ INFO] maestro.Maestro.launchApp$lambda$5: Stopping com.meeshogi.app app during launch
08:51:58.342 [ INFO] maestro.cli.runner.CliConsoleListener.onCommandFinished: Launch app "com.meeshogi.app" COMPLETED
08:51:58.342 [ INFO] maestro.cli.runner.CliConsoleListener.onCommandStart: Assert that id: library-screen is visible RUNNING
08:52:01.768 [ INFO] maestro.cli.runner.CliConsoleListener.onCommandFinished: Assert that id: library-screen is visible COMPLETED
08:52:01.769 [ INFO] maestro.cli.runner.CliConsoleListener.onCommandStart: Assert that ".*KeroPona.*" is visible RUNNING
08:52:02.203 [ INFO] maestro.cli.runner.CliConsoleListener.onCommandFinished: Assert that ".*KeroPona.*" is visible COMPLETED
08:52:02.203 [ INFO] maestro.cli.runner.CliConsoleListener.onCommandStart: Tap on "戦績.*" RUNNING
08:52:02.279 [ INFO] maestro.Maestro.tap-HgV9Ck0: Tapping on element:  UiElement(treeNode=TreeNode(attributes={text=戦績, accessibilityText=, hintText=, ignoreBoundsFiltering=false, resource-id=, clickable=false, bounds=[511,2293][569,2336], enabled=true, focused=false, checked=false, scrollable=false, selected=false, class=android.widget.TextView, important-for-accessibility=true, error=}, children=[], clickable=false, enabled=true, focused=false, checked=false, selected=false), bounds=Bounds(x=511, y=2293, width=58, height=43))
08:52:03.903 [ INFO] maestro.Maestro.tap-HgV9Ck0: Tap aimed via settled hierarchy
08:52:03.904 [ INFO] maestro.Maestro.hierarchyBasedTap-ogj28Uc: Tapping at (540, 2314) using hierarchy based logic for wait
08:52:04.896 [ INFO] maestro.Maestro.hierarchyBasedTap-ogj28Uc: Something has changed in the UI judging by view hierarchy. Proceed.
08:52:04.896 [ INFO] maestro.cli.runner.CliConsoleListener.onCommandFinished: Tap on "戦績.*" COMPLETED
08:52:04.896 [ INFO] maestro.cli.runner.CliConsoleListener.onCommandStart: Assert that id: statistics-screen is visible RUNNING
08:52:05.027 [ INFO] maestro.cli.runner.CliConsoleListener.onCommandFinished: Assert that id: statistics-screen is visible COMPLETED
08:52:05.028 [ INFO] maestro.cli.runner.CliConsoleListener.onCommandStart: Tap on "全期間" RUNNING
08:52:05.164 [ INFO] maestro.Maestro.tap-HgV9Ck0: Tapping on element:  UiElement(treeNode=TreeNode(attributes={text=全期間, accessibilityText=, hintText=, ignoreBoundsFiltering=false, resource-id=, clickable=false, bounds=[805,474][925,533], enabled=true, focused=false, checked=false, scrollable=false, selected=false, class=android.widget.TextView, important-for-accessibility=true, error=}, children=[], clickable=false, enabled=true, focused=false, checked=false, selected=false), bounds=Bounds(x=805, y=474, width=120, height=59))
08:52:06.393 [ INFO] maestro.Maestro.tap-HgV9Ck0: Tap aimed via settled hierarchy
08:52:06.393 [ INFO] maestro.Maestro.hierarchyBasedTap-ogj28Uc: Tapping at (865, 503) using hierarchy based logic for wait
08:52:07.613 [ INFO] maestro.Maestro.hierarchyBasedTap-ogj28Uc: Something has changed in the UI judging by view hierarchy. Proceed.
08:52:07.613 [ INFO] maestro.cli.runner.CliConsoleListener.onCommandFinished: Tap on "全期間" COMPLETED
08:52:07.613 [ INFO] maestro.cli.runner.CliConsoleListener.onCommandStart: Take screenshot 32-${SHOT_PREFIX}-statistics RUNNING
08:52:07.616 [ INFO] maestro.Maestro.takeScreenshot: Taking screenshot
08:52:07.616 [TRACE] maestro.utils.ScreenshotUtils.takeScreenshot: Taking screenshot to output sink
08:52:07.749 [ INFO] maestro.cli.runner.CliConsoleListener.onCommandFinished: Take screenshot 32-${SHOT_PREFIX}-statistics COMPLETED
08:52:07.749 [ INFO] maestro.cli.runner.CliConsoleListener.onCommandFinished: Run appearance-review.yaml COMPLETED
