08:52:46.571 [ INFO] maestro.cli.runner.CliConsoleListener.onCommandStart: Define variables RUNNING
08:52:46.573 [ INFO] maestro.cli.runner.CliConsoleListener.onCommandFinished: Define variables COMPLETED
08:52:46.573 [ INFO] maestro.cli.runner.CliConsoleListener.onCommandStart: Apply configuration RUNNING
08:52:46.574 [ INFO] maestro.cli.runner.CliConsoleListener.onCommandFinished: Apply configuration COMPLETED
08:52:46.574 [ INFO] maestro.cli.runner.CliConsoleListener.onCommandStart: Launch app "com.meeshogi.app" RUNNING
08:52:47.057 [ INFO] maestro.Maestro.launchApp$lambda$5: Launching app com.meeshogi.app
08:52:47.057 [ INFO] maestro.Maestro.launchApp$lambda$5: Stopping com.meeshogi.app app during launch
08:52:47.191 [ INFO] maestro.cli.runner.CliConsoleListener.onCommandFinished: Launch app "com.meeshogi.app" COMPLETED
08:52:47.197 [ INFO] maestro.cli.runner.CliConsoleListener.onCommandStart: Assert that id: library-screen is visible RUNNING
08:52:50.308 [ INFO] maestro.cli.runner.CliConsoleListener.onCommandFinished: Assert that id: library-screen is visible COMPLETED
08:52:50.309 [ INFO] maestro.cli.runner.CliConsoleListener.onCommandStart: Assert that ".*KeroPona.*" is visible RUNNING
08:52:50.431 [ INFO] maestro.cli.runner.CliConsoleListener.onCommandFinished: Assert that ".*KeroPona.*" is visible COMPLETED
08:52:50.432 [ INFO] maestro.cli.runner.CliConsoleListener.onCommandStart: Tap on "設定.*" RUNNING
08:52:50.549 [ INFO] maestro.Maestro.tap-HgV9Ck0: Tapping on element:  UiElement(treeNode=TreeNode(attributes={text=設定, accessibilityText=, hintText=, ignoreBoundsFiltering=false, resource-id=, clickable=false, bounds=[871,2293][929,2336], enabled=true, focused=false, checked=false, scrollable=false, selected=false, class=android.widget.TextView, important-for-accessibility=true, error=}, children=[], clickable=false, enabled=true, focused=false, checked=false, selected=false), bounds=Bounds(x=871, y=2293, width=58, height=43))
08:52:51.871 [ INFO] maestro.Maestro.tap-HgV9Ck0: Tap aimed via settled hierarchy
08:52:51.874 [ INFO] maestro.Maestro.hierarchyBasedTap-ogj28Uc: Tapping at (900, 2314) using hierarchy based logic for wait
08:52:52.951 [ INFO] maestro.Maestro.hierarchyBasedTap-ogj28Uc: Something has changed in the UI judging by view hierarchy. Proceed.
08:52:52.951 [ INFO] maestro.cli.runner.CliConsoleListener.onCommandFinished: Tap on "設定.*" COMPLETED
08:52:52.952 [ INFO] maestro.cli.runner.CliConsoleListener.onCommandStart: Tap on "解析の長さ" RUNNING
08:52:53.037 [ INFO] maestro.Maestro.tap-HgV9Ck0: Tapping on element:  UiElement(treeNode=TreeNode(attributes={text=解析の長さ, accessibilityText=, hintText=, ignoreBoundsFiltering=false, resource-id=, clickable=false, bounds=[96,1151][786,1217], enabled=true, focused=false, checked=false, scrollable=false, selected=false, class=android.widget.TextView, important-for-accessibility=true, error=}, children=[], clickable=false, enabled=true, focused=false, checked=false, selected=false), bounds=Bounds(x=96, y=1151, width=690, height=66))
08:52:54.287 [ INFO] maestro.Maestro.tap-HgV9Ck0: Tap aimed via settled hierarchy
08:52:54.289 [ INFO] maestro.Maestro.hierarchyBasedTap-ogj28Uc: Tapping at (441, 1184) using hierarchy based logic for wait
08:52:55.429 [ INFO] maestro.Maestro.hierarchyBasedTap-ogj28Uc: Something has changed in the UI judging by view hierarchy. Proceed.
08:52:55.429 [ INFO] maestro.cli.runner.CliConsoleListener.onCommandFinished: Tap on "解析の長さ" COMPLETED
08:52:55.429 [ INFO] maestro.cli.runner.CliConsoleListener.onCommandStart: Tap on "長め" RUNNING
08:52:55.489 [ INFO] maestro.Maestro.tap-HgV9Ck0: Tapping on element:  UiElement(treeNode=TreeNode(attributes={text=長め, accessibilityText=, hintText=, ignoreBoundsFiltering=false, resource-id=, clickable=false, bounds=[42,2148][126,2210], enabled=true, focused=false, checked=false, scrollable=false, selected=false, class=android.widget.TextView, important-for-accessibility=true, error=}, children=[], clickable=false, enabled=true, focused=false, checked=false, selected=false), bounds=Bounds(x=42, y=2148, width=84, height=62))
08:52:56.801 [ INFO] maestro.Maestro.tap-HgV9Ck0: Tap aimed via settled hierarchy
08:52:56.801 [ INFO] maestro.Maestro.hierarchyBasedTap-ogj28Uc: Tapping at (84, 2179) using hierarchy based logic for wait
08:52:57.990 [ INFO] maestro.Maestro.hierarchyBasedTap-ogj28Uc: Something has changed in the UI judging by view hierarchy. Proceed.
08:52:57.991 [ INFO] maestro.cli.runner.CliConsoleListener.onCommandFinished: Tap on "長め" COMPLETED
08:52:57.991 [ INFO] maestro.cli.runner.CliConsoleListener.onCommandStart: Stop com.meeshogi.app RUNNING
08:52:57.992 [ INFO] maestro.Maestro.stopApp$lambda$6: Stopping app com.meeshogi.app
08:52:58.024 [ INFO] maestro.cli.runner.CliConsoleListener.onCommandFinished: Stop com.meeshogi.app COMPLETED
08:52:58.024 [ INFO] maestro.cli.runner.CliConsoleListener.onCommandStart: Launch app "com.meeshogi.app" RUNNING
08:52:58.831 [ INFO] maestro.Maestro.launchApp$lambda$5: Launching app com.meeshogi.app
08:52:58.831 [ INFO] maestro.Maestro.launchApp$lambda$5: Stopping com.meeshogi.app app during launch
08:52:58.874 [ INFO] maestro.cli.runner.CliConsoleListener.onCommandFinished: Launch app "com.meeshogi.app" COMPLETED
08:52:58.875 [ INFO] maestro.cli.runner.CliConsoleListener.onCommandStart: Assert that id: library-screen is visible RUNNING
08:53:01.477 [ INFO] maestro.cli.runner.CliConsoleListener.onCommandFinished: Assert that id: library-screen is visible COMPLETED
08:53:01.478 [ INFO] maestro.cli.runner.CliConsoleListener.onCommandStart: Assert that ".*KeroPona.*" is visible RUNNING
08:53:01.963 [ INFO] maestro.cli.runner.CliConsoleListener.onCommandFinished: Assert that ".*KeroPona.*" is visible COMPLETED
08:53:01.963 [ INFO] maestro.cli.runner.CliConsoleListener.onCommandStart: Tap on ".*KeroPona.*" RUNNING
08:53:02.080 [ INFO] maestro.Maestro.tap-HgV9Ck0: Tapping on element:  UiElement(treeNode=TreeNode(attributes={text=KeroPona との対局, accessibilityText=, hintText=, ignoreBoundsFiltering=false, resource-id=, clickable=false, bounds=[96,712][708,778], enabled=true, focused=false, checked=false, scrollable=false, selected=false, class=android.widget.TextView, important-for-accessibility=true, error=}, children=[], clickable=false, enabled=true, focused=false, checked=false, selected=false), bounds=Bounds(x=96, y=712, width=612, height=66))
08:53:03.379 [ INFO] maestro.Maestro.tap-HgV9Ck0: Tap aimed via settled hierarchy
08:53:03.380 [ INFO] maestro.Maestro.hierarchyBasedTap-ogj28Uc: Tapping at (402, 745) using hierarchy based logic for wait
08:53:03.755 [ INFO] maestro.cli.runner.CliConsoleListener.onCommandFinished: Tap on ".*KeroPona.*" COMPLETED
08:53:03.756 [ INFO] maestro.cli.runner.CliConsoleListener.onCommandStart: Scrolling DOWN until "以前のモデル・解析条件の結果が.*" is visible with speed 40, visibility percentage 100%, timeout 20000 ms, with centering disabled RUNNING
08:53:05.463 [ WARN] maestro.orchestra.Orchestra.scrollUntilVisible: Error: maestro.MaestroException$ElementNotFound: Element not found: Text matching regex: 以前のモデル・解析条件の結果が.*
08:53:05.501 [ INFO] maestro.Maestro.swipeFromCenter: Swiping UP from center
08:53:07.438 [ INFO] maestro.orchestra.Orchestra.scrollUntilVisible: Scrolling try count: 0, DeviceWidth: 1080, DeviceWidth: 2400
08:53:07.438 [ INFO] maestro.orchestra.Orchestra.scrollUntilVisible: Element bounds: Bounds(x=140, y=1780, width=878, height=106)
08:53:07.439 [ INFO] maestro.orchestra.Orchestra.scrollUntilVisible: Visibility Percent: 1.0
08:53:07.447 [ INFO] maestro.orchestra.Orchestra.scrollUntilVisible: Command centerElement: ScrollUntilVisibleCommand(selector=ElementSelector(textRegex=以前のモデル・解析条件の結果が.*, idRegex=null, size=null, below=null, above=null, leftOf=null, rightOf=null, containsChild=null, containsDescendants=null, traits=null, index=null, enabled=null, optional=false, selected=null, checked=null, focused=null, childOf=null, css=null), direction=DOWN, scrollDuration=601, visibilityPercentage=100, timeout=20000, waitToSettleTimeoutMs=null, centerElement=false, originalSpeedValue=40, label=null, optional=false).centerElement
08:53:07.448 [ INFO] maestro.orchestra.Orchestra.scrollUntilVisible: visibilityPercentageNormalized: 1.0
08:53:07.448 [ INFO] maestro.cli.runner.CliConsoleListener.onCommandFinished: Scrolling DOWN until "以前のモデル・解析条件の結果が.*" is visible with speed 40, visibility percentage 100%, timeout 20000 ms, with centering disabled COMPLETED
08:53:07.448 [ INFO] maestro.cli.runner.CliConsoleListener.onCommandStart: Assert that "以前のモデル・解析条件の結果が.*" is visible RUNNING
08:53:07.649 [ INFO] maestro.cli.runner.CliConsoleListener.onCommandFinished: Assert that "以前のモデル・解析条件の結果が.*" is visible COMPLETED
08:53:07.649 [ INFO] maestro.cli.runner.CliConsoleListener.onCommandStart: Scrolling DOWN until id: analysis-status is visible with speed 40, visibility percentage 100%, timeout 20000 ms, with centering disabled RUNNING
08:53:07.844 [ INFO] maestro.orchestra.Orchestra.scrollUntilVisible: Scrolling try count: 0, DeviceWidth: 1080, DeviceWidth: 2400
08:53:07.844 [ INFO] maestro.orchestra.Orchestra.scrollUntilVisible: Element bounds: Bounds(x=32, y=1938, width=1017, height=53)
08:53:07.844 [ INFO] maestro.orchestra.Orchestra.scrollUntilVisible: Visibility Percent: 1.0
08:53:07.844 [ INFO] maestro.orchestra.Orchestra.scrollUntilVisible: Command centerElement: ScrollUntilVisibleCommand(selector=ElementSelector(textRegex=null, idRegex=analysis-status, size=null, below=null, above=null, leftOf=null, rightOf=null, containsChild=null, containsDescendants=null, traits=null, index=null, enabled=null, optional=false, selected=null, checked=null, focused=null, childOf=null, css=null), direction=DOWN, scrollDuration=601, visibilityPercentage=100, timeout=20000, waitToSettleTimeoutMs=null, centerElement=false, originalSpeedValue=40, label=null, optional=false).centerElement
08:53:07.844 [ INFO] maestro.orchestra.Orchestra.scrollUntilVisible: visibilityPercentageNormalized: 1.0
08:53:07.844 [ INFO] maestro.cli.runner.CliConsoleListener.onCommandFinished: Scrolling DOWN until id: analysis-status is visible with speed 40, visibility percentage 100%, timeout 20000 ms, with centering disabled COMPLETED
08:53:07.845 [ INFO] maestro.cli.runner.CliConsoleListener.onCommandStart: Assert that "解析済み .* / 81局面" is visible RUNNING
08:53:08.000 [ INFO] maestro.cli.runner.CliConsoleListener.onCommandFinished: Assert that "解析済み .* / 81局面" is visible COMPLETED
08:53:08.000 [ INFO] maestro.cli.runner.CliConsoleListener.onCommandStart: Take screenshot 34-changed-analysis-conditions RUNNING
08:53:08.002 [ INFO] maestro.Maestro.takeScreenshot: Taking screenshot
08:53:08.003 [TRACE] maestro.utils.ScreenshotUtils.takeScreenshot: Taking screenshot to output sink
08:53:08.270 [ INFO] maestro.cli.runner.CliConsoleListener.onCommandFinished: Take screenshot 34-changed-analysis-conditions COMPLETED
08:53:08.270 [ INFO] maestro.cli.runner.CliConsoleListener.onCommandStart: Tap on id: analysis-start RUNNING
08:53:08.421 [ INFO] maestro.Maestro.tap-HgV9Ck0: Tapping on element:  UiElement(treeNode=TreeNode(attributes={text=, accessibilityText=, 解析を再開, hintText=, ignoreBoundsFiltering=false, resource-id=analysis-start, clickable=true, bounds=[32,1991][327,2117], enabled=true, focused=false, checked=false, scrollable=false, selected=false, class=android.widget.Button, important-for-accessibility=true, error=}, children=[TreeNode(attributes={text=, accessibilityText=, hintText=, ignoreBoundsFiltering=false, resource-id=, clickable=false, bounds=[32,2029][83,2079], enabled=true, focused=false, checked=false, scrollable=false, selected=false, class=android.widget.TextView, important-for-accessibility=true, error=}, children=[], clickable=false, enabled=true, focused=false, checked=false, selected=false), TreeNode(attributes={text=解析を再開, accessibilityText=, hintText=, ignoreBoundsFiltering=false, resource-id=, clickable=false, bounds=[102,2021][327,2087], enabled=true, focused=false, checked=false, scrollable=false, selected=false, class=android.widget.TextView, important-for-accessibility=true, error=}, children=[], clickable=false, enabled=true, focused=false, checked=false, selected=false)], clickable=true, enabled=true, focused=false, checked=false, selected=false), bounds=Bounds(x=32, y=1991, width=295, height=126))
08:53:09.716 [ INFO] maestro.Maestro.tap-HgV9Ck0: Tap aimed via settled hierarchy
08:53:09.717 [ INFO] maestro.Maestro.hierarchyBasedTap-ogj28Uc: Tapping at (179, 2054) using hierarchy based logic for wait
08:53:11.172 [ INFO] maestro.Maestro.hierarchyBasedTap-ogj28Uc: Something has changed in the UI judging by view hierarchy. Proceed.
08:53:11.173 [ INFO] maestro.cli.runner.CliConsoleListener.onCommandFinished: Tap on id: analysis-start COMPLETED
08:53:11.173 [ INFO] maestro.cli.runner.CliConsoleListener.onCommandStart: Assert that id: analysis-stop is visible RUNNING
08:53:12.578 [ INFO] maestro.cli.runner.CliConsoleListener.onCommandFinished: Assert that id: analysis-stop is visible COMPLETED
08:53:12.578 [ INFO] maestro.cli.runner.CliConsoleListener.onCommandStart: Press Home key RUNNING
08:53:12.579 [ INFO] maestro.Maestro.pressKey: Pressing key HOME
08:53:13.956 [ INFO] maestro.cli.runner.CliConsoleListener.onCommandFinished: Press Home key COMPLETED
08:53:13.956 [ INFO] maestro.cli.runner.CliConsoleListener.onCommandStart: Launch app "com.meeshogi.app" without stopping app RUNNING
08:53:15.110 [ INFO] maestro.Maestro.launchApp$lambda$5: Launching app com.meeshogi.app
08:53:15.149 [ INFO] maestro.cli.runner.CliConsoleListener.onCommandFinished: Launch app "com.meeshogi.app" without stopping app COMPLETED
08:53:15.149 [ INFO] maestro.cli.runner.CliConsoleListener.onCommandStart: Assert that "解析を停止中.*" is visible RUNNING
08:53:16.210 [ INFO] maestro.cli.runner.CliConsoleListener.onCommandFinished: Assert that "解析を停止中.*" is visible COMPLETED
08:53:16.211 [ INFO] maestro.cli.runner.CliConsoleListener.onCommandStart: Take screenshot 35-background-paused RUNNING
08:53:16.211 [ INFO] maestro.Maestro.takeScreenshot: Taking screenshot
08:53:16.212 [TRACE] maestro.utils.ScreenshotUtils.takeScreenshot: Taking screenshot to output sink
08:53:16.368 [ INFO] maestro.cli.runner.CliConsoleListener.onCommandFinished: Take screenshot 35-background-paused COMPLETED
08:53:16.369 [ INFO] maestro.cli.runner.CliConsoleListener.onCommandStart: Tap on id: analysis-start RUNNING
08:53:16.519 [ INFO] maestro.Maestro.tap-HgV9Ck0: Tapping on element:  UiElement(treeNode=TreeNode(attributes={text=, accessibilityText=, 解析を再開, hintText=, ignoreBoundsFiltering=false, resource-id=analysis-start, clickable=true, bounds=[32,1991][327,2117], enabled=true, focused=false, checked=false, scrollable=false, selected=false, class=android.widget.Button, important-for-accessibility=true, error=}, children=[TreeNode(attributes={text=, accessibilityText=, hintText=, ignoreBoundsFiltering=false, resource-id=, clickable=false, bounds=[32,2029][83,2080], enabled=true, focused=false, checked=false, scrollable=false, selected=false, class=android.widget.TextView, important-for-accessibility=true, error=}, children=[], clickable=false, enabled=true, focused=false, checked=false, selected=false), TreeNode(attributes={text=解析を再開, accessibilityText=, hintText=, ignoreBoundsFiltering=false, resource-id=, clickable=false, bounds=[102,2021][327,2087], enabled=true, focused=false, checked=false, scrollable=false, selected=false, class=android.widget.TextView, important-for-accessibility=true, error=}, children=[], clickable=false, enabled=true, focused=false, checked=false, selected=false)], clickable=true, enabled=true, focused=false, checked=false, selected=false), bounds=Bounds(x=32, y=1991, width=295, height=126))
08:53:17.844 [ INFO] maestro.Maestro.tap-HgV9Ck0: Tap aimed via settled hierarchy
08:53:17.845 [ INFO] maestro.Maestro.hierarchyBasedTap-ogj28Uc: Tapping at (179, 2054) using hierarchy based logic for wait
08:53:19.540 [ INFO] maestro.Maestro.hierarchyBasedTap-ogj28Uc: Something has changed in the UI judging by view hierarchy. Proceed.
08:53:19.540 [ INFO] maestro.cli.runner.CliConsoleListener.onCommandFinished: Tap on id: analysis-start COMPLETED
08:53:19.540 [ INFO] maestro.cli.runner.CliConsoleListener.onCommandStart: Assert that id: analysis-stop is visible RUNNING
08:53:20.284 [ INFO] maestro.cli.runner.CliConsoleListener.onCommandFinished: Assert that id: analysis-stop is visible COMPLETED
08:53:20.285 [ INFO] maestro.cli.runner.CliConsoleListener.onCommandStart: Tap on (Optional) id: analysis-stop RUNNING
08:53:20.944 [ INFO] maestro.Maestro.tap-HgV9Ck0: Tapping on element:  UiElement(treeNode=TreeNode(attributes={text=, accessibilityText=, 解析を停止, hintText=, ignoreBoundsFiltering=false, resource-id=analysis-stop, clickable=true, bounds=[32,2030][327,2149], enabled=true, focused=false, checked=false, scrollable=false, selected=false, class=android.widget.Button, important-for-accessibility=true, error=}, children=[TreeNode(attributes={text=, accessibilityText=, hintText=, ignoreBoundsFiltering=false, resource-id=, clickable=false, bounds=[32,2068][83,2119], enabled=true, focused=false, checked=false, scrollable=false, selected=false, class=android.widget.TextView, important-for-accessibility=true, error=}, children=[], clickable=false, enabled=true, focused=false, checked=false, selected=false), TreeNode(attributes={text=解析を停止, accessibilityText=, hintText=, ignoreBoundsFiltering=false, resource-id=, clickable=false, bounds=[102,2060][327,2126], enabled=true, focused=false, checked=false, scrollable=false, selected=false, class=android.widget.TextView, important-for-accessibility=true, error=}, children=[], clickable=false, enabled=true, focused=false, checked=false, selected=false)], clickable=true, enabled=true, focused=false, checked=false, selected=false), bounds=Bounds(x=32, y=2030, width=295, height=119))
08:53:23.067 [ INFO] maestro.Maestro.tap-HgV9Ck0: Tap aimed via settled hierarchy
08:53:23.068 [ INFO] maestro.Maestro.hierarchyBasedTap-ogj28Uc: Tapping at (179, 2089) using hierarchy based logic for wait
08:53:24.147 [ INFO] maestro.Maestro.hierarchyBasedTap-ogj28Uc: Something has changed in the UI judging by view hierarchy. Proceed.
08:53:24.148 [ INFO] maestro.cli.runner.CliConsoleListener.onCommandFinished: Tap on (Optional) id: analysis-stop COMPLETED
08:53:24.148 [ INFO] maestro.cli.runner.CliConsoleListener.onCommandStart: Assert that "解析を停止中.*|全局解析が完了しました" is visible RUNNING
08:53:24.365 [ INFO] maestro.cli.runner.CliConsoleListener.onCommandFinished: Assert that "解析を停止中.*|全局解析が完了しました" is visible COMPLETED
08:53:24.365 [ INFO] maestro.cli.runner.CliConsoleListener.onCommandStart: Take screenshot 36-after-resume RUNNING
08:53:24.366 [ INFO] maestro.Maestro.takeScreenshot: Taking screenshot
08:53:24.366 [TRACE] maestro.utils.ScreenshotUtils.takeScreenshot: Taking screenshot to output sink
08:53:24.509 [ INFO] maestro.cli.runner.CliConsoleListener.onCommandFinished: Take screenshot 36-after-resume COMPLETED
08:53:24.509 [ INFO] maestro.cli.runner.CliConsoleListener.onCommandStart: Stop com.meeshogi.app RUNNING
08:53:24.509 [ INFO] maestro.Maestro.stopApp$lambda$6: Stopping app com.meeshogi.app
08:53:24.541 [ INFO] maestro.cli.runner.CliConsoleListener.onCommandFinished: Stop com.meeshogi.app COMPLETED
08:53:24.541 [ INFO] maestro.cli.runner.CliConsoleListener.onCommandStart: Launch app "com.meeshogi.app" RUNNING
08:53:25.856 [ INFO] maestro.Maestro.launchApp$lambda$5: Launching app com.meeshogi.app
08:53:25.857 [ INFO] maestro.Maestro.launchApp$lambda$5: Stopping com.meeshogi.app app during launch
08:53:25.936 [ INFO] maestro.cli.runner.CliConsoleListener.onCommandFinished: Launch app "com.meeshogi.app" COMPLETED
08:53:25.936 [ INFO] maestro.cli.runner.CliConsoleListener.onCommandStart: Assert that id: library-screen is visible RUNNING
08:53:28.619 [ INFO] maestro.cli.runner.CliConsoleListener.onCommandFinished: Assert that id: library-screen is visible COMPLETED
08:53:28.619 [ INFO] maestro.cli.runner.CliConsoleListener.onCommandStart: Assert that ".*KeroPona.*" is visible RUNNING
08:53:29.090 [ INFO] maestro.cli.runner.CliConsoleListener.onCommandFinished: Assert that ".*KeroPona.*" is visible COMPLETED
08:53:29.090 [ INFO] maestro.cli.runner.CliConsoleListener.onCommandStart: Tap on "設定.*" RUNNING
08:53:29.197 [ INFO] maestro.Maestro.tap-HgV9Ck0: Tapping on element:  UiElement(treeNode=TreeNode(attributes={text=設定, accessibilityText=, hintText=, ignoreBoundsFiltering=false, resource-id=, clickable=false, bounds=[871,2293][929,2336], enabled=true, focused=false, checked=false, scrollable=false, selected=false, class=android.widget.TextView, important-for-accessibility=true, error=}, children=[], clickable=false, enabled=true, focused=false, checked=false, selected=false), bounds=Bounds(x=871, y=2293, width=58, height=43))
08:53:30.518 [ INFO] maestro.Maestro.tap-HgV9Ck0: Tap aimed via settled hierarchy
08:53:30.519 [ INFO] maestro.Maestro.hierarchyBasedTap-ogj28Uc: Tapping at (900, 2314) using hierarchy based logic for wait
08:53:31.616 [ INFO] maestro.Maestro.hierarchyBasedTap-ogj28Uc: Something has changed in the UI judging by view hierarchy. Proceed.
08:53:31.617 [ INFO] maestro.cli.runner.CliConsoleListener.onCommandFinished: Tap on "設定.*" COMPLETED
08:53:31.617 [ INFO] maestro.cli.runner.CliConsoleListener.onCommandStart: Tap on "解析の長さ" RUNNING
08:53:31.749 [ INFO] maestro.Maestro.tap-HgV9Ck0: Tapping on element:  UiElement(treeNode=TreeNode(attributes={text=解析の長さ, accessibilityText=, hintText=, ignoreBoundsFiltering=false, resource-id=, clickable=false, bounds=[96,1151][786,1217], enabled=true, focused=false, checked=false, scrollable=false, selected=false, class=android.widget.TextView, important-for-accessibility=true, error=}, children=[], clickable=false, enabled=true, focused=false, checked=false, selected=false), bounds=Bounds(x=96, y=1151, width=690, height=66))
08:53:33.004 [ INFO] maestro.Maestro.tap-HgV9Ck0: Tap aimed via settled hierarchy
08:53:33.005 [ INFO] maestro.Maestro.hierarchyBasedTap-ogj28Uc: Tapping at (441, 1184) using hierarchy based logic for wait
08:53:34.176 [ INFO] maestro.Maestro.hierarchyBasedTap-ogj28Uc: Something has changed in the UI judging by view hierarchy. Proceed.
08:53:34.176 [ INFO] maestro.cli.runner.CliConsoleListener.onCommandFinished: Tap on "解析の長さ" COMPLETED
08:53:34.177 [ INFO] maestro.cli.runner.CliConsoleListener.onCommandStart: Tap on "標準" RUNNING
08:53:34.236 [ INFO] maestro.Maestro.tap-HgV9Ck0: Tapping on element:  UiElement(treeNode=TreeNode(attributes={text=標準, accessibilityText=, hintText=, ignoreBoundsFiltering=false, resource-id=, clickable=false, bounds=[42,2001][126,2063], enabled=true, focused=false, checked=false, scrollable=false, selected=false, class=android.widget.TextView, important-for-accessibility=true, error=}, children=[], clickable=false, enabled=true, focused=false, checked=false, selected=false), bounds=Bounds(x=42, y=2001, width=84, height=62))
08:53:35.556 [ INFO] maestro.Maestro.tap-HgV9Ck0: Tap aimed via settled hierarchy
08:53:35.557 [ INFO] maestro.Maestro.hierarchyBasedTap-ogj28Uc: Tapping at (84, 2032) using hierarchy based logic for wait
08:53:36.730 [ INFO] maestro.Maestro.hierarchyBasedTap-ogj28Uc: Something has changed in the UI judging by view hierarchy. Proceed.
08:53:36.730 [ INFO] maestro.cli.runner.CliConsoleListener.onCommandFinished: Tap on "標準" COMPLETED
08:53:36.730 [ INFO] maestro.cli.runner.CliConsoleListener.onCommandStart: Stop com.meeshogi.app RUNNING
08:53:36.731 [ INFO] maestro.Maestro.stopApp$lambda$6: Stopping app com.meeshogi.app
08:53:36.759 [ INFO] maestro.cli.runner.CliConsoleListener.onCommandFinished: Stop com.meeshogi.app COMPLETED
08:53:36.759 [ INFO] maestro.cli.runner.CliConsoleListener.onCommandStart: Launch app "com.meeshogi.app" RUNNING
08:53:37.609 [ INFO] maestro.Maestro.launchApp$lambda$5: Launching app com.meeshogi.app
08:53:37.609 [ INFO] maestro.Maestro.launchApp$lambda$5: Stopping com.meeshogi.app app during launch
08:53:37.667 [ INFO] maestro.cli.runner.CliConsoleListener.onCommandFinished: Launch app "com.meeshogi.app" COMPLETED
08:53:37.667 [ INFO] maestro.cli.runner.CliConsoleListener.onCommandStart: Assert that id: library-screen is visible RUNNING
08:53:40.739 [ INFO] maestro.cli.runner.CliConsoleListener.onCommandFinished: Assert that id: library-screen is visible COMPLETED
08:53:40.739 [ INFO] maestro.cli.runner.CliConsoleListener.onCommandStart: Assert that ".*KeroPona.*" is visible RUNNING
08:53:40.827 [ INFO] maestro.cli.runner.CliConsoleListener.onCommandFinished: Assert that ".*KeroPona.*" is visible COMPLETED
08:53:40.827 [ INFO] maestro.cli.runner.CliConsoleListener.onCommandStart: Tap on ".*KeroPona.*" RUNNING
08:53:40.947 [ INFO] maestro.Maestro.tap-HgV9Ck0: Tapping on element:  UiElement(treeNode=TreeNode(attributes={text=KeroPona との対局, accessibilityText=, hintText=, ignoreBoundsFiltering=false, resource-id=, clickable=false, bounds=[96,712][708,778], enabled=true, focused=false, checked=false, scrollable=false, selected=false, class=android.widget.TextView, important-for-accessibility=true, error=}, children=[], clickable=false, enabled=true, focused=false, checked=false, selected=false), bounds=Bounds(x=96, y=712, width=612, height=66))
08:53:42.214 [ INFO] maestro.Maestro.tap-HgV9Ck0: Tap aimed via settled hierarchy
08:53:42.215 [ INFO] maestro.Maestro.hierarchyBasedTap-ogj28Uc: Tapping at (402, 745) using hierarchy based logic for wait
08:53:42.587 [ INFO] maestro.cli.runner.CliConsoleListener.onCommandFinished: Tap on ".*KeroPona.*" COMPLETED
08:53:42.587 [ INFO] maestro.cli.runner.CliConsoleListener.onCommandStart: Scrolling DOWN until id: analysis-status is visible with speed 40, visibility percentage 100%, timeout 20000 ms, with centering disabled RUNNING
08:53:44.280 [ WARN] maestro.orchestra.Orchestra.scrollUntilVisible: Error: maestro.MaestroException$ElementNotFound: Element not found: Id matching regex: analysis-status
08:53:44.284 [ INFO] maestro.Maestro.swipeFromCenter: Swiping UP from center
08:53:46.141 [ INFO] maestro.orchestra.Orchestra.scrollUntilVisible: Scrolling try count: 0, DeviceWidth: 1080, DeviceWidth: 2400
08:53:46.142 [ INFO] maestro.orchestra.Orchestra.scrollUntilVisible: Element bounds: Bounds(x=32, y=1938, width=1017, height=53)
08:53:46.142 [ INFO] maestro.orchestra.Orchestra.scrollUntilVisible: Visibility Percent: 1.0
08:53:46.142 [ INFO] maestro.orchestra.Orchestra.scrollUntilVisible: Command centerElement: ScrollUntilVisibleCommand(selector=ElementSelector(textRegex=null, idRegex=analysis-status, size=null, below=null, above=null, leftOf=null, rightOf=null, containsChild=null, containsDescendants=null, traits=null, index=null, enabled=null, optional=false, selected=null, checked=null, focused=null, childOf=null, css=null), direction=DOWN, scrollDuration=601, visibilityPercentage=100, timeout=20000, waitToSettleTimeoutMs=null, centerElement=false, originalSpeedValue=40, label=null, optional=false).centerElement
08:53:46.142 [ INFO] maestro.orchestra.Orchestra.scrollUntilVisible: visibilityPercentageNormalized: 1.0
08:53:46.142 [ INFO] maestro.cli.runner.CliConsoleListener.onCommandFinished: Scrolling DOWN until id: analysis-status is visible with speed 40, visibility percentage 100%, timeout 20000 ms, with centering disabled COMPLETED
08:53:46.142 [ INFO] maestro.cli.runner.CliConsoleListener.onCommandStart: Take screenshot 37-restored-analysis-conditions RUNNING
08:53:46.142 [ INFO] maestro.Maestro.takeScreenshot: Taking screenshot
08:53:46.143 [TRACE] maestro.utils.ScreenshotUtils.takeScreenshot: Taking screenshot to output sink
08:53:46.296 [ INFO] maestro.cli.runner.CliConsoleListener.onCommandFinished: Take screenshot 37-restored-analysis-conditions COMPLETED
