08:39:10.344 [ INFO] maestro.cli.runner.CliConsoleListener.onCommandStart: Define variables RUNNING
08:39:10.346 [ INFO] maestro.cli.runner.CliConsoleListener.onCommandFinished: Define variables COMPLETED
08:39:10.347 [ INFO] maestro.cli.runner.CliConsoleListener.onCommandStart: Apply configuration RUNNING
08:39:10.347 [ INFO] maestro.cli.runner.CliConsoleListener.onCommandFinished: Apply configuration COMPLETED
08:39:10.347 [ INFO] maestro.cli.runner.CliConsoleListener.onCommandStart: Launch app "com.meeshogi.app" RUNNING
08:39:10.846 [ INFO] maestro.Maestro.launchApp$lambda$5: Launching app com.meeshogi.app
08:39:10.846 [ INFO] maestro.Maestro.launchApp$lambda$5: Stopping com.meeshogi.app app during launch
08:39:10.954 [ INFO] maestro.cli.runner.CliConsoleListener.onCommandFinished: Launch app "com.meeshogi.app" COMPLETED
08:39:10.954 [ INFO] maestro.cli.runner.CliConsoleListener.onCommandStart: Tap on ".*KeroPona.*" RUNNING
08:39:13.490 [ INFO] maestro.Maestro.tap-HgV9Ck0: Tapping on element:  UiElement(treeNode=TreeNode(attributes={text=KeroPona との対局, accessibilityText=, hintText=, ignoreBoundsFiltering=false, resource-id=, clickable=false, bounds=[96,712][708,778], enabled=true, focused=false, checked=false, scrollable=false, selected=false, class=android.widget.TextView, important-for-accessibility=true, error=}, children=[], clickable=false, enabled=true, focused=false, checked=false, selected=false), bounds=Bounds(x=96, y=712, width=612, height=66))
08:39:14.962 [ INFO] maestro.Maestro.tap-HgV9Ck0: Tap aimed via settled hierarchy
08:39:14.966 [ INFO] maestro.Maestro.hierarchyBasedTap-ogj28Uc: Tapping at (402, 745) using hierarchy based logic for wait
08:39:15.310 [ INFO] maestro.cli.runner.CliConsoleListener.onCommandFinished: Tap on ".*KeroPona.*" COMPLETED
08:39:15.311 [ INFO] maestro.cli.runner.CliConsoleListener.onCommandStart: Tap on id: move-first RUNNING
08:39:16.792 [ INFO] maestro.Maestro.tap-HgV9Ck0: Tapping on element:  UiElement(treeNode=TreeNode(attributes={text=, accessibilityText=初期局面へ, hintText=, ignoreBoundsFiltering=false, resource-id=move-first, clickable=true, bounds=[120,2214][236,2329], enabled=true, focused=false, checked=false, scrollable=false, selected=false, class=android.widget.Button, important-for-accessibility=true, error=}, children=[TreeNode(attributes={text=, accessibilityText=, hintText=, ignoreBoundsFiltering=false, resource-id=, clickable=false, bounds=[151,2246][204,2299], enabled=true, focused=false, checked=false, scrollable=false, selected=false, class=android.widget.TextView, important-for-accessibility=true, error=}, children=[], clickable=false, enabled=true, focused=false, checked=false, selected=false)], clickable=true, enabled=true, focused=false, checked=false, selected=false), bounds=Bounds(x=120, y=2214, width=116, height=115))
08:39:18.188 [ INFO] maestro.Maestro.tap-HgV9Ck0: Tap aimed via settled hierarchy
08:39:18.190 [ INFO] maestro.Maestro.hierarchyBasedTap-ogj28Uc: Tapping at (178, 2271) using hierarchy based logic for wait
08:39:18.685 [ INFO] maestro.cli.runner.CliConsoleListener.onCommandFinished: Tap on id: move-first COMPLETED
08:39:18.686 [ INFO] maestro.cli.runner.CliConsoleListener.onCommandStart: Scrolling DOWN until id: candidate-0 is visible with speed 40, visibility percentage 100%, timeout 20000 ms, with centering disabled RUNNING
08:39:19.625 [ INFO] maestro.orchestra.Orchestra.scrollUntilVisible: Scrolling try count: 0, DeviceWidth: 1080, DeviceWidth: 2400
08:39:19.626 [ INFO] maestro.orchestra.Orchestra.scrollUntilVisible: Element bounds: Bounds(x=32, y=1981, width=1017, height=163)
08:39:19.627 [ INFO] maestro.orchestra.Orchestra.scrollUntilVisible: Visibility Percent: 1.0
08:39:19.635 [ INFO] maestro.orchestra.Orchestra.scrollUntilVisible: Command centerElement: ScrollUntilVisibleCommand(selector=ElementSelector(textRegex=null, idRegex=candidate-0, size=null, below=null, above=null, leftOf=null, rightOf=null, containsChild=null, containsDescendants=null, traits=null, index=null, enabled=null, optional=false, selected=null, checked=null, focused=null, childOf=null, css=null), direction=DOWN, scrollDuration=601, visibilityPercentage=100, timeout=20000, waitToSettleTimeoutMs=null, centerElement=false, originalSpeedValue=40, label=null, optional=false).centerElement
08:39:19.635 [ INFO] maestro.orchestra.Orchestra.scrollUntilVisible: visibilityPercentageNormalized: 1.0
08:39:19.635 [ INFO] maestro.cli.runner.CliConsoleListener.onCommandFinished: Scrolling DOWN until id: candidate-0 is visible with speed 40, visibility percentage 100%, timeout 20000 ms, with centering disabled COMPLETED
08:39:19.635 [ INFO] maestro.cli.runner.CliConsoleListener.onCommandStart: Tap on id: candidate-0 RUNNING
08:39:19.838 [ INFO] maestro.Maestro.tap-HgV9Ck0: Tapping on element:  UiElement(treeNode=TreeNode(attributes={text=, accessibilityText=候補1、▲２六歩、評価値-38、タップして分岐を検討, hintText=, ignoreBoundsFiltering=false, resource-id=candidate-0, clickable=true, bounds=[32,1981][1049,2144], enabled=true, focused=false, checked=false, scrollable=false, selected=false, class=android.widget.Button, important-for-accessibility=true, error=}, children=[TreeNode(attributes={text=, accessibilityText=, hintText=, ignoreBoundsFiltering=false, resource-id=, clickable=false, bounds=[32,2013][39,2112], enabled=true, focused=false, checked=false, scrollable=false, selected=false, class=android.view.ViewGroup, important-for-accessibility=false, error=}, children=[], clickable=false, enabled=true, focused=false, checked=false, selected=false), TreeNode(attributes={text=第一候補, accessibilityText=, hintText=, ignoreBoundsFiltering=false, resource-id=, clickable=false, bounds=[58,2041][175,2083], enabled=true, focused=false, checked=false, scrollable=false, selected=false, class=android.widget.TextView, important-for-accessibility=true, error=}, children=[], clickable=false, enabled=true, focused=false, checked=false, selected=false), TreeNode(attributes={text=▲２六歩, accessibilityText=, hintText=, ignoreBoundsFiltering=false, resource-id=, clickable=false, bounds=[200,2002][380,2068], enabled=true, focused=false, checked=false, scrollable=false, selected=false, class=android.widget.TextView, important-for-accessibility=true, error=}, children=[], clickable=false, enabled=true, focused=false, checked=false, selected=false), TreeNode(attributes={text=-38, accessibilityText=, hintText=, ignoreBoundsFiltering=false, resource-id=, clickable=false, bounds=[898,2009][962,2072], enabled=true, focused=false, checked=false, scrollable=false, selected=false, class=android.widget.TextView, important-for-accessibility=true, error=}, children=[], clickable=false, enabled=true, focused=false, checked=false, selected=false), TreeNode(attributes={text=△３四歩  ▲５六歩 …, accessibilityText=, hintText=, ignoreBoundsFiltering=false, resource-id=, clickable=false, bounds=[200,2079][963,2121], enabled=true, focused=false, checked=false, scrollable=false, selected=false, class=android.widget.TextView, important-for-accessibility=true, error=}, children=[], clickable=false, enabled=true, focused=false, checked=false, selected=false), TreeNode(attributes={text=, accessibilityText=, hintText=, ignoreBoundsFiltering=false, resource-id=, clickable=false, bounds=[989,2045][1024,2080], enabled=true, focused=false, checked=false, scrollable=false, selected=false, class=android.widget.TextView, important-for-accessibility=true, error=}, children=[], clickable=false, enabled=true, focused=false, checked=false, selected=false)], clickable=true, enabled=true, focused=false, checked=false, selected=false), bounds=Bounds(x=32, y=1981, width=1017, height=163))
08:39:21.119 [ INFO] maestro.Maestro.tap-HgV9Ck0: Tap aimed via settled hierarchy
08:39:21.120 [ INFO] maestro.Maestro.hierarchyBasedTap-ogj28Uc: Tapping at (540, 2062) using hierarchy based logic for wait
08:39:22.583 [ INFO] maestro.Maestro.hierarchyBasedTap-ogj28Uc: Something has changed in the UI judging by view hierarchy. Proceed.
08:39:22.583 [ INFO] maestro.cli.runner.CliConsoleListener.onCommandFinished: Tap on id: candidate-0 COMPLETED
08:39:22.584 [ INFO] maestro.cli.runner.CliConsoleListener.onCommandStart: Assert that "分岐検討" is visible RUNNING
08:39:22.777 [ INFO] maestro.cli.runner.CliConsoleListener.onCommandFinished: Assert that "分岐検討" is visible COMPLETED
08:39:22.777 [ INFO] maestro.cli.runner.CliConsoleListener.onCommandStart: Scrolling UP until "0手目から分岐" is visible with speed 40, visibility percentage 100%, timeout 20000 ms, with centering disabled RUNNING
08:39:22.952 [ INFO] maestro.orchestra.Orchestra.scrollUntilVisible: Scrolling try count: 0, DeviceWidth: 1080, DeviceWidth: 2400
08:39:22.952 [ INFO] maestro.orchestra.Orchestra.scrollUntilVisible: Element bounds: Bounds(x=445, y=220, width=190, height=37)
08:39:22.952 [ INFO] maestro.orchestra.Orchestra.scrollUntilVisible: Visibility Percent: 1.0
08:39:22.952 [ INFO] maestro.orchestra.Orchestra.scrollUntilVisible: Command centerElement: ScrollUntilVisibleCommand(selector=ElementSelector(textRegex=0手目から分岐, idRegex=null, size=null, below=null, above=null, leftOf=null, rightOf=null, containsChild=null, containsDescendants=null, traits=null, index=null, enabled=null, optional=false, selected=null, checked=null, focused=null, childOf=null, css=null), direction=UP, scrollDuration=601, visibilityPercentage=100, timeout=20000, waitToSettleTimeoutMs=null, centerElement=false, originalSpeedValue=40, label=null, optional=false).centerElement
08:39:22.953 [ INFO] maestro.orchestra.Orchestra.scrollUntilVisible: visibilityPercentageNormalized: 1.0
08:39:22.953 [ INFO] maestro.cli.runner.CliConsoleListener.onCommandFinished: Scrolling UP until "0手目から分岐" is visible with speed 40, visibility percentage 100%, timeout 20000 ms, with centering disabled COMPLETED
08:39:22.953 [ INFO] maestro.cli.runner.CliConsoleListener.onCommandStart: Take screenshot 45-candidate-variation RUNNING
08:39:22.955 [ INFO] maestro.Maestro.takeScreenshot: Taking screenshot
08:39:22.956 [TRACE] maestro.utils.ScreenshotUtils.takeScreenshot: Taking screenshot to output sink
08:39:23.239 [ INFO] maestro.cli.runner.CliConsoleListener.onCommandFinished: Take screenshot 45-candidate-variation COMPLETED
08:39:23.239 [ INFO] maestro.cli.runner.CliConsoleListener.onCommandStart: Tap on id: move-first RUNNING
08:39:23.429 [ INFO] maestro.Maestro.tap-HgV9Ck0: Tapping on element:  UiElement(treeNode=TreeNode(attributes={text=, accessibilityText=初期局面へ, hintText=, ignoreBoundsFiltering=false, resource-id=move-first, clickable=true, bounds=[120,2214][236,2329], enabled=true, focused=false, checked=false, scrollable=false, selected=false, class=android.widget.Button, important-for-accessibility=true, error=}, children=[TreeNode(attributes={text=, accessibilityText=, hintText=, ignoreBoundsFiltering=false, resource-id=, clickable=false, bounds=[151,2246][204,2299], enabled=true, focused=false, checked=false, scrollable=false, selected=false, class=android.widget.TextView, important-for-accessibility=true, error=}, children=[], clickable=false, enabled=true, focused=false, checked=false, selected=false)], clickable=true, enabled=true, focused=false, checked=false, selected=false), bounds=Bounds(x=120, y=2214, width=116, height=115))
08:39:24.720 [ INFO] maestro.Maestro.tap-HgV9Ck0: Tap aimed via settled hierarchy
08:39:24.721 [ INFO] maestro.Maestro.hierarchyBasedTap-ogj28Uc: Tapping at (178, 2271) using hierarchy based logic for wait
08:39:26.402 [ INFO] maestro.Maestro.hierarchyBasedTap-ogj28Uc: Something has changed in the UI judging by view hierarchy. Proceed.
08:39:26.402 [ INFO] maestro.cli.runner.CliConsoleListener.onCommandFinished: Tap on id: move-first COMPLETED
08:39:26.403 [ INFO] maestro.cli.runner.CliConsoleListener.onCommandStart: Run flow when Platform is ANDROID RUNNING
08:39:26.404 [ INFO] maestro.cli.runner.CliConsoleListener.onCommandStart: Press Back key RUNNING
08:39:26.404 [ INFO] maestro.Maestro.pressKey: Pressing key BACK
08:39:27.437 [ INFO] maestro.cli.runner.CliConsoleListener.onCommandFinished: Press Back key COMPLETED
08:39:27.438 [ INFO] maestro.cli.runner.CliConsoleListener.onCommandFinished: Run flow when Platform is ANDROID COMPLETED
08:39:27.438 [ INFO] maestro.cli.runner.CliConsoleListener.onCommandStart: Run flow when Platform is IOS RUNNING
08:39:27.438 [ INFO] maestro.orchestra.Orchestra.executeCommands: [Command execution] CommandSkipped: null
08:39:27.438 [ INFO] maestro.cli.runner.CliConsoleListener.onCommandFinished: Run flow when Platform is IOS SKIPPED
08:39:27.438 [ INFO] maestro.cli.runner.CliConsoleListener.onCommandStart: Assert that "0 / 80手" is visible RUNNING
08:39:27.645 [ INFO] maestro.cli.runner.CliConsoleListener.onCommandFinished: Assert that "0 / 80手" is visible COMPLETED
08:39:27.646 [ INFO] maestro.cli.runner.CliConsoleListener.onCommandStart: Scrolling DOWN until id: analysis-focus is visible with speed 40, visibility percentage 100%, timeout 20000 ms, with centering disabled RUNNING
08:39:28.391 [ WARN] maestro.orchestra.Orchestra.scrollUntilVisible: Error: maestro.MaestroException$ElementNotFound: Element not found: Id matching regex: analysis-focus
08:39:28.397 [ INFO] maestro.Maestro.swipeFromCenter: Swiping UP from center
08:39:30.187 [ INFO] maestro.orchestra.Orchestra.scrollUntilVisible: Scrolling try count: 0, DeviceWidth: 1080, DeviceWidth: 2400
08:39:30.188 [ INFO] maestro.orchestra.Orchestra.scrollUntilVisible: Element bounds: Bounds(x=644, y=1991, width=405, height=126)
08:39:30.188 [ INFO] maestro.orchestra.Orchestra.scrollUntilVisible: Visibility Percent: 1.0
08:39:30.188 [ INFO] maestro.orchestra.Orchestra.scrollUntilVisible: Command centerElement: ScrollUntilVisibleCommand(selector=ElementSelector(textRegex=null, idRegex=analysis-focus, size=null, below=null, above=null, leftOf=null, rightOf=null, containsChild=null, containsDescendants=null, traits=null, index=null, enabled=null, optional=false, selected=null, checked=null, focused=null, childOf=null, css=null), direction=DOWN, scrollDuration=601, visibilityPercentage=100, timeout=20000, waitToSettleTimeoutMs=null, centerElement=false, originalSpeedValue=40, label=null, optional=false).centerElement
08:39:30.188 [ INFO] maestro.orchestra.Orchestra.scrollUntilVisible: visibilityPercentageNormalized: 1.0
08:39:30.188 [ INFO] maestro.cli.runner.CliConsoleListener.onCommandFinished: Scrolling DOWN until id: analysis-focus is visible with speed 40, visibility percentage 100%, timeout 20000 ms, with centering disabled COMPLETED
08:39:30.188 [ INFO] maestro.cli.runner.CliConsoleListener.onCommandStart: Tap on id: analysis-focus RUNNING
08:39:30.327 [ INFO] maestro.Maestro.tap-HgV9Ck0: Tapping on element:  UiElement(treeNode=TreeNode(attributes={text=, accessibilityText=この局面を深く解析, hintText=, ignoreBoundsFiltering=false, resource-id=analysis-focus, clickable=true, bounds=[644,1991][1049,2117], enabled=true, focused=false, checked=false, scrollable=false, selected=false, class=android.widget.Button, important-for-accessibility=true, error=}, children=[TreeNode(attributes={text=この局面を深く解析, accessibilityText=, hintText=, ignoreBoundsFiltering=false, resource-id=, clickable=false, bounds=[644,2021][1049,2087], enabled=true, focused=false, checked=false, scrollable=false, selected=false, class=android.widget.TextView, important-for-accessibility=true, error=}, children=[], clickable=false, enabled=true, focused=false, checked=false, selected=false)], clickable=true, enabled=true, focused=false, checked=false, selected=false), bounds=Bounds(x=644, y=1991, width=405, height=126))
08:39:31.622 [ INFO] maestro.Maestro.tap-HgV9Ck0: Tap aimed via settled hierarchy
08:39:31.623 [ INFO] maestro.Maestro.hierarchyBasedTap-ogj28Uc: Tapping at (846, 2054) using hierarchy based logic for wait
08:39:33.354 [ INFO] maestro.Maestro.hierarchyBasedTap-ogj28Uc: Something has changed in the UI judging by view hierarchy. Proceed.
08:39:33.355 [ INFO] maestro.cli.runner.CliConsoleListener.onCommandFinished: Tap on id: analysis-focus COMPLETED
08:39:33.355 [ INFO] maestro.cli.runner.CliConsoleListener.onCommandStart: Assert that id: focused-analysis-ready is visible RUNNING
08:39:33.548 [ INFO] maestro.cli.runner.CliConsoleListener.onCommandFinished: Assert that id: focused-analysis-ready is visible COMPLETED
08:39:33.548 [ INFO] maestro.cli.runner.CliConsoleListener.onCommandStart: Take screenshot 46-focused-analysis RUNNING
08:39:33.548 [ INFO] maestro.Maestro.takeScreenshot: Taking screenshot
08:39:33.549 [TRACE] maestro.utils.ScreenshotUtils.takeScreenshot: Taking screenshot to output sink
08:39:33.739 [ INFO] maestro.cli.runner.CliConsoleListener.onCommandFinished: Take screenshot 46-focused-analysis COMPLETED
08:39:33.740 [ INFO] maestro.cli.runner.CliConsoleListener.onCommandStart: Stop com.meeshogi.app RUNNING
08:39:33.741 [ INFO] maestro.Maestro.stopApp$lambda$6: Stopping app com.meeshogi.app
08:39:33.769 [ INFO] maestro.cli.runner.CliConsoleListener.onCommandFinished: Stop com.meeshogi.app COMPLETED
08:39:33.770 [ INFO] maestro.cli.runner.CliConsoleListener.onCommandStart: Launch app "com.meeshogi.app" RUNNING
08:39:34.718 [ INFO] maestro.Maestro.launchApp$lambda$5: Launching app com.meeshogi.app
08:39:34.719 [ INFO] maestro.Maestro.launchApp$lambda$5: Stopping com.meeshogi.app app during launch
08:39:34.813 [ INFO] maestro.cli.runner.CliConsoleListener.onCommandFinished: Launch app "com.meeshogi.app" COMPLETED
08:39:34.813 [ INFO] maestro.cli.runner.CliConsoleListener.onCommandStart: Tap on ".*KeroPona.*" RUNNING
08:39:37.291 [ INFO] maestro.Maestro.tap-HgV9Ck0: Tapping on element:  UiElement(treeNode=TreeNode(attributes={text=KeroPona との対局, accessibilityText=, hintText=, ignoreBoundsFiltering=false, resource-id=, clickable=false, bounds=[96,712][708,778], enabled=true, focused=false, checked=false, scrollable=false, selected=false, class=android.widget.TextView, important-for-accessibility=true, error=}, children=[], clickable=false, enabled=true, focused=false, checked=false, selected=false), bounds=Bounds(x=96, y=712, width=612, height=66))
08:39:38.735 [ INFO] maestro.Maestro.tap-HgV9Ck0: Tap aimed via settled hierarchy
08:39:38.736 [ INFO] maestro.Maestro.hierarchyBasedTap-ogj28Uc: Tapping at (402, 745) using hierarchy based logic for wait
08:39:39.098 [ INFO] maestro.cli.runner.CliConsoleListener.onCommandFinished: Tap on ".*KeroPona.*" COMPLETED
08:39:39.099 [ INFO] maestro.cli.runner.CliConsoleListener.onCommandStart: Assert that "0 / 80手" is visible RUNNING
08:39:40.564 [ INFO] maestro.cli.runner.CliConsoleListener.onCommandFinished: Assert that "0 / 80手" is visible COMPLETED
08:39:40.564 [ INFO] maestro.cli.runner.CliConsoleListener.onCommandStart: Scrolling DOWN until id: analysis-status is visible with speed 40, visibility percentage 100%, timeout 20000 ms, with centering disabled RUNNING
08:39:41.730 [ WARN] maestro.orchestra.Orchestra.scrollUntilVisible: Error: maestro.MaestroException$ElementNotFound: Element not found: Id matching regex: analysis-status
08:39:41.734 [ INFO] maestro.Maestro.swipeFromCenter: Swiping UP from center
08:39:43.591 [ INFO] maestro.orchestra.Orchestra.scrollUntilVisible: Scrolling try count: 0, DeviceWidth: 1080, DeviceWidth: 2400
08:39:43.592 [ INFO] maestro.orchestra.Orchestra.scrollUntilVisible: Element bounds: Bounds(x=32, y=1938, width=1017, height=53)
08:39:43.592 [ INFO] maestro.orchestra.Orchestra.scrollUntilVisible: Visibility Percent: 1.0
08:39:43.592 [ INFO] maestro.orchestra.Orchestra.scrollUntilVisible: Command centerElement: ScrollUntilVisibleCommand(selector=ElementSelector(textRegex=null, idRegex=analysis-status, size=null, below=null, above=null, leftOf=null, rightOf=null, containsChild=null, containsDescendants=null, traits=null, index=null, enabled=null, optional=false, selected=null, checked=null, focused=null, childOf=null, css=null), direction=DOWN, scrollDuration=601, visibilityPercentage=100, timeout=20000, waitToSettleTimeoutMs=null, centerElement=false, originalSpeedValue=40, label=null, optional=false).centerElement
08:39:43.592 [ INFO] maestro.orchestra.Orchestra.scrollUntilVisible: visibilityPercentageNormalized: 1.0
08:39:43.592 [ INFO] maestro.cli.runner.CliConsoleListener.onCommandFinished: Scrolling DOWN until id: analysis-status is visible with speed 40, visibility percentage 100%, timeout 20000 ms, with centering disabled COMPLETED
08:39:43.593 [ INFO] maestro.cli.runner.CliConsoleListener.onCommandStart: Assert that id: focused-analysis-ready is not visible RUNNING
08:39:44.370 [ INFO] maestro.cli.runner.CliConsoleListener.onCommandFinished: Assert that id: focused-analysis-ready is not visible COMPLETED
08:39:44.370 [ INFO] maestro.cli.runner.CliConsoleListener.onCommandStart: Take screenshot 47-mainline-after-candidate RUNNING
08:39:44.371 [ INFO] maestro.Maestro.takeScreenshot: Taking screenshot
08:39:44.371 [TRACE] maestro.utils.ScreenshotUtils.takeScreenshot: Taking screenshot to output sink
08:39:44.566 [ INFO] maestro.cli.runner.CliConsoleListener.onCommandFinished: Take screenshot 47-mainline-after-candidate COMPLETED
