08:52:13.403 [ INFO] maestro.cli.runner.CliConsoleListener.onCommandStart: Define variables RUNNING
08:52:13.405 [ INFO] maestro.cli.runner.CliConsoleListener.onCommandFinished: Define variables COMPLETED
08:52:13.406 [ INFO] maestro.cli.runner.CliConsoleListener.onCommandStart: Apply configuration RUNNING
08:52:13.406 [ INFO] maestro.cli.runner.CliConsoleListener.onCommandFinished: Apply configuration COMPLETED
08:52:13.406 [ INFO] maestro.cli.runner.CliConsoleListener.onCommandStart: Launch app "com.meeshogi.app" RUNNING
08:52:13.933 [ INFO] maestro.Maestro.launchApp$lambda$5: Launching app com.meeshogi.app
08:52:13.933 [ INFO] maestro.Maestro.launchApp$lambda$5: Stopping com.meeshogi.app app during launch
08:52:14.093 [ INFO] maestro.cli.runner.CliConsoleListener.onCommandFinished: Launch app "com.meeshogi.app" COMPLETED
08:52:14.097 [ INFO] maestro.cli.runner.CliConsoleListener.onCommandStart: Tap on "棋譜.*" RUNNING
08:52:16.298 [ INFO] maestro.Maestro.tap-HgV9Ck0: Tapping on element:  UiElement(treeNode=TreeNode(attributes={text=棋譜を読み込んでいます, accessibilityText=, hintText=, ignoreBoundsFiltering=false, resource-id=, clickable=false, bounds=[293,1214][786,1280], enabled=true, focused=false, checked=false, scrollable=false, selected=false, class=android.widget.TextView, important-for-accessibility=true, error=}, children=[], clickable=false, enabled=true, focused=false, checked=false, selected=false), bounds=Bounds(x=293, y=1214, width=493, height=66))
08:52:17.874 [ INFO] maestro.Maestro.tap-HgV9Ck0: Tap aimed via settled hierarchy
08:52:17.878 [ INFO] maestro.Maestro.hierarchyBasedTap-ogj28Uc: Tapping at (539, 1247) using hierarchy based logic for wait
08:52:18.676 [ INFO] maestro.cli.runner.CliConsoleListener.onCommandFinished: Tap on "棋譜.*" COMPLETED
08:52:18.676 [ INFO] maestro.cli.runner.CliConsoleListener.onCommandStart: Tap on ".*KeroPona.*" RUNNING
08:52:19.540 [ INFO] maestro.Maestro.tap-HgV9Ck0: Tapping on element:  UiElement(treeNode=TreeNode(attributes={text=KeroPona, accessibilityText=, hintText=, ignoreBoundsFiltering=false, resource-id=, clickable=false, bounds=[107,319][907,372], enabled=true, focused=false, checked=false, scrollable=false, selected=false, class=android.widget.TextView, important-for-accessibility=true, error=}, children=[], clickable=false, enabled=true, focused=false, checked=false, selected=false), bounds=Bounds(x=107, y=319, width=800, height=53))
08:52:20.858 [ INFO] maestro.Maestro.tap-HgV9Ck0: Tap aimed via settled hierarchy
08:52:20.860 [ INFO] maestro.Maestro.hierarchyBasedTap-ogj28Uc: Tapping at (507, 345) using hierarchy based logic for wait
08:52:21.368 [ INFO] maestro.cli.runner.CliConsoleListener.onCommandFinished: Tap on ".*KeroPona.*" COMPLETED
08:52:21.368 [ INFO] maestro.cli.runner.CliConsoleListener.onCommandStart: Tap on "棋譜の操作" RUNNING
08:52:21.587 [ INFO] maestro.Maestro.tap-HgV9Ck0: Tapping on element:  UiElement(treeNode=TreeNode(attributes={text=, accessibilityText=棋譜の操作, hintText=, ignoreBoundsFiltering=false, resource-id=, clickable=true, bounds=[923,151][1038,267], enabled=true, focused=false, checked=false, scrollable=false, selected=false, class=android.widget.Button, important-for-accessibility=true, error=}, children=[TreeNode(attributes={text=, accessibilityText=, hintText=, ignoreBoundsFiltering=false, resource-id=, clickable=false, bounds=[951,179][1012,240], enabled=true, focused=false, checked=false, scrollable=false, selected=false, class=android.widget.TextView, important-for-accessibility=true, error=}, children=[], clickable=false, enabled=true, focused=false, checked=false, selected=false)], clickable=true, enabled=true, focused=false, checked=false, selected=false), bounds=Bounds(x=923, y=151, width=115, height=116))
08:52:22.887 [ INFO] maestro.Maestro.tap-HgV9Ck0: Tap aimed via settled hierarchy
08:52:22.888 [ INFO] maestro.Maestro.hierarchyBasedTap-ogj28Uc: Tapping at (980, 209) using hierarchy based logic for wait
08:52:24.260 [ INFO] maestro.Maestro.hierarchyBasedTap-ogj28Uc: Something has changed in the UI judging by view hierarchy. Proceed.
08:52:24.261 [ INFO] maestro.cli.runner.CliConsoleListener.onCommandFinished: Tap on "棋譜の操作" COMPLETED
08:52:24.261 [ INFO] maestro.cli.runner.CliConsoleListener.onCommandStart: Tap on "KIFを書き出す" RUNNING
08:52:24.357 [ INFO] maestro.Maestro.tap-HgV9Ck0: Tapping on element:  UiElement(treeNode=TreeNode(attributes={text=KIFを書き出す, accessibilityText=, hintText=, ignoreBoundsFiltering=false, resource-id=, clickable=false, bounds=[42,1854][312,1916], enabled=true, focused=false, checked=false, scrollable=false, selected=false, class=android.widget.TextView, important-for-accessibility=true, error=}, children=[], clickable=false, enabled=true, focused=false, checked=false, selected=false), bounds=Bounds(x=42, y=1854, width=270, height=62))
08:52:25.680 [ INFO] maestro.Maestro.tap-HgV9Ck0: Tap aimed via settled hierarchy
08:52:25.681 [ INFO] maestro.Maestro.hierarchyBasedTap-ogj28Uc: Tapping at (177, 1885) using hierarchy based logic for wait
08:52:28.493 [ INFO] maestro.Maestro.hierarchyBasedTap-ogj28Uc: Something has changed in the UI judging by view hierarchy. Proceed.
08:52:28.493 [ INFO] maestro.cli.runner.CliConsoleListener.onCommandFinished: Tap on "KIFを書き出す" COMPLETED
08:52:28.493 [ INFO] maestro.cli.runner.CliConsoleListener.onCommandStart: Take screenshot 33-system-share RUNNING
08:52:28.495 [ INFO] maestro.Maestro.takeScreenshot: Taking screenshot
08:52:28.496 [TRACE] maestro.utils.ScreenshotUtils.takeScreenshot: Taking screenshot to output sink
08:52:28.837 [ INFO] maestro.cli.runner.CliConsoleListener.onCommandFinished: Take screenshot 33-system-share COMPLETED
08:52:28.838 [ INFO] maestro.cli.runner.CliConsoleListener.onCommandStart: Run flow when Platform is ANDROID RUNNING
08:52:28.840 [ INFO] maestro.cli.runner.CliConsoleListener.onCommandStart: Repeat while "Meeshogi Export Test" is not visible (up to 4 times) RUNNING
08:52:29.459 [ INFO] maestro.cli.runner.CliConsoleListener.onCommandStart: Swipe from (50%, 90%) to (50%, 65%) in 400 ms RUNNING
08:52:30.953 [ INFO] maestro.cli.runner.CliConsoleListener.onCommandFinished: Swipe from (50%, 90%) to (50%, 65%) in 400 ms COMPLETED
08:52:37.953 [ INFO] maestro.cli.runner.CliConsoleListener.onCommandFinished: Repeat while "Meeshogi Export Test" is not visible (up to 4 times) COMPLETED
08:52:37.954 [ INFO] maestro.cli.runner.CliConsoleListener.onCommandStart: Assert that "Meeshogi Export Test" is visible RUNNING
08:52:38.057 [ INFO] maestro.cli.runner.CliConsoleListener.onCommandFinished: Assert that "Meeshogi Export Test" is visible COMPLETED
08:52:38.058 [ INFO] maestro.cli.runner.CliConsoleListener.onCommandStart: Take screenshot 33-system-share-expanded RUNNING
08:52:38.058 [ INFO] maestro.Maestro.takeScreenshot: Taking screenshot
08:52:38.059 [TRACE] maestro.utils.ScreenshotUtils.takeScreenshot: Taking screenshot to output sink
08:52:38.221 [ INFO] maestro.cli.runner.CliConsoleListener.onCommandFinished: Take screenshot 33-system-share-expanded COMPLETED
08:52:38.221 [ INFO] maestro.cli.runner.CliConsoleListener.onCommandStart: Tap on "Meeshogi Export Test" RUNNING
08:52:38.337 [ INFO] maestro.Maestro.tap-HgV9Ck0: Tapping on element:  UiElement(treeNode=TreeNode(attributes={text=Meeshogi Export Test, accessibilityText=, hintText=, ignoreBoundsFiltering=false, resource-id=android:id/text2, clickable=false, bounds=[11,2273][205,2316], enabled=true, focused=false, checked=false, scrollable=false, selected=false, class=android.widget.TextView, important-for-accessibility=true, error=}, children=[], clickable=false, enabled=true, focused=false, checked=false, selected=false), bounds=Bounds(x=11, y=2273, width=194, height=43))
08:52:39.189 [ INFO] maestro.Maestro.tap-HgV9Ck0: Tap aimed via settled hierarchy
08:52:39.190 [ INFO] maestro.Maestro.hierarchyBasedTap-ogj28Uc: Tapping at (108, 2294) using hierarchy based logic for wait
08:52:40.799 [ INFO] maestro.Maestro.hierarchyBasedTap-ogj28Uc: Something has changed in the UI judging by view hierarchy. Proceed.
08:52:40.799 [ INFO] maestro.cli.runner.CliConsoleListener.onCommandFinished: Tap on "Meeshogi Export Test" COMPLETED
08:52:40.800 [ INFO] maestro.cli.runner.CliConsoleListener.onCommandStart: Assert that id: game-screen is visible RUNNING
08:52:40.960 [ INFO] maestro.cli.runner.CliConsoleListener.onCommandFinished: Assert that id: game-screen is visible COMPLETED
08:52:40.960 [ INFO] maestro.cli.runner.CliConsoleListener.onCommandFinished: Run flow when Platform is ANDROID COMPLETED
