08:39:50.367 [ INFO] maestro.cli.runner.CliConsoleListener.onCommandStart: Define variables RUNNING
08:39:50.369 [ INFO] maestro.cli.runner.CliConsoleListener.onCommandFinished: Define variables COMPLETED
08:39:50.370 [ INFO] maestro.cli.runner.CliConsoleListener.onCommandStart: Apply configuration RUNNING
08:39:50.370 [ INFO] maestro.cli.runner.CliConsoleListener.onCommandFinished: Apply configuration COMPLETED
08:39:50.370 [ INFO] maestro.cli.runner.CliConsoleListener.onCommandStart: Launch app "com.meeshogi.app" RUNNING
08:39:50.873 [ INFO] maestro.Maestro.launchApp$lambda$5: Launching app com.meeshogi.app
08:39:50.873 [ INFO] maestro.Maestro.launchApp$lambda$5: Stopping com.meeshogi.app app during launch
08:39:51.003 [ INFO] maestro.cli.runner.CliConsoleListener.onCommandFinished: Launch app "com.meeshogi.app" COMPLETED
08:39:51.003 [ INFO] maestro.cli.runner.CliConsoleListener.onCommandStart: Assert that id: library-screen is visible RUNNING
08:39:54.401 [ INFO] maestro.cli.runner.CliConsoleListener.onCommandFinished: Assert that id: library-screen is visible COMPLETED
08:39:54.402 [ INFO] maestro.cli.runner.CliConsoleListener.onCommandStart: Tap on "棋譜.*" RUNNING
08:39:54.496 [ INFO] maestro.Maestro.tap-HgV9Ck0: Tapping on element:  UiElement(treeNode=TreeNode(attributes={text=, accessibilityText=棋譜を検索, hintText=, ignoreBoundsFiltering=false, resource-id=library-search-toggle, clickable=true, bounds=[766,280][892,406], enabled=true, focused=false, checked=false, scrollable=false, selected=false, class=android.widget.Button, important-for-accessibility=true, error=}, children=[TreeNode(attributes={text=, accessibilityText=, hintText=, ignoreBoundsFiltering=false, resource-id=, clickable=false, bounds=[799,313][861,374], enabled=true, focused=false, checked=false, scrollable=false, selected=false, class=android.widget.TextView, important-for-accessibility=true, error=}, children=[], clickable=false, enabled=true, focused=false, checked=false, selected=false)], clickable=true, enabled=true, focused=false, checked=false, selected=false), bounds=Bounds(x=766, y=280, width=126, height=126))
08:39:55.807 [ INFO] maestro.Maestro.tap-HgV9Ck0: Tap aimed via settled hierarchy
08:39:55.810 [ INFO] maestro.Maestro.hierarchyBasedTap-ogj28Uc: Tapping at (829, 343) using hierarchy based logic for wait
08:39:57.382 [ INFO] maestro.Maestro.hierarchyBasedTap-ogj28Uc: Something has changed in the UI judging by view hierarchy. Proceed.
08:39:57.382 [ INFO] maestro.cli.runner.CliConsoleListener.onCommandFinished: Tap on "棋譜.*" COMPLETED
08:39:57.382 [ INFO] maestro.cli.runner.CliConsoleListener.onCommandStart: Tap on id: import-button RUNNING
08:39:57.520 [ INFO] maestro.Maestro.tap-HgV9Ck0: Tapping on element:  UiElement(treeNode=TreeNode(attributes={text=, accessibilityText=棋譜を追加, hintText=, ignoreBoundsFiltering=false, resource-id=import-button, clickable=true, bounds=[903,280][1029,406], enabled=true, focused=false, checked=false, scrollable=false, selected=false, class=android.widget.Button, important-for-accessibility=true, error=}, children=[TreeNode(attributes={text=, accessibilityText=, hintText=, ignoreBoundsFiltering=false, resource-id=, clickable=false, bounds=[936,313][997,374], enabled=true, focused=false, checked=false, scrollable=false, selected=false, class=android.widget.TextView, important-for-accessibility=true, error=}, children=[], clickable=false, enabled=true, focused=false, checked=false, selected=false)], clickable=true, enabled=true, focused=false, checked=false, selected=false), bounds=Bounds(x=903, y=280, width=126, height=126))
08:39:58.805 [ INFO] maestro.Maestro.tap-HgV9Ck0: Tap aimed via settled hierarchy
08:39:58.806 [ INFO] maestro.Maestro.hierarchyBasedTap-ogj28Uc: Tapping at (966, 343) using hierarchy based logic for wait
08:40:00.465 [ INFO] maestro.Maestro.hierarchyBasedTap-ogj28Uc: Something has changed in the UI judging by view hierarchy. Proceed.
08:40:00.466 [ INFO] maestro.cli.runner.CliConsoleListener.onCommandFinished: Tap on id: import-button COMPLETED
08:40:00.466 [ INFO] maestro.cli.runner.CliConsoleListener.onCommandStart: Run subflows/pick-kif.yaml RUNNING
08:40:00.468 [ INFO] maestro.cli.runner.CliConsoleListener.onCommandStart: Define variables RUNNING
08:40:00.468 [ INFO] maestro.cli.runner.CliConsoleListener.onCommandFinished: Define variables COMPLETED
08:40:00.468 [ INFO] maestro.cli.runner.CliConsoleListener.onCommandStart: Apply configuration RUNNING
08:40:00.468 [ INFO] maestro.cli.runner.CliConsoleListener.onCommandFinished: Apply configuration COMPLETED
08:40:00.468 [ INFO] maestro.cli.runner.CliConsoleListener.onCommandStart: Tap on "ファイル" RUNNING
08:40:00.647 [ INFO] maestro.Maestro.tap-HgV9Ck0: Tapping on element:  UiElement(treeNode=TreeNode(attributes={text=ファイル, accessibilityText=, hintText=, ignoreBoundsFiltering=false, resource-id=, clickable=false, bounds=[704,330][864,389], enabled=true, focused=false, checked=false, scrollable=false, selected=false, class=android.widget.TextView, important-for-accessibility=true, error=}, children=[], clickable=false, enabled=true, focused=false, checked=false, selected=false), bounds=Bounds(x=704, y=330, width=160, height=59))
08:40:01.886 [ INFO] maestro.Maestro.tap-HgV9Ck0: Tap aimed via settled hierarchy
08:40:01.887 [ INFO] maestro.Maestro.hierarchyBasedTap-ogj28Uc: Tapping at (784, 359) using hierarchy based logic for wait
08:40:03.087 [ INFO] maestro.Maestro.hierarchyBasedTap-ogj28Uc: Something has changed in the UI judging by view hierarchy. Proceed.
08:40:03.088 [ INFO] maestro.cli.runner.CliConsoleListener.onCommandFinished: Tap on "ファイル" COMPLETED
08:40:03.088 [ INFO] maestro.cli.runner.CliConsoleListener.onCommandStart: Tap on id: import-file RUNNING
08:40:03.223 [ INFO] maestro.Maestro.tap-HgV9Ck0: Tapping on element:  UiElement(treeNode=TreeNode(attributes={text=, accessibilityText=, ファイルを選ぶ, hintText=, ignoreBoundsFiltering=false, resource-id=import-file, clickable=true, bounds=[608,1032][993,1158], enabled=true, focused=false, checked=false, scrollable=false, selected=false, class=android.widget.Button, important-for-accessibility=true, error=}, children=[TreeNode(attributes={text=, accessibilityText=, hintText=, ignoreBoundsFiltering=false, resource-id=, clickable=false, bounds=[608,1070][659,1121], enabled=true, focused=false, checked=false, scrollable=false, selected=false, class=android.widget.TextView, important-for-accessibility=true, error=}, children=[], clickable=false, enabled=true, focused=false, checked=false, selected=false), TreeNode(attributes={text=ファイルを選ぶ, accessibilityText=, hintText=, ignoreBoundsFiltering=false, resource-id=, clickable=false, bounds=[678,1062][993,1128], enabled=true, focused=false, checked=false, scrollable=false, selected=false, class=android.widget.TextView, important-for-accessibility=true, error=}, children=[], clickable=false, enabled=true, focused=false, checked=false, selected=false)], clickable=true, enabled=true, focused=false, checked=false, selected=false), bounds=Bounds(x=608, y=1032, width=385, height=126))
08:40:04.468 [ INFO] maestro.Maestro.tap-HgV9Ck0: Tap aimed via settled hierarchy
08:40:04.469 [ INFO] maestro.Maestro.hierarchyBasedTap-ogj28Uc: Tapping at (800, 1095) using hierarchy based logic for wait
08:40:05.101 [ INFO] maestro.cli.runner.CliConsoleListener.onCommandFinished: Tap on id: import-file COMPLETED
08:40:05.102 [ INFO] maestro.cli.runner.CliConsoleListener.onCommandStart: Run flow when Platform is ANDROID RUNNING
08:40:05.102 [ INFO] maestro.cli.runner.CliConsoleListener.onCommandStart: Tap on "Show roots|ルートを表示.*" RUNNING
08:40:06.284 [ INFO] maestro.Maestro.tap-HgV9Ck0: Tapping on element:  UiElement(treeNode=TreeNode(attributes={text=, accessibilityText=Show roots, hintText=, ignoreBoundsFiltering=false, resource-id=, clickable=true, bounds=[2,136][149,262], enabled=true, focused=false, checked=false, scrollable=false, selected=false, class=android.widget.ImageButton, important-for-accessibility=true, error=}, children=[], clickable=true, enabled=true, focused=false, checked=false, selected=false), bounds=Bounds(x=2, y=136, width=147, height=126))
08:40:07.386 [ INFO] maestro.Maestro.tap-HgV9Ck0: Tap aimed via settled hierarchy
08:40:07.388 [ INFO] maestro.Maestro.hierarchyBasedTap-ogj28Uc: Tapping at (73, 199) using hierarchy based logic for wait
08:40:09.043 [ INFO] maestro.Maestro.hierarchyBasedTap-ogj28Uc: Something has changed in the UI judging by view hierarchy. Proceed.
08:40:09.044 [ INFO] maestro.cli.runner.CliConsoleListener.onCommandFinished: Tap on "Show roots|ルートを表示.*" COMPLETED
08:40:09.044 [ INFO] maestro.cli.runner.CliConsoleListener.onCommandStart: Tap on "Downloads|ダウンロード", id: android:id/title RUNNING
08:40:09.171 [ INFO] maestro.Maestro.tap-HgV9Ck0: Tapping on element:  UiElement(treeNode=TreeNode(attributes={text=Downloads, accessibilityText=, hintText=, ignoreBoundsFiltering=false, resource-id=android:id/title, clickable=false, bounds=[168,625][714,676], enabled=true, focused=false, checked=false, scrollable=false, selected=false, class=android.widget.TextView, important-for-accessibility=true, error=}, children=[], clickable=false, enabled=true, focused=false, checked=false, selected=false), bounds=Bounds(x=168, y=625, width=546, height=51))
08:40:10.008 [ INFO] maestro.Maestro.tap-HgV9Ck0: Tap aimed via settled hierarchy
08:40:10.009 [ INFO] maestro.Maestro.hierarchyBasedTap-ogj28Uc: Tapping at (441, 650) using hierarchy based logic for wait
08:40:11.456 [ INFO] maestro.Maestro.hierarchyBasedTap-ogj28Uc: Something has changed in the UI judging by view hierarchy. Proceed.
08:40:11.456 [ INFO] maestro.cli.runner.CliConsoleListener.onCommandFinished: Tap on "Downloads|ダウンロード", id: android:id/title COMPLETED
08:40:11.456 [ INFO] maestro.cli.runner.CliConsoleListener.onCommandFinished: Run flow when Platform is ANDROID COMPLETED
08:40:11.457 [ INFO] maestro.cli.runner.CliConsoleListener.onCommandStart: Run flow when Platform is IOS RUNNING
08:40:11.457 [ INFO] maestro.orchestra.Orchestra.executeSubflowCommands: [Command execution subflow] CommandSkipped: null
08:40:11.457 [ INFO] maestro.cli.runner.CliConsoleListener.onCommandFinished: Run flow when Platform is IOS SKIPPED
08:40:11.457 [ INFO] maestro.cli.runner.CliConsoleListener.onCommandStart: Tap on "${KIF_FILE}" RUNNING
08:40:12.081 [ INFO] maestro.Maestro.tap-HgV9Ck0: Tapping on element:  UiElement(treeNode=TreeNode(attributes={text=kiou.kif, accessibilityText=, hintText=, ignoreBoundsFiltering=false, resource-id=android:id/title, clickable=false, bounds=[683,1169][803,1220], enabled=true, focused=false, checked=false, scrollable=false, selected=false, class=android.widget.TextView, important-for-accessibility=true, error=}, children=[], clickable=false, enabled=true, focused=false, checked=false, selected=false), bounds=Bounds(x=683, y=1169, width=120, height=51))
08:40:12.947 [ INFO] maestro.Maestro.tap-HgV9Ck0: Tap aimed via settled hierarchy
08:40:12.948 [ INFO] maestro.Maestro.hierarchyBasedTap-ogj28Uc: Tapping at (743, 1194) using hierarchy based logic for wait
08:40:15.576 [ INFO] maestro.Maestro.hierarchyBasedTap-ogj28Uc: Something has changed in the UI judging by view hierarchy. Proceed.
08:40:15.577 [ INFO] maestro.cli.runner.CliConsoleListener.onCommandFinished: Tap on "${KIF_FILE}" COMPLETED
08:40:15.577 [ INFO] maestro.cli.runner.CliConsoleListener.onCommandFinished: Run subflows/pick-kif.yaml COMPLETED
08:40:15.577 [ INFO] maestro.cli.runner.CliConsoleListener.onCommandStart: Assert that ".*77手の棋譜を読み取りました.*" is visible RUNNING
08:40:15.742 [ INFO] maestro.cli.runner.CliConsoleListener.onCommandFinished: Assert that ".*77手の棋譜を読み取りました.*" is visible COMPLETED
08:40:15.745 [ INFO] maestro.cli.runner.CliConsoleListener.onCommandStart: Swipe from (95%, 85%) to (95%, 30%) in 400 ms RUNNING
08:40:17.287 [ INFO] maestro.cli.runner.CliConsoleListener.onCommandFinished: Swipe from (95%, 85%) to (95%, 30%) in 400 ms COMPLETED
08:40:17.288 [ INFO] maestro.cli.runner.CliConsoleListener.onCommandStart: Scrolling DOWN until "サービス" is visible with speed 40, visibility percentage 100%, timeout 20000 ms, with centering disabled RUNNING
08:40:17.391 [ INFO] maestro.orchestra.Orchestra.scrollUntilVisible: Scrolling try count: 0, DeviceWidth: 1080, DeviceWidth: 2400
08:40:17.391 [ INFO] maestro.orchestra.Orchestra.scrollUntilVisible: Element bounds: Bounds(x=96, y=1176, width=510, height=66)
08:40:17.392 [ INFO] maestro.orchestra.Orchestra.scrollUntilVisible: Visibility Percent: 1.0
08:40:17.399 [ INFO] maestro.orchestra.Orchestra.scrollUntilVisible: Command centerElement: ScrollUntilVisibleCommand(selector=ElementSelector(textRegex=サービス, idRegex=null, size=null, below=null, above=null, leftOf=null, rightOf=null, containsChild=null, containsDescendants=null, traits=null, index=null, enabled=null, optional=false, selected=null, checked=null, focused=null, childOf=null, css=null), direction=DOWN, scrollDuration=601, visibilityPercentage=100, timeout=20000, waitToSettleTimeoutMs=null, centerElement=false, originalSpeedValue=40, label=null, optional=false).centerElement
08:40:17.399 [ INFO] maestro.orchestra.Orchestra.scrollUntilVisible: visibilityPercentageNormalized: 1.0
08:40:17.400 [ INFO] maestro.cli.runner.CliConsoleListener.onCommandFinished: Scrolling DOWN until "サービス" is visible with speed 40, visibility percentage 100%, timeout 20000 ms, with centering disabled COMPLETED
08:40:17.400 [ INFO] maestro.cli.runner.CliConsoleListener.onCommandStart: Tap on "サービス" RUNNING
08:40:17.489 [ INFO] maestro.Maestro.tap-HgV9Ck0: Tapping on element:  UiElement(treeNode=TreeNode(attributes={text=サービス, accessibilityText=, hintText=, ignoreBoundsFiltering=false, resource-id=, clickable=false, bounds=[96,1176][606,1242], enabled=true, focused=false, checked=false, scrollable=false, selected=false, class=android.widget.TextView, important-for-accessibility=true, error=}, children=[], clickable=false, enabled=true, focused=false, checked=false, selected=false), bounds=Bounds(x=96, y=1176, width=510, height=66))
08:40:18.705 [ INFO] maestro.Maestro.tap-HgV9Ck0: Tap aimed via settled hierarchy
08:40:18.706 [ INFO] maestro.Maestro.hierarchyBasedTap-ogj28Uc: Tapping at (351, 1209) using hierarchy based logic for wait
08:40:19.770 [ INFO] maestro.Maestro.hierarchyBasedTap-ogj28Uc: Something has changed in the UI judging by view hierarchy. Proceed.
08:40:19.770 [ INFO] maestro.cli.runner.CliConsoleListener.onCommandFinished: Tap on "サービス" COMPLETED
08:40:19.770 [ INFO] maestro.cli.runner.CliConsoleListener.onCommandStart: Tap on "棋桜" RUNNING
08:40:19.866 [ INFO] maestro.Maestro.tap-HgV9Ck0: Tapping on element:  UiElement(treeNode=TreeNode(attributes={text=棋桜, accessibilityText=, hintText=, ignoreBoundsFiltering=false, resource-id=, clickable=false, bounds=[42,2001][126,2063], enabled=true, focused=false, checked=false, scrollable=false, selected=false, class=android.widget.TextView, important-for-accessibility=true, error=}, children=[], clickable=false, enabled=true, focused=false, checked=false, selected=false), bounds=Bounds(x=42, y=2001, width=84, height=62))
08:40:21.073 [ INFO] maestro.Maestro.tap-HgV9Ck0: Tap aimed via settled hierarchy
08:40:21.074 [ INFO] maestro.Maestro.hierarchyBasedTap-ogj28Uc: Tapping at (84, 2032) using hierarchy based logic for wait
08:40:22.802 [ INFO] maestro.Maestro.hierarchyBasedTap-ogj28Uc: Something has changed in the UI judging by view hierarchy. Proceed.
08:40:22.802 [ INFO] maestro.cli.runner.CliConsoleListener.onCommandFinished: Tap on "棋桜" COMPLETED
08:40:22.803 [ INFO] maestro.cli.runner.CliConsoleListener.onCommandStart: Scrolling DOWN until id: import-save is visible with speed 40, visibility percentage 100%, timeout 20000 ms, with centering disabled RUNNING
08:40:22.904 [ INFO] maestro.orchestra.Orchestra.scrollUntilVisible: Scrolling try count: 0, DeviceWidth: 1080, DeviceWidth: 2400
08:40:22.905 [ INFO] maestro.orchestra.Orchestra.scrollUntilVisible: Element bounds: Bounds(x=53, y=2172, width=975, height=135)
08:40:22.905 [ INFO] maestro.orchestra.Orchestra.scrollUntilVisible: Visibility Percent: 1.0
08:40:22.905 [ INFO] maestro.orchestra.Orchestra.scrollUntilVisible: Command centerElement: ScrollUntilVisibleCommand(selector=ElementSelector(textRegex=null, idRegex=import-save, size=null, below=null, above=null, leftOf=null, rightOf=null, containsChild=null, containsDescendants=null, traits=null, index=null, enabled=null, optional=false, selected=null, checked=null, focused=null, childOf=null, css=null), direction=DOWN, scrollDuration=601, visibilityPercentage=100, timeout=20000, waitToSettleTimeoutMs=null, centerElement=false, originalSpeedValue=40, label=null, optional=false).centerElement
08:40:22.905 [ INFO] maestro.orchestra.Orchestra.scrollUntilVisible: visibilityPercentageNormalized: 1.0
08:40:22.905 [ INFO] maestro.cli.runner.CliConsoleListener.onCommandFinished: Scrolling DOWN until id: import-save is visible with speed 40, visibility percentage 100%, timeout 20000 ms, with centering disabled COMPLETED
08:40:22.905 [ INFO] maestro.cli.runner.CliConsoleListener.onCommandStart: Assert that ".*登録した対局者名から判定しました.*" is visible RUNNING
08:40:22.997 [ INFO] maestro.cli.runner.CliConsoleListener.onCommandFinished: Assert that ".*登録した対局者名から判定しました.*" is visible COMPLETED
08:40:22.998 [ INFO] maestro.cli.runner.CliConsoleListener.onCommandStart: Take screenshot 16-file-import-confirmation RUNNING
08:40:22.999 [ INFO] maestro.Maestro.takeScreenshot: Taking screenshot
08:40:23.000 [TRACE] maestro.utils.ScreenshotUtils.takeScreenshot: Taking screenshot to output sink
08:40:23.364 [ INFO] maestro.cli.runner.CliConsoleListener.onCommandFinished: Take screenshot 16-file-import-confirmation COMPLETED
08:40:23.366 [ INFO] maestro.cli.runner.CliConsoleListener.onCommandStart: Tap on id: import-save RUNNING
08:40:23.681 [ INFO] maestro.Maestro.tap-HgV9Ck0: Tapping on element:  UiElement(treeNode=TreeNode(attributes={text=, accessibilityText=保存して検討する, hintText=, ignoreBoundsFiltering=false, resource-id=import-save, clickable=true, bounds=[53,2172][1028,2307], enabled=true, focused=false, checked=false, scrollable=false, selected=false, class=android.widget.Button, important-for-accessibility=true, error=}, children=[TreeNode(attributes={text=保存して検討する, accessibilityText=, hintText=, ignoreBoundsFiltering=false, resource-id=, clickable=false, bounds=[361,2206][720,2272], enabled=true, focused=false, checked=false, scrollable=false, selected=false, class=android.widget.TextView, important-for-accessibility=true, error=}, children=[], clickable=false, enabled=true, focused=false, checked=false, selected=false)], clickable=true, enabled=true, focused=false, checked=false, selected=false), bounds=Bounds(x=53, y=2172, width=975, height=135))
08:40:24.928 [ INFO] maestro.Maestro.tap-HgV9Ck0: Tap aimed via settled hierarchy
08:40:24.929 [ INFO] maestro.Maestro.hierarchyBasedTap-ogj28Uc: Tapping at (540, 2239) using hierarchy based logic for wait
08:40:43.793 [ INFO] maestro.Maestro.hierarchyBasedTap-ogj28Uc: Something has changed in the UI judging by view hierarchy. Proceed.
08:40:43.793 [ INFO] maestro.cli.runner.CliConsoleListener.onCommandFinished: Tap on id: import-save COMPLETED
08:40:43.794 [ INFO] maestro.cli.runner.CliConsoleListener.onCommandStart: Assert that id: game-screen is visible RUNNING
08:40:44.758 [ INFO] maestro.cli.runner.CliConsoleListener.onCommandFinished: Assert that id: game-screen is visible COMPLETED
08:40:44.758 [ INFO] maestro.cli.runner.CliConsoleListener.onCommandStart: Assert that "0 / 77手" is visible RUNNING
08:40:46.207 [ INFO] maestro.cli.runner.CliConsoleListener.onCommandFinished: Assert that "0 / 77手" is visible COMPLETED
08:40:46.207 [ INFO] maestro.cli.runner.CliConsoleListener.onCommandStart: Scrolling DOWN until id: analysis-ready is visible with speed 40, visibility percentage 100%, timeout 180000 ms, with centering disabled RUNNING
08:40:47.128 [ INFO] maestro.orchestra.Orchestra.scrollUntilVisible: Scrolling try count: 0, DeviceWidth: 1080, DeviceWidth: 2400
08:40:47.129 [ INFO] maestro.orchestra.Orchestra.scrollUntilVisible: Element bounds: Bounds(x=32, y=1504, width=1017, height=361)
08:40:47.129 [ INFO] maestro.orchestra.Orchestra.scrollUntilVisible: Visibility Percent: 1.0
08:40:47.129 [ INFO] maestro.orchestra.Orchestra.scrollUntilVisible: Command centerElement: ScrollUntilVisibleCommand(selector=ElementSelector(textRegex=null, idRegex=analysis-ready, size=null, below=null, above=null, leftOf=null, rightOf=null, containsChild=null, containsDescendants=null, traits=null, index=null, enabled=null, optional=false, selected=null, checked=null, focused=null, childOf=null, css=null), direction=DOWN, scrollDuration=601, visibilityPercentage=100, timeout=180000, waitToSettleTimeoutMs=null, centerElement=false, originalSpeedValue=40, label=null, optional=false).centerElement
08:40:47.130 [ INFO] maestro.orchestra.Orchestra.scrollUntilVisible: visibilityPercentageNormalized: 1.0
08:40:47.130 [ INFO] maestro.cli.runner.CliConsoleListener.onCommandFinished: Scrolling DOWN until id: analysis-ready is visible with speed 40, visibility percentage 100%, timeout 180000 ms, with centering disabled COMPLETED
08:40:47.130 [ INFO] maestro.cli.runner.CliConsoleListener.onCommandStart: Take screenshot 17-kiou-analysis RUNNING
08:40:47.133 [ INFO] maestro.Maestro.takeScreenshot: Taking screenshot
08:40:47.134 [TRACE] maestro.utils.ScreenshotUtils.takeScreenshot: Taking screenshot to output sink
08:40:47.669 [ INFO] maestro.cli.runner.CliConsoleListener.onCommandFinished: Take screenshot 17-kiou-analysis COMPLETED
08:40:47.670 [ INFO] maestro.cli.runner.CliConsoleListener.onCommandStart: Stop com.meeshogi.app RUNNING
08:40:47.674 [ INFO] maestro.Maestro.stopApp$lambda$6: Stopping app com.meeshogi.app
08:40:47.831 [ INFO] maestro.cli.runner.CliConsoleListener.onCommandFinished: Stop com.meeshogi.app COMPLETED
08:40:47.831 [ INFO] maestro.cli.runner.CliConsoleListener.onCommandStart: Launch app "com.meeshogi.app" RUNNING
08:40:48.867 [ INFO] maestro.Maestro.launchApp$lambda$5: Launching app com.meeshogi.app
08:40:48.867 [ INFO] maestro.Maestro.launchApp$lambda$5: Stopping com.meeshogi.app app during launch
08:40:48.934 [ INFO] maestro.cli.runner.CliConsoleListener.onCommandFinished: Launch app "com.meeshogi.app" COMPLETED
08:40:48.935 [ INFO] maestro.cli.runner.CliConsoleListener.onCommandStart: Assert that id: library-screen is visible RUNNING
08:40:53.031 [ INFO] maestro.cli.runner.CliConsoleListener.onCommandFinished: Assert that id: library-screen is visible COMPLETED
08:40:53.032 [ INFO] maestro.cli.runner.CliConsoleListener.onCommandStart: Tap on "戦績.*" RUNNING
08:40:53.451 [ INFO] maestro.Maestro.tap-HgV9Ck0: Tapping on element:  UiElement(treeNode=TreeNode(attributes={text=戦績, accessibilityText=, hintText=, ignoreBoundsFiltering=false, resource-id=, clickable=false, bounds=[511,2293][569,2336], enabled=true, focused=false, checked=false, scrollable=false, selected=false, class=android.widget.TextView, important-for-accessibility=true, error=}, children=[], clickable=false, enabled=true, focused=false, checked=false, selected=false), bounds=Bounds(x=511, y=2293, width=58, height=43))
08:40:54.763 [ INFO] maestro.Maestro.tap-HgV9Ck0: Tap aimed via settled hierarchy
08:40:54.764 [ INFO] maestro.Maestro.hierarchyBasedTap-ogj28Uc: Tapping at (540, 2314) using hierarchy based logic for wait
08:40:55.894 [ INFO] maestro.Maestro.hierarchyBasedTap-ogj28Uc: Something has changed in the UI judging by view hierarchy. Proceed.
08:40:55.895 [ INFO] maestro.cli.runner.CliConsoleListener.onCommandFinished: Tap on "戦績.*" COMPLETED
08:40:55.895 [ INFO] maestro.cli.runner.CliConsoleListener.onCommandStart: Assert that id: statistics-screen is visible RUNNING
08:40:56.023 [ INFO] maestro.cli.runner.CliConsoleListener.onCommandFinished: Assert that id: statistics-screen is visible COMPLETED
08:40:56.023 [ INFO] maestro.cli.runner.CliConsoleListener.onCommandStart: Tap on "全期間" RUNNING
08:40:56.168 [ INFO] maestro.Maestro.tap-HgV9Ck0: Tapping on element:  UiElement(treeNode=TreeNode(attributes={text=全期間, accessibilityText=, hintText=, ignoreBoundsFiltering=false, resource-id=, clickable=false, bounds=[805,474][925,533], enabled=true, focused=false, checked=false, scrollable=false, selected=false, class=android.widget.TextView, important-for-accessibility=true, error=}, children=[], clickable=false, enabled=true, focused=false, checked=false, selected=false), bounds=Bounds(x=805, y=474, width=120, height=59))
08:40:57.469 [ INFO] maestro.Maestro.tap-HgV9Ck0: Tap aimed via settled hierarchy
08:40:57.470 [ INFO] maestro.Maestro.hierarchyBasedTap-ogj28Uc: Tapping at (865, 503) using hierarchy based logic for wait
08:40:58.729 [ INFO] maestro.Maestro.hierarchyBasedTap-ogj28Uc: Something has changed in the UI judging by view hierarchy. Proceed.
08:40:58.729 [ INFO] maestro.cli.runner.CliConsoleListener.onCommandFinished: Tap on "全期間" COMPLETED
08:40:58.729 [ INFO] maestro.cli.runner.CliConsoleListener.onCommandStart: Assert that ".*2局.*2勝 0敗.*" is visible RUNNING
08:40:58.865 [ INFO] maestro.cli.runner.CliConsoleListener.onCommandFinished: Assert that ".*2局.*2勝 0敗.*" is visible COMPLETED
08:40:58.865 [ INFO] maestro.cli.runner.CliConsoleListener.onCommandStart: Take screenshot 18-two-games-statistics RUNNING
08:40:58.866 [ INFO] maestro.Maestro.takeScreenshot: Taking screenshot
08:40:58.866 [TRACE] maestro.utils.ScreenshotUtils.takeScreenshot: Taking screenshot to output sink
08:40:58.999 [ INFO] maestro.cli.runner.CliConsoleListener.onCommandFinished: Take screenshot 18-two-games-statistics COMPLETED
08:40:58.999 [ INFO] maestro.cli.runner.CliConsoleListener.onCommandStart: Tap on "棋譜.*" RUNNING
08:40:59.138 [ INFO] maestro.Maestro.tap-HgV9Ck0: Tapping on element:  UiElement(treeNode=TreeNode(attributes={text=棋譜, accessibilityText=, hintText=, ignoreBoundsFiltering=false, resource-id=, clickable=false, bounds=[151,2293][209,2336], enabled=true, focused=false, checked=false, scrollable=false, selected=false, class=android.widget.TextView, important-for-accessibility=true, error=}, children=[], clickable=false, enabled=true, focused=false, checked=false, selected=false), bounds=Bounds(x=151, y=2293, width=58, height=43))
08:41:00.344 [ INFO] maestro.Maestro.tap-HgV9Ck0: Tap aimed via settled hierarchy
08:41:00.346 [ INFO] maestro.Maestro.hierarchyBasedTap-ogj28Uc: Tapping at (180, 2314) using hierarchy based logic for wait
08:41:01.468 [ INFO] maestro.Maestro.hierarchyBasedTap-ogj28Uc: Something has changed in the UI judging by view hierarchy. Proceed.
08:41:01.469 [ INFO] maestro.cli.runner.CliConsoleListener.onCommandFinished: Tap on "棋譜.*" COMPLETED
08:41:01.469 [ INFO] maestro.cli.runner.CliConsoleListener.onCommandStart: Tap on id: import-button RUNNING
08:41:01.603 [ INFO] maestro.Maestro.tap-HgV9Ck0: Tapping on element:  UiElement(treeNode=TreeNode(attributes={text=, accessibilityText=棋譜を追加, hintText=, ignoreBoundsFiltering=false, resource-id=import-button, clickable=true, bounds=[903,280][1029,406], enabled=true, focused=false, checked=false, scrollable=false, selected=false, class=android.widget.Button, important-for-accessibility=true, error=}, children=[TreeNode(attributes={text=, accessibilityText=, hintText=, ignoreBoundsFiltering=false, resource-id=, clickable=false, bounds=[936,313][997,374], enabled=true, focused=false, checked=false, scrollable=false, selected=false, class=android.widget.TextView, important-for-accessibility=true, error=}, children=[], clickable=false, enabled=true, focused=false, checked=false, selected=false)], clickable=true, enabled=true, focused=false, checked=false, selected=false), bounds=Bounds(x=903, y=280, width=126, height=126))
08:41:02.896 [ INFO] maestro.Maestro.tap-HgV9Ck0: Tap aimed via settled hierarchy
08:41:02.897 [ INFO] maestro.Maestro.hierarchyBasedTap-ogj28Uc: Tapping at (966, 343) using hierarchy based logic for wait
08:41:04.202 [ INFO] maestro.Maestro.hierarchyBasedTap-ogj28Uc: Something has changed in the UI judging by view hierarchy. Proceed.
08:41:04.202 [ INFO] maestro.cli.runner.CliConsoleListener.onCommandFinished: Tap on id: import-button COMPLETED
08:41:04.203 [ INFO] maestro.cli.runner.CliConsoleListener.onCommandStart: Run subflows/pick-kif.yaml RUNNING
08:41:04.203 [ INFO] maestro.cli.runner.CliConsoleListener.onCommandStart: Define variables RUNNING
08:41:04.204 [ INFO] maestro.cli.runner.CliConsoleListener.onCommandFinished: Define variables COMPLETED
08:41:04.204 [ INFO] maestro.cli.runner.CliConsoleListener.onCommandStart: Apply configuration RUNNING
08:41:04.204 [ INFO] maestro.cli.runner.CliConsoleListener.onCommandFinished: Apply configuration COMPLETED
08:41:04.204 [ INFO] maestro.cli.runner.CliConsoleListener.onCommandStart: Tap on "ファイル" RUNNING
08:41:04.331 [ INFO] maestro.Maestro.tap-HgV9Ck0: Tapping on element:  UiElement(treeNode=TreeNode(attributes={text=ファイル, accessibilityText=, hintText=, ignoreBoundsFiltering=false, resource-id=, clickable=false, bounds=[704,330][864,389], enabled=true, focused=false, checked=false, scrollable=false, selected=false, class=android.widget.TextView, important-for-accessibility=true, error=}, children=[], clickable=false, enabled=true, focused=false, checked=false, selected=false), bounds=Bounds(x=704, y=330, width=160, height=59))
08:41:05.689 [ INFO] maestro.Maestro.tap-HgV9Ck0: Tap aimed via settled hierarchy
08:41:05.690 [ INFO] maestro.Maestro.hierarchyBasedTap-ogj28Uc: Tapping at (784, 359) using hierarchy based logic for wait
08:41:06.881 [ INFO] maestro.Maestro.hierarchyBasedTap-ogj28Uc: Something has changed in the UI judging by view hierarchy. Proceed.
08:41:06.881 [ INFO] maestro.cli.runner.CliConsoleListener.onCommandFinished: Tap on "ファイル" COMPLETED
08:41:06.881 [ INFO] maestro.cli.runner.CliConsoleListener.onCommandStart: Tap on id: import-file RUNNING
08:41:07.009 [ INFO] maestro.Maestro.tap-HgV9Ck0: Tapping on element:  UiElement(treeNode=TreeNode(attributes={text=, accessibilityText=, ファイルを選ぶ, hintText=, ignoreBoundsFiltering=false, resource-id=import-file, clickable=true, bounds=[608,1032][993,1158], enabled=true, focused=false, checked=false, scrollable=false, selected=false, class=android.widget.Button, important-for-accessibility=true, error=}, children=[TreeNode(attributes={text=, accessibilityText=, hintText=, ignoreBoundsFiltering=false, resource-id=, clickable=false, bounds=[608,1070][659,1121], enabled=true, focused=false, checked=false, scrollable=false, selected=false, class=android.widget.TextView, important-for-accessibility=true, error=}, children=[], clickable=false, enabled=true, focused=false, checked=false, selected=false), TreeNode(attributes={text=ファイルを選ぶ, accessibilityText=, hintText=, ignoreBoundsFiltering=false, resource-id=, clickable=false, bounds=[678,1062][993,1128], enabled=true, focused=false, checked=false, scrollable=false, selected=false, class=android.widget.TextView, important-for-accessibility=true, error=}, children=[], clickable=false, enabled=true, focused=false, checked=false, selected=false)], clickable=true, enabled=true, focused=false, checked=false, selected=false), bounds=Bounds(x=608, y=1032, width=385, height=126))
08:41:08.226 [ INFO] maestro.Maestro.tap-HgV9Ck0: Tap aimed via settled hierarchy
08:41:08.227 [ INFO] maestro.Maestro.hierarchyBasedTap-ogj28Uc: Tapping at (800, 1095) using hierarchy based logic for wait
08:41:10.730 [ INFO] maestro.Maestro.hierarchyBasedTap-ogj28Uc: Something has changed in the UI judging by view hierarchy. Proceed.
08:41:10.730 [ INFO] maestro.cli.runner.CliConsoleListener.onCommandFinished: Tap on id: import-file COMPLETED
08:41:10.730 [ INFO] maestro.cli.runner.CliConsoleListener.onCommandStart: Run flow when Platform is ANDROID RUNNING
08:41:10.731 [ INFO] maestro.cli.runner.CliConsoleListener.onCommandStart: Tap on "Show roots|ルートを表示.*" RUNNING
08:41:10.836 [ INFO] maestro.Maestro.tap-HgV9Ck0: Tapping on element:  UiElement(treeNode=TreeNode(attributes={text=, accessibilityText=Show roots, hintText=, ignoreBoundsFiltering=false, resource-id=, clickable=true, bounds=[0,136][147,262], enabled=true, focused=false, checked=false, scrollable=false, selected=false, class=android.widget.ImageButton, important-for-accessibility=true, error=}, children=[], clickable=true, enabled=true, focused=false, checked=false, selected=false), bounds=Bounds(x=0, y=136, width=147, height=126))
08:41:11.683 [ INFO] maestro.Maestro.tap-HgV9Ck0: Tap aimed via settled hierarchy
08:41:11.684 [ INFO] maestro.Maestro.hierarchyBasedTap-ogj28Uc: Tapping at (73, 199) using hierarchy based logic for wait
08:41:13.891 [ INFO] maestro.Maestro.hierarchyBasedTap-ogj28Uc: Something has changed in the UI judging by view hierarchy. Proceed.
08:41:13.891 [ INFO] maestro.cli.runner.CliConsoleListener.onCommandFinished: Tap on "Show roots|ルートを表示.*" COMPLETED
08:41:13.892 [ INFO] maestro.cli.runner.CliConsoleListener.onCommandStart: Tap on "Downloads|ダウンロード", id: android:id/title RUNNING
08:41:13.988 [ INFO] maestro.Maestro.tap-HgV9Ck0: Tapping on element:  UiElement(treeNode=TreeNode(attributes={text=Downloads, accessibilityText=, hintText=, ignoreBoundsFiltering=false, resource-id=android:id/title, clickable=false, bounds=[168,625][714,676], enabled=true, focused=false, checked=false, scrollable=false, selected=false, class=android.widget.TextView, important-for-accessibility=true, error=}, children=[], clickable=false, enabled=true, focused=false, checked=false, selected=false), bounds=Bounds(x=168, y=625, width=546, height=51))
08:41:14.880 [ INFO] maestro.Maestro.tap-HgV9Ck0: Tap aimed via settled hierarchy
08:41:14.881 [ INFO] maestro.Maestro.hierarchyBasedTap-ogj28Uc: Tapping at (441, 650) using hierarchy based logic for wait
08:41:16.124 [ INFO] maestro.Maestro.hierarchyBasedTap-ogj28Uc: Something has changed in the UI judging by view hierarchy. Proceed.
08:41:16.124 [ INFO] maestro.cli.runner.CliConsoleListener.onCommandFinished: Tap on "Downloads|ダウンロード", id: android:id/title COMPLETED
08:41:16.124 [ INFO] maestro.cli.runner.CliConsoleListener.onCommandFinished: Run flow when Platform is ANDROID COMPLETED
08:41:16.124 [ INFO] maestro.cli.runner.CliConsoleListener.onCommandStart: Run flow when Platform is IOS RUNNING
08:41:16.124 [ INFO] maestro.orchestra.Orchestra.executeSubflowCommands: [Command execution subflow] CommandSkipped: null
08:41:16.124 [ INFO] maestro.cli.runner.CliConsoleListener.onCommandFinished: Run flow when Platform is IOS SKIPPED
08:41:16.124 [ INFO] maestro.cli.runner.CliConsoleListener.onCommandStart: Tap on "${KIF_FILE}" RUNNING
08:41:16.244 [ INFO] maestro.Maestro.tap-HgV9Ck0: Tapping on element:  UiElement(treeNode=TreeNode(attributes={text=kiou-shift-jis.kif, accessibilityText=, hintText=, ignoreBoundsFiltering=false, resource-id=android:id/title, clickable=false, bounds=[683,1169][933,1220], enabled=true, focused=false, checked=false, scrollable=false, selected=false, class=android.widget.TextView, important-for-accessibility=true, error=}, children=[], clickable=false, enabled=true, focused=false, checked=false, selected=false), bounds=Bounds(x=683, y=1169, width=250, height=51))
08:41:17.096 [ INFO] maestro.Maestro.tap-HgV9Ck0: Tap aimed via settled hierarchy
08:41:17.097 [ INFO] maestro.Maestro.hierarchyBasedTap-ogj28Uc: Tapping at (808, 1194) using hierarchy based logic for wait
08:41:19.550 [ INFO] maestro.Maestro.hierarchyBasedTap-ogj28Uc: Something has changed in the UI judging by view hierarchy. Proceed.
08:41:19.550 [ INFO] maestro.cli.runner.CliConsoleListener.onCommandFinished: Tap on "${KIF_FILE}" COMPLETED
08:41:19.552 [ INFO] maestro.cli.runner.CliConsoleListener.onCommandFinished: Run subflows/pick-kif.yaml COMPLETED
08:41:19.552 [ INFO] maestro.cli.runner.CliConsoleListener.onCommandStart: Assert that ".*77手の棋譜を読み取りました.*" is visible RUNNING
08:41:19.762 [ INFO] maestro.cli.runner.CliConsoleListener.onCommandFinished: Assert that ".*77手の棋譜を読み取りました.*" is visible COMPLETED
08:41:19.763 [ INFO] maestro.cli.runner.CliConsoleListener.onCommandStart: Swipe from (95%, 85%) to (95%, 30%) in 400 ms RUNNING
08:41:21.521 [ INFO] maestro.cli.runner.CliConsoleListener.onCommandFinished: Swipe from (95%, 85%) to (95%, 30%) in 400 ms COMPLETED
08:41:21.522 [ INFO] maestro.cli.runner.CliConsoleListener.onCommandStart: Scrolling DOWN until id: import-save is visible with speed 40, visibility percentage 100%, timeout 20000 ms, with centering disabled RUNNING
08:41:21.673 [ INFO] maestro.orchestra.Orchestra.scrollUntilVisible: Scrolling try count: 0, DeviceWidth: 1080, DeviceWidth: 2400
08:41:21.673 [ INFO] maestro.orchestra.Orchestra.scrollUntilVisible: Element bounds: Bounds(x=53, y=2172, width=975, height=135)
08:41:21.673 [ INFO] maestro.orchestra.Orchestra.scrollUntilVisible: Visibility Percent: 1.0
08:41:21.673 [ INFO] maestro.orchestra.Orchestra.scrollUntilVisible: Command centerElement: ScrollUntilVisibleCommand(selector=ElementSelector(textRegex=null, idRegex=import-save, size=null, below=null, above=null, leftOf=null, rightOf=null, containsChild=null, containsDescendants=null, traits=null, index=null, enabled=null, optional=false, selected=null, checked=null, focused=null, childOf=null, css=null), direction=DOWN, scrollDuration=601, visibilityPercentage=100, timeout=20000, waitToSettleTimeoutMs=null, centerElement=false, originalSpeedValue=40, label=null, optional=false).centerElement
08:41:21.674 [ INFO] maestro.orchestra.Orchestra.scrollUntilVisible: visibilityPercentageNormalized: 1.0
08:41:21.674 [ INFO] maestro.cli.runner.CliConsoleListener.onCommandFinished: Scrolling DOWN until id: import-save is visible with speed 40, visibility percentage 100%, timeout 20000 ms, with centering disabled COMPLETED
08:41:21.674 [ INFO] maestro.cli.runner.CliConsoleListener.onCommandStart: Tap on id: import-save RUNNING
08:41:21.775 [ INFO] maestro.Maestro.tap-HgV9Ck0: Tapping on element:  UiElement(treeNode=TreeNode(attributes={text=, accessibilityText=保存して検討する, hintText=, ignoreBoundsFiltering=false, resource-id=import-save, clickable=true, bounds=[53,2172][1028,2307], enabled=true, focused=false, checked=false, scrollable=false, selected=false, class=android.widget.Button, important-for-accessibility=true, error=}, children=[TreeNode(attributes={text=保存して検討する, accessibilityText=, hintText=, ignoreBoundsFiltering=false, resource-id=, clickable=false, bounds=[361,2206][720,2272], enabled=true, focused=false, checked=false, scrollable=false, selected=false, class=android.widget.TextView, important-for-accessibility=true, error=}, children=[], clickable=false, enabled=true, focused=false, checked=false, selected=false)], clickable=true, enabled=true, focused=false, checked=false, selected=false), bounds=Bounds(x=53, y=2172, width=975, height=135))
08:41:22.980 [ INFO] maestro.Maestro.tap-HgV9Ck0: Tap aimed via settled hierarchy
08:41:22.981 [ INFO] maestro.Maestro.hierarchyBasedTap-ogj28Uc: Tapping at (540, 2239) using hierarchy based logic for wait
08:41:23.859 [ INFO] maestro.Maestro.hierarchyBasedTap-ogj28Uc: Something has changed in the UI judging by view hierarchy. Proceed.
08:41:23.859 [ INFO] maestro.cli.runner.CliConsoleListener.onCommandFinished: Tap on id: import-save COMPLETED
08:41:23.859 [ INFO] maestro.cli.runner.CliConsoleListener.onCommandStart: Scrolling UP until ".*この棋譜は保存済みです.*" is visible with speed 40, visibility percentage 100%, timeout 20000 ms, with centering disabled RUNNING
08:41:24.006 [ INFO] maestro.orchestra.Orchestra.scrollUntilVisible: Scrolling try count: 0, DeviceWidth: 1080, DeviceWidth: 2400
08:41:24.006 [ INFO] maestro.orchestra.Orchestra.scrollUntilVisible: Element bounds: Bounds(x=161, y=814, width=836, height=53)
08:41:24.006 [ INFO] maestro.orchestra.Orchestra.scrollUntilVisible: Visibility Percent: 1.0
08:41:24.007 [ INFO] maestro.orchestra.Orchestra.scrollUntilVisible: Command centerElement: ScrollUntilVisibleCommand(selector=ElementSelector(textRegex=.*この棋譜は保存済みです.*, idRegex=null, size=null, below=null, above=null, leftOf=null, rightOf=null, containsChild=null, containsDescendants=null, traits=null, index=null, enabled=null, optional=false, selected=null, checked=null, focused=null, childOf=null, css=null), direction=UP, scrollDuration=601, visibilityPercentage=100, timeout=20000, waitToSettleTimeoutMs=null, centerElement=false, originalSpeedValue=40, label=null, optional=false).centerElement
08:41:24.007 [ INFO] maestro.orchestra.Orchestra.scrollUntilVisible: visibilityPercentageNormalized: 1.0
08:41:24.007 [ INFO] maestro.cli.runner.CliConsoleListener.onCommandFinished: Scrolling UP until ".*この棋譜は保存済みです.*" is visible with speed 40, visibility percentage 100%, timeout 20000 ms, with centering disabled COMPLETED
08:41:24.007 [ INFO] maestro.cli.runner.CliConsoleListener.onCommandStart: Take screenshot 19-duplicate-shift-jis RUNNING
08:41:24.008 [ INFO] maestro.Maestro.takeScreenshot: Taking screenshot
08:41:24.008 [TRACE] maestro.utils.ScreenshotUtils.takeScreenshot: Taking screenshot to output sink
08:41:24.230 [ INFO] maestro.cli.runner.CliConsoleListener.onCommandFinished: Take screenshot 19-duplicate-shift-jis COMPLETED
08:41:24.230 [ INFO] maestro.cli.runner.CliConsoleListener.onCommandStart: Tap on "保存済みの棋譜を開く" RUNNING
08:41:24.335 [ INFO] maestro.Maestro.tap-HgV9Ck0: Tapping on element:  UiElement(treeNode=TreeNode(attributes={text=保存済みの棋譜を開く, accessibilityText=, hintText=, ignoreBoundsFiltering=false, resource-id=, clickable=false, bounds=[316,986][766,1052], enabled=true, focused=false, checked=false, scrollable=false, selected=false, class=android.widget.TextView, important-for-accessibility=true, error=}, children=[], clickable=false, enabled=true, focused=false, checked=false, selected=false), bounds=Bounds(x=316, y=986, width=450, height=66))
08:41:25.555 [ INFO] maestro.Maestro.tap-HgV9Ck0: Tap aimed via settled hierarchy
08:41:25.556 [ INFO] maestro.Maestro.hierarchyBasedTap-ogj28Uc: Tapping at (541, 1019) using hierarchy based logic for wait
08:41:25.969 [ INFO] maestro.cli.runner.CliConsoleListener.onCommandFinished: Tap on "保存済みの棋譜を開く" COMPLETED
08:41:25.969 [ INFO] maestro.cli.runner.CliConsoleListener.onCommandStart: Assert that "0 / 77手" is visible RUNNING
08:41:27.274 [ INFO] maestro.cli.runner.CliConsoleListener.onCommandFinished: Assert that "0 / 77手" is visible COMPLETED
08:41:27.274 [ INFO] maestro.cli.runner.CliConsoleListener.onCommandStart: Stop com.meeshogi.app RUNNING
08:41:27.275 [ INFO] maestro.Maestro.stopApp$lambda$6: Stopping app com.meeshogi.app
08:41:27.312 [ INFO] maestro.cli.runner.CliConsoleListener.onCommandFinished: Stop com.meeshogi.app COMPLETED
08:41:27.312 [ INFO] maestro.cli.runner.CliConsoleListener.onCommandStart: Launch app "com.meeshogi.app" RUNNING
08:41:28.380 [ INFO] maestro.Maestro.launchApp$lambda$5: Launching app com.meeshogi.app
08:41:28.380 [ INFO] maestro.Maestro.launchApp$lambda$5: Stopping com.meeshogi.app app during launch
08:41:28.452 [ INFO] maestro.cli.runner.CliConsoleListener.onCommandFinished: Launch app "com.meeshogi.app" COMPLETED
08:41:28.452 [ INFO] maestro.cli.runner.CliConsoleListener.onCommandStart: Assert that id: library-screen is visible RUNNING
08:41:32.323 [ INFO] maestro.cli.runner.CliConsoleListener.onCommandFinished: Assert that id: library-screen is visible COMPLETED
08:41:32.323 [ INFO] maestro.cli.runner.CliConsoleListener.onCommandStart: Tap on "戦績.*" RUNNING
08:41:32.449 [ INFO] maestro.Maestro.tap-HgV9Ck0: Tapping on element:  UiElement(treeNode=TreeNode(attributes={text=戦績, accessibilityText=, hintText=, ignoreBoundsFiltering=false, resource-id=, clickable=false, bounds=[511,2293][569,2336], enabled=true, focused=false, checked=false, scrollable=false, selected=false, class=android.widget.TextView, important-for-accessibility=true, error=}, children=[], clickable=false, enabled=true, focused=false, checked=false, selected=false), bounds=Bounds(x=511, y=2293, width=58, height=43))
08:41:33.748 [ INFO] maestro.Maestro.tap-HgV9Ck0: Tap aimed via settled hierarchy
08:41:33.749 [ INFO] maestro.Maestro.hierarchyBasedTap-ogj28Uc: Tapping at (540, 2314) using hierarchy based logic for wait
08:41:34.984 [ INFO] maestro.Maestro.hierarchyBasedTap-ogj28Uc: Something has changed in the UI judging by view hierarchy. Proceed.
08:41:34.984 [ INFO] maestro.cli.runner.CliConsoleListener.onCommandFinished: Tap on "戦績.*" COMPLETED
08:41:34.984 [ INFO] maestro.cli.runner.CliConsoleListener.onCommandStart: Assert that id: statistics-screen is visible RUNNING
08:41:35.141 [ INFO] maestro.cli.runner.CliConsoleListener.onCommandFinished: Assert that id: statistics-screen is visible COMPLETED
08:41:35.142 [ INFO] maestro.cli.runner.CliConsoleListener.onCommandStart: Tap on "全期間" RUNNING
08:41:35.238 [ INFO] maestro.Maestro.tap-HgV9Ck0: Tapping on element:  UiElement(treeNode=TreeNode(attributes={text=全期間, accessibilityText=, hintText=, ignoreBoundsFiltering=false, resource-id=, clickable=false, bounds=[805,474][925,533], enabled=true, focused=false, checked=false, scrollable=false, selected=false, class=android.widget.TextView, important-for-accessibility=true, error=}, children=[], clickable=false, enabled=true, focused=false, checked=false, selected=false), bounds=Bounds(x=805, y=474, width=120, height=59))
08:41:36.599 [ INFO] maestro.Maestro.tap-HgV9Ck0: Tap aimed via settled hierarchy
08:41:36.600 [ INFO] maestro.Maestro.hierarchyBasedTap-ogj28Uc: Tapping at (865, 503) using hierarchy based logic for wait
08:41:37.863 [ INFO] maestro.Maestro.hierarchyBasedTap-ogj28Uc: Something has changed in the UI judging by view hierarchy. Proceed.
08:41:37.864 [ INFO] maestro.cli.runner.CliConsoleListener.onCommandFinished: Tap on "全期間" COMPLETED
08:41:37.864 [ INFO] maestro.cli.runner.CliConsoleListener.onCommandStart: Assert that ".*2局.*2勝 0敗.*" is visible RUNNING
08:41:38.010 [ INFO] maestro.cli.runner.CliConsoleListener.onCommandFinished: Assert that ".*2局.*2勝 0敗.*" is visible COMPLETED
