08:53:52.762 [ INFO] maestro.cli.runner.CliConsoleListener.onCommandStart: Define variables RUNNING
08:53:52.765 [ INFO] maestro.cli.runner.CliConsoleListener.onCommandFinished: Define variables COMPLETED
08:53:52.766 [ INFO] maestro.cli.runner.CliConsoleListener.onCommandStart: Apply configuration RUNNING
08:53:52.766 [ INFO] maestro.cli.runner.CliConsoleListener.onCommandFinished: Apply configuration COMPLETED
08:53:52.766 [ INFO] maestro.cli.runner.CliConsoleListener.onCommandStart: Launch app "com.meeshogi.app" RUNNING
08:53:53.242 [ INFO] maestro.Maestro.launchApp$lambda$5: Launching app com.meeshogi.app
08:53:53.242 [ INFO] maestro.Maestro.launchApp$lambda$5: Stopping com.meeshogi.app app during launch
08:53:53.383 [ INFO] maestro.cli.runner.CliConsoleListener.onCommandFinished: Launch app "com.meeshogi.app" COMPLETED
08:53:53.383 [ INFO] maestro.cli.runner.CliConsoleListener.onCommandStart: Assert that id: library-screen is visible RUNNING
08:53:56.883 [ INFO] maestro.cli.runner.CliConsoleListener.onCommandFinished: Assert that id: library-screen is visible COMPLETED
08:53:56.884 [ INFO] maestro.cli.runner.CliConsoleListener.onCommandStart: Assert that ".*KeroPona.*" is visible RUNNING
08:53:56.994 [ INFO] maestro.cli.runner.CliConsoleListener.onCommandFinished: Assert that ".*KeroPona.*" is visible COMPLETED
08:53:56.995 [ INFO] maestro.cli.runner.CliConsoleListener.onCommandStart: Assert that id: library-screen is visible RUNNING
08:53:57.108 [ INFO] maestro.cli.runner.CliConsoleListener.onCommandFinished: Assert that id: library-screen is visible COMPLETED
08:53:57.109 [ INFO] maestro.cli.runner.CliConsoleListener.onCommandStart: Assert that ".*KeroPona.*" is visible RUNNING
08:53:57.224 [ INFO] maestro.cli.runner.CliConsoleListener.onCommandFinished: Assert that ".*KeroPona.*" is visible COMPLETED
08:53:57.225 [ INFO] maestro.cli.runner.CliConsoleListener.onCommandStart: Take screenshot 38-large-library RUNNING
08:53:57.226 [ INFO] maestro.Maestro.takeScreenshot: Taking screenshot
08:53:57.228 [TRACE] maestro.utils.ScreenshotUtils.takeScreenshot: Taking screenshot to output sink
08:53:57.486 [ INFO] maestro.cli.runner.CliConsoleListener.onCommandFinished: Take screenshot 38-large-library COMPLETED
08:53:57.487 [ INFO] maestro.cli.runner.CliConsoleListener.onCommandStart: Tap on ".*KeroPona.*" RUNNING
08:53:57.870 [ INFO] maestro.Maestro.tap-HgV9Ck0: Tapping on element:  UiElement(treeNode=TreeNode(attributes={text=KeroPona との対局, accessibilityText=, hintText=, ignoreBoundsFiltering=false, resource-id=, clickable=false, bounds=[96,721][708,792], enabled=true, focused=false, checked=false, scrollable=false, selected=false, class=android.widget.TextView, important-for-accessibility=true, error=}, children=[], clickable=false, enabled=true, focused=false, checked=false, selected=false), bounds=Bounds(x=96, y=721, width=612, height=71))
08:53:59.076 [ INFO] maestro.Maestro.tap-HgV9Ck0: Tap aimed via settled hierarchy
08:53:59.079 [ INFO] maestro.Maestro.hierarchyBasedTap-ogj28Uc: Tapping at (402, 756) using hierarchy based logic for wait
08:53:59.441 [ INFO] maestro.cli.runner.CliConsoleListener.onCommandFinished: Tap on ".*KeroPona.*" COMPLETED
08:53:59.441 [ INFO] maestro.cli.runner.CliConsoleListener.onCommandStart: Assert that id: game-screen is visible RUNNING
08:54:00.703 [ INFO] maestro.cli.runner.CliConsoleListener.onCommandFinished: Assert that id: game-screen is visible COMPLETED
08:54:00.703 [ INFO] maestro.cli.runner.CliConsoleListener.onCommandStart: Take screenshot 39-large-game RUNNING
08:54:00.704 [ INFO] maestro.Maestro.takeScreenshot: Taking screenshot
08:54:00.704 [TRACE] maestro.utils.ScreenshotUtils.takeScreenshot: Taking screenshot to output sink
08:54:00.869 [ INFO] maestro.cli.runner.CliConsoleListener.onCommandFinished: Take screenshot 39-large-game COMPLETED
08:54:00.870 [ INFO] maestro.cli.runner.CliConsoleListener.onCommandStart: Scrolling DOWN until id: analysis-status is visible with speed 40, visibility percentage 100%, timeout 20000 ms, with centering disabled RUNNING
08:54:02.014 [ WARN] maestro.orchestra.Orchestra.scrollUntilVisible: Error: maestro.MaestroException$ElementNotFound: Element not found: Id matching regex: analysis-status
08:54:02.053 [ INFO] maestro.Maestro.swipeFromCenter: Swiping UP from center
08:54:04.064 [ INFO] maestro.orchestra.Orchestra.scrollUntilVisible: Scrolling try count: 0, DeviceWidth: 1080, DeviceWidth: 2400
08:54:04.064 [ INFO] maestro.orchestra.Orchestra.scrollUntilVisible: Element bounds: Bounds(x=32, y=1920, width=1017, height=62)
08:54:04.065 [ INFO] maestro.orchestra.Orchestra.scrollUntilVisible: Visibility Percent: 1.0
08:54:04.074 [ INFO] maestro.orchestra.Orchestra.scrollUntilVisible: Command centerElement: ScrollUntilVisibleCommand(selector=ElementSelector(textRegex=null, idRegex=analysis-status, size=null, below=null, above=null, leftOf=null, rightOf=null, containsChild=null, containsDescendants=null, traits=null, index=null, enabled=null, optional=false, selected=null, checked=null, focused=null, childOf=null, css=null), direction=DOWN, scrollDuration=601, visibilityPercentage=100, timeout=20000, waitToSettleTimeoutMs=null, centerElement=false, originalSpeedValue=40, label=null, optional=false).centerElement
08:54:04.074 [ INFO] maestro.orchestra.Orchestra.scrollUntilVisible: visibilityPercentageNormalized: 1.0
08:54:04.074 [ INFO] maestro.cli.runner.CliConsoleListener.onCommandFinished: Scrolling DOWN until id: analysis-status is visible with speed 40, visibility percentage 100%, timeout 20000 ms, with centering disabled COMPLETED
08:54:04.074 [ INFO] maestro.cli.runner.CliConsoleListener.onCommandStart: Take screenshot 40-large-analysis RUNNING
08:54:04.075 [ INFO] maestro.Maestro.takeScreenshot: Taking screenshot
08:54:04.075 [TRACE] maestro.utils.ScreenshotUtils.takeScreenshot: Taking screenshot to output sink
08:54:04.223 [ INFO] maestro.cli.runner.CliConsoleListener.onCommandFinished: Take screenshot 40-large-analysis COMPLETED
08:54:04.224 [ INFO] maestro.cli.runner.CliConsoleListener.onCommandStart: Tap on "棋譜の操作" RUNNING
08:54:04.434 [ INFO] maestro.Maestro.tap-HgV9Ck0: Tapping on element:  UiElement(treeNode=TreeNode(attributes={text=, accessibilityText=棋譜の操作, hintText=, ignoreBoundsFiltering=false, resource-id=, clickable=true, bounds=[923,151][1038,267], enabled=true, focused=false, checked=false, scrollable=false, selected=false, class=android.widget.Button, important-for-accessibility=true, error=}, children=[TreeNode(attributes={text=, accessibilityText=, hintText=, ignoreBoundsFiltering=false, resource-id=, clickable=false, bounds=[951,179][1012,236], enabled=true, focused=false, checked=false, scrollable=false, selected=false, class=android.widget.TextView, important-for-accessibility=true, error=}, children=[], clickable=false, enabled=true, focused=false, checked=false, selected=false)], clickable=true, enabled=true, focused=false, checked=false, selected=false), bounds=Bounds(x=923, y=151, width=115, height=116))
08:54:05.740 [ INFO] maestro.Maestro.tap-HgV9Ck0: Tap aimed via settled hierarchy
08:54:05.741 [ INFO] maestro.Maestro.hierarchyBasedTap-ogj28Uc: Tapping at (980, 209) using hierarchy based logic for wait
08:54:07.112 [ INFO] maestro.Maestro.hierarchyBasedTap-ogj28Uc: Something has changed in the UI judging by view hierarchy. Proceed.
08:54:07.112 [ INFO] maestro.cli.runner.CliConsoleListener.onCommandFinished: Tap on "棋譜の操作" COMPLETED
08:54:07.112 [ INFO] maestro.cli.runner.CliConsoleListener.onCommandStart: Tap on "対局情報を確認・修正" RUNNING
08:54:07.172 [ INFO] maestro.Maestro.tap-HgV9Ck0: Tapping on element:  UiElement(treeNode=TreeNode(attributes={text=対局情報を確認・修正, accessibilityText=, hintText=, ignoreBoundsFiltering=false, resource-id=, clickable=false, bounds=[42,1993][582,2072], enabled=true, focused=false, checked=false, scrollable=false, selected=false, class=android.widget.TextView, important-for-accessibility=true, error=}, children=[], clickable=false, enabled=true, focused=false, checked=false, selected=false), bounds=Bounds(x=42, y=1993, width=540, height=79))
08:54:08.496 [ INFO] maestro.Maestro.tap-HgV9Ck0: Tap aimed via settled hierarchy
08:54:08.496 [ INFO] maestro.Maestro.hierarchyBasedTap-ogj28Uc: Tapping at (312, 2032) using hierarchy based logic for wait
08:54:10.145 [ INFO] maestro.Maestro.hierarchyBasedTap-ogj28Uc: Something has changed in the UI judging by view hierarchy. Proceed.
08:54:10.145 [ INFO] maestro.cli.runner.CliConsoleListener.onCommandFinished: Tap on "対局情報を確認・修正" COMPLETED
08:54:10.145 [ INFO] maestro.cli.runner.CliConsoleListener.onCommandStart: Scrolling DOWN until "後手の戦型" is visible with speed 40, visibility percentage 100%, timeout 20000 ms, with centering disabled RUNNING
08:54:10.914 [ WARN] maestro.orchestra.Orchestra.scrollUntilVisible: Error: maestro.MaestroException$ElementNotFound: Element not found: Text matching regex: 後手の戦型
08:54:10.925 [ INFO] maestro.Maestro.swipeFromCenter: Swiping UP from center
08:54:12.937 [ INFO] maestro.orchestra.Orchestra.scrollUntilVisible: Scrolling try count: 0, DeviceWidth: 1080, DeviceWidth: 2400
08:54:12.937 [ INFO] maestro.orchestra.Orchestra.scrollUntilVisible: Element bounds: Bounds(x=96, y=1739, width=811, height=71)
08:54:12.937 [ INFO] maestro.orchestra.Orchestra.scrollUntilVisible: Visibility Percent: 1.0
08:54:12.938 [ INFO] maestro.orchestra.Orchestra.scrollUntilVisible: Command centerElement: ScrollUntilVisibleCommand(selector=ElementSelector(textRegex=後手の戦型, idRegex=null, size=null, below=null, above=null, leftOf=null, rightOf=null, containsChild=null, containsDescendants=null, traits=null, index=null, enabled=null, optional=false, selected=null, checked=null, focused=null, childOf=null, css=null), direction=DOWN, scrollDuration=601, visibilityPercentage=100, timeout=20000, waitToSettleTimeoutMs=null, centerElement=false, originalSpeedValue=40, label=null, optional=false).centerElement
08:54:12.938 [ INFO] maestro.orchestra.Orchestra.scrollUntilVisible: visibilityPercentageNormalized: 1.0
08:54:12.938 [ INFO] maestro.cli.runner.CliConsoleListener.onCommandFinished: Scrolling DOWN until "後手の戦型" is visible with speed 40, visibility percentage 100%, timeout 20000 ms, with centering disabled COMPLETED
08:54:12.938 [ INFO] maestro.cli.runner.CliConsoleListener.onCommandStart: Take screenshot 41-large-game-info RUNNING
08:54:12.938 [ INFO] maestro.Maestro.takeScreenshot: Taking screenshot
08:54:12.939 [TRACE] maestro.utils.ScreenshotUtils.takeScreenshot: Taking screenshot to output sink
08:54:13.077 [ INFO] maestro.cli.runner.CliConsoleListener.onCommandFinished: Take screenshot 41-large-game-info COMPLETED
08:54:13.077 [ INFO] maestro.cli.runner.CliConsoleListener.onCommandStart: Stop com.meeshogi.app RUNNING
08:54:13.078 [ INFO] maestro.Maestro.stopApp$lambda$6: Stopping app com.meeshogi.app
08:54:13.113 [ INFO] maestro.cli.runner.CliConsoleListener.onCommandFinished: Stop com.meeshogi.app COMPLETED
08:54:13.113 [ INFO] maestro.cli.runner.CliConsoleListener.onCommandStart: Launch app "com.meeshogi.app" RUNNING
08:54:13.987 [ INFO] maestro.Maestro.launchApp$lambda$5: Launching app com.meeshogi.app
08:54:13.988 [ INFO] maestro.Maestro.launchApp$lambda$5: Stopping com.meeshogi.app app during launch
08:54:14.055 [ INFO] maestro.cli.runner.CliConsoleListener.onCommandFinished: Launch app "com.meeshogi.app" COMPLETED
08:54:14.055 [ INFO] maestro.cli.runner.CliConsoleListener.onCommandStart: Assert that id: library-screen is visible RUNNING
08:54:16.764 [ INFO] maestro.cli.runner.CliConsoleListener.onCommandFinished: Assert that id: library-screen is visible COMPLETED
08:54:16.767 [ INFO] maestro.cli.runner.CliConsoleListener.onCommandStart: Assert that ".*KeroPona.*" is visible RUNNING
08:54:17.211 [ INFO] maestro.cli.runner.CliConsoleListener.onCommandFinished: Assert that ".*KeroPona.*" is visible COMPLETED
08:54:17.212 [ INFO] maestro.cli.runner.CliConsoleListener.onCommandStart: Tap on "戦績.*" RUNNING
08:54:17.288 [ INFO] maestro.Maestro.tap-HgV9Ck0: Tapping on element:  UiElement(treeNode=TreeNode(attributes={text=戦績, accessibilityText=, hintText=, ignoreBoundsFiltering=false, resource-id=, clickable=false, bounds=[502,2274][578,2330], enabled=true, focused=false, checked=false, scrollable=false, selected=false, class=android.widget.TextView, important-for-accessibility=true, error=}, children=[], clickable=false, enabled=true, focused=false, checked=false, selected=false), bounds=Bounds(x=502, y=2274, width=76, height=56))
08:54:18.624 [ INFO] maestro.Maestro.tap-HgV9Ck0: Tap aimed via settled hierarchy
08:54:18.625 [ INFO] maestro.Maestro.hierarchyBasedTap-ogj28Uc: Tapping at (540, 2302) using hierarchy based logic for wait
08:54:19.764 [ INFO] maestro.Maestro.hierarchyBasedTap-ogj28Uc: Something has changed in the UI judging by view hierarchy. Proceed.
08:54:19.765 [ INFO] maestro.cli.runner.CliConsoleListener.onCommandFinished: Tap on "戦績.*" COMPLETED
08:54:19.765 [ INFO] maestro.cli.runner.CliConsoleListener.onCommandStart: Assert that id: statistics-screen is visible RUNNING
08:54:19.905 [ INFO] maestro.cli.runner.CliConsoleListener.onCommandFinished: Assert that id: statistics-screen is visible COMPLETED
08:54:19.905 [ INFO] maestro.cli.runner.CliConsoleListener.onCommandStart: Tap on "全期間" RUNNING
08:54:20.021 [ INFO] maestro.Maestro.tap-HgV9Ck0: Tapping on element:  UiElement(treeNode=TreeNode(attributes={text=全期間, accessibilityText=, hintText=, ignoreBoundsFiltering=false, resource-id=, clickable=false, bounds=[787,465][943,541], enabled=true, focused=false, checked=false, scrollable=false, selected=false, class=android.widget.TextView, important-for-accessibility=true, error=}, children=[], clickable=false, enabled=true, focused=false, checked=false, selected=false), bounds=Bounds(x=787, y=465, width=156, height=76))
08:54:21.346 [ INFO] maestro.Maestro.tap-HgV9Ck0: Tap aimed via settled hierarchy
08:54:21.347 [ INFO] maestro.Maestro.hierarchyBasedTap-ogj28Uc: Tapping at (865, 503) using hierarchy based logic for wait
08:54:22.542 [ INFO] maestro.Maestro.hierarchyBasedTap-ogj28Uc: Something has changed in the UI judging by view hierarchy. Proceed.
08:54:22.543 [ INFO] maestro.cli.runner.CliConsoleListener.onCommandFinished: Tap on "全期間" COMPLETED
08:54:22.543 [ INFO] maestro.cli.runner.CliConsoleListener.onCommandStart: Take screenshot 42-large-statistics RUNNING
08:54:22.543 [ INFO] maestro.Maestro.takeScreenshot: Taking screenshot
08:54:22.544 [TRACE] maestro.utils.ScreenshotUtils.takeScreenshot: Taking screenshot to output sink
08:54:22.724 [ INFO] maestro.cli.runner.CliConsoleListener.onCommandFinished: Take screenshot 42-large-statistics COMPLETED
08:54:22.724 [ INFO] maestro.cli.runner.CliConsoleListener.onCommandStart: Tap on "設定.*" RUNNING
08:54:22.851 [ INFO] maestro.Maestro.tap-HgV9Ck0: Tapping on element:  UiElement(treeNode=TreeNode(attributes={text=設定, accessibilityText=, hintText=, ignoreBoundsFiltering=false, resource-id=, clickable=false, bounds=[862,2274][938,2330], enabled=true, focused=false, checked=false, scrollable=false, selected=false, class=android.widget.TextView, important-for-accessibility=true, error=}, children=[], clickable=false, enabled=true, focused=false, checked=false, selected=false), bounds=Bounds(x=862, y=2274, width=76, height=56))
08:54:24.083 [ INFO] maestro.Maestro.tap-HgV9Ck0: Tap aimed via settled hierarchy
08:54:24.084 [ INFO] maestro.Maestro.hierarchyBasedTap-ogj28Uc: Tapping at (900, 2302) using hierarchy based logic for wait
08:54:25.386 [ INFO] maestro.Maestro.hierarchyBasedTap-ogj28Uc: Something has changed in the UI judging by view hierarchy. Proceed.
08:54:25.387 [ INFO] maestro.cli.runner.CliConsoleListener.onCommandFinished: Tap on "設定.*" COMPLETED
08:54:25.387 [ INFO] maestro.cli.runner.CliConsoleListener.onCommandStart: Take screenshot 43-large-settings RUNNING
08:54:25.387 [ INFO] maestro.Maestro.takeScreenshot: Taking screenshot
08:54:25.388 [TRACE] maestro.utils.ScreenshotUtils.takeScreenshot: Taking screenshot to output sink
08:54:25.491 [ INFO] maestro.cli.runner.CliConsoleListener.onCommandFinished: Take screenshot 43-large-settings COMPLETED
08:54:25.491 [ INFO] maestro.cli.runner.CliConsoleListener.onCommandStart: Tap on id: player-names-link RUNNING
08:54:25.609 [ INFO] maestro.Maestro.tap-HgV9Ck0: Tapping on element:  UiElement(treeNode=TreeNode(attributes={text=, accessibilityText=, 対局者名, asitaka_y ほか1件, , hintText=, ignoreBoundsFiltering=false, resource-id=player-names-link, clickable=true, bounds=[54,578][1027,783], enabled=true, focused=false, checked=false, scrollable=false, selected=false, class=android.widget.Button, important-for-accessibility=true, error=}, children=[TreeNode(attributes={text=, accessibilityText=, hintText=, ignoreBoundsFiltering=false, resource-id=, clickable=false, bounds=[96,650][157,707], enabled=true, focused=false, checked=false, scrollable=false, selected=false, class=android.widget.TextView, important-for-accessibility=true, error=}, children=[], clickable=false, enabled=true, focused=false, checked=false, selected=false), TreeNode(attributes={text=対局者名, accessibilityText=, hintText=, ignoreBoundsFiltering=false, resource-id=, clickable=false, bounds=[188,604][907,675], enabled=true, focused=false, checked=false, scrollable=false, selected=false, class=android.widget.TextView, important-for-accessibility=true, error=}, children=[], clickable=false, enabled=true, focused=false, checked=false, selected=false), TreeNode(attributes={text=asitaka_y ほか1件, accessibilityText=, hintText=, ignoreBoundsFiltering=false, resource-id=, clickable=false, bounds=[188,685][907,756], enabled=true, focused=false, checked=false, scrollable=false, selected=false, class=android.widget.TextView, important-for-accessibility=true, error=}, children=[], clickable=false, enabled=true, focused=false, checked=false, selected=false), TreeNode(attributes={text=, accessibilityText=, hintText=, ignoreBoundsFiltering=false, resource-id=, clickable=false, bounds=[938,657][986,705], enabled=true, focused=false, checked=false, scrollable=false, selected=false, class=android.widget.TextView, important-for-accessibility=true, error=}, children=[], clickable=false, enabled=true, focused=false, checked=false, selected=false)], clickable=true, enabled=true, focused=false, checked=false, selected=false), bounds=Bounds(x=54, y=578, width=973, height=205))
08:54:26.881 [ INFO] maestro.Maestro.tap-HgV9Ck0: Tap aimed via settled hierarchy
08:54:26.882 [ INFO] maestro.Maestro.hierarchyBasedTap-ogj28Uc: Tapping at (540, 680) using hierarchy based logic for wait
08:54:28.146 [ INFO] maestro.Maestro.hierarchyBasedTap-ogj28Uc: Something has changed in the UI judging by view hierarchy. Proceed.
08:54:28.146 [ INFO] maestro.cli.runner.CliConsoleListener.onCommandFinished: Tap on id: player-names-link COMPLETED
08:54:28.146 [ INFO] maestro.cli.runner.CliConsoleListener.onCommandStart: Take screenshot 44-large-names RUNNING
08:54:28.147 [ INFO] maestro.Maestro.takeScreenshot: Taking screenshot
08:54:28.147 [TRACE] maestro.utils.ScreenshotUtils.takeScreenshot: Taking screenshot to output sink
08:54:28.251 [ INFO] maestro.cli.runner.CliConsoleListener.onCommandFinished: Take screenshot 44-large-names COMPLETED
