08:41:45.508 [ INFO] maestro.cli.runner.CliConsoleListener.onCommandStart: Define variables RUNNING
08:41:45.512 [ INFO] maestro.cli.runner.CliConsoleListener.onCommandFinished: Define variables COMPLETED
08:41:45.513 [ INFO] maestro.cli.runner.CliConsoleListener.onCommandStart: Apply configuration RUNNING
08:41:45.513 [ INFO] maestro.cli.runner.CliConsoleListener.onCommandFinished: Apply configuration COMPLETED
08:41:45.513 [ INFO] maestro.cli.runner.CliConsoleListener.onCommandStart: Launch app "com.meeshogi.app" RUNNING
08:41:46.076 [ INFO] maestro.Maestro.launchApp$lambda$5: Launching app com.meeshogi.app
08:41:46.077 [ INFO] maestro.Maestro.launchApp$lambda$5: Stopping com.meeshogi.app app during launch
08:41:46.317 [ INFO] maestro.cli.runner.CliConsoleListener.onCommandFinished: Launch app "com.meeshogi.app" COMPLETED
08:41:46.318 [ INFO] maestro.cli.runner.CliConsoleListener.onCommandStart: Tap on "棋譜.*" RUNNING
08:41:48.893 [ INFO] maestro.Maestro.tap-HgV9Ck0: Tapping on element:  UiElement(treeNode=TreeNode(attributes={text=棋譜を読み込んでいます, accessibilityText=, hintText=, ignoreBoundsFiltering=false, resource-id=, clickable=false, bounds=[293,1214][786,1280], enabled=true, focused=false, checked=false, scrollable=false, selected=false, class=android.widget.TextView, important-for-accessibility=true, error=}, children=[], clickable=false, enabled=true, focused=false, checked=false, selected=false), bounds=Bounds(x=293, y=1214, width=493, height=66))
08:41:51.304 [ INFO] maestro.Maestro.tap-HgV9Ck0: Tap aimed via settled hierarchy
08:41:51.309 [ INFO] maestro.Maestro.hierarchyBasedTap-ogj28Uc: Tapping at (539, 1247) using hierarchy based logic for wait
08:41:52.222 [ INFO] maestro.cli.runner.CliConsoleListener.onCommandFinished: Tap on "棋譜.*" COMPLETED
08:41:52.223 [ INFO] maestro.cli.runner.CliConsoleListener.onCommandStart: Tap on ".*KeroPona.*" RUNNING
08:41:52.369 [ INFO] maestro.Maestro.tap-HgV9Ck0: Tapping on element:  UiElement(treeNode=TreeNode(attributes={text=KeroPona, accessibilityText=, hintText=, ignoreBoundsFiltering=false, resource-id=, clickable=false, bounds=[184,1181][381,1247], enabled=true, focused=false, checked=false, scrollable=false, selected=false, class=android.widget.TextView, important-for-accessibility=true, error=}, children=[], clickable=false, enabled=true, focused=false, checked=false, selected=false), bounds=Bounds(x=184, y=1181, width=197, height=66))
08:41:54.075 [ INFO] maestro.Maestro.tap-HgV9Ck0: Tap aimed via settled hierarchy
08:41:54.077 [ INFO] maestro.Maestro.hierarchyBasedTap-ogj28Uc: Tapping at (466, 345) using hierarchy based logic for wait
08:41:55.069 [ INFO] maestro.cli.runner.CliConsoleListener.onCommandFinished: Tap on ".*KeroPona.*" COMPLETED
08:41:55.070 [ INFO] maestro.cli.runner.CliConsoleListener.onCommandStart: Tap on "棋譜の操作" RUNNING
08:41:55.348 [ INFO] maestro.Maestro.tap-HgV9Ck0: Tapping on element:  UiElement(treeNode=TreeNode(attributes={text=, accessibilityText=棋譜の操作, hintText=, ignoreBoundsFiltering=false, resource-id=, clickable=true, bounds=[923,151][1038,267], enabled=true, focused=false, checked=false, scrollable=false, selected=false, class=android.widget.Button, important-for-accessibility=true, error=}, children=[TreeNode(attributes={text=, accessibilityText=, hintText=, ignoreBoundsFiltering=false, resource-id=, clickable=false, bounds=[951,179][1012,240], enabled=true, focused=false, checked=false, scrollable=false, selected=false, class=android.widget.TextView, important-for-accessibility=true, error=}, children=[], clickable=false, enabled=true, focused=false, checked=false, selected=false)], clickable=true, enabled=true, focused=false, checked=false, selected=false), bounds=Bounds(x=923, y=151, width=115, height=116))
08:41:56.712 [ INFO] maestro.Maestro.tap-HgV9Ck0: Tap aimed via settled hierarchy
08:41:56.714 [ INFO] maestro.Maestro.hierarchyBasedTap-ogj28Uc: Tapping at (980, 209) using hierarchy based logic for wait
08:41:57.766 [ INFO] maestro.Maestro.hierarchyBasedTap-ogj28Uc: Something has changed in the UI judging by view hierarchy. Proceed.
08:41:57.766 [ INFO] maestro.cli.runner.CliConsoleListener.onCommandFinished: Tap on "棋譜の操作" COMPLETED
08:41:57.766 [ INFO] maestro.cli.runner.CliConsoleListener.onCommandStart: Tap on "お気に入りに追加" RUNNING
08:41:57.835 [ INFO] maestro.Maestro.tap-HgV9Ck0: Tapping on element:  UiElement(treeNode=TreeNode(attributes={text=お気に入りに追加, accessibilityText=, hintText=, ignoreBoundsFiltering=false, resource-id=, clickable=false, bounds=[42,1707][378,1769], enabled=true, focused=false, checked=false, scrollable=false, selected=false, class=android.widget.TextView, important-for-accessibility=true, error=}, children=[], clickable=false, enabled=true, focused=false, checked=false, selected=false), bounds=Bounds(x=42, y=1707, width=336, height=62))
08:41:59.070 [ INFO] maestro.Maestro.tap-HgV9Ck0: Tap aimed via settled hierarchy
08:41:59.071 [ INFO] maestro.Maestro.hierarchyBasedTap-ogj28Uc: Tapping at (210, 1738) using hierarchy based logic for wait
08:42:00.125 [ INFO] maestro.Maestro.hierarchyBasedTap-ogj28Uc: Something has changed in the UI judging by view hierarchy. Proceed.
08:42:00.126 [ INFO] maestro.cli.runner.CliConsoleListener.onCommandFinished: Tap on "お気に入りに追加" COMPLETED
08:42:00.127 [ INFO] maestro.cli.runner.CliConsoleListener.onCommandStart: Stop com.meeshogi.app RUNNING
08:42:00.128 [ INFO] maestro.Maestro.stopApp$lambda$6: Stopping app com.meeshogi.app
08:42:00.167 [ INFO] maestro.cli.runner.CliConsoleListener.onCommandFinished: Stop com.meeshogi.app COMPLETED
08:42:00.167 [ INFO] maestro.cli.runner.CliConsoleListener.onCommandStart: Launch app "com.meeshogi.app" RUNNING
08:42:01.346 [ INFO] maestro.Maestro.launchApp$lambda$5: Launching app com.meeshogi.app
08:42:01.346 [ INFO] maestro.Maestro.launchApp$lambda$5: Stopping com.meeshogi.app app during launch
08:42:01.529 [ INFO] maestro.cli.runner.CliConsoleListener.onCommandFinished: Launch app "com.meeshogi.app" COMPLETED
08:42:01.529 [ INFO] maestro.cli.runner.CliConsoleListener.onCommandStart: Tap on "お気に入り" RUNNING
08:42:05.650 [ INFO] maestro.Maestro.tap-HgV9Ck0: Tapping on element:  UiElement(treeNode=TreeNode(attributes={text=お気に入り, accessibilityText=, hintText=, ignoreBoundsFiltering=false, resource-id=, clickable=false, bounds=[684,474][884,533], enabled=true, focused=false, checked=false, scrollable=false, selected=false, class=android.widget.TextView, important-for-accessibility=true, error=}, children=[], clickable=false, enabled=true, focused=false, checked=false, selected=false), bounds=Bounds(x=684, y=474, width=200, height=59))
08:42:06.863 [ INFO] maestro.Maestro.tap-HgV9Ck0: Tap aimed via settled hierarchy
08:42:06.865 [ INFO] maestro.Maestro.hierarchyBasedTap-ogj28Uc: Tapping at (784, 503) using hierarchy based logic for wait
08:42:08.065 [ INFO] maestro.Maestro.hierarchyBasedTap-ogj28Uc: Something has changed in the UI judging by view hierarchy. Proceed.
08:42:08.065 [ INFO] maestro.cli.runner.CliConsoleListener.onCommandFinished: Tap on "お気に入り" COMPLETED
08:42:08.066 [ INFO] maestro.cli.runner.CliConsoleListener.onCommandStart: Assert that ".*最近の対局.*1局.*" is visible RUNNING
08:42:25.290 [ERROR] maestro.orchestra.Orchestra.executeCommands: [Command execution] CommandFailed: Assertion is false: ".*最近の対局.*1局.*" is visible
08:42:25.559 [ INFO] maestro.Maestro.takeScreenshot: Taking screenshot
08:42:25.561 [TRACE] maestro.utils.ScreenshotUtils.takeScreenshot: Taking screenshot to output sink
08:42:25.824 [ INFO] maestro.cli.runner.CliConsoleListener.onCommandFinished: Assert that ".*最近の対局.*1局.*" is visible FAILED
