08:46:49.203 [ INFO] maestro.cli.runner.CliConsoleListener.onCommandStart: Define variables RUNNING
08:46:49.205 [ INFO] maestro.cli.runner.CliConsoleListener.onCommandFinished: Define variables COMPLETED
08:46:49.206 [ INFO] maestro.cli.runner.CliConsoleListener.onCommandStart: Apply configuration RUNNING
08:46:49.206 [ INFO] maestro.cli.runner.CliConsoleListener.onCommandFinished: Apply configuration COMPLETED
08:46:49.206 [ INFO] maestro.cli.runner.CliConsoleListener.onCommandStart: Launch app "com.meeshogi.app" RUNNING
08:46:49.743 [ INFO] maestro.Maestro.launchApp$lambda$5: Launching app com.meeshogi.app
08:46:49.743 [ INFO] maestro.Maestro.launchApp$lambda$5: Stopping com.meeshogi.app app during launch
08:46:49.876 [ INFO] maestro.cli.runner.CliConsoleListener.onCommandFinished: Launch app "com.meeshogi.app" COMPLETED
08:46:49.877 [ INFO] maestro.cli.runner.CliConsoleListener.onCommandStart: Tap on "棋譜.*" RUNNING
08:46:51.608 [ INFO] maestro.Maestro.tap-HgV9Ck0: Tapping on element:  UiElement(treeNode=TreeNode(attributes={text=棋譜を読み込んでいます, accessibilityText=, hintText=, ignoreBoundsFiltering=false, resource-id=, clickable=false, bounds=[293,1214][786,1280], enabled=true, focused=false, checked=false, scrollable=false, selected=false, class=android.widget.TextView, important-for-accessibility=true, error=}, children=[], clickable=false, enabled=true, focused=false, checked=false, selected=false), bounds=Bounds(x=293, y=1214, width=493, height=66))
08:46:53.171 [ INFO] maestro.Maestro.tap-HgV9Ck0: Tap aimed via settled hierarchy
08:46:53.176 [ INFO] maestro.Maestro.hierarchyBasedTap-ogj28Uc: Tapping at (539, 1247) using hierarchy based logic for wait
08:46:53.922 [ INFO] maestro.cli.runner.CliConsoleListener.onCommandFinished: Tap on "棋譜.*" COMPLETED
08:46:53.923 [ INFO] maestro.cli.runner.CliConsoleListener.onCommandStart: Tap on ".*KeroPona.*" RUNNING
08:46:54.002 [ INFO] maestro.Maestro.tap-HgV9Ck0: Tapping on element:  UiElement(treeNode=TreeNode(attributes={text=KeroPona との対局, accessibilityText=, hintText=, ignoreBoundsFiltering=false, resource-id=, clickable=false, bounds=[96,712][708,778], enabled=true, focused=false, checked=false, scrollable=false, selected=false, class=android.widget.TextView, important-for-accessibility=true, error=}, children=[], clickable=false, enabled=true, focused=false, checked=false, selected=false), bounds=Bounds(x=96, y=712, width=612, height=66))
08:46:55.707 [ INFO] maestro.Maestro.tap-HgV9Ck0: Tap aimed via settled hierarchy
08:46:55.708 [ INFO] maestro.Maestro.hierarchyBasedTap-ogj28Uc: Tapping at (402, 745) using hierarchy based logic for wait
08:46:56.798 [ INFO] maestro.Maestro.hierarchyBasedTap-ogj28Uc: Something has changed in the UI judging by view hierarchy. Proceed.
08:46:56.798 [ INFO] maestro.cli.runner.CliConsoleListener.onCommandFinished: Tap on ".*KeroPona.*" COMPLETED
08:46:56.798 [ INFO] maestro.cli.runner.CliConsoleListener.onCommandStart: Tap on "棋譜の操作" RUNNING
08:46:57.052 [ INFO] maestro.Maestro.tap-HgV9Ck0: Tapping on element:  UiElement(treeNode=TreeNode(attributes={text=, accessibilityText=棋譜の操作, hintText=, ignoreBoundsFiltering=false, resource-id=, clickable=true, bounds=[923,151][1038,267], enabled=true, focused=false, checked=false, scrollable=false, selected=false, class=android.widget.Button, important-for-accessibility=true, error=}, children=[TreeNode(attributes={text=, accessibilityText=, hintText=, ignoreBoundsFiltering=false, resource-id=, clickable=false, bounds=[951,179][1012,240], enabled=true, focused=false, checked=false, scrollable=false, selected=false, class=android.widget.TextView, important-for-accessibility=true, error=}, children=[], clickable=false, enabled=true, focused=false, checked=false, selected=false)], clickable=true, enabled=true, focused=false, checked=false, selected=false), bounds=Bounds(x=923, y=151, width=115, height=116))
08:46:58.424 [ INFO] maestro.Maestro.tap-HgV9Ck0: Tap aimed via settled hierarchy
08:46:58.426 [ INFO] maestro.Maestro.hierarchyBasedTap-ogj28Uc: Tapping at (980, 209) using hierarchy based logic for wait
08:46:59.729 [ INFO] maestro.Maestro.hierarchyBasedTap-ogj28Uc: Something has changed in the UI judging by view hierarchy. Proceed.
08:46:59.730 [ INFO] maestro.cli.runner.CliConsoleListener.onCommandFinished: Tap on "棋譜の操作" COMPLETED
08:46:59.730 [ INFO] maestro.cli.runner.CliConsoleListener.onCommandStart: Tap on "お気に入りに追加" RUNNING
08:46:59.794 [ INFO] maestro.Maestro.tap-HgV9Ck0: Tapping on element:  UiElement(treeNode=TreeNode(attributes={text=お気に入りに追加, accessibilityText=, hintText=, ignoreBoundsFiltering=false, resource-id=, clickable=false, bounds=[42,1707][378,1769], enabled=true, focused=false, checked=false, scrollable=false, selected=false, class=android.widget.TextView, important-for-accessibility=true, error=}, children=[], clickable=false, enabled=true, focused=false, checked=false, selected=false), bounds=Bounds(x=42, y=1707, width=336, height=62))
08:47:01.425 [ INFO] maestro.Maestro.tap-HgV9Ck0: Tap aimed via settled hierarchy
08:47:01.426 [ INFO] maestro.Maestro.hierarchyBasedTap-ogj28Uc: Tapping at (210, 1738) using hierarchy based logic for wait
08:47:03.526 [ INFO] maestro.Maestro.hierarchyBasedTap-ogj28Uc: Something has changed in the UI judging by view hierarchy. Proceed.
08:47:03.526 [ INFO] maestro.cli.runner.CliConsoleListener.onCommandFinished: Tap on "お気に入りに追加" COMPLETED
08:47:03.526 [ INFO] maestro.cli.runner.CliConsoleListener.onCommandStart: Tap on "棋譜の操作" RUNNING
08:47:03.771 [ INFO] maestro.Maestro.tap-HgV9Ck0: Tapping on element:  UiElement(treeNode=TreeNode(attributes={text=, accessibilityText=棋譜の操作, hintText=, ignoreBoundsFiltering=false, resource-id=, clickable=true, bounds=[923,151][1038,267], enabled=true, focused=false, checked=false, scrollable=false, selected=false, class=android.widget.Button, important-for-accessibility=true, error=}, children=[TreeNode(attributes={text=, accessibilityText=, hintText=, ignoreBoundsFiltering=false, resource-id=, clickable=false, bounds=[951,179][1012,240], enabled=true, focused=false, checked=false, scrollable=false, selected=false, class=android.widget.TextView, important-for-accessibility=true, error=}, children=[], clickable=false, enabled=true, focused=false, checked=false, selected=false)], clickable=true, enabled=true, focused=false, checked=false, selected=false), bounds=Bounds(x=923, y=151, width=115, height=116))
08:47:05.120 [ INFO] maestro.Maestro.tap-HgV9Ck0: Tap aimed via settled hierarchy
08:47:05.122 [ INFO] maestro.Maestro.hierarchyBasedTap-ogj28Uc: Tapping at (980, 209) using hierarchy based logic for wait
08:47:06.161 [ INFO] maestro.Maestro.hierarchyBasedTap-ogj28Uc: Something has changed in the UI judging by view hierarchy. Proceed.
08:47:06.161 [ INFO] maestro.cli.runner.CliConsoleListener.onCommandFinished: Tap on "棋譜の操作" COMPLETED
08:47:06.162 [ INFO] maestro.cli.runner.CliConsoleListener.onCommandStart: Assert that "お気に入りを解除" is visible RUNNING
08:47:06.225 [ INFO] maestro.cli.runner.CliConsoleListener.onCommandFinished: Assert that "お気に入りを解除" is visible COMPLETED
08:47:06.226 [ INFO] maestro.cli.runner.CliConsoleListener.onCommandStart: Press Back key RUNNING
08:47:06.226 [ INFO] maestro.Maestro.pressKey: Pressing key BACK
08:47:07.574 [ INFO] maestro.cli.runner.CliConsoleListener.onCommandFinished: Press Back key COMPLETED
08:47:07.575 [ INFO] maestro.cli.runner.CliConsoleListener.onCommandStart: Stop com.meeshogi.app RUNNING
08:47:07.577 [ INFO] maestro.Maestro.stopApp$lambda$6: Stopping app com.meeshogi.app
08:47:07.612 [ INFO] maestro.cli.runner.CliConsoleListener.onCommandFinished: Stop com.meeshogi.app COMPLETED
08:47:07.612 [ INFO] maestro.cli.runner.CliConsoleListener.onCommandStart: Launch app "com.meeshogi.app" RUNNING
08:47:08.472 [ INFO] maestro.Maestro.launchApp$lambda$5: Launching app com.meeshogi.app
08:47:08.472 [ INFO] maestro.Maestro.launchApp$lambda$5: Stopping com.meeshogi.app app during launch
08:47:08.530 [ INFO] maestro.cli.runner.CliConsoleListener.onCommandFinished: Launch app "com.meeshogi.app" COMPLETED
08:47:08.531 [ INFO] maestro.cli.runner.CliConsoleListener.onCommandStart: Tap on "お気に入り" RUNNING
08:47:10.920 [ INFO] maestro.Maestro.tap-HgV9Ck0: Tapping on element:  UiElement(treeNode=TreeNode(attributes={text=お気に入り, accessibilityText=, hintText=, ignoreBoundsFiltering=false, resource-id=, clickable=false, bounds=[684,474][884,533], enabled=true, focused=false, checked=false, scrollable=false, selected=false, class=android.widget.TextView, important-for-accessibility=true, error=}, children=[], clickable=false, enabled=true, focused=false, checked=false, selected=false), bounds=Bounds(x=684, y=474, width=200, height=59))
08:47:12.396 [ INFO] maestro.Maestro.tap-HgV9Ck0: Tap aimed via settled hierarchy
08:47:12.397 [ INFO] maestro.Maestro.hierarchyBasedTap-ogj28Uc: Tapping at (784, 503) using hierarchy based logic for wait
08:47:13.549 [ INFO] maestro.Maestro.hierarchyBasedTap-ogj28Uc: Something has changed in the UI judging by view hierarchy. Proceed.
08:47:13.550 [ INFO] maestro.cli.runner.CliConsoleListener.onCommandFinished: Tap on "お気に入り" COMPLETED
08:47:13.550 [ INFO] maestro.cli.runner.CliConsoleListener.onCommandStart: Assert that ".*最近の対局.*1局.*" is visible RUNNING
08:47:13.671 [ INFO] maestro.cli.runner.CliConsoleListener.onCommandFinished: Assert that ".*最近の対局.*1局.*" is visible COMPLETED
08:47:13.672 [ INFO] maestro.cli.runner.CliConsoleListener.onCommandStart: Take screenshot 20-favorite RUNNING
08:47:13.674 [ INFO] maestro.Maestro.takeScreenshot: Taking screenshot
08:47:13.676 [TRACE] maestro.utils.ScreenshotUtils.takeScreenshot: Taking screenshot to output sink
08:47:13.971 [ INFO] maestro.cli.runner.CliConsoleListener.onCommandFinished: Take screenshot 20-favorite COMPLETED
08:47:13.972 [ INFO] maestro.cli.runner.CliConsoleListener.onCommandStart: Tap on ".*KeroPona.*" RUNNING
08:47:14.058 [ INFO] maestro.Maestro.tap-HgV9Ck0: Tapping on element:  UiElement(treeNode=TreeNode(attributes={text=KeroPona, accessibilityText=, hintText=, ignoreBoundsFiltering=false, resource-id=, clickable=false, bounds=[184,818][381,884], enabled=true, focused=false, checked=false, scrollable=false, selected=false, class=android.widget.TextView, important-for-accessibility=true, error=}, children=[], clickable=false, enabled=true, focused=false, checked=false, selected=false), bounds=Bounds(x=184, y=818, width=197, height=66))
08:47:15.260 [ INFO] maestro.Maestro.tap-HgV9Ck0: Tap aimed via settled hierarchy
08:47:15.261 [ INFO] maestro.Maestro.hierarchyBasedTap-ogj28Uc: Tapping at (282, 851) using hierarchy based logic for wait
08:47:15.956 [ INFO] maestro.cli.runner.CliConsoleListener.onCommandFinished: Tap on ".*KeroPona.*" COMPLETED
08:47:15.956 [ INFO] maestro.cli.runner.CliConsoleListener.onCommandStart: Tap on "棋譜の操作" RUNNING
08:47:17.427 [ INFO] maestro.Maestro.tap-HgV9Ck0: Tapping on element:  UiElement(treeNode=TreeNode(attributes={text=, accessibilityText=棋譜の操作, hintText=, ignoreBoundsFiltering=false, resource-id=, clickable=true, bounds=[923,151][1038,267], enabled=true, focused=false, checked=false, scrollable=false, selected=false, class=android.widget.Button, important-for-accessibility=true, error=}, children=[TreeNode(attributes={text=, accessibilityText=, hintText=, ignoreBoundsFiltering=false, resource-id=, clickable=false, bounds=[951,179][1012,240], enabled=true, focused=false, checked=false, scrollable=false, selected=false, class=android.widget.TextView, important-for-accessibility=true, error=}, children=[], clickable=false, enabled=true, focused=false, checked=false, selected=false)], clickable=true, enabled=true, focused=false, checked=false, selected=false), bounds=Bounds(x=923, y=151, width=115, height=116))
08:47:18.903 [ INFO] maestro.Maestro.tap-HgV9Ck0: Tap aimed via settled hierarchy
08:47:18.904 [ INFO] maestro.Maestro.hierarchyBasedTap-ogj28Uc: Tapping at (980, 209) using hierarchy based logic for wait
08:47:20.172 [ INFO] maestro.Maestro.hierarchyBasedTap-ogj28Uc: Something has changed in the UI judging by view hierarchy. Proceed.
08:47:20.172 [ INFO] maestro.cli.runner.CliConsoleListener.onCommandFinished: Tap on "棋譜の操作" COMPLETED
08:47:20.173 [ INFO] maestro.cli.runner.CliConsoleListener.onCommandStart: Tap on "対局情報を確認・修正" RUNNING
08:47:20.235 [ INFO] maestro.Maestro.tap-HgV9Ck0: Tapping on element:  UiElement(treeNode=TreeNode(attributes={text=対局情報を確認・修正, accessibilityText=, hintText=, ignoreBoundsFiltering=false, resource-id=, clickable=false, bounds=[42,2001][462,2063], enabled=true, focused=false, checked=false, scrollable=false, selected=false, class=android.widget.TextView, important-for-accessibility=true, error=}, children=[], clickable=false, enabled=true, focused=false, checked=false, selected=false), bounds=Bounds(x=42, y=2001, width=420, height=62))
08:47:21.513 [ INFO] maestro.Maestro.tap-HgV9Ck0: Tap aimed via settled hierarchy
08:47:21.513 [ INFO] maestro.Maestro.hierarchyBasedTap-ogj28Uc: Tapping at (252, 2032) using hierarchy based logic for wait
08:47:23.074 [ INFO] maestro.Maestro.hierarchyBasedTap-ogj28Uc: Something has changed in the UI judging by view hierarchy. Proceed.
08:47:23.074 [ INFO] maestro.cli.runner.CliConsoleListener.onCommandFinished: Tap on "対局情報を確認・修正" COMPLETED
08:47:23.075 [ INFO] maestro.cli.runner.CliConsoleListener.onCommandStart: Scrolling DOWN until "先手の戦型" is visible with speed 40, visibility percentage 100%, timeout 20000 ms, with centering disabled RUNNING
08:47:23.171 [ INFO] maestro.orchestra.Orchestra.scrollUntilVisible: Scrolling try count: 0, DeviceWidth: 1080, DeviceWidth: 2400
08:47:23.171 [ INFO] maestro.orchestra.Orchestra.scrollUntilVisible: Element bounds: Bounds(x=96, y=1909, width=645, height=66)
08:47:23.172 [ INFO] maestro.orchestra.Orchestra.scrollUntilVisible: Visibility Percent: 1.0
08:47:23.188 [ INFO] maestro.orchestra.Orchestra.scrollUntilVisible: Command centerElement: ScrollUntilVisibleCommand(selector=ElementSelector(textRegex=先手の戦型, idRegex=null, size=null, below=null, above=null, leftOf=null, rightOf=null, containsChild=null, containsDescendants=null, traits=null, index=null, enabled=null, optional=false, selected=null, checked=null, focused=null, childOf=null, css=null), direction=DOWN, scrollDuration=601, visibilityPercentage=100, timeout=20000, waitToSettleTimeoutMs=null, centerElement=false, originalSpeedValue=40, label=null, optional=false).centerElement
08:47:23.188 [ INFO] maestro.orchestra.Orchestra.scrollUntilVisible: visibilityPercentageNormalized: 1.0
08:47:23.189 [ INFO] maestro.cli.runner.CliConsoleListener.onCommandFinished: Scrolling DOWN until "先手の戦型" is visible with speed 40, visibility percentage 100%, timeout 20000 ms, with centering disabled COMPLETED
08:47:23.189 [ INFO] maestro.cli.runner.CliConsoleListener.onCommandStart: Tap on "先手の戦型" RUNNING
08:47:23.291 [ INFO] maestro.Maestro.tap-HgV9Ck0: Tapping on element:  UiElement(treeNode=TreeNode(attributes={text=先手の戦型, accessibilityText=, hintText=, ignoreBoundsFiltering=false, resource-id=, clickable=false, bounds=[96,1909][741,1975], enabled=true, focused=false, checked=false, scrollable=false, selected=false, class=android.widget.TextView, important-for-accessibility=true, error=}, children=[], clickable=false, enabled=true, focused=false, checked=false, selected=false), bounds=Bounds(x=96, y=1909, width=645, height=66))
08:47:24.541 [ INFO] maestro.Maestro.tap-HgV9Ck0: Tap aimed via settled hierarchy
08:47:24.542 [ INFO] maestro.Maestro.hierarchyBasedTap-ogj28Uc: Tapping at (418, 1942) using hierarchy based logic for wait
08:47:25.523 [ INFO] maestro.Maestro.hierarchyBasedTap-ogj28Uc: Something has changed in the UI judging by view hierarchy. Proceed.
08:47:25.523 [ INFO] maestro.cli.runner.CliConsoleListener.onCommandFinished: Tap on "先手の戦型" COMPLETED
08:47:25.524 [ INFO] maestro.cli.runner.CliConsoleListener.onCommandStart: Tap on "居飛車" RUNNING
08:47:25.611 [ INFO] maestro.Maestro.tap-HgV9Ck0: Tapping on element:  UiElement(treeNode=TreeNode(attributes={text=居飛車, accessibilityText=, hintText=, ignoreBoundsFiltering=false, resource-id=, clickable=false, bounds=[42,1413][168,1475], enabled=true, focused=false, checked=false, scrollable=false, selected=false, class=android.widget.TextView, important-for-accessibility=true, error=}, children=[], clickable=false, enabled=true, focused=false, checked=false, selected=false), bounds=Bounds(x=42, y=1413, width=126, height=62))
08:47:26.833 [ INFO] maestro.Maestro.tap-HgV9Ck0: Tap aimed via settled hierarchy
08:47:26.834 [ INFO] maestro.Maestro.hierarchyBasedTap-ogj28Uc: Tapping at (105, 1444) using hierarchy based logic for wait
08:47:28.647 [ INFO] maestro.Maestro.hierarchyBasedTap-ogj28Uc: Something has changed in the UI judging by view hierarchy. Proceed.
08:47:28.647 [ INFO] maestro.cli.runner.CliConsoleListener.onCommandFinished: Tap on "居飛車" COMPLETED
08:47:28.647 [ INFO] maestro.cli.runner.CliConsoleListener.onCommandStart: Assert that ".*居飛車（手動）.*" is visible RUNNING
08:47:28.724 [ INFO] maestro.cli.runner.CliConsoleListener.onCommandFinished: Assert that ".*居飛車（手動）.*" is visible COMPLETED
08:47:28.725 [ INFO] maestro.cli.runner.CliConsoleListener.onCommandStart: Scrolling DOWN until "後手の戦型" is visible with speed 40, visibility percentage 100%, timeout 20000 ms, with centering disabled RUNNING
08:47:28.843 [ INFO] maestro.orchestra.Orchestra.scrollUntilVisible: Scrolling try count: 0, DeviceWidth: 1080, DeviceWidth: 2400
08:47:28.843 [ INFO] maestro.orchestra.Orchestra.scrollUntilVisible: Element bounds: Bounds(x=96, y=2051, width=645, height=66)
08:47:28.843 [ INFO] maestro.orchestra.Orchestra.scrollUntilVisible: Visibility Percent: 1.0
08:47:28.843 [ INFO] maestro.orchestra.Orchestra.scrollUntilVisible: Command centerElement: ScrollUntilVisibleCommand(selector=ElementSelector(textRegex=後手の戦型, idRegex=null, size=null, below=null, above=null, leftOf=null, rightOf=null, containsChild=null, containsDescendants=null, traits=null, index=null, enabled=null, optional=false, selected=null, checked=null, focused=null, childOf=null, css=null), direction=DOWN, scrollDuration=601, visibilityPercentage=100, timeout=20000, waitToSettleTimeoutMs=null, centerElement=false, originalSpeedValue=40, label=null, optional=false).centerElement
08:47:28.843 [ INFO] maestro.orchestra.Orchestra.scrollUntilVisible: visibilityPercentageNormalized: 1.0
08:47:28.844 [ INFO] maestro.cli.runner.CliConsoleListener.onCommandFinished: Scrolling DOWN until "後手の戦型" is visible with speed 40, visibility percentage 100%, timeout 20000 ms, with centering disabled COMPLETED
08:47:28.844 [ INFO] maestro.cli.runner.CliConsoleListener.onCommandStart: Tap on "後手の戦型" RUNNING
08:47:29.003 [ INFO] maestro.Maestro.tap-HgV9Ck0: Tapping on element:  UiElement(treeNode=TreeNode(attributes={text=後手の戦型, accessibilityText=, hintText=, ignoreBoundsFiltering=false, resource-id=, clickable=false, bounds=[96,2051][741,2117], enabled=true, focused=false, checked=false, scrollable=false, selected=false, class=android.widget.TextView, important-for-accessibility=true, error=}, children=[], clickable=false, enabled=true, focused=false, checked=false, selected=false), bounds=Bounds(x=96, y=2051, width=645, height=66))
08:47:30.202 [ INFO] maestro.Maestro.tap-HgV9Ck0: Tap aimed via settled hierarchy
08:47:30.203 [ INFO] maestro.Maestro.hierarchyBasedTap-ogj28Uc: Tapping at (418, 2084) using hierarchy based logic for wait
08:47:31.249 [ INFO] maestro.Maestro.hierarchyBasedTap-ogj28Uc: Something has changed in the UI judging by view hierarchy. Proceed.
08:47:31.249 [ INFO] maestro.cli.runner.CliConsoleListener.onCommandFinished: Tap on "後手の戦型" COMPLETED
08:47:31.249 [ INFO] maestro.cli.runner.CliConsoleListener.onCommandStart: Tap on "四間飛車" RUNNING
08:47:31.313 [ INFO] maestro.Maestro.tap-HgV9Ck0: Tapping on element:  UiElement(treeNode=TreeNode(attributes={text=四間飛車, accessibilityText=, hintText=, ignoreBoundsFiltering=false, resource-id=, clickable=false, bounds=[42,1560][210,1622], enabled=true, focused=false, checked=false, scrollable=false, selected=false, class=android.widget.TextView, important-for-accessibility=true, error=}, children=[], clickable=false, enabled=true, focused=false, checked=false, selected=false), bounds=Bounds(x=42, y=1560, width=168, height=62))
08:47:32.500 [ INFO] maestro.Maestro.tap-HgV9Ck0: Tap aimed via settled hierarchy
08:47:32.501 [ INFO] maestro.Maestro.hierarchyBasedTap-ogj28Uc: Tapping at (126, 1591) using hierarchy based logic for wait
08:47:33.569 [ INFO] maestro.Maestro.hierarchyBasedTap-ogj28Uc: Something has changed in the UI judging by view hierarchy. Proceed.
08:47:33.569 [ INFO] maestro.cli.runner.CliConsoleListener.onCommandFinished: Tap on "四間飛車" COMPLETED
08:47:33.570 [ INFO] maestro.cli.runner.CliConsoleListener.onCommandStart: Assert that ".*四間飛車（手動）.*" is visible RUNNING
08:47:34.347 [ INFO] maestro.cli.runner.CliConsoleListener.onCommandFinished: Assert that ".*四間飛車（手動）.*" is visible COMPLETED
08:47:34.348 [ INFO] maestro.cli.runner.CliConsoleListener.onCommandStart: Assert that "対抗形" is visible RUNNING
08:47:34.436 [ INFO] maestro.cli.runner.CliConsoleListener.onCommandFinished: Assert that "対抗形" is visible COMPLETED
08:47:34.436 [ INFO] maestro.cli.runner.CliConsoleListener.onCommandStart: Take screenshot 21-manual-openings RUNNING
08:47:34.437 [ INFO] maestro.Maestro.takeScreenshot: Taking screenshot
08:47:34.437 [TRACE] maestro.utils.ScreenshotUtils.takeScreenshot: Taking screenshot to output sink
08:47:34.606 [ INFO] maestro.cli.runner.CliConsoleListener.onCommandFinished: Take screenshot 21-manual-openings COMPLETED
08:47:34.606 [ INFO] maestro.cli.runner.CliConsoleListener.onCommandStart: Scrolling UP until id: game-result is visible with speed 40, visibility percentage 100%, timeout 20000 ms, with centering disabled RUNNING
08:47:34.739 [ INFO] maestro.orchestra.Orchestra.scrollUntilVisible: Scrolling try count: 0, DeviceWidth: 1080, DeviceWidth: 2400
08:47:34.739 [ INFO] maestro.orchestra.Orchestra.scrollUntilVisible: Element bounds: Bounds(x=54, y=1001, width=973, height=142)
08:47:34.739 [ INFO] maestro.orchestra.Orchestra.scrollUntilVisible: Visibility Percent: 1.0
08:47:34.739 [ INFO] maestro.orchestra.Orchestra.scrollUntilVisible: Command centerElement: ScrollUntilVisibleCommand(selector=ElementSelector(textRegex=null, idRegex=game-result, size=null, below=null, above=null, leftOf=null, rightOf=null, containsChild=null, containsDescendants=null, traits=null, index=null, enabled=null, optional=false, selected=null, checked=null, focused=null, childOf=null, css=null), direction=UP, scrollDuration=601, visibilityPercentage=100, timeout=20000, waitToSettleTimeoutMs=null, centerElement=false, originalSpeedValue=40, label=null, optional=false).centerElement
08:47:34.739 [ INFO] maestro.orchestra.Orchestra.scrollUntilVisible: visibilityPercentageNormalized: 1.0
08:47:34.739 [ INFO] maestro.cli.runner.CliConsoleListener.onCommandFinished: Scrolling UP until id: game-result is visible with speed 40, visibility percentage 100%, timeout 20000 ms, with centering disabled COMPLETED
08:47:34.740 [ INFO] maestro.cli.runner.CliConsoleListener.onCommandStart: Tap on id: game-result RUNNING
08:47:34.858 [ INFO] maestro.Maestro.tap-HgV9Ck0: Tapping on element:  UiElement(treeNode=TreeNode(attributes={text=, accessibilityText=結果, 後手の勝ち, , hintText=, ignoreBoundsFiltering=false, resource-id=game-result, clickable=true, bounds=[54,1001][1027,1143], enabled=true, focused=false, checked=false, scrollable=false, selected=false, class=android.widget.Button, important-for-accessibility=true, error=}, children=[TreeNode(attributes={text=結果, accessibilityText=, hintText=, ignoreBoundsFiltering=false, resource-id=, clickable=false, bounds=[96,1038][651,1104], enabled=true, focused=false, checked=false, scrollable=false, selected=false, class=android.widget.TextView, important-for-accessibility=true, error=}, children=[], clickable=false, enabled=true, focused=false, checked=false, selected=false), TreeNode(attributes={text=後手の勝ち, accessibilityText=, hintText=, ignoreBoundsFiltering=false, resource-id=, clickable=false, bounds=[681,1038][906,1104], enabled=true, focused=false, checked=false, scrollable=false, selected=false, class=android.widget.TextView, important-for-accessibility=true, error=}, children=[], clickable=false, enabled=true, focused=false, checked=false, selected=false), TreeNode(attributes={text=, accessibilityText=, hintText=, ignoreBoundsFiltering=false, resource-id=, clickable=false, bounds=[938,1048][986,1096], enabled=true, focused=false, checked=false, scrollable=false, selected=false, class=android.widget.TextView, important-for-accessibility=true, error=}, children=[], clickable=false, enabled=true, focused=false, checked=false, selected=false)], clickable=true, enabled=true, focused=false, checked=false, selected=false), bounds=Bounds(x=54, y=1001, width=973, height=142))
08:47:36.084 [ INFO] maestro.Maestro.tap-HgV9Ck0: Tap aimed via settled hierarchy
08:47:36.085 [ INFO] maestro.Maestro.hierarchyBasedTap-ogj28Uc: Tapping at (540, 1072) using hierarchy based logic for wait
08:47:37.136 [ INFO] maestro.Maestro.hierarchyBasedTap-ogj28Uc: Something has changed in the UI judging by view hierarchy. Proceed.
08:47:37.137 [ INFO] maestro.cli.runner.CliConsoleListener.onCommandFinished: Tap on id: game-result COMPLETED
08:47:37.137 [ INFO] maestro.cli.runner.CliConsoleListener.onCommandStart: Tap on "引き分け" RUNNING
08:47:37.202 [ INFO] maestro.Maestro.tap-HgV9Ck0: Tapping on element:  UiElement(treeNode=TreeNode(attributes={text=引き分け, accessibilityText=, hintText=, ignoreBoundsFiltering=false, resource-id=, clickable=false, bounds=[42,1854][210,1916], enabled=true, focused=false, checked=false, scrollable=false, selected=false, class=android.widget.TextView, important-for-accessibility=true, error=}, children=[], clickable=false, enabled=true, focused=false, checked=false, selected=false), bounds=Bounds(x=42, y=1854, width=168, height=62))
08:47:38.417 [ INFO] maestro.Maestro.tap-HgV9Ck0: Tap aimed via settled hierarchy
08:47:38.418 [ INFO] maestro.Maestro.hierarchyBasedTap-ogj28Uc: Tapping at (126, 1885) using hierarchy based logic for wait
08:47:40.174 [ INFO] maestro.Maestro.hierarchyBasedTap-ogj28Uc: Something has changed in the UI judging by view hierarchy. Proceed.
08:47:40.174 [ INFO] maestro.cli.runner.CliConsoleListener.onCommandFinished: Tap on "引き分け" COMPLETED
08:47:40.174 [ INFO] maestro.cli.runner.CliConsoleListener.onCommandStart: Assert that ".*引き分け（手動）.*" is visible RUNNING
08:47:40.287 [ INFO] maestro.cli.runner.CliConsoleListener.onCommandFinished: Assert that ".*引き分け（手動）.*" is visible COMPLETED
08:47:40.288 [ INFO] maestro.cli.runner.CliConsoleListener.onCommandStart: Stop com.meeshogi.app RUNNING
08:47:40.288 [ INFO] maestro.Maestro.stopApp$lambda$6: Stopping app com.meeshogi.app
08:47:40.333 [ INFO] maestro.cli.runner.CliConsoleListener.onCommandFinished: Stop com.meeshogi.app COMPLETED
08:47:40.333 [ INFO] maestro.cli.runner.CliConsoleListener.onCommandStart: Launch app "com.meeshogi.app" RUNNING
08:47:41.195 [ INFO] maestro.Maestro.launchApp$lambda$5: Launching app com.meeshogi.app
08:47:41.197 [ INFO] maestro.Maestro.launchApp$lambda$5: Stopping com.meeshogi.app app during launch
08:47:41.266 [ INFO] maestro.cli.runner.CliConsoleListener.onCommandFinished: Launch app "com.meeshogi.app" COMPLETED
08:47:41.266 [ INFO] maestro.cli.runner.CliConsoleListener.onCommandStart: Tap on "戦績.*" RUNNING
08:47:44.409 [ INFO] maestro.Maestro.tap-HgV9Ck0: Tapping on element:  UiElement(treeNode=TreeNode(attributes={text=戦績, accessibilityText=, hintText=, ignoreBoundsFiltering=false, resource-id=, clickable=false, bounds=[511,2293][569,2336], enabled=true, focused=false, checked=false, scrollable=false, selected=false, class=android.widget.TextView, important-for-accessibility=true, error=}, children=[], clickable=false, enabled=true, focused=false, checked=false, selected=false), bounds=Bounds(x=511, y=2293, width=58, height=43))
08:47:45.630 [ INFO] maestro.Maestro.tap-HgV9Ck0: Tap aimed via settled hierarchy
08:47:45.631 [ INFO] maestro.Maestro.hierarchyBasedTap-ogj28Uc: Tapping at (540, 2314) using hierarchy based logic for wait
08:47:46.903 [ INFO] maestro.Maestro.hierarchyBasedTap-ogj28Uc: Something has changed in the UI judging by view hierarchy. Proceed.
08:47:46.903 [ INFO] maestro.cli.runner.CliConsoleListener.onCommandFinished: Tap on "戦績.*" COMPLETED
08:47:46.903 [ INFO] maestro.cli.runner.CliConsoleListener.onCommandStart: Tap on "全期間" RUNNING
08:47:47.037 [ INFO] maestro.Maestro.tap-HgV9Ck0: Tapping on element:  UiElement(treeNode=TreeNode(attributes={text=全期間, accessibilityText=, hintText=, ignoreBoundsFiltering=false, resource-id=, clickable=false, bounds=[805,474][925,533], enabled=true, focused=false, checked=false, scrollable=false, selected=false, class=android.widget.TextView, important-for-accessibility=true, error=}, children=[], clickable=false, enabled=true, focused=false, checked=false, selected=false), bounds=Bounds(x=805, y=474, width=120, height=59))
08:47:48.290 [ INFO] maestro.Maestro.tap-HgV9Ck0: Tap aimed via settled hierarchy
08:47:48.291 [ INFO] maestro.Maestro.hierarchyBasedTap-ogj28Uc: Tapping at (865, 503) using hierarchy based logic for wait
08:47:49.687 [ INFO] maestro.Maestro.hierarchyBasedTap-ogj28Uc: Something has changed in the UI judging by view hierarchy. Proceed.
08:47:49.688 [ INFO] maestro.cli.runner.CliConsoleListener.onCommandFinished: Tap on "全期間" COMPLETED
08:47:49.688 [ INFO] maestro.cli.runner.CliConsoleListener.onCommandStart: Assert that ".*2局.*1勝 0敗.*" is visible RUNNING
08:47:49.821 [ INFO] maestro.cli.runner.CliConsoleListener.onCommandFinished: Assert that ".*2局.*1勝 0敗.*" is visible COMPLETED
08:47:49.822 [ INFO] maestro.cli.runner.CliConsoleListener.onCommandStart: Assert that ".*引き分け 1.*" is visible RUNNING
08:47:49.949 [ INFO] maestro.cli.runner.CliConsoleListener.onCommandFinished: Assert that ".*引き分け 1.*" is visible COMPLETED
08:47:49.950 [ INFO] maestro.cli.runner.CliConsoleListener.onCommandStart: Assert that "100.0" is visible RUNNING
08:47:50.120 [ INFO] maestro.cli.runner.CliConsoleListener.onCommandFinished: Assert that "100.0" is visible COMPLETED
08:47:50.121 [ INFO] maestro.cli.runner.CliConsoleListener.onCommandStart: Take screenshot 22-draw-excluded-from-win-rate RUNNING
08:47:50.121 [ INFO] maestro.Maestro.takeScreenshot: Taking screenshot
08:47:50.122 [TRACE] maestro.utils.ScreenshotUtils.takeScreenshot: Taking screenshot to output sink
08:47:50.287 [ INFO] maestro.cli.runner.CliConsoleListener.onCommandFinished: Take screenshot 22-draw-excluded-from-win-rate COMPLETED
08:47:50.288 [ INFO] maestro.cli.runner.CliConsoleListener.onCommandStart: Scrolling DOWN until "四間飛車" is visible with speed 40, visibility percentage 100%, timeout 20000 ms, with centering disabled RUNNING
08:47:50.979 [ WARN] maestro.orchestra.Orchestra.scrollUntilVisible: Error: maestro.MaestroException$ElementNotFound: Element not found: Text matching regex: 四間飛車
08:47:51.020 [ INFO] maestro.Maestro.swipeFromCenter: Swiping UP from center
08:47:52.684 [ INFO] maestro.orchestra.Orchestra.scrollUntilVisible: Scrolling try count: 0, DeviceWidth: 1080, DeviceWidth: 2400
08:47:52.685 [ INFO] maestro.orchestra.Orchestra.scrollUntilVisible: Element bounds: Bounds(x=53, y=1523, width=180, height=66)
08:47:52.685 [ INFO] maestro.orchestra.Orchestra.scrollUntilVisible: Visibility Percent: 1.0
08:47:52.685 [ INFO] maestro.orchestra.Orchestra.scrollUntilVisible: Command centerElement: ScrollUntilVisibleCommand(selector=ElementSelector(textRegex=四間飛車, idRegex=null, size=null, below=null, above=null, leftOf=null, rightOf=null, containsChild=null, containsDescendants=null, traits=null, index=null, enabled=null, optional=false, selected=null, checked=null, focused=null, childOf=null, css=null), direction=DOWN, scrollDuration=601, visibilityPercentage=100, timeout=20000, waitToSettleTimeoutMs=null, centerElement=false, originalSpeedValue=40, label=null, optional=false).centerElement
08:47:52.685 [ INFO] maestro.orchestra.Orchestra.scrollUntilVisible: visibilityPercentageNormalized: 1.0
08:47:52.685 [ INFO] maestro.cli.runner.CliConsoleListener.onCommandFinished: Scrolling DOWN until "四間飛車" is visible with speed 40, visibility percentage 100%, timeout 20000 ms, with centering disabled COMPLETED
08:47:52.685 [ INFO] maestro.cli.runner.CliConsoleListener.onCommandStart: Tap on "四間飛車" RUNNING
08:47:52.857 [ INFO] maestro.Maestro.tap-HgV9Ck0: Tapping on element:  UiElement(treeNode=TreeNode(attributes={text=四間飛車, accessibilityText=, hintText=, ignoreBoundsFiltering=false, resource-id=, clickable=false, bounds=[53,1523][233,1589], enabled=true, focused=false, checked=false, scrollable=false, selected=false, class=android.widget.TextView, important-for-accessibility=true, error=}, children=[], clickable=false, enabled=true, focused=false, checked=false, selected=false), bounds=Bounds(x=53, y=1523, width=180, height=66))
08:47:54.105 [ INFO] maestro.Maestro.tap-HgV9Ck0: Tap aimed via settled hierarchy
08:47:54.106 [ INFO] maestro.Maestro.hierarchyBasedTap-ogj28Uc: Tapping at (143, 1556) using hierarchy based logic for wait
08:47:55.389 [ INFO] maestro.Maestro.hierarchyBasedTap-ogj28Uc: Something has changed in the UI judging by view hierarchy. Proceed.
08:47:55.389 [ INFO] maestro.cli.runner.CliConsoleListener.onCommandFinished: Tap on "四間飛車" COMPLETED
08:47:55.389 [ INFO] maestro.cli.runner.CliConsoleListener.onCommandStart: Take screenshot 23-opening-detail RUNNING
08:47:55.390 [ INFO] maestro.Maestro.takeScreenshot: Taking screenshot
08:47:55.390 [TRACE] maestro.utils.ScreenshotUtils.takeScreenshot: Taking screenshot to output sink
08:47:55.559 [ INFO] maestro.cli.runner.CliConsoleListener.onCommandFinished: Take screenshot 23-opening-detail COMPLETED
08:47:55.560 [ INFO] maestro.cli.runner.CliConsoleListener.onCommandStart: Stop com.meeshogi.app RUNNING
08:47:55.560 [ INFO] maestro.Maestro.stopApp$lambda$6: Stopping app com.meeshogi.app
08:47:55.596 [ INFO] maestro.cli.runner.CliConsoleListener.onCommandFinished: Stop com.meeshogi.app COMPLETED
08:47:55.596 [ INFO] maestro.cli.runner.CliConsoleListener.onCommandStart: Launch app "com.meeshogi.app" RUNNING
08:47:56.476 [ INFO] maestro.Maestro.launchApp$lambda$5: Launching app com.meeshogi.app
08:47:56.477 [ INFO] maestro.Maestro.launchApp$lambda$5: Stopping com.meeshogi.app app during launch
08:47:56.529 [ INFO] maestro.cli.runner.CliConsoleListener.onCommandFinished: Launch app "com.meeshogi.app" COMPLETED
08:47:56.529 [ INFO] maestro.cli.runner.CliConsoleListener.onCommandStart: Tap on ".*KeroPona.*" RUNNING
08:47:59.424 [ INFO] maestro.Maestro.tap-HgV9Ck0: Tapping on element:  UiElement(treeNode=TreeNode(attributes={text=KeroPona との対局, accessibilityText=, hintText=, ignoreBoundsFiltering=false, resource-id=, clickable=false, bounds=[96,712][708,778], enabled=true, focused=false, checked=false, scrollable=false, selected=false, class=android.widget.TextView, important-for-accessibility=true, error=}, children=[], clickable=false, enabled=true, focused=false, checked=false, selected=false), bounds=Bounds(x=96, y=712, width=612, height=66))
08:48:01.477 [ INFO] maestro.Maestro.tap-HgV9Ck0: Tap aimed via settled hierarchy
08:48:01.479 [ INFO] maestro.Maestro.hierarchyBasedTap-ogj28Uc: Tapping at (402, 745) using hierarchy based logic for wait
08:48:01.902 [ INFO] maestro.cli.runner.CliConsoleListener.onCommandFinished: Tap on ".*KeroPona.*" COMPLETED
08:48:01.902 [ INFO] maestro.cli.runner.CliConsoleListener.onCommandStart: Tap on "棋譜の操作" RUNNING
08:48:03.412 [ INFO] maestro.Maestro.tap-HgV9Ck0: Tapping on element:  UiElement(treeNode=TreeNode(attributes={text=, accessibilityText=棋譜の操作, hintText=, ignoreBoundsFiltering=false, resource-id=, clickable=true, bounds=[923,151][1038,267], enabled=true, focused=false, checked=false, scrollable=false, selected=false, class=android.widget.Button, important-for-accessibility=true, error=}, children=[TreeNode(attributes={text=, accessibilityText=, hintText=, ignoreBoundsFiltering=false, resource-id=, clickable=false, bounds=[951,179][1012,240], enabled=true, focused=false, checked=false, scrollable=false, selected=false, class=android.widget.TextView, important-for-accessibility=true, error=}, children=[], clickable=false, enabled=true, focused=false, checked=false, selected=false)], clickable=true, enabled=true, focused=false, checked=false, selected=false), bounds=Bounds(x=923, y=151, width=115, height=116))
08:48:04.850 [ INFO] maestro.Maestro.tap-HgV9Ck0: Tap aimed via settled hierarchy
08:48:04.852 [ INFO] maestro.Maestro.hierarchyBasedTap-ogj28Uc: Tapping at (980, 209) using hierarchy based logic for wait
08:48:06.009 [ INFO] maestro.Maestro.hierarchyBasedTap-ogj28Uc: Something has changed in the UI judging by view hierarchy. Proceed.
08:48:06.009 [ INFO] maestro.cli.runner.CliConsoleListener.onCommandFinished: Tap on "棋譜の操作" COMPLETED
08:48:06.009 [ INFO] maestro.cli.runner.CliConsoleListener.onCommandStart: Tap on "対局情報を確認・修正" RUNNING
08:48:06.077 [ INFO] maestro.Maestro.tap-HgV9Ck0: Tapping on element:  UiElement(treeNode=TreeNode(attributes={text=対局情報を確認・修正, accessibilityText=, hintText=, ignoreBoundsFiltering=false, resource-id=, clickable=false, bounds=[42,2001][462,2063], enabled=true, focused=false, checked=false, scrollable=false, selected=false, class=android.widget.TextView, important-for-accessibility=true, error=}, children=[], clickable=false, enabled=true, focused=false, checked=false, selected=false), bounds=Bounds(x=42, y=2001, width=420, height=62))
08:48:07.381 [ INFO] maestro.Maestro.tap-HgV9Ck0: Tap aimed via settled hierarchy
08:48:07.382 [ INFO] maestro.Maestro.hierarchyBasedTap-ogj28Uc: Tapping at (252, 2032) using hierarchy based logic for wait
08:48:08.919 [ INFO] maestro.Maestro.hierarchyBasedTap-ogj28Uc: Something has changed in the UI judging by view hierarchy. Proceed.
08:48:08.919 [ INFO] maestro.cli.runner.CliConsoleListener.onCommandFinished: Tap on "対局情報を確認・修正" COMPLETED
08:48:08.919 [ INFO] maestro.cli.runner.CliConsoleListener.onCommandStart: Tap on id: game-result RUNNING
08:48:09.008 [ INFO] maestro.Maestro.tap-HgV9Ck0: Tapping on element:  UiElement(treeNode=TreeNode(attributes={text=, accessibilityText=結果, 引き分け（手動）, , hintText=, ignoreBoundsFiltering=false, resource-id=game-result, clickable=true, bounds=[54,1001][1027,1143], enabled=true, focused=false, checked=false, scrollable=false, selected=false, class=android.widget.Button, important-for-accessibility=true, error=}, children=[TreeNode(attributes={text=結果, accessibilityText=, hintText=, ignoreBoundsFiltering=false, resource-id=, clickable=false, bounds=[96,1038][516,1104], enabled=true, focused=false, checked=false, scrollable=false, selected=false, class=android.widget.TextView, important-for-accessibility=true, error=}, children=[], clickable=false, enabled=true, focused=false, checked=false, selected=false), TreeNode(attributes={text=引き分け（手動）, accessibilityText=, hintText=, ignoreBoundsFiltering=false, resource-id=, clickable=false, bounds=[546,1038][906,1104], enabled=true, focused=false, checked=false, scrollable=false, selected=false, class=android.widget.TextView, important-for-accessibility=true, error=}, children=[], clickable=false, enabled=true, focused=false, checked=false, selected=false), TreeNode(attributes={text=, accessibilityText=, hintText=, ignoreBoundsFiltering=false, resource-id=, clickable=false, bounds=[938,1048][986,1096], enabled=true, focused=false, checked=false, scrollable=false, selected=false, class=android.widget.TextView, important-for-accessibility=true, error=}, children=[], clickable=false, enabled=true, focused=false, checked=false, selected=false)], clickable=true, enabled=true, focused=false, checked=false, selected=false), bounds=Bounds(x=54, y=1001, width=973, height=142))
08:48:10.239 [ INFO] maestro.Maestro.tap-HgV9Ck0: Tap aimed via settled hierarchy
08:48:10.240 [ INFO] maestro.Maestro.hierarchyBasedTap-ogj28Uc: Tapping at (540, 1072) using hierarchy based logic for wait
08:48:11.272 [ INFO] maestro.Maestro.hierarchyBasedTap-ogj28Uc: Something has changed in the UI judging by view hierarchy. Proceed.
08:48:11.273 [ INFO] maestro.cli.runner.CliConsoleListener.onCommandFinished: Tap on id: game-result COMPLETED
08:48:11.273 [ INFO] maestro.cli.runner.CliConsoleListener.onCommandStart: Tap on "棋譜の結果に戻す" RUNNING
08:48:11.345 [ INFO] maestro.Maestro.tap-HgV9Ck0: Tapping on element:  UiElement(treeNode=TreeNode(attributes={text=棋譜の結果に戻す, accessibilityText=, hintText=, ignoreBoundsFiltering=false, resource-id=, clickable=false, bounds=[42,1413][378,1475], enabled=true, focused=false, checked=false, scrollable=false, selected=false, class=android.widget.TextView, important-for-accessibility=true, error=}, children=[], clickable=false, enabled=true, focused=false, checked=false, selected=false), bounds=Bounds(x=42, y=1413, width=336, height=62))
08:48:13.065 [ INFO] maestro.Maestro.tap-HgV9Ck0: Tap aimed via settled hierarchy
08:48:13.066 [ INFO] maestro.Maestro.hierarchyBasedTap-ogj28Uc: Tapping at (210, 1444) using hierarchy based logic for wait
08:48:14.854 [ INFO] maestro.Maestro.hierarchyBasedTap-ogj28Uc: Something has changed in the UI judging by view hierarchy. Proceed.
08:48:14.855 [ INFO] maestro.cli.runner.CliConsoleListener.onCommandFinished: Tap on "棋譜の結果に戻す" COMPLETED
08:48:14.855 [ INFO] maestro.cli.runner.CliConsoleListener.onCommandStart: Assert that "後手の勝ち" is visible RUNNING
08:48:14.940 [ INFO] maestro.cli.runner.CliConsoleListener.onCommandFinished: Assert that "後手の勝ち" is visible COMPLETED
08:48:14.940 [ INFO] maestro.cli.runner.CliConsoleListener.onCommandStart: Stop com.meeshogi.app RUNNING
08:48:14.940 [ INFO] maestro.Maestro.stopApp$lambda$6: Stopping app com.meeshogi.app
08:48:14.981 [ INFO] maestro.cli.runner.CliConsoleListener.onCommandFinished: Stop com.meeshogi.app COMPLETED
08:48:14.981 [ INFO] maestro.cli.runner.CliConsoleListener.onCommandStart: Launch app "com.meeshogi.app" RUNNING
08:48:15.824 [ INFO] maestro.Maestro.launchApp$lambda$5: Launching app com.meeshogi.app
08:48:15.824 [ INFO] maestro.Maestro.launchApp$lambda$5: Stopping com.meeshogi.app app during launch
08:48:15.878 [ INFO] maestro.cli.runner.CliConsoleListener.onCommandFinished: Launch app "com.meeshogi.app" COMPLETED
08:48:15.878 [ INFO] maestro.cli.runner.CliConsoleListener.onCommandStart: Tap on "戦績.*" RUNNING
08:48:18.377 [ INFO] maestro.Maestro.tap-HgV9Ck0: Tapping on element:  UiElement(treeNode=TreeNode(attributes={text=戦績, accessibilityText=, hintText=, ignoreBoundsFiltering=false, resource-id=, clickable=false, bounds=[511,2293][569,2336], enabled=true, focused=false, checked=false, scrollable=false, selected=false, class=android.widget.TextView, important-for-accessibility=true, error=}, children=[], clickable=false, enabled=true, focused=false, checked=false, selected=false), bounds=Bounds(x=511, y=2293, width=58, height=43))
08:48:20.068 [ INFO] maestro.Maestro.tap-HgV9Ck0: Tap aimed via settled hierarchy
08:48:20.068 [ INFO] maestro.Maestro.hierarchyBasedTap-ogj28Uc: Tapping at (540, 2314) using hierarchy based logic for wait
08:48:21.071 [ INFO] maestro.Maestro.hierarchyBasedTap-ogj28Uc: Something has changed in the UI judging by view hierarchy. Proceed.
08:48:21.071 [ INFO] maestro.cli.runner.CliConsoleListener.onCommandFinished: Tap on "戦績.*" COMPLETED
08:48:21.071 [ INFO] maestro.cli.runner.CliConsoleListener.onCommandStart: Tap on "全期間" RUNNING
08:48:21.201 [ INFO] maestro.Maestro.tap-HgV9Ck0: Tapping on element:  UiElement(treeNode=TreeNode(attributes={text=全期間, accessibilityText=, hintText=, ignoreBoundsFiltering=false, resource-id=, clickable=false, bounds=[805,474][925,533], enabled=true, focused=false, checked=false, scrollable=false, selected=false, class=android.widget.TextView, important-for-accessibility=true, error=}, children=[], clickable=false, enabled=true, focused=false, checked=false, selected=false), bounds=Bounds(x=805, y=474, width=120, height=59))
08:48:22.448 [ INFO] maestro.Maestro.tap-HgV9Ck0: Tap aimed via settled hierarchy
08:48:22.449 [ INFO] maestro.Maestro.hierarchyBasedTap-ogj28Uc: Tapping at (865, 503) using hierarchy based logic for wait
08:48:23.651 [ INFO] maestro.Maestro.hierarchyBasedTap-ogj28Uc: Something has changed in the UI judging by view hierarchy. Proceed.
08:48:23.651 [ INFO] maestro.cli.runner.CliConsoleListener.onCommandFinished: Tap on "全期間" COMPLETED
08:48:23.652 [ INFO] maestro.cli.runner.CliConsoleListener.onCommandStart: Assert that ".*2局.*2勝 0敗.*" is visible RUNNING
08:48:23.791 [ INFO] maestro.cli.runner.CliConsoleListener.onCommandFinished: Assert that ".*2局.*2勝 0敗.*" is visible COMPLETED
08:48:23.791 [ INFO] maestro.cli.runner.CliConsoleListener.onCommandStart: Scrolling DOWN until "先後：すべて" is visible with speed 40, visibility percentage 100%, timeout 20000 ms, with centering disabled RUNNING
08:48:23.892 [ INFO] maestro.orchestra.Orchestra.scrollUntilVisible: Scrolling try count: 0, DeviceWidth: 1080, DeviceWidth: 2400
08:48:23.892 [ INFO] maestro.orchestra.Orchestra.scrollUntilVisible: Element bounds: Bounds(x=123, y=1527, width=266, height=66)
08:48:23.893 [ INFO] maestro.orchestra.Orchestra.scrollUntilVisible: Visibility Percent: 1.0
08:48:23.893 [ INFO] maestro.orchestra.Orchestra.scrollUntilVisible: Command centerElement: ScrollUntilVisibleCommand(selector=ElementSelector(textRegex=先後：すべて, idRegex=null, size=null, below=null, above=null, leftOf=null, rightOf=null, containsChild=null, containsDescendants=null, traits=null, index=null, enabled=null, optional=false, selected=null, checked=null, focused=null, childOf=null, css=null), direction=DOWN, scrollDuration=601, visibilityPercentage=100, timeout=20000, waitToSettleTimeoutMs=null, centerElement=false, originalSpeedValue=40, label=null, optional=false).centerElement
08:48:23.893 [ INFO] maestro.orchestra.Orchestra.scrollUntilVisible: visibilityPercentageNormalized: 1.0
08:48:23.893 [ INFO] maestro.cli.runner.CliConsoleListener.onCommandFinished: Scrolling DOWN until "先後：すべて" is visible with speed 40, visibility percentage 100%, timeout 20000 ms, with centering disabled COMPLETED
08:48:23.893 [ INFO] maestro.cli.runner.CliConsoleListener.onCommandStart: Tap on "先後：すべて" RUNNING
08:48:24.023 [ INFO] maestro.Maestro.tap-HgV9Ck0: Tapping on element:  UiElement(treeNode=TreeNode(attributes={text=先後：すべて, accessibilityText=, hintText=, ignoreBoundsFiltering=false, resource-id=, clickable=false, bounds=[123,1527][389,1593], enabled=true, focused=false, checked=false, scrollable=false, selected=false, class=android.widget.TextView, important-for-accessibility=true, error=}, children=[], clickable=false, enabled=true, focused=false, checked=false, selected=false), bounds=Bounds(x=123, y=1527, width=266, height=66))
08:48:25.227 [ INFO] maestro.Maestro.tap-HgV9Ck0: Tap aimed via settled hierarchy
08:48:25.228 [ INFO] maestro.Maestro.hierarchyBasedTap-ogj28Uc: Tapping at (256, 1560) using hierarchy based logic for wait
08:48:26.493 [ INFO] maestro.Maestro.hierarchyBasedTap-ogj28Uc: Something has changed in the UI judging by view hierarchy. Proceed.
08:48:26.493 [ INFO] maestro.cli.runner.CliConsoleListener.onCommandFinished: Tap on "先後：すべて" COMPLETED
08:48:26.493 [ INFO] maestro.cli.runner.CliConsoleListener.onCommandStart: Tap on "先手" RUNNING
08:48:26.548 [ INFO] maestro.Maestro.tap-HgV9Ck0: Tapping on element:  UiElement(treeNode=TreeNode(attributes={text=先手, accessibilityText=, hintText=, ignoreBoundsFiltering=false, resource-id=, clickable=false, bounds=[42,2001][126,2063], enabled=true, focused=false, checked=false, scrollable=false, selected=false, class=android.widget.TextView, important-for-accessibility=true, error=}, children=[], clickable=false, enabled=true, focused=false, checked=false, selected=false), bounds=Bounds(x=42, y=2001, width=84, height=62))
08:48:27.779 [ INFO] maestro.Maestro.tap-HgV9Ck0: Tap aimed via settled hierarchy
08:48:27.780 [ INFO] maestro.Maestro.hierarchyBasedTap-ogj28Uc: Tapping at (84, 2032) using hierarchy based logic for wait
08:48:29.002 [ INFO] maestro.Maestro.hierarchyBasedTap-ogj28Uc: Something has changed in the UI judging by view hierarchy. Proceed.
08:48:29.002 [ INFO] maestro.cli.runner.CliConsoleListener.onCommandFinished: Tap on "先手" COMPLETED
08:48:29.003 [ INFO] maestro.cli.runner.CliConsoleListener.onCommandStart: Scrolling UP until ".*1局.*1勝 0敗.*" is visible with speed 40, visibility percentage 100%, timeout 20000 ms, with centering disabled RUNNING
08:48:29.119 [ INFO] maestro.orchestra.Orchestra.scrollUntilVisible: Scrolling try count: 0, DeviceWidth: 1080, DeviceWidth: 2400
08:48:29.119 [ INFO] maestro.orchestra.Orchestra.scrollUntilVisible: Element bounds: Bounds(x=53, y=942, width=975, height=66)
08:48:29.119 [ INFO] maestro.orchestra.Orchestra.scrollUntilVisible: Visibility Percent: 1.0
08:48:29.119 [ INFO] maestro.orchestra.Orchestra.scrollUntilVisible: Command centerElement: ScrollUntilVisibleCommand(selector=ElementSelector(textRegex=.*1局.*1勝 0敗.*, idRegex=null, size=null, below=null, above=null, leftOf=null, rightOf=null, containsChild=null, containsDescendants=null, traits=null, index=null, enabled=null, optional=false, selected=null, checked=null, focused=null, childOf=null, css=null), direction=UP, scrollDuration=601, visibilityPercentage=100, timeout=20000, waitToSettleTimeoutMs=null, centerElement=false, originalSpeedValue=40, label=null, optional=false).centerElement
08:48:29.120 [ INFO] maestro.orchestra.Orchestra.scrollUntilVisible: visibilityPercentageNormalized: 1.0
08:48:29.120 [ INFO] maestro.cli.runner.CliConsoleListener.onCommandFinished: Scrolling UP until ".*1局.*1勝 0敗.*" is visible with speed 40, visibility percentage 100%, timeout 20000 ms, with centering disabled COMPLETED
08:48:29.120 [ INFO] maestro.cli.runner.CliConsoleListener.onCommandStart: Assert that ".*1局.*1勝 0敗.*" is visible RUNNING
08:48:29.240 [ INFO] maestro.cli.runner.CliConsoleListener.onCommandFinished: Assert that ".*1局.*1勝 0敗.*" is visible COMPLETED
08:48:29.241 [ INFO] maestro.cli.runner.CliConsoleListener.onCommandStart: Take screenshot 24-side-filter RUNNING
08:48:29.242 [ INFO] maestro.Maestro.takeScreenshot: Taking screenshot
08:48:29.242 [TRACE] maestro.utils.ScreenshotUtils.takeScreenshot: Taking screenshot to output sink
08:48:29.403 [ INFO] maestro.cli.runner.CliConsoleListener.onCommandFinished: Take screenshot 24-side-filter COMPLETED
