08:54:34.872 [ INFO] maestro.cli.runner.CliConsoleListener.onCommandStart: Define variables RUNNING
08:54:34.874 [ INFO] maestro.cli.runner.CliConsoleListener.onCommandFinished: Define variables COMPLETED
08:54:34.875 [ INFO] maestro.cli.runner.CliConsoleListener.onCommandStart: Apply configuration RUNNING
08:54:34.875 [ INFO] maestro.cli.runner.CliConsoleListener.onCommandFinished: Apply configuration COMPLETED
08:54:34.875 [ INFO] maestro.cli.runner.CliConsoleListener.onCommandStart: Launch app "com.meeshogi.app" RUNNING
08:54:35.364 [ INFO] maestro.Maestro.launchApp$lambda$5: Launching app com.meeshogi.app
08:54:35.364 [ INFO] maestro.Maestro.launchApp$lambda$5: Stopping com.meeshogi.app app during launch
08:54:35.559 [ INFO] maestro.cli.runner.CliConsoleListener.onCommandFinished: Launch app "com.meeshogi.app" COMPLETED
08:54:35.559 [ INFO] maestro.cli.runner.CliConsoleListener.onCommandStart: Assert that ".*KeroPona.*" is visible RUNNING
08:54:39.070 [ INFO] maestro.cli.runner.CliConsoleListener.onCommandFinished: Assert that ".*KeroPona.*" is visible COMPLETED
08:54:39.071 [ INFO] maestro.cli.runner.CliConsoleListener.onCommandStart: Tap on id: library-search-toggle RUNNING
08:54:39.160 [ INFO] maestro.Maestro.tap-HgV9Ck0: Tapping on element:  UiElement(treeNode=TreeNode(attributes={text=, accessibilityText=棋譜を検索, hintText=, ignoreBoundsFiltering=false, resource-id=library-search-toggle, clickable=true, bounds=[766,280][892,406], enabled=true, focused=false, checked=false, scrollable=false, selected=false, class=android.widget.Button, important-for-accessibility=true, error=}, children=[TreeNode(attributes={text=, accessibilityText=, hintText=, ignoreBoundsFiltering=false, resource-id=, clickable=false, bounds=[799,313][861,374], enabled=true, focused=false, checked=false, scrollable=false, selected=false, class=android.widget.TextView, important-for-accessibility=true, error=}, children=[], clickable=false, enabled=true, focused=false, checked=false, selected=false)], clickable=true, enabled=true, focused=false, checked=false, selected=false), bounds=Bounds(x=766, y=280, width=126, height=126))
08:54:40.448 [ INFO] maestro.Maestro.tap-HgV9Ck0: Tap aimed via settled hierarchy
08:54:40.452 [ INFO] maestro.Maestro.hierarchyBasedTap-ogj28Uc: Tapping at (829, 343) using hierarchy based logic for wait
08:54:43.668 [ INFO] maestro.Maestro.hierarchyBasedTap-ogj28Uc: Something has changed in the UI judging by view hierarchy. Proceed.
08:54:43.668 [ INFO] maestro.cli.runner.CliConsoleListener.onCommandFinished: Tap on id: library-search-toggle COMPLETED
08:54:43.669 [ INFO] maestro.cli.runner.CliConsoleListener.onCommandStart: Tap on id: library-search-input RUNNING
08:54:43.827 [ INFO] maestro.Maestro.tap-HgV9Ck0: Tapping on element:  UiElement(treeNode=TreeNode(attributes={text=, accessibilityText=棋譜を検索, hintText=対局者名・日付で検索, ignoreBoundsFiltering=false, resource-id=library-search-input, clickable=true, bounds=[53,443][1028,569], enabled=true, focused=true, checked=false, scrollable=false, selected=false, class=android.widget.EditText, important-for-accessibility=true, error=}, children=[], clickable=true, enabled=true, focused=true, checked=false, selected=false), bounds=Bounds(x=53, y=443, width=975, height=126))
08:54:45.083 [ INFO] maestro.Maestro.tap-HgV9Ck0: Tap aimed via settled hierarchy
08:54:45.084 [ INFO] maestro.Maestro.hierarchyBasedTap-ogj28Uc: Tapping at (540, 506) using hierarchy based logic for wait
08:54:45.959 [ INFO] maestro.cli.runner.CliConsoleListener.onCommandFinished: Tap on id: library-search-input COMPLETED
08:54:45.959 [ INFO] maestro.cli.runner.CliConsoleListener.onCommandStart: Input text 2099 RUNNING
08:54:45.960 [ INFO] maestro.Maestro.inputText: Inputting text: 2099
08:54:47.134 [ INFO] maestro.cli.runner.CliConsoleListener.onCommandFinished: Input text 2099 COMPLETED
08:54:47.135 [ INFO] maestro.cli.runner.CliConsoleListener.onCommandStart: Assert that "棋譜が見つかりません" is visible RUNNING
08:54:47.230 [ INFO] maestro.cli.runner.CliConsoleListener.onCommandFinished: Assert that "棋譜が見つかりません" is visible COMPLETED
08:54:47.230 [ INFO] maestro.cli.runner.CliConsoleListener.onCommandStart: Hide Keyboard RUNNING
08:54:47.231 [ INFO] maestro.Maestro.hideKeyboard$lambda$12: Hiding Keyboard
08:54:48.602 [ INFO] maestro.cli.runner.CliConsoleListener.onCommandFinished: Hide Keyboard COMPLETED
08:54:48.603 [ INFO] maestro.cli.runner.CliConsoleListener.onCommandStart: Take screenshot 48-search-empty RUNNING
08:54:48.604 [ INFO] maestro.Maestro.takeScreenshot: Taking screenshot
08:54:48.605 [TRACE] maestro.utils.ScreenshotUtils.takeScreenshot: Taking screenshot to output sink
08:54:48.836 [ INFO] maestro.cli.runner.CliConsoleListener.onCommandFinished: Take screenshot 48-search-empty COMPLETED
08:54:48.836 [ INFO] maestro.cli.runner.CliConsoleListener.onCommandStart: Tap on "検索を閉じる" RUNNING
08:54:48.913 [ INFO] maestro.Maestro.tap-HgV9Ck0: Tapping on element:  UiElement(treeNode=TreeNode(attributes={text=, accessibilityText=検索を閉じる, hintText=, ignoreBoundsFiltering=false, resource-id=library-search-toggle, clickable=true, bounds=[766,280][892,406], enabled=true, focused=false, checked=false, scrollable=false, selected=false, class=android.widget.Button, important-for-accessibility=true, error=}, children=[TreeNode(attributes={text=, accessibilityText=, hintText=, ignoreBoundsFiltering=false, resource-id=, clickable=false, bounds=[799,313][861,374], enabled=true, focused=false, checked=false, scrollable=false, selected=false, class=android.widget.TextView, important-for-accessibility=true, error=}, children=[], clickable=false, enabled=true, focused=false, checked=false, selected=false)], clickable=true, enabled=true, focused=false, checked=false, selected=false), bounds=Bounds(x=766, y=280, width=126, height=126))
08:54:50.133 [ INFO] maestro.Maestro.tap-HgV9Ck0: Tap aimed via settled hierarchy
08:54:50.134 [ INFO] maestro.Maestro.hierarchyBasedTap-ogj28Uc: Tapping at (829, 343) using hierarchy based logic for wait
08:54:51.063 [ INFO] maestro.Maestro.hierarchyBasedTap-ogj28Uc: Something has changed in the UI judging by view hierarchy. Proceed.
08:54:51.063 [ INFO] maestro.cli.runner.CliConsoleListener.onCommandFinished: Tap on "検索を閉じる" COMPLETED
08:54:51.064 [ INFO] maestro.cli.runner.CliConsoleListener.onCommandStart: Assert that ".*最近の対局.*2局.*" is visible RUNNING
08:54:51.179 [ INFO] maestro.cli.runner.CliConsoleListener.onCommandFinished: Assert that ".*最近の対局.*2局.*" is visible COMPLETED
08:54:51.180 [ INFO] maestro.cli.runner.CliConsoleListener.onCommandStart: Assert that id: library-search-input is not visible RUNNING
08:54:51.860 [ INFO] maestro.cli.runner.CliConsoleListener.onCommandFinished: Assert that id: library-search-input is not visible COMPLETED
08:54:51.861 [ INFO] maestro.cli.runner.CliConsoleListener.onCommandStart: Scrolling DOWN until ".*SiGototti.*" is visible with speed 40, visibility percentage 100%, timeout 20000 ms, with centering disabled RUNNING
08:54:51.986 [ INFO] maestro.orchestra.Orchestra.scrollUntilVisible: Scrolling try count: 0, DeviceWidth: 1080, DeviceWidth: 2400
08:54:51.986 [ INFO] maestro.orchestra.Orchestra.scrollUntilVisible: Element bounds: Bounds(x=184, y=1564, width=178, height=66)
08:54:51.987 [ INFO] maestro.orchestra.Orchestra.scrollUntilVisible: Visibility Percent: 1.0
08:54:51.994 [ INFO] maestro.orchestra.Orchestra.scrollUntilVisible: Command centerElement: ScrollUntilVisibleCommand(selector=ElementSelector(textRegex=.*SiGototti.*, idRegex=null, size=null, below=null, above=null, leftOf=null, rightOf=null, containsChild=null, containsDescendants=null, traits=null, index=null, enabled=null, optional=false, selected=null, checked=null, focused=null, childOf=null, css=null), direction=DOWN, scrollDuration=601, visibilityPercentage=100, timeout=20000, waitToSettleTimeoutMs=null, centerElement=false, originalSpeedValue=40, label=null, optional=false).centerElement
08:54:51.994 [ INFO] maestro.orchestra.Orchestra.scrollUntilVisible: visibilityPercentageNormalized: 1.0
08:54:51.994 [ INFO] maestro.cli.runner.CliConsoleListener.onCommandFinished: Scrolling DOWN until ".*SiGototti.*" is visible with speed 40, visibility percentage 100%, timeout 20000 ms, with centering disabled COMPLETED
08:54:51.995 [ INFO] maestro.cli.runner.CliConsoleListener.onCommandStart: Tap on ".*SiGototti.*" RUNNING
08:54:52.094 [ INFO] maestro.Maestro.tap-HgV9Ck0: Tapping on element:  UiElement(treeNode=TreeNode(attributes={text=SiGototti, accessibilityText=, hintText=, ignoreBoundsFiltering=false, resource-id=, clickable=false, bounds=[184,1564][362,1630], enabled=true, focused=false, checked=false, scrollable=false, selected=false, class=android.widget.TextView, important-for-accessibility=true, error=}, children=[], clickable=false, enabled=true, focused=false, checked=false, selected=false), bounds=Bounds(x=184, y=1564, width=178, height=66))
08:54:53.322 [ INFO] maestro.Maestro.tap-HgV9Ck0: Tap aimed via settled hierarchy
08:54:53.323 [ INFO] maestro.Maestro.hierarchyBasedTap-ogj28Uc: Tapping at (273, 1597) using hierarchy based logic for wait
08:54:54.897 [ INFO] maestro.Maestro.hierarchyBasedTap-ogj28Uc: Something has changed in the UI judging by view hierarchy. Proceed.
08:54:54.897 [ INFO] maestro.cli.runner.CliConsoleListener.onCommandFinished: Tap on ".*SiGototti.*" COMPLETED
08:54:54.898 [ INFO] maestro.cli.runner.CliConsoleListener.onCommandStart: Tap on "棋譜の操作" RUNNING
08:54:55.092 [ INFO] maestro.Maestro.tap-HgV9Ck0: Tapping on element:  UiElement(treeNode=TreeNode(attributes={text=, accessibilityText=棋譜の操作, hintText=, ignoreBoundsFiltering=false, resource-id=, clickable=true, bounds=[923,151][1038,267], enabled=true, focused=false, checked=false, scrollable=false, selected=false, class=android.widget.Button, important-for-accessibility=true, error=}, children=[TreeNode(attributes={text=, accessibilityText=, hintText=, ignoreBoundsFiltering=false, resource-id=, clickable=false, bounds=[951,179][1012,240], enabled=true, focused=false, checked=false, scrollable=false, selected=false, class=android.widget.TextView, important-for-accessibility=true, error=}, children=[], clickable=false, enabled=true, focused=false, checked=false, selected=false)], clickable=true, enabled=true, focused=false, checked=false, selected=false), bounds=Bounds(x=923, y=151, width=115, height=116))
08:54:56.358 [ INFO] maestro.Maestro.tap-HgV9Ck0: Tap aimed via settled hierarchy
08:54:56.359 [ INFO] maestro.Maestro.hierarchyBasedTap-ogj28Uc: Tapping at (980, 209) using hierarchy based logic for wait
08:54:57.708 [ INFO] maestro.Maestro.hierarchyBasedTap-ogj28Uc: Something has changed in the UI judging by view hierarchy. Proceed.
08:54:57.708 [ INFO] maestro.cli.runner.CliConsoleListener.onCommandFinished: Tap on "棋譜の操作" COMPLETED
08:54:57.708 [ INFO] maestro.cli.runner.CliConsoleListener.onCommandStart: Tap on "対局情報を確認・修正" RUNNING
08:54:57.768 [ INFO] maestro.Maestro.tap-HgV9Ck0: Tapping on element:  UiElement(treeNode=TreeNode(attributes={text=対局情報を確認・修正, accessibilityText=, hintText=, ignoreBoundsFiltering=false, resource-id=, clickable=false, bounds=[42,2001][462,2063], enabled=true, focused=false, checked=false, scrollable=false, selected=false, class=android.widget.TextView, important-for-accessibility=true, error=}, children=[], clickable=false, enabled=true, focused=false, checked=false, selected=false), bounds=Bounds(x=42, y=2001, width=420, height=62))
08:54:59.112 [ INFO] maestro.Maestro.tap-HgV9Ck0: Tap aimed via settled hierarchy
08:54:59.113 [ INFO] maestro.Maestro.hierarchyBasedTap-ogj28Uc: Tapping at (252, 2032) using hierarchy based logic for wait
08:55:01.657 [ INFO] maestro.Maestro.hierarchyBasedTap-ogj28Uc: Something has changed in the UI judging by view hierarchy. Proceed.
08:55:01.658 [ INFO] maestro.cli.runner.CliConsoleListener.onCommandFinished: Tap on "対局情報を確認・修正" COMPLETED
08:55:01.658 [ INFO] maestro.cli.runner.CliConsoleListener.onCommandStart: Scrolling DOWN until "この棋譜を削除" is visible with speed 40, visibility percentage 100%, timeout 20000 ms, with centering disabled RUNNING
08:55:01.708 [ INFO] maestro.orchestra.Orchestra.scrollUntilVisible: Scrolling try count: 0, DeviceWidth: 1080, DeviceWidth: 2400
08:55:01.708 [ INFO] maestro.orchestra.Orchestra.scrollUntilVisible: Element bounds: Bounds(x=123, y=2387, width=315, height=13)
08:55:01.708 [ INFO] maestro.orchestra.Orchestra.scrollUntilVisible: Visibility Percent: 1.0
08:55:01.708 [ INFO] maestro.orchestra.Orchestra.scrollUntilVisible: Command centerElement: ScrollUntilVisibleCommand(selector=ElementSelector(textRegex=この棋譜を削除, idRegex=null, size=null, below=null, above=null, leftOf=null, rightOf=null, containsChild=null, containsDescendants=null, traits=null, index=null, enabled=null, optional=false, selected=null, checked=null, focused=null, childOf=null, css=null), direction=DOWN, scrollDuration=601, visibilityPercentage=100, timeout=20000, waitToSettleTimeoutMs=null, centerElement=false, originalSpeedValue=40, label=null, optional=false).centerElement
08:55:01.709 [ INFO] maestro.orchestra.Orchestra.scrollUntilVisible: visibilityPercentageNormalized: 1.0
08:55:01.709 [ INFO] maestro.cli.runner.CliConsoleListener.onCommandFinished: Scrolling DOWN until "この棋譜を削除" is visible with speed 40, visibility percentage 100%, timeout 20000 ms, with centering disabled COMPLETED
08:55:01.709 [ INFO] maestro.cli.runner.CliConsoleListener.onCommandStart: Tap on "この棋譜を削除" RUNNING
08:55:01.829 [ INFO] maestro.Maestro.tap-HgV9Ck0: Tapping on element:  UiElement(treeNode=TreeNode(attributes={text=この棋譜を削除, accessibilityText=, hintText=, ignoreBoundsFiltering=false, resource-id=, clickable=false, bounds=[123,2387][438,2400], enabled=true, focused=false, checked=false, scrollable=false, selected=false, class=android.widget.TextView, important-for-accessibility=true, error=}, children=[], clickable=false, enabled=true, focused=false, checked=false, selected=false), bounds=Bounds(x=123, y=2387, width=315, height=13))
08:55:03.298 [ INFO] maestro.Maestro.tap-HgV9Ck0: Tap aimed via settled hierarchy
08:55:03.299 [ INFO] maestro.Maestro.hierarchyBasedTap-ogj28Uc: Tapping at (280, 2393) using hierarchy based logic for wait
08:55:04.312 [ INFO] maestro.Maestro.hierarchyBasedTap-ogj28Uc: Something has changed in the UI judging by view hierarchy. Proceed.
08:55:04.312 [ INFO] maestro.cli.runner.CliConsoleListener.onCommandFinished: Tap on "この棋譜を削除" COMPLETED
08:55:04.312 [ INFO] maestro.cli.runner.CliConsoleListener.onCommandStart: Assert that "棋譜を削除しますか？" is visible RUNNING
08:55:04.368 [ INFO] maestro.cli.runner.CliConsoleListener.onCommandFinished: Assert that "棋譜を削除しますか？" is visible COMPLETED
08:55:04.368 [ INFO] maestro.cli.runner.CliConsoleListener.onCommandStart: Take screenshot 49-delete-confirmation RUNNING
08:55:04.369 [ INFO] maestro.Maestro.takeScreenshot: Taking screenshot
08:55:04.369 [TRACE] maestro.utils.ScreenshotUtils.takeScreenshot: Taking screenshot to output sink
08:55:04.511 [ INFO] maestro.cli.runner.CliConsoleListener.onCommandFinished: Take screenshot 49-delete-confirmation COMPLETED
08:55:04.511 [ INFO] maestro.cli.runner.CliConsoleListener.onCommandStart: Tap on "削除" RUNNING
08:55:04.608 [ INFO] maestro.Maestro.tap-HgV9Ck0: Tapping on element:  UiElement(treeNode=TreeNode(attributes={text=削除, accessibilityText=, hintText=, ignoreBoundsFiltering=false, resource-id=android:id/button1, clickable=true, bounds=[810,1301][978,1443], enabled=true, focused=false, checked=false, scrollable=false, selected=false, class=android.widget.Button, important-for-accessibility=true, error=}, children=[], clickable=true, enabled=true, focused=false, checked=false, selected=false), bounds=Bounds(x=810, y=1301, width=168, height=142))
08:55:05.872 [ INFO] maestro.Maestro.tap-HgV9Ck0: Tap aimed via settled hierarchy
08:55:05.873 [ INFO] maestro.Maestro.hierarchyBasedTap-ogj28Uc: Tapping at (894, 1372) using hierarchy based logic for wait
08:55:06.904 [ INFO] maestro.Maestro.hierarchyBasedTap-ogj28Uc: Something has changed in the UI judging by view hierarchy. Proceed.
08:55:06.904 [ INFO] maestro.cli.runner.CliConsoleListener.onCommandFinished: Tap on "削除" COMPLETED
08:55:06.905 [ INFO] maestro.cli.runner.CliConsoleListener.onCommandStart: Assert that id: library-screen is visible RUNNING
08:55:07.007 [ INFO] maestro.cli.runner.CliConsoleListener.onCommandFinished: Assert that id: library-screen is visible COMPLETED
08:55:07.008 [ INFO] maestro.cli.runner.CliConsoleListener.onCommandStart: Assert that ".*最近の対局.*1局.*" is visible RUNNING
08:55:07.119 [ INFO] maestro.cli.runner.CliConsoleListener.onCommandFinished: Assert that ".*最近の対局.*1局.*" is visible COMPLETED
08:55:07.119 [ INFO] maestro.cli.runner.CliConsoleListener.onCommandStart: Assert that ".*SiGototti.*" is not visible RUNNING
08:55:07.782 [ INFO] maestro.cli.runner.CliConsoleListener.onCommandFinished: Assert that ".*SiGototti.*" is not visible COMPLETED
08:55:07.782 [ INFO] maestro.cli.runner.CliConsoleListener.onCommandStart: Stop com.meeshogi.app RUNNING
08:55:07.783 [ INFO] maestro.Maestro.stopApp$lambda$6: Stopping app com.meeshogi.app
08:55:07.812 [ INFO] maestro.cli.runner.CliConsoleListener.onCommandFinished: Stop com.meeshogi.app COMPLETED
08:55:07.812 [ INFO] maestro.cli.runner.CliConsoleListener.onCommandStart: Launch app "com.meeshogi.app" RUNNING
08:55:08.664 [ INFO] maestro.Maestro.launchApp$lambda$5: Launching app com.meeshogi.app
08:55:08.665 [ INFO] maestro.Maestro.launchApp$lambda$5: Stopping com.meeshogi.app app during launch
08:55:08.706 [ INFO] maestro.cli.runner.CliConsoleListener.onCommandFinished: Launch app "com.meeshogi.app" COMPLETED
08:55:08.706 [ INFO] maestro.cli.runner.CliConsoleListener.onCommandStart: Assert that ".*SiGototti.*" is not visible RUNNING
08:55:10.161 [ INFO] maestro.cli.runner.CliConsoleListener.onCommandFinished: Assert that ".*SiGototti.*" is not visible COMPLETED
08:55:10.161 [ INFO] maestro.cli.runner.CliConsoleListener.onCommandStart: Tap on "戦績.*" RUNNING
08:55:11.640 [ INFO] maestro.Maestro.tap-HgV9Ck0: Tapping on element:  UiElement(treeNode=TreeNode(attributes={text=戦績, accessibilityText=, hintText=, ignoreBoundsFiltering=false, resource-id=, clickable=false, bounds=[511,2293][569,2336], enabled=true, focused=false, checked=false, scrollable=false, selected=false, class=android.widget.TextView, important-for-accessibility=true, error=}, children=[], clickable=false, enabled=true, focused=false, checked=false, selected=false), bounds=Bounds(x=511, y=2293, width=58, height=43))
08:55:12.830 [ INFO] maestro.Maestro.tap-HgV9Ck0: Tap aimed via settled hierarchy
08:55:12.831 [ INFO] maestro.Maestro.hierarchyBasedTap-ogj28Uc: Tapping at (540, 2314) using hierarchy based logic for wait
08:55:14.048 [ INFO] maestro.Maestro.hierarchyBasedTap-ogj28Uc: Something has changed in the UI judging by view hierarchy. Proceed.
08:55:14.049 [ INFO] maestro.cli.runner.CliConsoleListener.onCommandFinished: Tap on "戦績.*" COMPLETED
08:55:14.049 [ INFO] maestro.cli.runner.CliConsoleListener.onCommandStart: Tap on "全期間" RUNNING
08:55:14.131 [ INFO] maestro.Maestro.tap-HgV9Ck0: Tapping on element:  UiElement(treeNode=TreeNode(attributes={text=全期間, accessibilityText=, hintText=, ignoreBoundsFiltering=false, resource-id=, clickable=false, bounds=[805,474][925,533], enabled=true, focused=false, checked=false, scrollable=false, selected=false, class=android.widget.TextView, important-for-accessibility=true, error=}, children=[], clickable=false, enabled=true, focused=false, checked=false, selected=false), bounds=Bounds(x=805, y=474, width=120, height=59))
08:55:15.436 [ INFO] maestro.Maestro.tap-HgV9Ck0: Tap aimed via settled hierarchy
08:55:15.437 [ INFO] maestro.Maestro.hierarchyBasedTap-ogj28Uc: Tapping at (865, 503) using hierarchy based logic for wait
08:55:16.829 [ INFO] maestro.Maestro.hierarchyBasedTap-ogj28Uc: Something has changed in the UI judging by view hierarchy. Proceed.
08:55:16.830 [ INFO] maestro.cli.runner.CliConsoleListener.onCommandFinished: Tap on "全期間" COMPLETED
08:55:16.830 [ INFO] maestro.cli.runner.CliConsoleListener.onCommandStart: Assert that ".*1局.*1勝 0敗.*" is visible RUNNING
08:55:16.950 [ INFO] maestro.cli.runner.CliConsoleListener.onCommandFinished: Assert that ".*1局.*1勝 0敗.*" is visible COMPLETED
08:55:16.951 [ INFO] maestro.cli.runner.CliConsoleListener.onCommandStart: Take screenshot 50-deletion-statistics RUNNING
08:55:16.951 [ INFO] maestro.Maestro.takeScreenshot: Taking screenshot
08:55:16.951 [TRACE] maestro.utils.ScreenshotUtils.takeScreenshot: Taking screenshot to output sink
08:55:17.096 [ INFO] maestro.cli.runner.CliConsoleListener.onCommandFinished: Take screenshot 50-deletion-statistics COMPLETED
