2026-09-24T15:07:09Z acceptance.start mode=full
2026-09-24T15:07:09Z simulator.boot.start
2026-09-24T15:07:10Z simulator.boot.end
2026-09-24T15:07:10Z keyboard-introduction.suppressed
2026-09-24T15:07:10Z app.install.start
2026-09-24T15:07:11Z app.install.end
2026-09-24T15:07:15Z clipboard-helper.start file=fixtures/kif/shogiwars.kif request=912bd540-d33f-4d24-8e5f-fae1b1726c00
2026-09-24T15:07:17Z clipboard-helper.end file=fixtures/kif/shogiwars.kif request=912bd540-d33f-4d24-8e5f-fae1b1726c00 attempts=2
2026-09-24T15:07:17Z flow.start licenses-review
2026-09-24T15:07:51Z flow.end licenses-review
2026-09-24T15:07:51Z flow.start import-review
2026-09-24T15:08:48Z flow.end import-review
2026-09-24T15:08:48Z flow.skip player-names
2026-09-24T15:08:48Z flow.skip player-names-kiou
2026-09-24T15:08:48Z flow.skip analysis-review
2026-09-24T15:08:48Z flow.skip analysis-partial-review
2026-09-24T15:08:48Z flow.skip candidate-review
2026-09-24T15:08:48Z flow.skip file-import
2026-09-24T15:08:48Z flow.skip management-review
2026-09-24T15:08:48Z flow.skip appearance-review
2026-09-24T15:08:48Z flow.skip appearance-dark
2026-09-24T15:08:48Z flow.start export-review-ios
2026-09-24T15:09:28Z flow.end export-review-ios
2026-09-24T15:10:00Z flow.skip background-review
2026-09-24T15:10:00Z flow.skip search-delete-review
2026-09-24T15:10:00Z acceptance.end status=0
