Monitoring boot status for iPad mini (A17 Pro) (04E546A6-D66F-4E0B-8B46-D7A16C5EB803).
[2026-09-23 14:39:34 +0000] Status=1, isTerminal=NO, Elapsed=00:01.
	Waiting on BackBoard

[2026-09-23 14:39:40 +0000] Status=4, isTerminal=NO, Elapsed=00:06.
	Waiting on System App

[2026-09-23 14:39:43 +0000] Status=4, isTerminal=NO, Elapsed=00:09.
	Waiting on System App

[2026-09-23 14:39:43 +0000] Status=4, isTerminal=NO, Elapsed=00:10.
	Waiting on System App

[2026-09-23 14:39:43 +0000] Status=4, isTerminal=NO, Elapsed=00:10.
	Waiting on System App

[2026-09-23 14:39:45 +0000] Status=4294967295, isTerminal=YES, Elapsed=00:12.
	Finished

2026-09-23T14:40:30Z flow.start pr12-layout

Waiting for flows to complete...
[Passed] pr12-layout (44s)

1/1 Flow Passed in 44s

2026-09-23T14:41:49Z flow.end pr12-layout status=0
Detected file type from extension: PNG
Note: No display specified. Defaulting to display: 180C96FC-44D6-46C5-A2CE-753BED19294E (screenID: 1, name: LCD)
Wrote screenshot to: /Users/devin/evidence-pr12-ios-fix/pr12/layout/ipadmini/final.png
2026-09-23T14:41:51Z device-layout.end
