2026-09-23T11:43:04Z flow.start pr12-piece-sets
2026-09-23T11:43:38Z flow.end pr12-piece-sets status=1
2026-09-23T11:45:37Z flow.start pr12-piece-sets
2026-09-23T11:46:37Z flow.end pr12-piece-sets status=1
2026-09-23T11:47:17Z flow.start pr12-piece-sets
2026-09-23T11:50:10Z flow.end pr12-piece-sets status=0
2026-09-23T11:50:10Z flow.start pr12-graph
2026-09-23T11:51:07Z flow.end pr12-graph status=1
2026-09-23T11:51:46Z flow.start pr12-piece-sets
2026-09-23T11:54:43Z flow.end pr12-piece-sets status=0
2026-09-23T11:54:43Z flow.start pr12-graph
2026-09-23T11:55:41Z flow.end pr12-graph status=1
2026-09-23T11:55:55Z flow.start pr12-piece-sets
2026-09-23T11:58:47Z flow.end pr12-piece-sets status=0
2026-09-23T11:58:47Z flow.start pr12-graph
2026-09-23T11:59:21Z flow.end pr12-graph status=0
2026-09-23T11:59:22Z pr12-checks.end
2026-09-23T11:59:45Z flow.start pr12-piece-sets
2026-09-23T12:02:33Z flow.end pr12-piece-sets status=0
2026-09-23T12:02:33Z flow.start pr12-graph
2026-09-23T12:03:11Z flow.end pr12-graph status=0
2026-09-23T12:03:12Z pr12-checks.end
