Downloading https://services.gradle.org/distributions/gradle-9.3.1-bin.zip
.............10%.............20%.............30%.............40%.............50%.............60%.............70%.............80%.............90%.............100%

Welcome to Gradle 9.3.1!

Here are the highlights of this release:
 - Test reporting improvements
 - Error and warning improvements
 - Build authoring improvements

For more details see https://docs.gradle.org/9.3.1/release-notes.html

To honour the JVM settings for this build a single-use Daemon process will be forked. For more on this, please refer to https://docs.gradle.org/9.3.1/userguide/gradle_daemon.html#sec:disabling_the_daemon in the Gradle documentation.
Daemon will be stopped at the end of the build 
> Task :gradle-plugin:settings-plugin:checkKotlinGradlePluginConfigurationErrors SKIPPED
> Task :expo-gradle-plugin:expo-autolinking-plugin-shared:checkKotlinGradlePluginConfigurationErrors SKIPPED
> Task :gradle-plugin:shared:checkKotlinGradlePluginConfigurationErrors SKIPPED
> Task :expo-gradle-plugin:expo-autolinking-settings-plugin:checkKotlinGradlePluginConfigurationErrors SKIPPED
> Task :expo-gradle-plugin:expo-autolinking-settings-plugin:pluginDescriptors
> Task :expo-gradle-plugin:expo-autolinking-settings-plugin:processResources
> Task :gradle-plugin:settings-plugin:pluginDescriptors
> Task :gradle-plugin:settings-plugin:processResources
> Task :expo-gradle-plugin:expo-autolinking-plugin-shared:processResources NO-SOURCE
> Task :gradle-plugin:shared:processResources NO-SOURCE
> Task :gradle-plugin:shared:compileKotlin
> Task :gradle-plugin:shared:compileJava NO-SOURCE
> Task :gradle-plugin:shared:classes UP-TO-DATE
> Task :gradle-plugin:shared:jar
> Task :expo-gradle-plugin:expo-autolinking-plugin-shared:compileKotlin
> Task :expo-gradle-plugin:expo-autolinking-plugin-shared:compileJava NO-SOURCE
> Task :expo-gradle-plugin:expo-autolinking-plugin-shared:classes UP-TO-DATE
> Task :expo-gradle-plugin:expo-autolinking-plugin-shared:jar
> Task :gradle-plugin:settings-plugin:compileKotlin
> Task :gradle-plugin:settings-plugin:compileJava NO-SOURCE
> Task :gradle-plugin:settings-plugin:classes
> Task :gradle-plugin:settings-plugin:jar
> Task :expo-gradle-plugin:expo-autolinking-settings-plugin:compileKotlin
> Task :expo-gradle-plugin:expo-autolinking-settings-plugin:compileJava NO-SOURCE
> Task :expo-gradle-plugin:expo-autolinking-settings-plugin:classes
> Task :expo-gradle-plugin:expo-autolinking-settings-plugin:jar
> Task :expo-gradle-plugin:expo-autolinking-plugin:checkKotlinGradlePluginConfigurationErrors SKIPPED
> Task :expo-gradle-plugin:expo-max-sdk-override-plugin:checkKotlinGradlePluginConfigurationErrors SKIPPED
> Task :expo-gradle-plugin:expo-max-sdk-override-plugin:compileKotlin
> Task :expo-gradle-plugin:expo-autolinking-plugin:pluginDescriptors
> Task :expo-gradle-plugin:expo-autolinking-plugin:processResources
> Task :expo-gradle-plugin:expo-max-sdk-override-plugin:compileJava NO-SOURCE
> Task :expo-gradle-plugin:expo-max-sdk-override-plugin:pluginDescriptors
> Task :expo-gradle-plugin:expo-max-sdk-override-plugin:processResources
> Task :expo-gradle-plugin:expo-max-sdk-override-plugin:classes
> Task :expo-gradle-plugin:expo-max-sdk-override-plugin:jar
> Task :gradle-plugin:react-native-gradle-plugin:checkKotlinGradlePluginConfigurationErrors SKIPPED
> Task :expo-module-gradle-plugin:checkKotlinGradlePluginConfigurationErrors SKIPPED
> Task :expo-module-gradle-plugin:pluginDescriptors
> Task :expo-module-gradle-plugin:processResources
> Task :expo-gradle-plugin:expo-autolinking-plugin:compileKotlin
> Task :expo-gradle-plugin:expo-autolinking-plugin:compileJava NO-SOURCE
> Task :expo-gradle-plugin:expo-autolinking-plugin:classes
> Task :expo-gradle-plugin:expo-autolinking-plugin:jar
> Task :gradle-plugin:react-native-gradle-plugin:pluginDescriptors
> Task :gradle-plugin:react-native-gradle-plugin:processResources
> Task :gradle-plugin:react-native-gradle-plugin:compileKotlin
> Task :gradle-plugin:react-native-gradle-plugin:compileJava NO-SOURCE
> Task :gradle-plugin:react-native-gradle-plugin:classes
> Task :gradle-plugin:react-native-gradle-plugin:jar

> Task :expo-module-gradle-plugin:compileKotlin
w: file:///home/ubuntu/repos/meeshogi/node_modules/expo-modules-core/expo-module-gradle-plugin/src/main/kotlin/expo/modules/plugin/android/AndroidLibraryExtension.kt:9:24 'var targetSdk: Int?' is deprecated. Will be removed from library DSL in v9.0. Use testOptions.targetSdk or/and lint.targetSdk instead.

> Task :expo-module-gradle-plugin:compileJava NO-SOURCE
> Task :expo-module-gradle-plugin:classes
> Task :expo-module-gradle-plugin:jar

> Configure project :
[32m[ExpoRootProject][0m Using the following versions:
  - buildTools:  [32m36.0.0[0m
  - minSdk:      [32m24[0m
  - compileSdk:  [32m36[0m
  - targetSdk:   [32m36[0m
  - ndk:         [32m27.1.12297006[0m
  - kotlin:      [32m2.1.20[0m
  - ksp:         [32m2.1.20-2.0.1[0m

> Configure project :app
 ℹ️  [33mApplying gradle plugin[0m '[32mexpo-max-sdk-override-plugin[0m'
  [expo-max-sdk-override-plugin] This plugin will find all permissions declared with `android:maxSdkVersion`. If there exists a declaration with the `android:maxSdkVersion` annotation and another one without, the plugin will remove the annotation from the final merged manifest. In order to see a log with the changes run a clean build of the app.

> Configure project :expo

Using expo modules
  - [32mexpo-log-box[0m (57.0.4)
  - [32mmeeshogi-sekirei[0m (0.1.0)
  - [32mexpo-constants[0m (57.0.18)

> Configure project :expo-modules-core
Linking react-native-worklets native libs into expo-modules-core build tasks
task ':react-native-worklets:mergeDebugNativeLibs'
task ':react-native-worklets:mergeReleaseNativeLibs'

> Configure project :expo
  - [32mexpo-modules-core[0m (57.0.18)
  - [33m[📦][0m [32mexpo-dom-webview[0m (57.0.1)
  - [33m[📦][0m [32mexpo-ui[0m (57.0.18)
  - [33m[📦][0m [32mexpo-asset[0m (57.0.17)
  - [33m[📦][0m [32mexpo-clipboard[0m (57.0.2)
  - [33m[📦][0m [32mexpo-crypto[0m (57.0.3)
  - [33m[📦][0m [32mexpo-document-picker[0m (57.0.2)
  - [33m[📦][0m [32mexpo-file-system[0m (57.0.7)
  - [33m[📦][0m [32mexpo-font[0m (57.0.4)
  - [33m[📦][0m [32mexpo-haptics[0m (57.0.3)
  - [33m[📦][0m [32mexpo-image[0m (57.0.5)
  - [33m[📦][0m [32mexpo-keep-awake[0m (57.0.2)
  - [33m[📦][0m [32mexpo-linking[0m (57.0.10)
  - [33m[📦][0m [32mexpo-router[0m (57.0.21)
  - [33m[📦][0m [32mexpo-sharing[0m (57.0.19)
  - [33m[📦][0m [32mexpo-sqlite[0m (57.0.3)
  - [33m[📦][0m [32mexpo-status-bar[0m (57.0.1)
  - [33m[📦][0m [32mexpo-system-ui[0m (57.0.4)


> Task :expo:generatePackagesList
> Task :expo:preBuild
> Task :app:generateAutolinkingNewArchitectureFiles
> Task :app:generateAutolinkingPackageList
> Task :app:generateCodegenSchemaFromJavaScript SKIPPED
> Task :app:generateCodegenArtifactsFromSchema SKIPPED
> Task :app:generateReactNativeEntryPoint
> Task :expo-log-box:preBuild UP-TO-DATE
> Task :expo-modules-core:preBuild UP-TO-DATE

> Task :expo-constants:createExpoConfig
The NODE_ENV environment variable is required but was not specified. Ensure the project is bundled with Expo CLI or NODE_ENV is set. Using only .env.local and .env

> Task :expo-constants:preBuild
> Task :react-native-gesture-handler:generateCodegenSchemaFromJavaScript
> Task :react-native-gesture-handler:generateCodegenArtifactsFromSchema
> Task :react-native-gesture-handler:preBuild
> Task :react-native-keyboard-controller:generateCodegenSchemaFromJavaScript
> Task :react-native-keyboard-controller:generateCodegenArtifactsFromSchema
> Task :react-native-keyboard-controller:preBuild
> Task :react-native-masked-view_masked-view:preBuild UP-TO-DATE
> Task :react-native-reanimated:assertMinimalReactNativeVersionTask
> Task :react-native-reanimated:assertWorkletsVersionTask
> Task :react-native-reanimated:generateCodegenSchemaFromJavaScript
> Task :react-native-reanimated:generateCodegenArtifactsFromSchema
> Task :react-native-reanimated:prepareReanimatedHeadersForPrefabs
> Task :react-native-reanimated:preBuild
> Task :react-native-safe-area-context:generateCodegenSchemaFromJavaScript
> Task :react-native-safe-area-context:generateCodegenArtifactsFromSchema
> Task :react-native-safe-area-context:preBuild
> Task :react-native-screens:generateCodegenSchemaFromJavaScript
> Task :react-native-screens:generateCodegenArtifactsFromSchema
> Task :react-native-screens:preBuild
> Task :react-native-svg:generateCodegenSchemaFromJavaScript
> Task :react-native-svg:generateCodegenArtifactsFromSchema
> Task :react-native-svg:preBuild
> Task :react-native-worklets:assertMinimalReactNativeVersionTask
> Task :react-native-worklets:generateCodegenSchemaFromJavaScript
> Task :react-native-worklets:generateCodegenArtifactsFromSchema
> Task :react-native-worklets:prepareWorkletsHeadersForPrefabs
> Task :react-native-worklets:preBuild
> Task :react-native-reanimated:preReleaseBuild
> Task :react-native-worklets:preReleaseBuild

> Task :meeshogi-sekirei:buildSekireiRust
{"path":"/home/ubuntu/repos/meeshogi/assets/model/c-leaf-wrm-seed42.bin","size":1305356,"sha256":"807c18da03521414a8c75dfe51dd4de2caf8e9ec4909320826eac12b66852eab"}
    Building arm64-v8a (aarch64-linux-android)
    Updating crates.io index
    Updating git repository `https://github.com/kent-tokyo/sekirei.git`
 Downloading crates ...
  Downloaded block-buffer v0.10.4
  Downloaded either v1.18.0
  Downloaded sha2 v0.10.9
  Downloaded unicode-ident v1.0.24
  Downloaded generic-array v0.14.7
  Downloaded cpufeatures v0.2.17
  Downloaded jni-sys v0.3.1
  Downloaded itoa v1.0.18
  Downloaded cesu8 v1.1.0
  Downloaded same-file v1.0.6
  Downloaded cfg-if v1.0.4
  Downloaded jni-sys-macros v0.4.1
  Downloaded jni-sys v0.4.1
  Downloaded crypto-common v0.1.7
  Downloaded quote v1.0.47
  Downloaded zmij v1.0.23
  Downloaded walkdir v2.5.0
  Downloaded crossbeam-deque v0.8.8
  Downloaded digest v0.10.7
  Downloaded proc-macro2 v1.0.107
  Downloaded log v0.4.34
  Downloaded serde_derive v1.0.229
  Downloaded serde_core v1.0.229
  Downloaded serde v1.0.229
  Downloaded memchr v2.8.3
  Downloaded typenum v1.20.1
  Downloaded combine v4.6.8
  Downloaded rayon v1.12.0
  Downloaded serde_json v1.0.151
  Downloaded jni v0.21.1
  Downloaded rayon-core v1.13.0
  Downloaded crossbeam-utils v0.8.23
  Downloaded bytes v1.12.1
  Downloaded crossbeam-epoch v0.9.21
  Downloaded syn v3.0.5
  Downloaded syn v2.0.119
  Downloaded libc v0.2.189
   Compiling proc-macro2 v1.0.107
   Compiling unicode-ident v1.0.24
   Compiling quote v1.0.47
   Compiling crossbeam-utils v0.8.23
   Compiling version_check v0.9.5
   Compiling crossbeam-epoch v0.9.21
   Compiling crossbeam-deque v0.8.8
   Compiling typenum v1.20.1
   Compiling rayon-core v1.13.0
   Compiling generic-array v0.14.7
   Compiling serde_core v1.0.229
   Compiling libc v0.2.189
   Compiling jni-sys v0.3.1
   Compiling zmij v1.0.23
   Compiling thiserror v1.0.69
   Compiling memchr v2.8.3
   Compiling serde v1.0.229
   Compiling cfg-if v1.0.4
   Compiling either v1.18.0
   Compiling serde_json v1.0.151
   Compiling bytes v1.12.1
   Compiling syn v2.0.119
   Compiling syn v3.0.5
   Compiling cpufeatures v0.2.17
   Compiling log v0.4.34
   Compiling crypto-common v0.1.7
   Compiling block-buffer v0.10.4
   Compiling combine v4.6.8
   Compiling digest v0.10.7
   Compiling itoa v1.0.18
   Compiling cesu8 v1.1.0
   Compiling sha2 v0.10.9
   Compiling rayon v1.12.0
   Compiling serde_derive v1.0.229
   Compiling jni-sys-macros v0.4.1
   Compiling thiserror-impl v1.0.69
   Compiling jni-sys v0.4.1
   Compiling sekirei-core v0.3.36 (https://github.com/kent-tokyo/sekirei.git?rev=aeb6ea30d58f93cad84ffe98bc13441feb807fa8#aeb6ea30)
   Compiling jni v0.21.1
   Compiling meeshogi-sekirei v0.1.0 (/home/ubuntu/repos/meeshogi/native/sekirei)

> Task :react-native-worklets:configureCMakeRelWithDebInfo[arm64-v8a]

> Task :meeshogi-sekirei:buildSekireiRust
    Finished `release` profile [optimized] target(s) in 19.86s
    Building x86_64 (x86_64-linux-android)
   Compiling typenum v1.20.1
   Compiling crossbeam-utils v0.8.23
   Compiling crossbeam-epoch v0.9.21
   Compiling crossbeam-deque v0.8.8
   Compiling serde_core v1.0.229
   Compiling generic-array v0.14.7
   Compiling rayon-core v1.13.0
   Compiling memchr v2.8.3
   Compiling thiserror v1.0.69
   Compiling zmij v1.0.23
   Compiling jni-sys v0.3.1
   Compiling jni-sys v0.4.1
   Compiling either v1.18.0
   Compiling bytes v1.12.1
   Compiling cfg-if v1.0.4
   Compiling serde v1.0.229
   Compiling serde_json v1.0.151
   Compiling cesu8 v1.1.0
   Compiling cpufeatures v0.2.17
   Compiling itoa v1.0.18
   Compiling log v0.4.34
   Compiling combine v4.6.8
   Compiling rayon v1.12.0
   Compiling crypto-common v0.1.7
   Compiling block-buffer v0.10.4
   Compiling digest v0.10.7
   Compiling sha2 v0.10.9
   Compiling sekirei-core v0.3.36 (https://github.com/kent-tokyo/sekirei.git?rev=aeb6ea30d58f93cad84ffe98bc13441feb807fa8#aeb6ea30)
   Compiling jni v0.21.1

> Task :react-native-worklets:buildCMakeRelWithDebInfo[arm64-v8a][worklets]
> Task :react-native-worklets:configureCMakeRelWithDebInfo[x86_64]

> Task :meeshogi-sekirei:buildSekireiRust
   Compiling meeshogi-sekirei v0.1.0 (/home/ubuntu/repos/meeshogi/native/sekirei)

> Task :react-native-worklets:buildCMakeRelWithDebInfo[x86_64][worklets]
> Task :react-native-worklets:externalNativeBuildRelease
> Task :react-native-worklets:generateJsonModelRelease
> Task :react-native-worklets:prefabReleaseConfigurePackage
> Task :react-native-reanimated:configureCMakeRelWithDebInfo[arm64-v8a]
> Task :react-native-reanimated:configureCMakeRelWithDebInfo[x86_64]
> Task :react-native-reanimated:generateJsonModelRelease
> Task :react-native-reanimated:prefabReleaseConfigurePackage
> Task :react-native-worklets:prefabReleasePackage

> Task :meeshogi-sekirei:buildSekireiRust
    Finished `release` profile [optimized] target(s) in 16.73s
     Copying libraries to /home/ubuntu/repos/meeshogi/native/target/android-libs

> Task :meeshogi-sekirei:preBuild
> Task :app:preBuild
> Task :app:preReleaseBuild
> Task :react-native-reanimated:buildCMakeRelWithDebInfo[arm64-v8a][reanimated]
> Task :app:configureCMakeRelWithDebInfo[arm64-v8a]
> Task :react-native-reanimated:buildCMakeRelWithDebInfo[x86_64][reanimated]
> Task :react-native-worklets:mergeReleaseJniLibFolders
> Task :react-native-worklets:mergeReleaseNativeLibs
> Task :react-native-worklets:copyReleaseJniLibsProjectOnly
> Task :react-native-reanimated:externalNativeBuildRelease
> Task :react-native-reanimated:prefabReleasePackage
> Task :expo:preReleaseBuild
> Task :expo:mergeReleaseJniLibFolders
> Task :expo:mergeReleaseNativeLibs NO-SOURCE
> Task :expo:copyReleaseJniLibsProjectOnly
> Task :expo-constants:preReleaseBuild
> Task :expo-constants:mergeReleaseJniLibFolders
> Task :expo-constants:mergeReleaseNativeLibs NO-SOURCE
> Task :expo-constants:copyReleaseJniLibsProjectOnly
> Task :expo-log-box:preReleaseBuild UP-TO-DATE
> Task :expo-log-box:mergeReleaseJniLibFolders
> Task :expo-log-box:mergeReleaseNativeLibs NO-SOURCE
> Task :expo-log-box:copyReleaseJniLibsProjectOnly
> Task :expo-modules-core:preReleaseBuild UP-TO-DATE
> Task :app:configureCMakeRelWithDebInfo[x86_64]
> Task :expo-modules-core:configureCMakeRelWithDebInfo[arm64-v8a]

> Task :expo-modules-core:buildCMakeRelWithDebInfo[arm64-v8a]
C/C++: ninja: Entering directory `/home/ubuntu/repos/meeshogi/node_modules/expo-modules-core/android/.cxx/RelWithDebInfo/y7t43bo3/arm64-v8a'
C/C++: /home/ubuntu/repos/meeshogi/node_modules/expo-modules-core/android/src/main/cpp/fabric/ExpoComponentDescriptorFactory.cpp:17:5: warning: 'RawPropsParser' is deprecated [-Wdeprecated-declarations]
C/C++:    17 |     react::RawPropsParser(/*useRawPropsJsiValue=*/true)
C/C++:       |     ^
C/C++: /home/ubuntu/repos/meeshogi/node_modules/react-native/ReactCommon/react/renderer/core/RawPropsParser.h:31:5: note: 'RawPropsParser' has been explicitly marked deprecated here
C/C++:    31 |   [[deprecated]] explicit RawPropsParser(bool /* ignored */) : RawPropsParser() {}
C/C++:       |     ^
C/C++: 1 warning generated.

> Task :expo-modules-core:configureCMakeRelWithDebInfo[x86_64]
> Task :app:buildCMakeRelWithDebInfo[arm64-v8a]

> Task :expo-modules-core:buildCMakeRelWithDebInfo[x86_64]
C/C++: ninja: Entering directory `/home/ubuntu/repos/meeshogi/node_modules/expo-modules-core/android/.cxx/RelWithDebInfo/y7t43bo3/x86_64'
C/C++: /home/ubuntu/repos/meeshogi/node_modules/expo-modules-core/android/src/main/cpp/fabric/ExpoComponentDescriptorFactory.cpp:17:5: warning: 'RawPropsParser' is deprecated [-Wdeprecated-declarations]
C/C++:    17 |     react::RawPropsParser(/*useRawPropsJsiValue=*/true)
C/C++:       |     ^
C/C++: /home/ubuntu/repos/meeshogi/node_modules/react-native/ReactCommon/react/renderer/core/RawPropsParser.h:31:5: note: 'RawPropsParser' has been explicitly marked deprecated here
C/C++:    31 |   [[deprecated]] explicit RawPropsParser(bool /* ignored */) : RawPropsParser() {}
C/C++:       |     ^
C/C++: 1 warning generated.

> Task :expo-modules-core:mergeReleaseJniLibFolders
> Task :expo-modules-core:mergeReleaseNativeLibs
> Task :expo-modules-core:copyReleaseJniLibsProjectOnly
> Task :meeshogi-sekirei:preReleaseBuild
> Task :meeshogi-sekirei:mergeReleaseJniLibFolders
> Task :meeshogi-sekirei:mergeReleaseNativeLibs
> Task :meeshogi-sekirei:copyReleaseJniLibsProjectOnly
> Task :react-native-gesture-handler:preReleaseBuild
> Task :react-native-gesture-handler:configureCMakeRelWithDebInfo[arm64-v8a]
> Task :react-native-gesture-handler:buildCMakeRelWithDebInfo[arm64-v8a]
> Task :react-native-gesture-handler:configureCMakeRelWithDebInfo[x86_64]
> Task :react-native-gesture-handler:buildCMakeRelWithDebInfo[x86_64]
> Task :react-native-gesture-handler:mergeReleaseJniLibFolders
> Task :react-native-gesture-handler:mergeReleaseNativeLibs
> Task :react-native-gesture-handler:copyReleaseJniLibsProjectOnly
> Task :react-native-keyboard-controller:preReleaseBuild
> Task :react-native-keyboard-controller:mergeReleaseJniLibFolders
> Task :react-native-keyboard-controller:mergeReleaseNativeLibs NO-SOURCE
> Task :react-native-keyboard-controller:copyReleaseJniLibsProjectOnly
> Task :react-native-masked-view_masked-view:preReleaseBuild UP-TO-DATE
> Task :react-native-masked-view_masked-view:mergeReleaseJniLibFolders
> Task :react-native-masked-view_masked-view:mergeReleaseNativeLibs NO-SOURCE
> Task :react-native-masked-view_masked-view:copyReleaseJniLibsProjectOnly
> Task :react-native-reanimated:mergeReleaseJniLibFolders
> Task :react-native-reanimated:mergeReleaseNativeLibs
> Task :react-native-reanimated:copyReleaseJniLibsProjectOnly
> Task :react-native-safe-area-context:preReleaseBuild
> Task :react-native-safe-area-context:mergeReleaseJniLibFolders
> Task :react-native-safe-area-context:mergeReleaseNativeLibs NO-SOURCE
> Task :react-native-safe-area-context:copyReleaseJniLibsProjectOnly
> Task :react-native-screens:preReleaseBuild
> Task :react-native-screens:configureCMakeRelWithDebInfo[arm64-v8a]
> Task :react-native-screens:buildCMakeRelWithDebInfo[arm64-v8a]
> Task :react-native-screens:configureCMakeRelWithDebInfo[x86_64]
> Task :react-native-screens:buildCMakeRelWithDebInfo[x86_64]
> Task :react-native-screens:mergeReleaseJniLibFolders
> Task :react-native-screens:mergeReleaseNativeLibs
> Task :react-native-screens:copyReleaseJniLibsProjectOnly
> Task :react-native-svg:preReleaseBuild
> Task :react-native-svg:mergeReleaseJniLibFolders
> Task :react-native-svg:mergeReleaseNativeLibs NO-SOURCE
> Task :react-native-svg:copyReleaseJniLibsProjectOnly
> Task :react-native-gesture-handler:checkKotlinGradlePluginConfigurationErrors SKIPPED
> Task :react-native-gesture-handler:generateReleaseBuildConfig
> Task :react-native-gesture-handler:generateReleaseResValues
> Task :react-native-gesture-handler:generateReleaseResources
> Task :react-native-gesture-handler:packageReleaseResources
> Task :react-native-gesture-handler:parseReleaseLocalResources
> Task :react-native-gesture-handler:generateReleaseRFile
> Task :react-native-reanimated:checkKotlinGradlePluginConfigurationErrors SKIPPED
> Task :react-native-reanimated:generateReleaseBuildConfig
> Task :react-native-reanimated:generateReleaseResValues
> Task :react-native-reanimated:generateReleaseResources
> Task :react-native-reanimated:packageReleaseResources
> Task :react-native-reanimated:parseReleaseLocalResources
> Task :react-native-reanimated:generateReleaseRFile
> Task :react-native-worklets:checkKotlinGradlePluginConfigurationErrors SKIPPED
> Task :react-native-worklets:generateReleaseBuildConfig
> Task :react-native-worklets:generateReleaseResValues
> Task :react-native-worklets:generateReleaseResources
> Task :react-native-worklets:packageReleaseResources
> Task :react-native-worklets:parseReleaseLocalResources
> Task :react-native-worklets:generateReleaseRFile
> Task :react-native-worklets:compileReleaseKotlin
> Task :react-native-worklets:javaPreCompileRelease
> Task :react-native-worklets:compileReleaseJavaWithJavac
> Task :react-native-worklets:bundleLibCompileToJarRelease

> Task :react-native-reanimated:compileReleaseKotlin
w: file:///home/ubuntu/repos/meeshogi/node_modules/react-native-reanimated/android/src/main/java/com/swmansion/reanimated/NodesManager.kt:13:8 'class UIManagerModule : ReactContextBaseJavaModule, LifecycleEventListener, UIManager' is deprecated. Deprecated in Java.
w: file:///home/ubuntu/repos/meeshogi/node_modules/react-native-reanimated/android/src/main/java/com/swmansion/reanimated/NodesManager.kt:58:95 'fun resolveCustomDirectEventName(eventName: String): String?' is deprecated.
w: file:///home/ubuntu/repos/meeshogi/node_modules/react-native-reanimated/android/src/main/java/com/swmansion/reanimated/NodesManager.kt:234:29 'fun receiveEvent(surfaceId: Int, targetTag: Int, eventName: String, canCoalesceEvent: Boolean, customCoalesceKey: Int, params: WritableMap?, category: Int): Unit' is deprecated. Use the overload with eventTimestamp parameter instead.
w: file:///home/ubuntu/repos/meeshogi/node_modules/react-native-reanimated/android/src/main/java/com/swmansion/reanimated/ReanimatedPackage.kt:5:8 'class ReactInstanceManager : Any' is deprecated. Deprecated in Java.
w: file:///home/ubuntu/repos/meeshogi/node_modules/react-native-reanimated/android/src/main/java/com/swmansion/reanimated/ReanimatedPackage.kt:60:73 'class ReactInstanceManager : Any' is deprecated. Deprecated in Java.
w: file:///home/ubuntu/repos/meeshogi/node_modules/react-native-reanimated/android/src/main/java/com/swmansion/reanimated/ReanimatedPackage.kt:61:63 'val reactNativeHost: ReactNativeHost' is deprecated. You should not use ReactNativeHost directly in the New Architecture. Use ReactHost instead.
w: file:///home/ubuntu/repos/meeshogi/node_modules/react-native-reanimated/android/src/main/java/com/swmansion/reanimated/nativeProxy/EventHandler.kt:7:8 'class UIManagerModule : ReactContextBaseJavaModule, LifecycleEventListener, UIManager' is deprecated. Deprecated in Java.
w: file:///home/ubuntu/repos/meeshogi/node_modules/react-native-reanimated/android/src/main/java/com/swmansion/reanimated/nativeProxy/EventHandler.kt:25:18 This declaration overrides a deprecated member but is not marked as deprecated itself. Add the '@Deprecated' annotation or suppress the diagnostic.
w: file:///home/ubuntu/repos/meeshogi/node_modules/react-native-reanimated/android/src/main/java/com/swmansion/reanimated/nativeProxy/EventHandler.kt:38:18 This declaration overrides a deprecated member but is not marked as deprecated itself. Add the '@Deprecated' annotation or suppress the diagnostic.
w: file:///home/ubuntu/repos/meeshogi/node_modules/react-native-reanimated/android/src/main/java/com/swmansion/reanimated/nativeProxy/EventHandler.kt:48:18 This declaration overrides a deprecated member but is not marked as deprecated itself. Add the '@Deprecated' annotation or suppress the diagnostic.
w: file:///home/ubuntu/repos/meeshogi/node_modules/react-native-reanimated/android/src/main/java/com/swmansion/reanimated/nativeProxy/EventHandler.kt:57:18 This declaration overrides a deprecated member but is not marked as deprecated itself. Add the '@Deprecated' annotation or suppress the diagnostic.
w: file:///home/ubuntu/repos/meeshogi/node_modules/react-native-reanimated/android/src/main/java/com/swmansion/reanimated/nativeProxy/NoopEventHandler.kt:8:18 This declaration overrides a deprecated member but is not marked as deprecated itself. Add the '@Deprecated' annotation or suppress the diagnostic.
w: file:///home/ubuntu/repos/meeshogi/node_modules/react-native-reanimated/android/src/main/java/com/swmansion/reanimated/nativeProxy/NoopEventHandler.kt:20:18 This declaration overrides a deprecated member but is not marked as deprecated itself. Add the '@Deprecated' annotation or suppress the diagnostic.
w: file:///home/ubuntu/repos/meeshogi/node_modules/react-native-reanimated/android/src/main/java/com/swmansion/reanimated/nativeProxy/NoopEventHandler.kt:29:18 This declaration overrides a deprecated member but is not marked as deprecated itself. Add the '@Deprecated' annotation or suppress the diagnostic.
w: file:///home/ubuntu/repos/meeshogi/node_modules/react-native-reanimated/android/src/main/java/com/swmansion/reanimated/nativeProxy/NoopEventHandler.kt:37:18 This declaration overrides a deprecated member but is not marked as deprecated itself. Add the '@Deprecated' annotation or suppress the diagnostic.
w: file:///home/ubuntu/repos/meeshogi/node_modules/react-native-reanimated/android/src/main/java/com/swmansion/reanimated/sensor/ReanimatedSensor.kt:28:26 'val defaultDisplay: Display!' is deprecated. Deprecated in Java.

> Task :react-native-reanimated:javaPreCompileRelease
> Task :react-native-reanimated:compileReleaseJavaWithJavac
> Task :react-native-reanimated:bundleLibCompileToJarRelease
> Task :react-native-svg:generateReleaseBuildConfig
> Task :react-native-svg:generateReleaseResValues
> Task :react-native-svg:generateReleaseResources
> Task :react-native-svg:packageReleaseResources
> Task :react-native-svg:parseReleaseLocalResources
> Task :react-native-svg:generateReleaseRFile
> Task :react-native-svg:javaPreCompileRelease
> Task :app:buildCMakeRelWithDebInfo[x86_64]

> Task :react-native-svg:compileReleaseJavaWithJavac
Note: Some input files use or override a deprecated API.
Note: Recompile with -Xlint:deprecation for details.
Note: Some input files use unchecked or unsafe operations.
Note: Recompile with -Xlint:unchecked for details.

> Task :react-native-svg:bundleLibCompileToJarRelease

> Task :react-native-gesture-handler:compileReleaseKotlin
w: file:///home/ubuntu/repos/meeshogi/node_modules/react-native-gesture-handler/android/src/main/java/com/swmansion/gesturehandler/react/Extensions.kt:8:8 'class UIManagerModule : ReactContextBaseJavaModule, LifecycleEventListener, UIManager' is deprecated. Deprecated in Java.
w: file:///home/ubuntu/repos/meeshogi/node_modules/react-native-gesture-handler/android/src/main/java/com/swmansion/gesturehandler/react/Extensions.kt:13:29 'class UIManagerModule : ReactContextBaseJavaModule, LifecycleEventListener, UIManager' is deprecated. Deprecated in Java.
w: file:///home/ubuntu/repos/meeshogi/node_modules/react-native-gesture-handler/android/src/main/java/com/swmansion/gesturehandler/react/Extensions.kt:14:32 'class UIManagerModule : ReactContextBaseJavaModule, LifecycleEventListener, UIManager' is deprecated. Deprecated in Java.

> Task :react-native-gesture-handler:javaPreCompileRelease
> Task :react-native-gesture-handler:compileReleaseJavaWithJavac
> Task :react-native-gesture-handler:bundleLibRuntimeToDirRelease
> Task :react-native-keyboard-controller:checkKotlinGradlePluginConfigurationErrors SKIPPED
> Task :react-native-keyboard-controller:generateReleaseBuildConfig
> Task :react-native-keyboard-controller:generateReleaseResValues
> Task :react-native-keyboard-controller:generateReleaseResources
> Task :react-native-keyboard-controller:packageReleaseResources
> Task :react-native-keyboard-controller:parseReleaseLocalResources
> Task :react-native-keyboard-controller:generateReleaseRFile
> Task :app:mergeReleaseJniLibFolders

> Task :react-native-keyboard-controller:compileReleaseKotlin
w: file:///home/ubuntu/repos/meeshogi/node_modules/react-native-keyboard-controller/android/src/fabric/java/com/reactnativekeyboardcontroller/OverKeyboardViewManager.kt:3:8 'class LayoutShadowNode : ReactShadowNodeImpl' is deprecated. This class is part of Legacy Architecture and will be removed in a future release.
w: file:///home/ubuntu/repos/meeshogi/node_modules/react-native-keyboard-controller/android/src/fabric/java/com/reactnativekeyboardcontroller/OverKeyboardViewManager.kt:29:44 'class LayoutShadowNode : ReactShadowNodeImpl' is deprecated. This class is part of Legacy Architecture and will be removed in a future release.
w: file:///home/ubuntu/repos/meeshogi/node_modules/react-native-keyboard-controller/android/src/fabric/java/com/reactnativekeyboardcontroller/OverKeyboardViewManager.kt:31:48 'class LayoutShadowNode : ReactShadowNodeImpl' is deprecated. This class is part of Legacy Architecture and will be removed in a future release.
w: file:///home/ubuntu/repos/meeshogi/node_modules/react-native-keyboard-controller/android/src/main/java/com/reactnativekeyboardcontroller/extensions/EditText.kt:69:42 Unchecked cast of 'ArrayList<*>' to 'ArrayList<TextWatcher>'.
w: file:///home/ubuntu/repos/meeshogi/node_modules/react-native-keyboard-controller/android/src/main/java/com/reactnativekeyboardcontroller/extensions/ReactContext.kt:12:109 'val DEFAULT: Int' is deprecated. UIManagerType.DEFAULT will be deleted in the next release of React Native. Use [LEGACY] instead.
w: file:///home/ubuntu/repos/meeshogi/node_modules/react-native-keyboard-controller/android/src/main/java/com/reactnativekeyboardcontroller/extensions/ReactContext.kt:18:27 'fun getEventDispatcher(context: ReactContext, uiManagerType: Int): EventDispatcher?' is deprecated. UIManagerType is no longer needed.
w: file:///home/ubuntu/repos/meeshogi/node_modules/react-native-keyboard-controller/android/src/main/java/com/reactnativekeyboardcontroller/extensions/ThemedReactContext.kt:18:21 'fun getEventDispatcherForReactTag(context: ReactContext, reactTag: Int): EventDispatcher?' is deprecated. reactTag is no longer needed.
w: file:///home/ubuntu/repos/meeshogi/node_modules/react-native-keyboard-controller/android/src/main/java/com/reactnativekeyboardcontroller/interactive/KeyboardAnimationController.kt:89:16 'static fun getWindowInsetsController(p0: View): WindowInsetsControllerCompat?' is deprecated. Deprecated in Java.
w: file:///home/ubuntu/repos/meeshogi/node_modules/react-native-keyboard-controller/android/src/main/java/com/reactnativekeyboardcontroller/managers/KeyboardControllerViewManagerImpl.kt:4:8 'object MapBuilder : Any' is deprecated. Use Kotlin's built-in collections extensions.
w: file:///home/ubuntu/repos/meeshogi/node_modules/react-native-keyboard-controller/android/src/main/java/com/reactnativekeyboardcontroller/managers/KeyboardControllerViewManagerImpl.kt:73:7 'object MapBuilder : Any' is deprecated. Use Kotlin's built-in collections extensions.
w: file:///home/ubuntu/repos/meeshogi/node_modules/react-native-keyboard-controller/android/src/main/java/com/reactnativekeyboardcontroller/managers/KeyboardControllerViewManagerImpl.kt:75:9 'object MapBuilder : Any' is deprecated. Use Kotlin's built-in collections extensions.
w: file:///home/ubuntu/repos/meeshogi/node_modules/react-native-keyboard-controller/android/src/main/java/com/reactnativekeyboardcontroller/managers/KeyboardControllerViewManagerImpl.kt:77:9 'object MapBuilder : Any' is deprecated. Use Kotlin's built-in collections extensions.
w: file:///home/ubuntu/repos/meeshogi/node_modules/react-native-keyboard-controller/android/src/main/java/com/reactnativekeyboardcontroller/managers/KeyboardControllerViewManagerImpl.kt:79:9 'object MapBuilder : Any' is deprecated. Use Kotlin's built-in collections extensions.
w: file:///home/ubuntu/repos/meeshogi/node_modules/react-native-keyboard-controller/android/src/main/java/com/reactnativekeyboardcontroller/managers/KeyboardControllerViewManagerImpl.kt:81:9 'object MapBuilder : Any' is deprecated. Use Kotlin's built-in collections extensions.
w: file:///home/ubuntu/repos/meeshogi/node_modules/react-native-keyboard-controller/android/src/main/java/com/reactnativekeyboardcontroller/managers/KeyboardControllerViewManagerImpl.kt:83:9 'object MapBuilder : Any' is deprecated. Use Kotlin's built-in collections extensions.
w: file:///home/ubuntu/repos/meeshogi/node_modules/react-native-keyboard-controller/android/src/main/java/com/reactnativekeyboardcontroller/managers/KeyboardControllerViewManagerImpl.kt:85:9 'object MapBuilder : Any' is deprecated. Use Kotlin's built-in collections extensions.
w: file:///home/ubuntu/repos/meeshogi/node_modules/react-native-keyboard-controller/android/src/main/java/com/reactnativekeyboardcontroller/managers/KeyboardControllerViewManagerImpl.kt:87:9 'object MapBuilder : Any' is deprecated. Use Kotlin's built-in collections extensions.
w: file:///home/ubuntu/repos/meeshogi/node_modules/react-native-keyboard-controller/android/src/main/java/com/reactnativekeyboardcontroller/modules/statusbar/StatusBarManagerCompatModuleImpl.kt:70:38 'var statusBarColor: Int' is deprecated. Deprecated in Java.
w: file:///home/ubuntu/repos/meeshogi/node_modules/react-native-keyboard-controller/android/src/main/java/com/reactnativekeyboardcontroller/modules/statusbar/StatusBarManagerCompatModuleImpl.kt:73:20 'var statusBarColor: Int' is deprecated. Deprecated in Java.
w: file:///home/ubuntu/repos/meeshogi/node_modules/react-native-keyboard-controller/android/src/main/java/com/reactnativekeyboardcontroller/modules/statusbar/StatusBarManagerCompatModuleImpl.kt:78:18 'var statusBarColor: Int' is deprecated. Deprecated in Java.
w: file:///home/ubuntu/repos/meeshogi/node_modules/react-native-keyboard-controller/android/src/main/java/com/reactnativekeyboardcontroller/views/EdgeToEdgeReactViewGroup.kt:115:58 'static field SOFT_INPUT_ADJUST_RESIZE: Int' is deprecated. Deprecated in Java.
w: file:///home/ubuntu/repos/meeshogi/node_modules/react-native-keyboard-controller/android/src/main/java/com/reactnativekeyboardcontroller/views/EdgeToEdgeReactViewGroup.kt:150:81 'static field FLAG_FULLSCREEN: Int' is deprecated. Deprecated in Java.
w: file:///home/ubuntu/repos/meeshogi/node_modules/react-native-keyboard-controller/android/src/main/java/com/reactnativekeyboardcontroller/views/overlay/OverKeyboardHostShadowNode.kt:3:8 'class LayoutShadowNode : ReactShadowNodeImpl' is deprecated. This class is part of Legacy Architecture and will be removed in a future release.
w: file:///home/ubuntu/repos/meeshogi/node_modules/react-native-keyboard-controller/android/src/main/java/com/reactnativekeyboardcontroller/views/overlay/OverKeyboardHostShadowNode.kt:4:8 'class ReactShadowNodeImpl : Any, ReactShadowNode<ReactShadowNodeImpl!>' is deprecated. Deprecated in Java.
w: file:///home/ubuntu/repos/meeshogi/node_modules/react-native-keyboard-controller/android/src/main/java/com/reactnativekeyboardcontroller/views/overlay/OverKeyboardHostShadowNode.kt:15:45 'class LayoutShadowNode : ReactShadowNodeImpl' is deprecated. This class is part of Legacy Architecture and will be removed in a future release.
w: file:///home/ubuntu/repos/meeshogi/node_modules/react-native-keyboard-controller/android/src/main/java/com/reactnativekeyboardcontroller/views/overlay/OverKeyboardHostShadowNode.kt:22:12 'class ReactShadowNodeImpl : Any, ReactShadowNode<ReactShadowNodeImpl!>' is deprecated. Deprecated in Java.
w: file:///home/ubuntu/repos/meeshogi/node_modules/react-native-keyboard-controller/android/src/main/java/com/reactnativekeyboardcontroller/views/overlay/OverKeyboardViewGroup.kt:13:8 'object ReactFeatureFlags : Any' is deprecated. Use com.facebook.react.internal.featureflags.ReactNativeFeatureFlags instead.
w: file:///home/ubuntu/repos/meeshogi/node_modules/react-native-keyboard-controller/android/src/main/java/com/reactnativekeyboardcontroller/views/overlay/OverKeyboardViewGroup.kt:30:44 'fun getEventDispatcherForReactTag(context: ReactContext, reactTag: Int): EventDispatcher?' is deprecated. reactTag is no longer needed.
w: file:///home/ubuntu/repos/meeshogi/node_modules/react-native-keyboard-controller/android/src/main/java/com/reactnativekeyboardcontroller/views/overlay/OverKeyboardViewGroup.kt:79:5 The corresponding parameter in the supertype 'ReactViewGroup' is named 'left'. This may cause problems when calling this function with named arguments.
w: file:///home/ubuntu/repos/meeshogi/node_modules/react-native-keyboard-controller/android/src/main/java/com/reactnativekeyboardcontroller/views/overlay/OverKeyboardViewGroup.kt:80:5 The corresponding parameter in the supertype 'ReactViewGroup' is named 'top'. This may cause problems when calling this function with named arguments.
w: file:///home/ubuntu/repos/meeshogi/node_modules/react-native-keyboard-controller/android/src/main/java/com/reactnativekeyboardcontroller/views/overlay/OverKeyboardViewGroup.kt:81:5 The corresponding parameter in the supertype 'ReactViewGroup' is named 'right'. This may cause problems when calling this function with named arguments.
w: file:///home/ubuntu/repos/meeshogi/node_modules/react-native-keyboard-controller/android/src/main/java/com/reactnativekeyboardcontroller/views/overlay/OverKeyboardViewGroup.kt:82:5 The corresponding parameter in the supertype 'ReactViewGroup' is named 'bottom'. This may cause problems when calling this function with named arguments.
w: file:///home/ubuntu/repos/meeshogi/node_modules/react-native-keyboard-controller/android/src/main/java/com/reactnativekeyboardcontroller/views/overlay/OverKeyboardViewGroup.kt:132:9 'object ReactFeatureFlags : Any' is deprecated. Use com.facebook.react.internal.featureflags.ReactNativeFeatureFlags instead.
w: file:///home/ubuntu/repos/meeshogi/node_modules/react-native-keyboard-controller/android/src/main/java/com/reactnativekeyboardcontroller/views/overlay/OverKeyboardViewGroup.kt:152:5 The corresponding parameter in the supertype 'ReactViewGroup' is named 'w'. This may cause problems when calling this function with named arguments.
w: file:///home/ubuntu/repos/meeshogi/node_modules/react-native-keyboard-controller/android/src/main/java/com/reactnativekeyboardcontroller/views/overlay/OverKeyboardViewGroup.kt:153:5 The corresponding parameter in the supertype 'ReactViewGroup' is named 'h'. This may cause problems when calling this function with named arguments.
w: file:///home/ubuntu/repos/meeshogi/node_modules/react-native-keyboard-controller/android/src/main/java/com/reactnativekeyboardcontroller/views/overlay/OverKeyboardViewGroup.kt:154:5 The corresponding parameter in the supertype 'ReactViewGroup' is named 'oldw'. This may cause problems when calling this function with named arguments.
w: file:///home/ubuntu/repos/meeshogi/node_modules/react-native-keyboard-controller/android/src/main/java/com/reactnativekeyboardcontroller/views/overlay/OverKeyboardViewGroup.kt:155:5 The corresponding parameter in the supertype 'ReactViewGroup' is named 'oldh'. This may cause problems when calling this function with named arguments.

> Task :react-native-keyboard-controller:javaPreCompileRelease
> Task :react-native-keyboard-controller:compileReleaseJavaWithJavac
> Task :react-native-keyboard-controller:bundleLibRuntimeToDirRelease
> Task :react-native-reanimated:bundleLibRuntimeToDirRelease
> Task :react-native-safe-area-context:checkKotlinGradlePluginConfigurationErrors SKIPPED
> Task :react-native-safe-area-context:generateReleaseBuildConfig
> Task :react-native-safe-area-context:generateReleaseResValues
> Task :react-native-safe-area-context:generateReleaseResources
> Task :react-native-safe-area-context:packageReleaseResources
> Task :react-native-safe-area-context:parseReleaseLocalResources
> Task :react-native-safe-area-context:generateReleaseRFile
> Task :app:mergeReleaseNativeLibs
> Task :app:stripReleaseDebugSymbols
> Task :app:extractReleaseNativeSymbolTables

> Task :react-native-safe-area-context:compileReleaseKotlin
w: file:///home/ubuntu/repos/meeshogi/node_modules/react-native-safe-area-context/android/src/main/java/com/th3rdwave/safeareacontext/SafeAreaProviderManager.kt:39:19 'fun getEventDispatcherForReactTag(context: ReactContext, reactTag: Int): EventDispatcher?' is deprecated. reactTag is no longer needed.
w: file:///home/ubuntu/repos/meeshogi/node_modules/react-native-safe-area-context/android/src/main/java/com/th3rdwave/safeareacontext/SafeAreaView.kt:9:8 'class UIManagerModule : ReactContextBaseJavaModule, LifecycleEventListener, UIManager' is deprecated. Deprecated in Java.
w: file:///home/ubuntu/repos/meeshogi/node_modules/react-native-safe-area-context/android/src/main/java/com/th3rdwave/safeareacontext/SafeAreaView.kt:50:54 'class UIManagerModule : ReactContextBaseJavaModule, LifecycleEventListener, UIManager' is deprecated. Deprecated in Java.
w: file:///home/ubuntu/repos/meeshogi/node_modules/react-native-safe-area-context/android/src/main/java/com/th3rdwave/safeareacontext/SafeAreaView.kt:59:23 'val uiImplementation: UIImplementation!' is deprecated. Deprecated in Java.
w: file:///home/ubuntu/repos/meeshogi/node_modules/react-native-safe-area-context/android/src/main/java/com/th3rdwave/safeareacontext/SafeAreaViewShadowNode.kt:9:32 'class LayoutShadowNode : ReactShadowNodeImpl' is deprecated. This class is part of Legacy Architecture and will be removed in a future release.
w: file:///home/ubuntu/repos/meeshogi/node_modules/react-native-safe-area-context/android/src/main/java/com/th3rdwave/safeareacontext/SafeAreaViewShadowNode.kt:110:61 'class NativeViewHierarchyOptimizer : Any' is deprecated. This class is part of Legacy Architecture and will be removed in a future release.

> Task :react-native-safe-area-context:javaPreCompileRelease
> Task :react-native-safe-area-context:compileReleaseJavaWithJavac
> Task :react-native-safe-area-context:bundleLibRuntimeToDirRelease
> Task :react-native-screens:checkKotlinGradlePluginConfigurationErrors SKIPPED
> Task :react-native-screens:generateReleaseBuildConfig
> Task :react-native-screens:generateReleaseResValues
> Task :react-native-screens:generateReleaseResources
> Task :react-native-screens:packageReleaseResources
> Task :react-native-screens:parseReleaseLocalResources
> Task :react-native-screens:generateReleaseRFile
> Task :app:mergeReleaseNativeDebugMetadata
> Task :react-native-screens:javaPreCompileRelease
> Task :expo:checkKotlinGradlePluginConfigurationErrors SKIPPED
> Task :expo:generateReleaseBuildConfig
> Task :expo:generateReleaseResValues
> Task :expo:generateReleaseResources
> Task :expo:packageReleaseResources
> Task :expo:parseReleaseLocalResources
> Task :expo:generateReleaseRFile
> Task :expo-constants:checkKotlinGradlePluginConfigurationErrors SKIPPED
> Task :expo-constants:generateReleaseBuildConfig
> Task :expo-constants:generateReleaseResValues
> Task :expo-constants:generateReleaseResources
> Task :expo-constants:packageReleaseResources
> Task :expo-constants:parseReleaseLocalResources
> Task :expo-constants:generateReleaseRFile
> Task :expo-modules-core:checkKotlinGradlePluginConfigurationErrors SKIPPED
> Task :expo-modules-core:generateReleaseBuildConfig
> Task :expo-modules-core:generateReleaseResValues
> Task :expo-modules-core:generateReleaseResources
> Task :expo-modules-core:packageReleaseResources
> Task :expo-modules-core:parseReleaseLocalResources
> Task :expo-modules-core:generateReleaseRFile

> Task :react-native-screens:compileReleaseKotlin
w: file:///home/ubuntu/repos/meeshogi/node_modules/react-native-screens/android/src/main/java/com/swmansion/rnscreens/RNScreensPackage.kt:70:9 The corresponding parameter in the supertype 'BaseReactPackage' is named 'name'. This may cause problems when calling this function with named arguments.
w: file:///home/ubuntu/repos/meeshogi/node_modules/react-native-screens/android/src/main/java/com/swmansion/rnscreens/RNScreensPackage.kt:71:9 The corresponding parameter in the supertype 'BaseReactPackage' is named 'reactContext'. This may cause problems when calling this function with named arguments.
w: file:///home/ubuntu/repos/meeshogi/node_modules/react-native-screens/android/src/main/java/com/swmansion/rnscreens/RNScreensPackage.kt:83:17 'constructor(name: String, className: String, canOverrideExistingModule: Boolean, needsEagerInit: Boolean, hasConstants: Boolean, isCxxModule: Boolean, isTurboModule: Boolean): ReactModuleInfo' is deprecated. This constructor is deprecated and will be removed in the future. Use ReactModuleInfo(String, String, boolean, boolean, boolean, boolean)].
w: file:///home/ubuntu/repos/meeshogi/node_modules/react-native-screens/android/src/main/java/com/swmansion/rnscreens/Screen.kt:54:77 Unchecked cast of '(CoordinatorLayout.Behavior<View!>?..CoordinatorLayout.Behavior<*>?)' to 'BottomSheetBehavior<Screen>'.
w: file:///home/ubuntu/repos/meeshogi/node_modules/react-native-screens/android/src/main/java/com/swmansion/rnscreens/Screen.kt:59:33 'fun getEventDispatcherForReactTag(context: ReactContext, reactTag: Int): EventDispatcher?' is deprecated. reactTag is no longer needed.
w: file:///home/ubuntu/repos/meeshogi/node_modules/react-native-screens/android/src/main/java/com/swmansion/rnscreens/Screen.kt:516:14 'fun getEventDispatcherForReactTag(context: ReactContext, reactTag: Int): EventDispatcher?' is deprecated. reactTag is no longer needed.
w: file:///home/ubuntu/repos/meeshogi/node_modules/react-native-screens/android/src/main/java/com/swmansion/rnscreens/ScreenContainer.kt:250:18 'fun getEventDispatcherForReactTag(context: ReactContext, reactTag: Int): EventDispatcher?' is deprecated. reactTag is no longer needed.
w: file:///home/ubuntu/repos/meeshogi/node_modules/react-native-screens/android/src/main/java/com/swmansion/rnscreens/ScreenContainer.kt:260:18 'fun getEventDispatcherForReactTag(context: ReactContext, reactTag: Int): EventDispatcher?' is deprecated. reactTag is no longer needed.
w: file:///home/ubuntu/repos/meeshogi/node_modules/react-native-screens/android/src/main/java/com/swmansion/rnscreens/ScreenFragment.kt:225:37 'fun getEventDispatcherForReactTag(context: ReactContext, reactTag: Int): EventDispatcher?' is deprecated. reactTag is no longer needed.
w: file:///home/ubuntu/repos/meeshogi/node_modules/react-native-screens/android/src/main/java/com/swmansion/rnscreens/ScreenFragment.kt:242:14 'fun getEventDispatcherForReactTag(context: ReactContext, reactTag: Int): EventDispatcher?' is deprecated. reactTag is no longer needed.
w: file:///home/ubuntu/repos/meeshogi/node_modules/react-native-screens/android/src/main/java/com/swmansion/rnscreens/ScreenFragment.kt:258:22 'fun getEventDispatcherForReactTag(context: ReactContext, reactTag: Int): EventDispatcher?' is deprecated. reactTag is no longer needed.
w: file:///home/ubuntu/repos/meeshogi/node_modules/react-native-screens/android/src/main/java/com/swmansion/rnscreens/ScreenFragment.kt:327:22 'fun getEventDispatcherForReactTag(context: ReactContext, reactTag: Int): EventDispatcher?' is deprecated. reactTag is no longer needed.
w: file:///home/ubuntu/repos/meeshogi/node_modules/react-native-screens/android/src/main/java/com/swmansion/rnscreens/ScreenModalFragment.kt:180:22 'fun getEventDispatcherForReactTag(context: ReactContext, reactTag: Int): EventDispatcher?' is deprecated. reactTag is no longer needed.
w: file:///home/ubuntu/repos/meeshogi/node_modules/react-native-screens/android/src/main/java/com/swmansion/rnscreens/ScreenStack.kt:120:14 'fun getEventDispatcherForReactTag(context: ReactContext, reactTag: Int): EventDispatcher?' is deprecated. reactTag is no longer needed.
w: file:///home/ubuntu/repos/meeshogi/node_modules/react-native-screens/android/src/main/java/com/swmansion/rnscreens/ScreenStackFragment.kt:173:18 'fun getEventDispatcherForReactTag(context: ReactContext, reactTag: Int): EventDispatcher?' is deprecated. reactTag is no longer needed.
w: file:///home/ubuntu/repos/meeshogi/node_modules/react-native-screens/android/src/main/java/com/swmansion/rnscreens/ScreenStackFragment.kt:230:31 'var targetElevation: Float' is deprecated. Deprecated in Java.
w: file:///home/ubuntu/repos/meeshogi/node_modules/react-native-screens/android/src/main/java/com/swmansion/rnscreens/ScreenStackFragment.kt:233:13 'fun setHasOptionsMenu(p0: Boolean): Unit' is deprecated. Deprecated in Java.
w: file:///home/ubuntu/repos/meeshogi/node_modules/react-native-screens/android/src/main/java/com/swmansion/rnscreens/ScreenStackFragment.kt:443:18 This declaration overrides a deprecated member but is not marked as deprecated itself. Add the '@Deprecated' annotation or suppress the diagnostic.
w: file:///home/ubuntu/repos/meeshogi/node_modules/react-native-screens/android/src/main/java/com/swmansion/rnscreens/ScreenStackFragment.kt:450:22 'fun onPrepareOptionsMenu(p0: Menu): Unit' is deprecated. Deprecated in Java.
w: file:///home/ubuntu/repos/meeshogi/node_modules/react-native-screens/android/src/main/java/com/swmansion/rnscreens/ScreenStackFragment.kt:453:18 This declaration overrides a deprecated member but is not marked as deprecated itself. Add the '@Deprecated' annotation or suppress the diagnostic.
w: file:///home/ubuntu/repos/meeshogi/node_modules/react-native-screens/android/src/main/java/com/swmansion/rnscreens/ScreenStackFragment.kt:458:22 'fun onCreateOptionsMenu(p0: Menu, p1: MenuInflater): Unit' is deprecated. Deprecated in Java.
w: file:///home/ubuntu/repos/meeshogi/node_modules/react-native-screens/android/src/main/java/com/swmansion/rnscreens/ScreenStackHeaderConfig.kt:199:14 'fun getEventDispatcherForReactTag(context: ReactContext, reactTag: Int): EventDispatcher?' is deprecated. reactTag is no longer needed.
w: file:///home/ubuntu/repos/meeshogi/node_modules/react-native-screens/android/src/main/java/com/swmansion/rnscreens/ScreenStackHeaderConfig.kt:209:14 'fun getEventDispatcherForReactTag(context: ReactContext, reactTag: Int): EventDispatcher?' is deprecated. reactTag is no longer needed.
w: file:///home/ubuntu/repos/meeshogi/node_modules/react-native-screens/android/src/main/java/com/swmansion/rnscreens/ScreenWindowTraits.kt:48:42 'fun replaceSystemWindowInsets(p0: Int, p1: Int, p2: Int, p3: Int): @NonNull() WindowInsetsCompat' is deprecated. Deprecated in Java.
w: file:///home/ubuntu/repos/meeshogi/node_modules/react-native-screens/android/src/main/java/com/swmansion/rnscreens/ScreenWindowTraits.kt:49:39 'val systemWindowInsetLeft: Int' is deprecated. Deprecated in Java.
w: file:///home/ubuntu/repos/meeshogi/node_modules/react-native-screens/android/src/main/java/com/swmansion/rnscreens/ScreenWindowTraits.kt:51:39 'val systemWindowInsetRight: Int' is deprecated. Deprecated in Java.
w: file:///home/ubuntu/repos/meeshogi/node_modules/react-native-screens/android/src/main/java/com/swmansion/rnscreens/ScreenWindowTraits.kt:52:39 'val systemWindowInsetBottom: Int' is deprecated. Deprecated in Java.
w: file:///home/ubuntu/repos/meeshogi/node_modules/react-native-screens/android/src/main/java/com/swmansion/rnscreens/ScreensModule.kt:100:14 'fun getEventDispatcherForReactTag(context: ReactContext, reactTag: Int): EventDispatcher?' is deprecated. reactTag is no longer needed.
w: file:///home/ubuntu/repos/meeshogi/node_modules/react-native-screens/android/src/main/java/com/swmansion/rnscreens/SearchBarView.kt:137:29 'fun getEventDispatcherForReactTag(context: ReactContext, reactTag: Int): EventDispatcher?' is deprecated. reactTag is no longer needed.
w: file:///home/ubuntu/repos/meeshogi/node_modules/react-native-screens/android/src/main/java/com/swmansion/rnscreens/bottomsheet/BottomSheetDialogRootView.kt:7:8 'object ReactFeatureFlags : Any' is deprecated. Use com.facebook.react.internal.featureflags.ReactNativeFeatureFlags instead.
w: file:///home/ubuntu/repos/meeshogi/node_modules/react-native-screens/android/src/main/java/com/swmansion/rnscreens/bottomsheet/BottomSheetDialogRootView.kt:25:13 'object ReactFeatureFlags : Any' is deprecated. Use com.facebook.react.internal.featureflags.ReactNativeFeatureFlags instead.
w: file:///home/ubuntu/repos/meeshogi/node_modules/react-native-screens/android/src/main/java/com/swmansion/rnscreens/bottomsheet/BottomSheetDialogRootView.kt:32:9 The corresponding parameter in the supertype 'ReactViewGroup' is named 'left'. This may cause problems when calling this function with named arguments.
w: file:///home/ubuntu/repos/meeshogi/node_modules/react-native-screens/android/src/main/java/com/swmansion/rnscreens/bottomsheet/BottomSheetDialogRootView.kt:33:9 The corresponding parameter in the supertype 'ReactViewGroup' is named 'top'. This may cause problems when calling this function with named arguments.
w: file:///home/ubuntu/repos/meeshogi/node_modules/react-native-screens/android/src/main/java/com/swmansion/rnscreens/bottomsheet/BottomSheetDialogRootView.kt:34:9 The corresponding parameter in the supertype 'ReactViewGroup' is named 'right'. This may cause problems when calling this function with named arguments.
w: file:///home/ubuntu/repos/meeshogi/node_modules/react-native-screens/android/src/main/java/com/swmansion/rnscreens/bottomsheet/BottomSheetDialogRootView.kt:35:9 The corresponding parameter in the supertype 'ReactViewGroup' is named 'bottom'. This may cause problems when calling this function with named arguments.
w: file:///home/ubuntu/repos/meeshogi/node_modules/react-native-screens/android/src/main/java/com/swmansion/rnscreens/bottomsheet/BottomSheetDialogRootView.kt:71:9 The corresponding parameter in the supertype 'RootView' is named 'childView'. This may cause problems when calling this function with named arguments.
w: file:///home/ubuntu/repos/meeshogi/node_modules/react-native-screens/android/src/main/java/com/swmansion/rnscreens/bottomsheet/BottomSheetDialogRootView.kt:72:9 The corresponding parameter in the supertype 'RootView' is named 'ev'. This may cause problems when calling this function with named arguments.
w: file:///home/ubuntu/repos/meeshogi/node_modules/react-native-screens/android/src/main/java/com/swmansion/rnscreens/bottomsheet/BottomSheetDialogRootView.kt:79:46 The corresponding parameter in the supertype 'RootView' is named 'ev'. This may cause problems when calling this function with named arguments.
w: file:///home/ubuntu/repos/meeshogi/node_modules/react-native-screens/android/src/main/java/com/swmansion/rnscreens/bottomsheet/BottomSheetDialogRootView.kt:83:9 The corresponding parameter in the supertype 'RootView' is named 'childView'. This may cause problems when calling this function with named arguments.
w: file:///home/ubuntu/repos/meeshogi/node_modules/react-native-screens/android/src/main/java/com/swmansion/rnscreens/bottomsheet/BottomSheetDialogRootView.kt:84:9 The corresponding parameter in the supertype 'RootView' is named 'ev'. This may cause problems when calling this function with named arguments.
w: file:///home/ubuntu/repos/meeshogi/node_modules/react-native-screens/android/src/main/java/com/swmansion/rnscreens/bottomsheet/BottomSheetDialogRootView.kt:95:34 The corresponding parameter in the supertype 'RootView' is named 't'. This may cause problems when calling this function with named arguments.
w: file:///home/ubuntu/repos/meeshogi/node_modules/react-native-screens/android/src/main/java/com/swmansion/rnscreens/bottomsheet/DimmingView.kt:64:9 The corresponding parameter in the supertype 'ReactCompoundView' is named 'touchX'. This may cause problems when calling this function with named arguments.
w: file:///home/ubuntu/repos/meeshogi/node_modules/react-native-screens/android/src/main/java/com/swmansion/rnscreens/bottomsheet/DimmingView.kt:65:9 The corresponding parameter in the supertype 'ReactCompoundView' is named 'touchY'. This may cause problems when calling this function with named arguments.
w: file:///home/ubuntu/repos/meeshogi/node_modules/react-native-screens/android/src/main/java/com/swmansion/rnscreens/bottomsheet/DimmingView.kt:69:9 The corresponding parameter in the supertype 'ReactCompoundViewGroup' is named 'touchX'. This may cause problems when calling this function with named arguments.
w: file:///home/ubuntu/repos/meeshogi/node_modules/react-native-screens/android/src/main/java/com/swmansion/rnscreens/bottomsheet/DimmingView.kt:70:9 The corresponding parameter in the supertype 'ReactCompoundViewGroup' is named 'touchY'. This may cause problems when calling this function with named arguments.
w: file:///home/ubuntu/repos/meeshogi/node_modules/react-native-screens/android/src/main/java/com/swmansion/rnscreens/gamma/common/event/BaseEventEmitter.kt:12:38 'fun getEventDispatcherForReactTag(context: ReactContext, reactTag: Int): EventDispatcher?' is deprecated. reactTag is no longer needed.
w: file:///home/ubuntu/repos/meeshogi/node_modules/react-native-screens/android/src/main/java/com/swmansion/rnscreens/gamma/modals/dimmingview/DimmingView.kt:64:9 The corresponding parameter in the supertype 'ReactCompoundView' is named 'touchX'. This may cause problems when calling this function with named arguments.
w: file:///home/ubuntu/repos/meeshogi/node_modules/react-native-screens/android/src/main/java/com/swmansion/rnscreens/gamma/modals/dimmingview/DimmingView.kt:65:9 The corresponding parameter in the supertype 'ReactCompoundView' is named 'touchY'. This may cause problems when calling this function with named arguments.
w: file:///home/ubuntu/repos/meeshogi/node_modules/react-native-screens/android/src/main/java/com/swmansion/rnscreens/gamma/modals/dimmingview/DimmingView.kt:69:9 The corresponding parameter in the supertype 'ReactCompoundViewGroup' is named 'touchX'. This may cause problems when calling this function with named arguments.
w: file:///home/ubuntu/repos/meeshogi/node_modules/react-native-screens/android/src/main/java/com/swmansion/rnscreens/gamma/modals/dimmingview/DimmingView.kt:70:9 The corresponding parameter in the supertype 'ReactCompoundViewGroup' is named 'touchY'. This may cause problems when calling this function with named arguments.
w: file:///home/ubuntu/repos/meeshogi/node_modules/react-native-screens/android/src/main/java/com/swmansion/rnscreens/gamma/modals/formsheet/FormSheetContentView.kt:11:8 'object ReactFeatureFlags : Any' is deprecated. Use com.facebook.react.internal.featureflags.ReactNativeFeatureFlags instead.
w: file:///home/ubuntu/repos/meeshogi/node_modules/react-native-screens/android/src/main/java/com/swmansion/rnscreens/gamma/modals/formsheet/FormSheetContentView.kt:39:33 'fun getEventDispatcher(context: ReactContext, uiManagerType: Int): EventDispatcher?' is deprecated. UIManagerType is no longer needed.
w: file:///home/ubuntu/repos/meeshogi/node_modules/react-native-screens/android/src/main/java/com/swmansion/rnscreens/gamma/modals/formsheet/FormSheetContentView.kt:44:13 'object ReactFeatureFlags : Any' is deprecated. Use com.facebook.react.internal.featureflags.ReactNativeFeatureFlags instead.
w: file:///home/ubuntu/repos/meeshogi/node_modules/react-native-screens/android/src/main/java/com/swmansion/rnscreens/gamma/modals/formsheet/FormSheetHostViewManager.kt:38:9 The corresponding parameter in the supertype 'FormSheetHostViewManager' is named 'view'. This may cause problems when calling this function with named arguments.
w: file:///home/ubuntu/repos/meeshogi/node_modules/react-native-screens/android/src/main/java/com/swmansion/rnscreens/gamma/tabs/host/TabsHostViewManager.kt:44:9 The corresponding parameter in the supertype 'TabsHostViewManager' is named 'view'. This may cause problems when calling this function with named arguments.
w: file:///home/ubuntu/repos/meeshogi/node_modules/react-native-screens/android/src/main/java/com/swmansion/rnscreens/safearea/SafeAreaView.kt:143:45 'fun consumeDisplayCutout(): @NonNull() WindowInsetsCompat' is deprecated. Deprecated in Java.

> Task :react-native-screens:compileReleaseJavaWithJavac
> Task :react-native-screens:bundleLibRuntimeToDirRelease
> Task :expo-modules-core:javaPreCompileRelease
> Task :expo-constants:javaPreCompileRelease
> Task :expo-log-box:checkKotlinGradlePluginConfigurationErrors SKIPPED
> Task :expo-log-box:generateReleaseBuildConfig
> Task :expo-log-box:generateReleaseResValues
> Task :expo-log-box:generateReleaseResources
> Task :expo-log-box:packageReleaseResources
> Task :expo-log-box:parseReleaseLocalResources
> Task :expo-log-box:generateReleaseRFile
> Task :expo-log-box:javaPreCompileRelease
> Task :meeshogi-sekirei:checkKotlinGradlePluginConfigurationErrors SKIPPED
> Task :meeshogi-sekirei:generateReleaseBuildConfig
> Task :meeshogi-sekirei:generateReleaseResValues
> Task :meeshogi-sekirei:generateReleaseResources
> Task :meeshogi-sekirei:packageReleaseResources
> Task :meeshogi-sekirei:parseReleaseLocalResources
> Task :meeshogi-sekirei:generateReleaseRFile
> Task :meeshogi-sekirei:javaPreCompileRelease
> Task :expo:javaPreCompileRelease
> Task :react-native-worklets:bundleLibRuntimeToDirRelease
> Task :react-native-masked-view_masked-view:generateReleaseBuildConfig
> Task :react-native-masked-view_masked-view:generateReleaseResValues
> Task :react-native-masked-view_masked-view:generateReleaseResources
> Task :react-native-masked-view_masked-view:packageReleaseResources
> Task :react-native-masked-view_masked-view:parseReleaseLocalResources
> Task :react-native-masked-view_masked-view:generateReleaseRFile
> Task :react-native-masked-view_masked-view:javaPreCompileRelease

> Task :react-native-masked-view_masked-view:compileReleaseJavaWithJavac
Note: /home/ubuntu/repos/meeshogi/node_modules/@react-native-masked-view/masked-view/android/src/main/java/org/reactnative/maskedview/RNCMaskedViewPackage.java uses or overrides a deprecated API.
Note: Recompile with -Xlint:deprecation for details.

> Task :react-native-masked-view_masked-view:bundleLibRuntimeToDirRelease
> Task :react-native-svg:bundleLibRuntimeToDirRelease
> Task :app:checkReleaseDuplicateClasses
> Task :app:buildKotlinToolingMetadata
> Task :app:checkKotlinGradlePluginConfigurationErrors SKIPPED
> Task :app:generateReleaseBuildConfig
> Task :expo:writeReleaseAarMetadata
> Task :expo-constants:writeReleaseAarMetadata
> Task :expo-log-box:writeReleaseAarMetadata
> Task :expo-modules-core:writeReleaseAarMetadata
> Task :meeshogi-sekirei:writeReleaseAarMetadata
> Task :react-native-gesture-handler:writeReleaseAarMetadata
> Task :react-native-keyboard-controller:writeReleaseAarMetadata
> Task :react-native-masked-view_masked-view:writeReleaseAarMetadata
> Task :react-native-reanimated:writeReleaseAarMetadata
> Task :react-native-safe-area-context:writeReleaseAarMetadata
> Task :react-native-screens:writeReleaseAarMetadata
> Task :react-native-svg:writeReleaseAarMetadata
> Task :react-native-worklets:writeReleaseAarMetadata
> Task :app:checkReleaseAarMetadata

> Task :expo-modules-core:compileReleaseKotlin
w: file:///home/ubuntu/repos/meeshogi/node_modules/expo-modules-core/android/src/main/java/expo/modules/apploader/AppLoaderProvider.kt:34:52 Unchecked cast of 'Class<*>!' to 'Class<out HeadlessAppLoader>'.
w: file:///home/ubuntu/repos/meeshogi/node_modules/expo-modules-core/android/src/main/java/expo/modules/kotlin/AppContext.kt:14:8 'class UIManagerModule : ReactContextBaseJavaModule, LifecycleEventListener, UIManager' is deprecated. Deprecated in Java.
w: file:///home/ubuntu/repos/meeshogi/node_modules/expo-modules-core/android/src/main/java/expo/modules/kotlin/AppContext.kt:22:8 'typealias ErrorManagerModule = JSLoggerModule' is deprecated. Use JSLoggerModule instead.
w: file:///home/ubuntu/repos/meeshogi/node_modules/expo-modules-core/android/src/main/java/expo/modules/kotlin/AppContext.kt:61:13 'val hostingRuntimeContext: MainRuntime' is deprecated. Use AppContext.runtimeContext instead.
w: file:///home/ubuntu/repos/meeshogi/node_modules/expo-modules-core/android/src/main/java/expo/modules/kotlin/AppContext.kt:271:21 'typealias ErrorManagerModule = JSLoggerModule' is deprecated. Use JSLoggerModule instead.
w: file:///home/ubuntu/repos/meeshogi/node_modules/expo-modules-core/android/src/main/java/expo/modules/kotlin/AppContext.kt:380:21 'val DEFAULT: Int' is deprecated. UIManagerType.DEFAULT will be deleted in the next release of React Native. Use [LEGACY] instead.
w: file:///home/ubuntu/repos/meeshogi/node_modules/expo-modules-core/android/src/main/java/expo/modules/kotlin/AppContext.kt:381:10 'class UIManagerModule : ReactContextBaseJavaModule, LifecycleEventListener, UIManager' is deprecated. Deprecated in Java.
w: file:///home/ubuntu/repos/meeshogi/node_modules/expo-modules-core/android/src/main/java/expo/modules/kotlin/defaultmodules/NativeModulesProxyModule.kt:16:5 'fun Constants(legacyConstantsProvider: () -> Map<String, Any?>): Unit' is deprecated. Use `Constant` or `Property` instead.
w: file:///home/ubuntu/repos/meeshogi/node_modules/expo-modules-core/android/src/main/java/expo/modules/kotlin/events/KModuleEventEmitterWrapper.kt:99:21 'fun getEventDispatcherForReactTag(context: ReactContext, reactTag: Int): EventDispatcher?' is deprecated. reactTag is no longer needed.
w: file:///home/ubuntu/repos/meeshogi/node_modules/expo-modules-core/android/src/main/java/expo/modules/kotlin/events/KModuleEventEmitterWrapper.kt:108:21 'fun getEventDispatcherForReactTag(context: ReactContext, reactTag: Int): EventDispatcher?' is deprecated. reactTag is no longer needed.
w: file:///home/ubuntu/repos/meeshogi/node_modules/expo-modules-core/android/src/main/java/expo/modules/kotlin/views/ViewDefinitionBuilder.kt:470:16 'val errorManager: JSLoggerModule?' is deprecated. Use AppContext.jsLogger instead.
w: file:///home/ubuntu/repos/meeshogi/node_modules/expo-modules-core/android/src/main/java/expo/modules/kotlin/views/ViewDefinitionBuilder.kt:470:30 'fun reportExceptionToLogBox(codedException: CodedException): Unit' is deprecated. Use appContext.jsLogger.error(...) instead.
w: file:///home/ubuntu/repos/meeshogi/node_modules/expo-modules-core/android/src/main/java/expo/modules/kotlin/views/ViewManagerDefinition.kt:41:16 'val errorManager: JSLoggerModule?' is deprecated. Use AppContext.jsLogger instead.
w: file:///home/ubuntu/repos/meeshogi/node_modules/expo-modules-core/android/src/main/java/expo/modules/kotlin/views/ViewManagerDefinition.kt:41:30 'fun reportExceptionToLogBox(codedException: CodedException): Unit' is deprecated. Use appContext.jsLogger.error(...) instead.

> Task :app:createBundleReleaseJsAndAssets
Starting Metro Bundler

warning: Bundler cache is empty, rebuilding (this may take a minute)

> Task :expo-modules-core:compileReleaseJavaWithJavac
Note: Some input files use or override a deprecated API.
Note: Recompile with -Xlint:deprecation for details.

> Task :expo-modules-core:bundleLibCompileToJarRelease

> Task :expo-constants:compileReleaseKotlin
w: file:///home/ubuntu/repos/meeshogi/node_modules/expo-constants/android/src/main/java/expo/modules/constants/ConstantsModule.kt:13:5 'fun Constants(legacyConstantsProvider: () -> Map<String, Any?>): Unit' is deprecated. Use `Constant` or `Property` instead.

> Task :expo-constants:compileReleaseJavaWithJavac
> Task :expo-constants:bundleLibCompileToJarRelease
> Task :expo-log-box:compileReleaseKotlin
> Task :expo-log-box:compileReleaseJavaWithJavac
> Task :expo-log-box:bundleLibCompileToJarRelease
> Task :meeshogi-sekirei:compileReleaseKotlin
> Task :meeshogi-sekirei:compileReleaseJavaWithJavac
> Task :meeshogi-sekirei:bundleLibCompileToJarRelease

> Task :expo:compileReleaseKotlin
w: file:///home/ubuntu/repos/meeshogi/node_modules/expo/android/src/main/java/expo/modules/ExpoModulesPackage.kt:34:16 This declaration overrides a deprecated member but is not marked as deprecated itself. Add the '@Deprecated' annotation or suppress the diagnostic.
w: file:///home/ubuntu/repos/meeshogi/node_modules/expo/android/src/main/java/expo/modules/ReactActivityDelegateWrapper.kt:22:8 'class ReactInstanceManager : Any' is deprecated. Deprecated in Java.
w: file:///home/ubuntu/repos/meeshogi/node_modules/expo/android/src/main/java/expo/modules/ReactActivityDelegateWrapper.kt:102:16 This declaration overrides a deprecated member but is not marked as deprecated itself. Add the '@Deprecated' annotation or suppress the diagnostic.
w: file:///home/ubuntu/repos/meeshogi/node_modules/expo/android/src/main/java/expo/modules/ReactActivityDelegateWrapper.kt:102:43 'class ReactInstanceManager : Any' is deprecated. Deprecated in Java.
w: file:///home/ubuntu/repos/meeshogi/node_modules/expo/android/src/main/java/expo/modules/ReactActivityDelegateWrapper.kt:103:21 'val reactInstanceManager: ReactInstanceManager' is deprecated. Deprecated in Java.
w: file:///home/ubuntu/repos/meeshogi/node_modules/expo/android/src/main/java/expo/modules/fetch/ExpoFetchModule.kt:33:39 'constructor(reactContext: ReactContext): ForwardingCookieHandler' is deprecated. Use the default constructor.
w: file:///home/ubuntu/repos/meeshogi/node_modules/expo/android/src/main/java/expo/modules/fetch/NativeResponse.kt:44:16 This declaration overrides a deprecated member but is not marked as deprecated itself. Add the '@Deprecated' annotation or suppress the diagnostic.
w: file:///home/ubuntu/repos/meeshogi/node_modules/expo/android/src/main/java/expo/modules/fetch/NativeResponse.kt:46:11 'fun deallocate(): Unit' is deprecated. Use sharedObjectDidRelease() instead.

> Task :app:createBundleReleaseJsAndAssets
Android Bundled 7880ms node_modules/expo-router/entry.js (2027 modules)
Writing bundle output to: /home/ubuntu/repos/meeshogi/android/app/build/generated/assets/react/release/index.android.bundle
Writing sourcemap output to: /home/ubuntu/repos/meeshogi/android/app/build/intermediates/sourcemaps/react/release/index.android.bundle.packager.map
Copying 29 asset files
Done writing bundle output
Done writing sourcemap output

> Task :expo:compileReleaseJavaWithJavac
> Task :expo:bundleLibRuntimeToDirRelease
> Task :expo-modules-core:bundleLibRuntimeToDirRelease
> Task :expo-log-box:bundleLibRuntimeToDirRelease
> Task :meeshogi-sekirei:bundleLibRuntimeToDirRelease
> Task :expo-constants:bundleLibRuntimeToDirRelease
> Task :expo:extractDeepLinksRelease
> Task :expo:processReleaseManifest
> Task :expo-constants:extractDeepLinksRelease
> Task :expo-constants:processReleaseManifest
> Task :expo-log-box:extractDeepLinksRelease
> Task :expo-log-box:processReleaseManifest
> Task :expo-modules-core:extractDeepLinksRelease

> Task :expo-modules-core:processReleaseManifest
/home/ubuntu/repos/meeshogi/node_modules/expo-modules-core/android/src/main/AndroidManifest.xml:8:9-11:45 Warning:
	meta-data#com.facebook.soloader.enabled@android:value was tagged at AndroidManifest.xml:8 to replace other declarations but no other declaration present

> Task :meeshogi-sekirei:extractDeepLinksRelease
> Task :meeshogi-sekirei:processReleaseManifest
> Task :react-native-gesture-handler:extractDeepLinksRelease
> Task :react-native-gesture-handler:processReleaseManifest
> Task :react-native-keyboard-controller:extractDeepLinksRelease

> Task :react-native-keyboard-controller:processReleaseManifest
package="com.reactnativekeyboardcontroller" found in source AndroidManifest.xml: /home/ubuntu/repos/meeshogi/node_modules/react-native-keyboard-controller/android/src/main/AndroidManifest.xml.
Setting the namespace via the package attribute in the source AndroidManifest.xml is no longer supported, and the value is ignored.
Recommendation: remove package="com.reactnativekeyboardcontroller" from the source AndroidManifest.xml: /home/ubuntu/repos/meeshogi/node_modules/react-native-keyboard-controller/android/src/main/AndroidManifest.xml.

> Task :react-native-masked-view_masked-view:extractDeepLinksRelease
> Task :react-native-masked-view_masked-view:processReleaseManifest
> Task :react-native-reanimated:extractDeepLinksRelease
> Task :react-native-reanimated:processReleaseManifest
> Task :react-native-safe-area-context:extractDeepLinksRelease

> Task :react-native-safe-area-context:processReleaseManifest
package="com.th3rdwave.safeareacontext" found in source AndroidManifest.xml: /home/ubuntu/repos/meeshogi/node_modules/react-native-safe-area-context/android/src/main/AndroidManifest.xml.
Setting the namespace via the package attribute in the source AndroidManifest.xml is no longer supported, and the value is ignored.
Recommendation: remove package="com.th3rdwave.safeareacontext" from the source AndroidManifest.xml: /home/ubuntu/repos/meeshogi/node_modules/react-native-safe-area-context/android/src/main/AndroidManifest.xml.

> Task :react-native-screens:extractDeepLinksRelease
> Task :react-native-screens:processReleaseManifest
> Task :react-native-svg:extractDeepLinksRelease
> Task :react-native-svg:processReleaseManifest
> Task :react-native-worklets:extractDeepLinksRelease
> Task :react-native-worklets:processReleaseManifest
> Task :expo:compileReleaseLibraryResources
> Task :expo-constants:compileReleaseLibraryResources
> Task :expo-log-box:compileReleaseLibraryResources
> Task :expo-modules-core:compileReleaseLibraryResources
> Task :meeshogi-sekirei:compileReleaseLibraryResources
> Task :react-native-gesture-handler:compileReleaseLibraryResources
> Task :react-native-keyboard-controller:compileReleaseLibraryResources
> Task :react-native-masked-view_masked-view:compileReleaseLibraryResources
> Task :react-native-reanimated:compileReleaseLibraryResources
> Task :react-native-safe-area-context:compileReleaseLibraryResources
> Task :react-native-screens:compileReleaseLibraryResources
> Task :react-native-svg:compileReleaseLibraryResources
> Task :react-native-worklets:compileReleaseLibraryResources
> Task :expo:bundleLibCompileToJarRelease
> Task :react-native-gesture-handler:bundleLibCompileToJarRelease
> Task :react-native-keyboard-controller:bundleLibCompileToJarRelease
> Task :react-native-masked-view_masked-view:bundleLibCompileToJarRelease
> Task :react-native-safe-area-context:bundleLibCompileToJarRelease
> Task :react-native-screens:bundleLibCompileToJarRelease
> Task :expo:prepareReleaseArtProfile
> Task :expo-constants:prepareReleaseArtProfile
> Task :expo-log-box:prepareReleaseArtProfile
> Task :expo-modules-core:prepareReleaseArtProfile
> Task :meeshogi-sekirei:prepareReleaseArtProfile
> Task :react-native-gesture-handler:prepareReleaseArtProfile
> Task :react-native-keyboard-controller:prepareReleaseArtProfile
> Task :react-native-masked-view_masked-view:prepareReleaseArtProfile
> Task :react-native-reanimated:prepareReleaseArtProfile
> Task :react-native-safe-area-context:prepareReleaseArtProfile
> Task :react-native-screens:prepareReleaseArtProfile
> Task :react-native-svg:prepareReleaseArtProfile
> Task :react-native-worklets:prepareReleaseArtProfile
> Task :react-native-gesture-handler:bundleLibRuntimeToJarRelease
> Task :react-native-keyboard-controller:bundleLibRuntimeToJarRelease
> Task :react-native-reanimated:bundleLibRuntimeToJarRelease
> Task :react-native-safe-area-context:bundleLibRuntimeToJarRelease
> Task :react-native-screens:bundleLibRuntimeToJarRelease
> Task :expo:bundleLibRuntimeToJarRelease
> Task :expo-modules-core:bundleLibRuntimeToJarRelease
> Task :react-native-worklets:bundleLibRuntimeToJarRelease
> Task :react-native-masked-view_masked-view:bundleLibRuntimeToJarRelease
> Task :react-native-svg:bundleLibRuntimeToJarRelease
> Task :expo-log-box:bundleLibRuntimeToJarRelease
> Task :meeshogi-sekirei:bundleLibRuntimeToJarRelease
> Task :expo-constants:bundleLibRuntimeToJarRelease
> Task :expo:mergeReleaseShaders
> Task :expo:compileReleaseShaders NO-SOURCE
> Task :expo:generateReleaseAssets UP-TO-DATE
> Task :expo:mergeReleaseAssets
> Task :expo-constants:mergeReleaseShaders
> Task :expo-constants:compileReleaseShaders NO-SOURCE
> Task :expo-constants:generateReleaseAssets UP-TO-DATE
> Task :expo-constants:mergeReleaseAssets
> Task :expo-log-box:mergeReleaseShaders
> Task :expo-log-box:compileReleaseShaders NO-SOURCE
> Task :expo-log-box:generateReleaseAssets UP-TO-DATE
> Task :expo-log-box:mergeReleaseAssets
> Task :expo-modules-core:mergeReleaseShaders
> Task :expo-modules-core:compileReleaseShaders NO-SOURCE
> Task :expo-modules-core:generateReleaseAssets UP-TO-DATE
> Task :expo-modules-core:mergeReleaseAssets
> Task :meeshogi-sekirei:mergeReleaseShaders
> Task :meeshogi-sekirei:compileReleaseShaders NO-SOURCE
> Task :meeshogi-sekirei:generateReleaseAssets UP-TO-DATE
> Task :meeshogi-sekirei:mergeReleaseAssets
> Task :react-native-gesture-handler:mergeReleaseShaders
> Task :react-native-gesture-handler:compileReleaseShaders NO-SOURCE
> Task :react-native-gesture-handler:generateReleaseAssets UP-TO-DATE
> Task :react-native-gesture-handler:mergeReleaseAssets
> Task :react-native-keyboard-controller:mergeReleaseShaders
> Task :react-native-keyboard-controller:compileReleaseShaders NO-SOURCE
> Task :react-native-keyboard-controller:generateReleaseAssets UP-TO-DATE
> Task :react-native-keyboard-controller:mergeReleaseAssets
> Task :react-native-masked-view_masked-view:mergeReleaseShaders
> Task :react-native-masked-view_masked-view:compileReleaseShaders NO-SOURCE
> Task :react-native-masked-view_masked-view:generateReleaseAssets UP-TO-DATE
> Task :react-native-masked-view_masked-view:mergeReleaseAssets
> Task :react-native-reanimated:mergeReleaseShaders
> Task :react-native-reanimated:compileReleaseShaders NO-SOURCE
> Task :react-native-reanimated:generateReleaseAssets UP-TO-DATE
> Task :react-native-reanimated:mergeReleaseAssets
> Task :react-native-safe-area-context:mergeReleaseShaders
> Task :react-native-safe-area-context:compileReleaseShaders NO-SOURCE
> Task :react-native-safe-area-context:generateReleaseAssets UP-TO-DATE
> Task :react-native-safe-area-context:mergeReleaseAssets
> Task :react-native-screens:mergeReleaseShaders
> Task :react-native-screens:compileReleaseShaders NO-SOURCE
> Task :react-native-screens:generateReleaseAssets UP-TO-DATE
> Task :react-native-screens:mergeReleaseAssets
> Task :react-native-svg:mergeReleaseShaders
> Task :react-native-svg:compileReleaseShaders NO-SOURCE
> Task :react-native-svg:generateReleaseAssets UP-TO-DATE
> Task :react-native-svg:mergeReleaseAssets
> Task :react-native-worklets:mergeReleaseShaders
> Task :react-native-worklets:compileReleaseShaders NO-SOURCE
> Task :react-native-worklets:generateReleaseAssets UP-TO-DATE
> Task :react-native-worklets:mergeReleaseAssets
> Task :expo:processReleaseJavaRes
> Task :expo:createFullJarRelease
> Task :expo:extractProguardFiles
> Task :expo-constants:processReleaseJavaRes
> Task :expo-constants:createFullJarRelease
> Task :expo-constants:extractProguardFiles
> Task :expo-modules-core:processReleaseJavaRes
> Task :expo-modules-core:createFullJarRelease
> Task :expo-modules-core:extractProguardFiles
> Task :react-native-worklets:processReleaseJavaRes
> Task :react-native-worklets:createFullJarRelease
> Task :react-native-worklets:extractProguardFiles
> Task :app:generateReleaseResValues
> Task :app:mapReleaseSourceSetPaths
> Task :app:generateReleaseResources
> Task :app:mergeReleaseResources
> Task :app:packageReleaseResources
> Task :app:parseReleaseLocalResources
> Task :app:createReleaseCompatibleScreenManifests
> Task :app:extractDeepLinksRelease

> Task :app:processReleaseMainManifest
/home/ubuntu/repos/meeshogi/android/app/src/main/AndroidManifest.xml Warning:
	provider#expo.modules.filesystem.FileSystemFileProvider@android:authorities was tagged at AndroidManifest.xml:0 to replace other declarations but no other declaration present

> Task :app:expoReleaseOverrideMaxSdkConflicts
[33m---------- Expo Max Sdk Override Plugin ----------[0m
[32m>>> No 'android:maxSdkVersion' conflicts found[0m
[33m--------------------------------------------------[0m

> Task :app:processReleaseManifest
> Task :app:processReleaseManifestForPackage
> Task :app:processReleaseResources
> Task :react-native-worklets:generateReleaseLintModel
> Task :app:javaPreCompileRelease
> Task :app:desugarReleaseFileDependencies
> Task :app:mergeReleaseStartupProfile
> Task :app:compileReleaseKotlin
> Task :react-native-worklets:prepareLintJarForPublish
> Task :expo-modules-core:generateReleaseLintModel
> Task :app:compileReleaseJavaWithJavac
> Task :app:dexBuilderRelease
> Task :app:mergeReleaseArtProfile
> Task :app:mergeExtDexRelease
> Task :expo-modules-core:prepareLintJarForPublish
> Task :expo-constants:generateReleaseLintModel
> Task :expo-constants:prepareLintJarForPublish
> Task :expo-log-box:processReleaseJavaRes
> Task :app:mergeReleaseGlobalSynthetics
> Task :expo-log-box:createFullJarRelease
> Task :expo-log-box:extractProguardFiles
> Task :app:mergeReleaseShaders
> Task :app:compileReleaseShaders NO-SOURCE
> Task :app:generateReleaseAssets UP-TO-DATE
> Task :app:mergeReleaseAssets
> Task :app:mergeDexRelease
> Task :app:compressReleaseAssets
> Task :app:extractReleaseVersionControlInfo
> Task :app:extractProguardFiles
> Task :expo-log-box:generateReleaseLintModel
> Task :expo-log-box:prepareLintJarForPublish
> Task :meeshogi-sekirei:processReleaseJavaRes
> Task :meeshogi-sekirei:createFullJarRelease
> Task :meeshogi-sekirei:extractProguardFiles
> Task :meeshogi-sekirei:generateReleaseLintModel
> Task :meeshogi-sekirei:prepareLintJarForPublish
> Task :app:compileReleaseArtProfile
> Task :react-native-gesture-handler:processReleaseJavaRes
> Task :react-native-gesture-handler:createFullJarRelease
> Task :react-native-gesture-handler:extractProguardFiles
> Task :react-native-reanimated:processReleaseJavaRes
> Task :react-native-reanimated:createFullJarRelease
> Task :react-native-reanimated:extractProguardFiles
> Task :react-native-reanimated:generateReleaseLintModel
> Task :react-native-reanimated:prepareLintJarForPublish
> Task :react-native-svg:processReleaseJavaRes NO-SOURCE
> Task :react-native-svg:createFullJarRelease
> Task :react-native-svg:extractProguardFiles
> Task :react-native-svg:generateReleaseLintModel
> Task :react-native-svg:prepareLintJarForPublish
> Task :react-native-gesture-handler:generateReleaseLintModel
> Task :react-native-gesture-handler:prepareLintJarForPublish
> Task :react-native-keyboard-controller:processReleaseJavaRes
> Task :react-native-keyboard-controller:createFullJarRelease
> Task :react-native-keyboard-controller:extractProguardFiles
> Task :react-native-keyboard-controller:generateReleaseLintModel
> Task :react-native-keyboard-controller:prepareLintJarForPublish
> Task :react-native-masked-view_masked-view:processReleaseJavaRes NO-SOURCE
> Task :react-native-masked-view_masked-view:createFullJarRelease
> Task :react-native-masked-view_masked-view:extractProguardFiles
> Task :react-native-masked-view_masked-view:generateReleaseLintModel
> Task :react-native-masked-view_masked-view:prepareLintJarForPublish
> Task :react-native-safe-area-context:processReleaseJavaRes
> Task :react-native-safe-area-context:createFullJarRelease
> Task :react-native-safe-area-context:extractProguardFiles
> Task :react-native-safe-area-context:generateReleaseLintModel
> Task :react-native-safe-area-context:prepareLintJarForPublish
> Task :react-native-screens:processReleaseJavaRes
> Task :react-native-screens:createFullJarRelease
> Task :react-native-screens:extractProguardFiles
> Task :react-native-screens:generateReleaseLintModel
> Task :react-native-screens:prepareLintJarForPublish
> Task :react-native-gesture-handler:stripReleaseDebugSymbols
> Task :react-native-gesture-handler:copyReleaseJniLibsProjectAndLocalJars
> Task :react-native-gesture-handler:extractDeepLinksForAarRelease
> Task :expo:generateReleaseLintModel
> Task :expo:prepareLintJarForPublish
> Task :app:generateReleaseLintVitalReportModel
> Task :react-native-keyboard-controller:stripReleaseDebugSymbols NO-SOURCE
> Task :react-native-keyboard-controller:copyReleaseJniLibsProjectAndLocalJars
> Task :react-native-keyboard-controller:extractDeepLinksForAarRelease
> Task :react-native-keyboard-controller:extractReleaseAnnotations
> Task :react-native-gesture-handler:extractReleaseAnnotations
> Task :react-native-keyboard-controller:mergeReleaseGeneratedProguardFiles
> Task :react-native-gesture-handler:mergeReleaseGeneratedProguardFiles
> Task :react-native-keyboard-controller:mergeReleaseConsumerProguardFiles
> Task :react-native-gesture-handler:mergeReleaseConsumerProguardFiles
> Task :react-native-gesture-handler:mergeReleaseJavaResource
> Task :react-native-keyboard-controller:mergeReleaseJavaResource
> Task :react-native-keyboard-controller:syncReleaseLibJars
> Task :react-native-gesture-handler:syncReleaseLibJars
> Task :react-native-keyboard-controller:bundleReleaseLocalLintAar
> Task :react-native-gesture-handler:bundleReleaseLocalLintAar
> Task :react-native-safe-area-context:stripReleaseDebugSymbols NO-SOURCE
> Task :react-native-safe-area-context:copyReleaseJniLibsProjectAndLocalJars
> Task :react-native-reanimated:extractDeepLinksForAarRelease
> Task :react-native-reanimated:extractReleaseAnnotations
> Task :react-native-reanimated:stripReleaseDebugSymbols
> Task :react-native-reanimated:mergeReleaseGeneratedProguardFiles
> Task :react-native-safe-area-context:extractDeepLinksForAarRelease
> Task :react-native-safe-area-context:extractReleaseAnnotations
> Task :react-native-reanimated:mergeReleaseConsumerProguardFiles
> Task :react-native-reanimated:copyReleaseJniLibsProjectAndLocalJars
> Task :react-native-safe-area-context:mergeReleaseGeneratedProguardFiles
> Task :react-native-reanimated:mergeReleaseJavaResource
> Task :react-native-safe-area-context:mergeReleaseConsumerProguardFiles
> Task :react-native-safe-area-context:mergeReleaseJavaResource
> Task :react-native-reanimated:syncReleaseLibJars
> Task :react-native-safe-area-context:syncReleaseLibJars
> Task :react-native-safe-area-context:bundleReleaseLocalLintAar
> Task :react-native-screens:stripReleaseDebugSymbols
> Task :react-native-screens:copyReleaseJniLibsProjectAndLocalJars
> Task :react-native-screens:extractDeepLinksForAarRelease
> Task :react-native-screens:extractReleaseAnnotations
> Task :react-native-screens:mergeReleaseGeneratedProguardFiles
> Task :react-native-screens:mergeReleaseConsumerProguardFiles
> Task :react-native-screens:mergeReleaseJavaResource
> Task :react-native-screens:syncReleaseLibJars
> Task :react-native-screens:bundleReleaseLocalLintAar
> Task :expo:stripReleaseDebugSymbols NO-SOURCE
> Task :expo:copyReleaseJniLibsProjectAndLocalJars
> Task :expo:extractDeepLinksForAarRelease
> Task :expo:extractReleaseAnnotations
> Task :expo:mergeReleaseGeneratedProguardFiles
> Task :expo:mergeReleaseConsumerProguardFiles
> Task :expo:mergeReleaseJavaResource
> Task :expo:syncReleaseLibJars
> Task :expo:bundleReleaseLocalLintAar
> Task :react-native-reanimated:bundleReleaseLocalLintAar
> Task :expo-modules-core:stripReleaseDebugSymbols
> Task :expo-modules-core:copyReleaseJniLibsProjectAndLocalJars
> Task :expo-modules-core:extractDeepLinksForAarRelease
> Task :expo-modules-core:extractReleaseAnnotations
> Task :expo-modules-core:mergeReleaseGeneratedProguardFiles
> Task :expo-modules-core:mergeReleaseConsumerProguardFiles
> Task :expo-modules-core:mergeReleaseJavaResource
> Task :expo-modules-core:syncReleaseLibJars
> Task :expo-modules-core:bundleReleaseLocalLintAar
> Task :react-native-worklets:stripReleaseDebugSymbols
> Task :react-native-worklets:copyReleaseJniLibsProjectAndLocalJars
> Task :react-native-worklets:extractDeepLinksForAarRelease
> Task :react-native-worklets:extractReleaseAnnotations
> Task :react-native-worklets:mergeReleaseGeneratedProguardFiles
> Task :react-native-masked-view_masked-view:stripReleaseDebugSymbols NO-SOURCE
> Task :react-native-worklets:mergeReleaseConsumerProguardFiles
> Task :react-native-masked-view_masked-view:copyReleaseJniLibsProjectAndLocalJars
> Task :react-native-masked-view_masked-view:extractDeepLinksForAarRelease
> Task :react-native-worklets:mergeReleaseJavaResource
> Task :react-native-masked-view_masked-view:extractReleaseAnnotations
> Task :react-native-masked-view_masked-view:mergeReleaseGeneratedProguardFiles
> Task :react-native-worklets:syncReleaseLibJars
> Task :react-native-masked-view_masked-view:mergeReleaseConsumerProguardFiles
> Task :react-native-masked-view_masked-view:mergeReleaseJavaResource
> Task :react-native-masked-view_masked-view:syncReleaseLibJars
> Task :react-native-masked-view_masked-view:bundleReleaseLocalLintAar
> Task :react-native-svg:stripReleaseDebugSymbols NO-SOURCE
> Task :react-native-svg:copyReleaseJniLibsProjectAndLocalJars
> Task :react-native-svg:extractDeepLinksForAarRelease
> Task :react-native-svg:extractReleaseAnnotations
> Task :react-native-svg:mergeReleaseGeneratedProguardFiles
> Task :react-native-svg:mergeReleaseConsumerProguardFiles
> Task :react-native-svg:mergeReleaseJavaResource
> Task :react-native-svg:syncReleaseLibJars
> Task :react-native-worklets:bundleReleaseLocalLintAar
> Task :react-native-svg:bundleReleaseLocalLintAar
> Task :expo-log-box:stripReleaseDebugSymbols NO-SOURCE
> Task :expo-log-box:copyReleaseJniLibsProjectAndLocalJars
> Task :expo-log-box:extractDeepLinksForAarRelease
> Task :expo-log-box:extractReleaseAnnotations
> Task :expo-log-box:mergeReleaseGeneratedProguardFiles
> Task :expo-log-box:mergeReleaseConsumerProguardFiles
> Task :expo-log-box:mergeReleaseJavaResource
> Task :expo-log-box:syncReleaseLibJars
> Task :expo-log-box:bundleReleaseLocalLintAar

> Task :meeshogi-sekirei:stripReleaseDebugSymbols
Unable to strip the following libraries, packaging them as they are: libmeeshogi_sekirei.so. Run with --info option to learn more.

> Task :meeshogi-sekirei:copyReleaseJniLibsProjectAndLocalJars
> Task :meeshogi-sekirei:extractDeepLinksForAarRelease
> Task :meeshogi-sekirei:extractReleaseAnnotations
> Task :meeshogi-sekirei:mergeReleaseGeneratedProguardFiles
> Task :meeshogi-sekirei:mergeReleaseConsumerProguardFiles
> Task :meeshogi-sekirei:mergeReleaseJavaResource
> Task :meeshogi-sekirei:syncReleaseLibJars
> Task :meeshogi-sekirei:bundleReleaseLocalLintAar
> Task :expo-constants:stripReleaseDebugSymbols NO-SOURCE
> Task :expo-constants:copyReleaseJniLibsProjectAndLocalJars
> Task :expo-constants:extractDeepLinksForAarRelease
> Task :expo-constants:extractReleaseAnnotations
> Task :expo-constants:mergeReleaseGeneratedProguardFiles
> Task :expo-constants:mergeReleaseConsumerProguardFiles
> Task :expo-constants:mergeReleaseJavaResource
> Task :expo-constants:writeReleaseLintModelMetadata
> Task :expo-log-box:writeReleaseLintModelMetadata
> Task :expo-modules-core:writeReleaseLintModelMetadata
> Task :expo-constants:syncReleaseLibJars
> Task :meeshogi-sekirei:writeReleaseLintModelMetadata
> Task :react-native-worklets:writeReleaseLintModelMetadata
> Task :expo-constants:bundleReleaseLocalLintAar
> Task :expo:writeReleaseLintModelMetadata
> Task :expo-constants:lintVitalAnalyzeRelease
> Task :expo-log-box:lintVitalAnalyzeRelease
> Task :expo:lintVitalAnalyzeRelease
> Task :meeshogi-sekirei:lintVitalAnalyzeRelease
> Task :react-native-reanimated:writeReleaseLintModelMetadata
> Task :react-native-svg:writeReleaseLintModelMetadata
> Task :react-native-gesture-handler:lintVitalAnalyzeRelease
> Task :react-native-gesture-handler:writeReleaseLintModelMetadata
> Task :react-native-keyboard-controller:lintVitalAnalyzeRelease
> Task :react-native-keyboard-controller:writeReleaseLintModelMetadata
> Task :react-native-masked-view_masked-view:lintVitalAnalyzeRelease
> Task :react-native-masked-view_masked-view:writeReleaseLintModelMetadata
> Task :react-native-reanimated:lintVitalAnalyzeRelease SKIPPED
> Task :react-native-safe-area-context:lintVitalAnalyzeRelease
> Task :react-native-safe-area-context:writeReleaseLintModelMetadata
> Task :expo-modules-core:lintVitalAnalyzeRelease
> Task :react-native-screens:writeReleaseLintModelMetadata
> Task :react-native-svg:lintVitalAnalyzeRelease
> Task :react-native-worklets:lintVitalAnalyzeRelease SKIPPED
> Task :expo:generateReleaseLintVitalModel
> Task :expo-constants:generateReleaseLintVitalModel
> Task :expo-log-box:generateReleaseLintVitalModel
> Task :expo-modules-core:generateReleaseLintVitalModel
> Task :meeshogi-sekirei:generateReleaseLintVitalModel
> Task :react-native-gesture-handler:generateReleaseLintVitalModel
> Task :react-native-keyboard-controller:generateReleaseLintVitalModel
> Task :react-native-masked-view_masked-view:generateReleaseLintVitalModel
> Task :react-native-reanimated:generateReleaseLintVitalModel
> Task :react-native-safe-area-context:generateReleaseLintVitalModel
> Task :react-native-screens:generateReleaseLintVitalModel
> Task :react-native-svg:generateReleaseLintVitalModel
> Task :react-native-worklets:generateReleaseLintVitalModel
> Task :app:processReleaseJavaRes
The Daemon will expire after the build after running out of JVM Metaspace.
The project memory settings are likely not configured or are configured to an insufficient value.
The daemon will restart for the next build, which may increase subsequent build times.
These settings can be adjusted by setting 'org.gradle.jvmargs' in 'gradle.properties'.
The currently configured max heap space is '2 GiB' and the configured max metaspace is '512 MiB'.
For more information on how to set these values, please refer to https://docs.gradle.org/9.3.1/userguide/build_environment.html#sec:configuring_jvm_memory in the Gradle documentation.
To disable this warning, set 'org.gradle.daemon.performance.disable-logging=true'.
> Task :app:mergeReleaseJavaResource
> Task :app:optimizeReleaseResources
> Task :app:collectReleaseDependencies
> Task :app:sdkReleaseDependencyData
> Task :app:validateSigningRelease
> Task :app:writeReleaseAppMetadata
> Task :app:writeReleaseSigningConfigVersions
> Task :react-native-screens:lintVitalAnalyzeRelease
> Task :app:lintVitalAnalyzeRelease
> Task :app:lintVitalReportRelease
> Task :app:lintVitalRelease
> Task :app:packageRelease
> Task :app:createReleaseApkListingFileRedirect
> Task :app:assembleRelease

[Incubating] Problems report is available at: file:///home/ubuntu/repos/meeshogi/android/build/reports/problems/problems-report.html

Deprecated Gradle features were used in this build, making it incompatible with Gradle 10.

You can use '--warning-mode all' to show the individual deprecation warnings and determine if they come from your own scripts or plugins.

For more on this, please refer to https://docs.gradle.org/9.3.1/userguide/command_line_interface.html#sec:command_line_warnings in the Gradle documentation.

BUILD SUCCESSFUL in 6m 27s
623 actionable tasks: 623 executed
