Timestamp               Ty Process[PID:TID]
2026-09-22 13:45:06.418 Df MeeshogiFixtures[37515:0] [com.apple.libsystem.libdispatch:] BUG in libdispatch: 25F84 24A434 - 612 - 0x4
2026-09-22 13:45:06.418 Df MeeshogiFixtures[37515:644ec] [com.apple.UIKit.tracing:UITraceManager] UITraceInitialize: registering notify listener
2026-09-22 13:45:06.419 Df MeeshogiFixtures[37515:644ec] [com.apple.UIKit.tracing:UITraceManager] handle_trace_notification: received notify (state=0)
2026-09-22 13:45:06.423 Df MeeshogiFixtures[37515:644ec] (libMobileGestalt.dylib) No persisted cache on this platform.
2026-09-22 13:45:06.423 Df MeeshogiFixtures[37515:64504] [com.apple.xpc:connection] [0x1056de8f0] activating connection: mach=true listener=false peer=false name=com.apple.cfprefsd.daemon
2026-09-22 13:45:06.424 Df MeeshogiFixtures[37515:64506] [com.apple.xpc:connection] [0x1056e39b0] activating connection: mach=false listener=false peer=false name=(anonymous)
2026-09-22 13:45:06.425 A  MeeshogiFixtures[37515:64505] (CoreFoundation) Loading Preferences From User Session CFPrefsD
2026-09-22 13:45:06.445 Df MeeshogiFixtures[37515:64504] [com.apple.UIKit:BackgroundTask] Creating new assertion because there is no existing background assertion.
2026-09-22 13:45:06.445 Df MeeshogiFixtures[37515:64504] [com.apple.UIKit:BackgroundTask] Creating new background assertion
2026-09-22 13:45:06.445 Df MeeshogiFixtures[37515:64504] [com.apple.UIKit:BackgroundTask] Created new background assertion <BKSProcessAssertion: 0x1056d83f0>
2026-09-22 13:45:06.445 Df MeeshogiFixtures[37515:64504] [com.apple.runningboard:connection] Initializing connection
2026-09-22 13:45:06.445 Df MeeshogiFixtures[37515:64504] [com.apple.runningboard:process] Removing all cached process handles
2026-09-22 13:45:06.445 Df MeeshogiFixtures[37515:64507] [com.apple.runningboard:connection] Sending handshake request attempt #1 to server
2026-09-22 13:45:06.445 Df MeeshogiFixtures[37515:64507] [com.apple.runningboard:connection] Creating connection to com.apple.runningboard
2026-09-22 13:45:06.445 Df MeeshogiFixtures[37515:64507] [com.apple.xpc:connection] [0x10614c140] activating connection: mach=true listener=false peer=false name=com.apple.runningboard
2026-09-22 13:45:06.446 A  MeeshogiFixtures[37515:64505] (RunningBoardServices) didChangeInheritances
2026-09-22 13:45:06.446 Df MeeshogiFixtures[37515:64507] [com.apple.runningboard:connection] Handshake succeeded
2026-09-22 13:45:06.446 Df MeeshogiFixtures[37515:64507] [com.apple.runningboard:connection] Identity resolved as app<com.meeshogi.testfiles((null))>
2026-09-22 13:45:06.447 Df MeeshogiFixtures[37515:64504] [com.apple.UIKit:BackgroundTask] Incrementing reference count for background assertion <BKSProcessAssertion: 0x1056d83f0>
2026-09-22 13:45:06.447 Df MeeshogiFixtures[37515:64504] [com.apple.UIKit:BackgroundTask] Created background task <_UIBackgroundTaskInfo: 0x10603ca00>: taskID = 1, taskName = Launch Background Task for Coalescing, creationTime = 9947 (elapsed = 0).
2026-09-22 13:45:06.447 Df MeeshogiFixtures[37515:64504] [com.apple.FrontBoard:SceneExtension] Realizing settings extension _UIApplicationSceneKeyboardSettings on FBSSceneSettings
2026-09-22 13:45:06.448 Df MeeshogiFixtures[37515:644ec] [com.apple.UIKit:Application] Deactivation reason added: 10; deactivation reasons: 0 -> 1024; animating application lifecycle event: 0
2026-09-22 13:45:06.448 Df MeeshogiFixtures[37515:644ec] [com.apple.BoardServices:Injection] activating monitor for service com.apple.frontboard.open
2026-09-22 13:45:06.448 Df MeeshogiFixtures[37515:644ec] [com.apple.BoardServices:Injection] activating monitor for service com.apple.frontboard.workspace-service
2026-09-22 13:45:06.448 Df MeeshogiFixtures[37515:64504] [com.apple.FrontBoard:SceneExtension] Realizing settings extension <_UISceneOcclusionSettings> on FBSSceneSettings
2026-09-22 13:45:06.448 Df MeeshogiFixtures[37515:64504] [com.apple.FrontBoard:SceneExtension] Realizing settings extension <_UISceneInterfaceProtectionSettings> on FBSSceneSettings
2026-09-22 13:45:06.449 Df MeeshogiFixtures[37515:64504] [com.apple.FrontBoard:SceneExtension] Realizing settings extension <_UISceneDestructionClientSettings> on FBSSceneClientSettings
2026-09-22 13:45:06.449 Df MeeshogiFixtures[37515:64504] [com.apple.FrontBoard:SceneExtension] Realizing settings extension _UISceneLayoutPreferencesHostSettingsExtension on FBSSceneSettings
2026-09-22 13:45:06.450 Df MeeshogiFixtures[37515:64504] [com.apple.FrontBoard:SceneExtension] Realizing settings extension _UISceneSafeAreaSettingsExtension on FBSSceneSettings
2026-09-22 13:45:06.450 Df MeeshogiFixtures[37515:644ec] [com.apple.FrontBoard:Common] FBSWorkspace registering source: com.apple.frontboard.systemappservices
2026-09-22 13:45:06.450 Df MeeshogiFixtures[37515:644ec] [com.apple.FrontBoard:Common] FBSWorkspace connected to endpoint : <BSServiceConnectionEndpoint: 0x1060d8ce0; target: com.apple.frontboard.systemappservices; service: com.apple.frontboard.workspace-service>
2026-09-22 13:45:06.450 Df MeeshogiFixtures[37515:644ec] [com.apple.FrontBoard:Common] <FBSWorkspaceScenesClient:0x106095860 com.apple.frontboard.systemappservices> attempting immediate handshake from activate
2026-09-22 13:45:06.450 Df MeeshogiFixtures[37515:644ec] [com.apple.FrontBoard:Common] <FBSWorkspaceScenesClient:0x106095860 com.apple.frontboard.systemappservices> sent handshake
2026-09-22 13:45:06.450 Df MeeshogiFixtures[37515:64504] [com.apple.FrontBoard:SceneExtension] Realizing settings extension _UISceneBarPositionSettingsExtension on FBSSceneSettings
2026-09-22 13:45:06.450 Df MeeshogiFixtures[37515:64504] [com.apple.FrontBoard:SceneExtension] Realizing settings extension _UISceneLayoutPreferenceClientSettingsExtension on FBSSceneClientSettings
2026-09-22 13:45:06.450 Df MeeshogiFixtures[37515:644ec] [com.apple.runningboard:general] Added observer for process assertions expiration warning: <_RBSExpirationWarningClient: 0x1060d92c0>
2026-09-22 13:45:06.450 Df MeeshogiFixtures[37515:64504] [com.apple.FrontBoard:SceneExtension] Realizing settings extension <_UIHomeAffordanceHostSceneSettings> on FBSSceneSettings
2026-09-22 13:45:06.451 Df MeeshogiFixtures[37515:64504] [com.apple.FrontBoard:SceneExtension] Realizing settings extension _UISystemShellSceneHostingEnvironmentSettings on FBSSceneSettings
2026-09-22 13:45:06.451 Df MeeshogiFixtures[37515:64504] [com.apple.FrontBoard:SceneExtension] Realizing settings extension _UISceneRenderingEnvironmentSettings on FBSSceneSettings
2026-09-22 13:45:06.451 Df MeeshogiFixtures[37515:64504] [com.apple.FrontBoard:SceneExtension] Realizing settings extension _UISceneRenderingEnvironmentClientSettings on FBSSceneClientSettings
2026-09-22 13:45:06.452 Df MeeshogiFixtures[37515:64504] [com.apple.FrontBoard:SceneExtension] Realizing settings extension <_UISceneTransitioningHostSettings> on FBSSceneSettings
2026-09-22 13:45:06.452 Df MeeshogiFixtures[37515:64504] [com.apple.FrontBoard:SceneExtension] Realizing settings extension <_UISceneActivationInteractionSettings> on FBSSceneSettings
2026-09-22 13:45:06.452 Df MeeshogiFixtures[37515:64504] [com.apple.FrontBoard:SceneExtension] Realizing settings extension <_UISceneFocusSystemSettings> on FBSSceneSettings
2026-09-22 13:45:06.452 Df MeeshogiFixtures[37515:64504] [com.apple.FrontBoard:SceneExtension] Realizing settings extension _UISceneOrientationSettingsExtension on FBSSceneSettings
2026-09-22 13:45:06.452 Df MeeshogiFixtures[37515:64504] [com.apple.FrontBoard:SceneExtension] Realizing settings extension _UISceneOrientationClientSettingsExtension on FBSSceneClientSettings
2026-09-22 13:45:06.452 Df MeeshogiFixtures[37515:64504] [com.apple.FrontBoard:SceneExtension] Realizing settings extension _UISceneRegionSettings on FBSSceneSettings
2026-09-22 13:45:06.452 Df MeeshogiFixtures[37515:64504] [com.apple.FrontBoard:SceneExtension] Realizing settings extension _UISceneWindowingControlClientSettings on FBSSceneClientSettings
2026-09-22 13:45:06.452 Df MeeshogiFixtures[37515:64504] [com.apple.FrontBoard:SceneExtension] Realizing settings extension <_UICompanionSceneInterestClientSettings> on FBSSceneClientSettings
2026-09-22 13:45:06.453 Df MeeshogiFixtures[37515:64504] [com.apple.FrontBoard:SceneExtension] Realizing settings extension <_UIResourceConditionsSceneSettings> on FBSSceneSettings
2026-09-22 13:45:06.454 Df MeeshogiFixtures[37515:64504] [com.apple.FrontBoard:SceneExtension] Realizing settings extension _UIKeyboardInputScenePairingSettings on FBSSceneSettings
2026-09-22 13:45:06.454 Df MeeshogiFixtures[37515:64504] [com.apple.FrontBoard:SceneExtension] Realizing settings extension <_UISceneHostingContentSizePreferenceClientSettings> on FBSSceneClientSettings
2026-09-22 13:45:06.454 Df MeeshogiFixtures[37515:64504] [com.apple.FrontBoard:SceneExtension] Realizing settings extension _UISceneHostingTraitCollectionPropagationSettings on FBSSceneSettings
2026-09-22 13:45:06.454 Df MeeshogiFixtures[37515:64504] [com.apple.FrontBoard:SceneExtension] Realizing settings extension <_UISceneHostingSheetPresentationSettings> on FBSSceneSettings
2026-09-22 13:45:06.455 Df MeeshogiFixtures[37515:64504] [com.apple.FrontBoard:SceneExtension] Realizing settings extension <_UISceneHostingSheetPresentationClientSettings> on FBSSceneClientSettings
2026-09-22 13:45:06.455 Df MeeshogiFixtures[37515:64504] [com.apple.FrontBoard:SceneExtension] Realizing settings extension <UIKit__UITypedKeyValueSceneSettings> on FBSSceneSettings
2026-09-22 13:45:06.455 Df MeeshogiFixtures[37515:64504] [com.apple.FrontBoard:SceneExtension] Realizing settings extension <UIKit__UITypedKeyValueSceneSettings> on FBSSceneClientSettings
2026-09-22 13:45:06.455 Df MeeshogiFixtures[37515:64504] [com.apple.FrontBoard:SceneExtension] Realizing settings extension <_UISceneHostingViewControllerPreferencePropagationClientSettings> on FBSSceneClientSettings
2026-09-22 13:45:06.455 Df MeeshogiFixtures[37515:64504] [com.apple.FrontBoard:SceneExtension] Realizing settings extension <_UISceneZoomTransitionSettings> on FBSSceneSettings
2026-09-22 13:45:06.455 Df MeeshogiFixtures[37515:64510] [com.apple.FrontBoard:SceneExtension] Realizing settings extension FBSSceneSettingsCore on FBSSceneSettings
2026-09-22 13:45:06.456 Df MeeshogiFixtures[37515:644ec] [com.apple.dt.xctest:Default] Registering for test daemon availability notify post.
2026-09-22 13:45:06.456 Df MeeshogiFixtures[37515:644ec] [com.apple.dt.xctest:Default] notify_get_state check indicated test daemon not ready.
2026-09-22 13:45:06.456 Df MeeshogiFixtures[37515:644ec] [com.apple.dt.xctest:Default] notify_get_state check indicated test daemon not ready.
2026-09-22 13:45:06.456 Df MeeshogiFixtures[37515:64510] [com.apple.FrontBoard:SceneExtension] Realizing settings extension FBSSceneClientSettingsCore on FBSSceneClientSettings
2026-09-22 13:45:06.456 Df MeeshogiFixtures[37515:644ec] [com.apple.dt.xctest:Default] notify_get_state check indicated test daemon not ready.
2026-09-22 13:45:06.462 Df MeeshogiFixtures[37515:64510] [com.apple.FrontBoard:SceneExtension] UIMutableApplicationSceneSettings setting counterpart class: UIApplicationSceneSettings
2026-09-22 13:45:06.463 Df MeeshogiFixtures[37515:64510] [com.apple.FrontBoard:SceneExtension] UIMutableApplicationSceneClientSettings setting counterpart class: UIApplicationSceneClientSettings
2026-09-22 13:45:06.463 Df MeeshogiFixtures[37515:64510] [com.apple.FrontBoard:SceneExtension] Realizing settings extension FBSSceneTransitionContextCore on FBSSceneTransitionContext
2026-09-22 13:45:06.465 Df MeeshogiFixtures[37515:644ec] [com.apple.app_launch_measurement:ApplicationLaunch] alm_acquire_pageins_recording_assertion: acquired pageins recording assertion!
2026-09-22 13:45:06.466 Df MeeshogiFixtures[37515:644ec] [com.apple.UIKit:UIScreen] Evaluated capturing state as 0 on <UIScreen: 0x10614c8c0> for initial
2026-09-22 13:45:06.466 Df MeeshogiFixtures[37515:644ec] [com.apple.UIKit:UIScreen] Evaluated capturing state as 0 on <UIScreen: 0x10614c8c0> for CADisplay KVO
2026-09-22 13:45:06.467 Df MeeshogiFixtures[37515:644ec] [com.apple.Accessibility:AXSupportCommon] Read CategoryName: per-app = 1, category name = (null)
2026-09-22 13:45:06.467 Df MeeshogiFixtures[37515:644ec] [com.apple.Accessibility:AXSupportCommon] Read CategoryName: per-app = 0, category name = (null)
2026-09-22 13:45:06.468 Df MeeshogiFixtures[37515:644ec] [com.apple.UIKit:BackgroundTask] Will add backgroundTask with taskName: Persistent SceneSession Map Update, expirationHandler: <__NSGlobalBlock__: 0x222a2e0c0>
2026-09-22 13:45:06.468 Df MeeshogiFixtures[37515:644ec] [com.apple.UIKit:BackgroundTask] Reusing background assertion <BKSProcessAssertion: 0x1056d83f0>
2026-09-22 13:45:06.468 Df MeeshogiFixtures[37515:644ec] [com.apple.UIKit:BackgroundTask] Incrementing reference count for background assertion <BKSProcessAssertion: 0x1056d83f0>
2026-09-22 13:45:06.468 Df MeeshogiFixtures[37515:644ec] [com.apple.UIKit:BackgroundTask] Created background task <_UIBackgroundTaskInfo: 0x10620c980>: taskID = 2, taskName = Persistent SceneSession Map Update, creationTime = 9947 (elapsed = 0).
2026-09-22 13:45:06.468 Df MeeshogiFixtures[37515:644ec] [com.apple.UIKit:Application] Deactivation reason added: 5; deactivation reasons: 1024 -> 1056; animating application lifecycle event: 1
2026-09-22 13:45:06.469 Df MeeshogiFixtures[37515:644ec] [com.apple.UIKit:InterfaceStyle] Not push traits update to screen for new style 1, <UIWindowScene: 0x1056e9af0> (070CE2FD-93C5-4E49-8EB6-26ACF6F3AB73)
2026-09-22 13:45:06.470 Df MeeshogiFixtures[37515:644ec] [com.apple.UIKit:InterfaceStyle] Should send trait collection or coordinate space update, interface style 1 -> 1, <UIWindowScene: 0x1056e9af0> (070CE2FD-93C5-4E49-8EB6-26ACF6F3AB73)
2026-09-22 13:45:06.477 Df MeeshogiFixtures[37515:644ec] [com.apple.UIKit:InterfaceStyle] Not push traits update to screen for new style 1, <UIWindowScene: 0x1056e9af0> (070CE2FD-93C5-4E49-8EB6-26ACF6F3AB73)
2026-09-22 13:45:06.477 Df MeeshogiFixtures[37515:644ec] [com.apple.UIKit:HomeAffordanceObservation] Initializing: <_UIHomeAffordanceSceneNotifier: 0x106210850>; with scene: <UIWindowScene: 0x1056e9af0>
2026-09-22 13:45:06.477 Df MeeshogiFixtures[37515:644ec] [com.apple.BacklightServices:scenes] 0x1061ec150 setDelegate:<0x1061eed30 _UIBacklightEnvironment> hasDelegate:YES for environment:sceneID:com.meeshogi.testfiles-default
2026-09-22 13:45:06.477 Df MeeshogiFixtures[37515:644ec] [com.apple.UIKit:InterfaceStyle] Not push traits update to screen for new style 1, <UIWindowScene: 0x1056e9af0> (070CE2FD-93C5-4E49-8EB6-26ACF6F3AB73)
2026-09-22 13:45:06.477 Df MeeshogiFixtures[37515:644ec] [com.apple.UIKit:EventDeferring] [0x10624aa80] Initialized with scene: <UIWindowScene: 0x1056e9af0>; behavior: <_UIEventDeferringBehavior_iOS: 0x1062696e0>; availableForProcess: 1, systemShellManagesKeyboardFocus: 1
2026-09-22 13:45:06.477 Df MeeshogiFixtures[37515:644ec] [com.apple.UIKit:EventDeferring] [0x10624aa80] Initialized with scene: <UIWindowScene: 0x1056e9af0>; behavior: <_UIEventDeferringBehavior_iOS: 0x1062696e0>; availableForProcess: 1, systemShellManagesKeyboardFocus: 1
2026-09-22 13:45:06.478 Df MeeshogiFixtures[37515:644ec] [com.apple.GenerativeModels:availability] UserDefaults(com.apple.gms.availability, 501
2026-09-22 13:45:06.478 Df MeeshogiFixtures[37515:644ec] [com.apple.GenerativeModels:availability] UserDefaults(com.apple.gms.availability, 501
2026-09-22 13:45:06.486 Df MeeshogiFixtures[37515:644ec] [com.apple.GenerativeModels:availability] registering darwin observer for name: com.apple.gms.availability.notification
2026-09-22 13:45:06.486 Df MeeshogiFixtures[37515:644ec] [com.apple.GenerativeModels:availability] registering darwin observer for name: com.apple.gms.availability.notification
2026-09-22 13:45:06.486 Df MeeshogiFixtures[37515:644ec] [com.apple.GenerativeModels:availability] registering darwin observer for name: com.apple.os-eligibility-domain.change.greymatter
2026-09-22 13:45:06.486 Df MeeshogiFixtures[37515:644ec] [com.apple.GenerativeModels:availability] registering darwin observer for name: com.apple.os-eligibility-domain.change.greymatter
2026-09-22 13:45:06.486 Df MeeshogiFixtures[37515:644ec] [com.apple.GenerativeModels:availability] registering darwin observer for name: com.apple.language.changed
2026-09-22 13:45:06.486 Df MeeshogiFixtures[37515:644ec] [com.apple.GenerativeModels:availability] registering darwin observer for name: com.apple.language.changed
2026-09-22 13:45:06.486 Df MeeshogiFixtures[37515:644ec] [com.apple.UIKit:InterfaceStyle] Not push traits update to screen for new style 1, <UIWindowScene: 0x1056e9af0> (070CE2FD-93C5-4E49-8EB6-26ACF6F3AB73)
2026-09-22 13:45:06.487 Df MeeshogiFixtures[37515:644ec] [com.apple.xpc:connection] [0x10614d7c0] activating connection: mach=false listener=false peer=false name=(anonymous)
2026-09-22 13:45:06.487 Df MeeshogiFixtures[37515:644ec] [com.apple.BackBoard:EventDelivery] policy observer <BKSHIDEventDeliveryPolicyObserver: 0x106211810; process scope; policy: UNKNOWN> added
2026-09-22 13:45:06.487 Df MeeshogiFixtures[37515:644ec] [com.apple.BackBoard:EventDelivery] [BKSHIDEventObserver] set observing:YES
2026-09-22 13:45:06.488 Df MeeshogiFixtures[37515:644ec] [com.apple.BackBoard:EventDelivery] policyStatus:<BKSHIDEventDeliveryPolicyObserver: 0x106211810; process scope; <target; generation: 2465; finalStringToken>> was:(null)
2026-09-22 13:45:06.488 Df MeeshogiFixtures[37515:64510] [com.apple.BackBoard:EventDelivery] [BKSHIDEventObserver] - connection activation
2026-09-22 13:45:06.488 Df MeeshogiFixtures[37515:644ec] [com.apple.BackBoard:EventDelivery] [BKSHIDEventObserver] 0x106211810 _UIKeyWindowSceneObserver-0x1061ee220 setToken:com.apple.frontboard.systemappservices/FBSceneManager:sceneID%3Acom.meeshogi.testfiles-default
2026-09-22 13:45:06.489 Df MeeshogiFixtures[37515:644ec] [com.apple.UIKit:KeyWindow] Setting default evaluation strategy for UIUserInterfaceIdiomPhone to LastOneWins
2026-09-22 13:45:06.489 Df MeeshogiFixtures[37515:644ec] [com.apple.UIKit:KeyWindow] Setting default evaluation strategy for UIUserInterfaceIdiomPhone to LastOneWins
2026-09-22 13:45:06.489 Df MeeshogiFixtures[37515:644ec] [com.apple.UIKit:KeyWindow] Scene target of keyboard event deferring environment did change: target=1; ancestor=0; scene: UIWindowScene: 0x1056e9af0; scene identity: com.apple.frontboard.systemappservices/FBSceneManager:sceneID%3Acom.meeshogi.testfiles-default
2026-09-22 13:45:06.489 Df MeeshogiFixtures[37515:644ec] [com.apple.UIKit:KeyWindow] Scene target of keyboard event deferring environment did change: target=1; ancestor=0; scene: UIWindowScene: 0x1056e9af0; scene identity: com.apple.frontboard.systemappservices/FBSceneManager:sceneID%3Acom.meeshogi.testfiles-default
2026-09-22 13:45:06.489 Df MeeshogiFixtures[37515:644ec] [com.apple.UIKit:EventDeferring] [0x10624aa80] Scene target of event deferring environments did update: scene: 0x1056e9af0; current systemShellManagesKeyboardFocus: 1; systemShellManagesKeyboardFocusForScene: 1; eligibleForRecordRemoval: 1;
2026-09-22 13:45:06.489 Df MeeshogiFixtures[37515:644ec] [com.apple.UIKit:EventDeferring] [0x10624aa80] Scene target of event deferring environments did update: scene: 0x1056e9af0; current systemShellManagesKeyboardFocus: 1; systemShellManagesKeyboardFocusForScene: 1; eligibleForRecordRemoval: 1;
2026-09-22 13:45:06.489 Df MeeshogiFixtures[37515:644ec] [com.apple.UIKit:KeyWindow] Scene became target of keyboard event deferring environment: UIWindowScene: 0x1056e9af0; scene identity: com.apple.frontboard.systemappservices/FBSceneManager:sceneID%3Acom.meeshogi.testfiles-default
2026-09-22 13:45:06.489 Df MeeshogiFixtures[37515:644ec] [com.apple.UIKit:KeyWindow] Scene became target of keyboard event deferring environment: UIWindowScene: 0x1056e9af0; scene identity: com.apple.frontboard.systemappservices/FBSceneManager:sceneID%3Acom.meeshogi.testfiles-default
2026-09-22 13:45:06.489 Df MeeshogiFixtures[37515:644ec] [com.apple.UIKit:KeyWindow] Stack[KeyWindow] 0x1061ee760: Taking no further action for migration from LastOneWins -> SystemShellManaged as there are no scenes
2026-09-22 13:45:06.489 Df MeeshogiFixtures[37515:644ec] [com.apple.UIKit:KeyWindow] Stack[KeyWindow] 0x1061ee760: Taking no further action for migration from LastOneWins -> SystemShellManaged as there are no scenes
2026-09-22 13:45:06.489 Df MeeshogiFixtures[37515:644ec] [com.apple.UIKit:KeyWindow] Setting default evaluation strategy for UIUserInterfaceIdiomPhone to SystemShellManaged
2026-09-22 13:45:06.489 Df MeeshogiFixtures[37515:644ec] [com.apple.UIKit:KeyWindow] Setting default evaluation strategy for UIUserInterfaceIdiomPhone to SystemShellManaged
2026-09-22 13:45:06.489 Df MeeshogiFixtures[37515:644ec] [com.apple.UIKit:KeyWindow] Key window needs update: 0; currentKeyWindowScene: 0x0; evaluatedKeyWindowScene: 0x1056e9af0; currentApplicationKeyWindow: 0x0; evaluatedApplicationKeyWindow: 0x0; reason: UIWindowScene: 0x1056e9af0: Window scene became target of keyboard environment
2026-09-22 13:45:06.489 Df MeeshogiFixtures[37515:644ec] [com.apple.UIKit:KeyWindow] Key window needs update: 0; currentKeyWindowScene: 0x0; evaluatedKeyWindowScene: 0x1056e9af0; currentApplicationKeyWindow: 0x0; evaluatedApplicationKeyWindow: 0x0; reason: UIWindowScene: 0x1056e9af0: Window scene became target of keyboard environment
2026-09-22 13:45:06.489 Df MeeshogiFixtures[37515:64510] [com.apple.BackBoard:EventDelivery] will update observations for 0 observers
2026-09-22 13:45:06.489 Df MeeshogiFixtures[37515:644ec] [com.apple.UIKit:InterfaceStyle] Not push traits update to screen for new style 1, <UIWindowScene: 0x1056e9af0> (070CE2FD-93C5-4E49-8EB6-26ACF6F3AB73)
2026-09-22 13:45:06.489 Df MeeshogiFixtures[37515:644ec] [com.apple.UIKit:InterfaceStyle] Not push traits update to screen for new style 1, <UIWindowScene: 0x1056e9af0> (070CE2FD-93C5-4E49-8EB6-26ACF6F3AB73)
2026-09-22 13:45:06.489 Df MeeshogiFixtures[37515:644ec] [com.apple.BackBoard:EventDelivery] policy observer <BKSHIDEventDeliveryPolicyObserver: 0x106211a40; process scope; policy: UNKNOWN> added
2026-09-22 13:45:06.489 Df MeeshogiFixtures[37515:644ec] [com.apple.BackBoard:EventDelivery] [BKSHIDEventObserver] set observing:YES
2026-09-22 13:45:06.490 Df MeeshogiFixtures[37515:644ec] [com.apple.BackBoard:EventDelivery] policyStatus:<BKSHIDEventDeliveryPolicyObserver: 0x106211a40; process scope; <target; generation: 2465; finalStringToken>> was:(null)
2026-09-22 13:45:06.490 Df MeeshogiFixtures[37515:64510] [com.apple.BackBoard:EventDelivery] will update observations for 0 observers
2026-09-22 13:45:06.490 Df MeeshogiFixtures[37515:644ec] [com.apple.BackBoard:EventDelivery] [BKSHIDEventObserver] 0x106211a40  setToken:com.apple.frontboard.systemappservices/FBSceneManager:sceneID%3Acom.meeshogi.testfiles-default
2026-09-22 13:45:06.490 Df MeeshogiFixtures[37515:644ec] [com.apple.UIKit:KeyboardFocusAssistant] Event deferring policy changed: finalScene:N->Y (token: com.apple.frontboard.systemappservices/FBSceneManager:sceneID%3Acom.meeshogi.testfiles-default)
2026-09-22 13:45:06.491 Df MeeshogiFixtures[37515:644ec] [com.apple.UIKit:KeyboardSceneDelegate] Scene gained keyboard focus (scene: <UIWindowScene: 0x1056e9af0>, responder: (nil), wantsKB: N)
2026-09-22 13:45:06.491 Df MeeshogiFixtures[37515:644ec] [com.apple.UIKit:KeyboardArbiterClientLog] isWritingToolsHandlingKeyboardTracking:Y (WT ready:Y, Arbiter ready:Y)
2026-09-22 13:45:06.491 Df MeeshogiFixtures[37515:644ec] [com.apple.UIKit:KeyboardArbiterClientLog] -[_UIRemoteKeyboards prepareToMoveKeyboard:withIAV:isIAVRelevant:showing:notifyRemote:forScene:] position: {{0, 0}, {0, 0}} visible: 0; notifyRemote: 1; isMinimized: NO
2026-09-22 13:45:06.491 Df MeeshogiFixtures[37515:644ec] [com.apple.UIKit:InterfaceStyle] Not push traits update to screen for new style 1, <UIWindowScene: 0x1056e9af0> (070CE2FD-93C5-4E49-8EB6-26ACF6F3AB73)
2026-09-22 13:45:06.491 Df MeeshogiFixtures[37515:644ec] [com.apple.UIKit:InterfaceStyle] Not push traits update to screen for new style 1, <UIWindowScene: 0x1056e9af0> (070CE2FD-93C5-4E49-8EB6-26ACF6F3AB73)
2026-09-22 13:45:06.491 Df MeeshogiFixtures[37515:644ec] [com.apple.UIKit:InterfaceStyle] Not push traits update to screen for new style 1, <UIWindowScene: 0x1056e9af0> (070CE2FD-93C5-4E49-8EB6-26ACF6F3AB73)
2026-09-22 13:45:06.492 Df MeeshogiFixtures[37515:644ec] [com.apple.UIKit:InterfaceStyle] Not push traits update to screen for new style 1, <UIWindowScene: 0x1056e9af0> (070CE2FD-93C5-4E49-8EB6-26ACF6F3AB73)
2026-09-22 13:45:06.492 Df MeeshogiFixtures[37515:644ec] [com.apple.UIKit:InterfaceStyle] Not push traits update to screen for new style 1, <UIWindowScene: 0x1056e9af0> (070CE2FD-93C5-4E49-8EB6-26ACF6F3AB73)
2026-09-22 13:45:06.492 Df MeeshogiFixtures[37515:644ec] [com.apple.UIKit:InterfaceStyle] Not push traits update to screen for new style 1, <UIWindowScene: 0x1056e9af0> (070CE2FD-93C5-4E49-8EB6-26ACF6F3AB73)
2026-09-22 13:45:06.492 Df MeeshogiFixtures[37515:644ec] [com.apple.UIKit:InterfaceStyle] Not push traits update to screen for new style 1, <UIWindowScene: 0x1056e9af0> (070CE2FD-93C5-4E49-8EB6-26ACF6F3AB73)
2026-09-22 13:45:06.492 Df MeeshogiFixtures[37515:644ec] [com.apple.UIKit:KeyboardScene] Requesting keyboard scene for (FBSceneManager):sceneID:com.meeshogi.testfiles-default
2026-09-22 13:45:06.492 Df MeeshogiFixtures[37515:644ec] [com.apple.xpc:connection] [0x10614fd40] activating connection: mach=false listener=false peer=false name=(anonymous)
2026-09-22 13:45:06.492 Df MeeshogiFixtures[37515:644ec] [com.apple.FrontBoard:Common] FBSWorkspace registering source: com.apple.UIKit.KeyboardManagement.hosted
2026-09-22 13:45:06.492 Df MeeshogiFixtures[37515:644ec] [com.apple.FrontBoard:Common] FBSWorkspace connected to endpoint : <BSServiceConnectionEndpoint: 0x10626ae80; target: NL:com.apple.UIKit.KeyboardManagement.hosted; service: com.apple.frontboard.workspace-service>
2026-09-22 13:45:06.493 F  MeeshogiFixtures[37515:644ec] [com.apple.runtime-issues:UIKit App Config] `UIScene` life cycle is now required when building with the latest SDKs. Apps that don't adopt will fail to launch.
2026-09-22 13:45:06.493 F  MeeshogiFixtures[37515:644ec] [com.apple.runtime-issues:UIKit App Config] `UIScene` life cycle is now required when building with the latest SDKs. Apps that don't adopt will fail to launch.
2026-09-22 13:45:06.493 A  MeeshogiFixtures[37515:644ec] (libsystem_trace.dylib) Activity for state dumps
2026-09-22 13:45:06.493 Df MeeshogiFixtures[37515:644ec] [com.apple.UIKit:InterfaceStyle] Not push traits update to screen for new style 1, <UIWindowScene: 0x1056e9af0> (070CE2FD-93C5-4E49-8EB6-26ACF6F3AB73)
2026-09-22 13:45:06.493 Df MeeshogiFixtures[37515:644ec] [com.apple.UIKit:AppLifecycle] sceneOfRecord: sceneID: sceneID:com.meeshogi.testfiles-default  persistentID: 070CE2FD-93C5-4E49-8EB6-26ACF6F3AB73
2026-09-22 13:45:06.494 Df MeeshogiFixtures[37515:644ec] [com.apple.UIKit:Application] Ignoring already applied deactivation reason: 5; deactivation reasons: 1056
2026-09-22 13:45:06.494 Df MeeshogiFixtures[37515:644ec] [com.apple.UIKit:Application] Deactivation reason added: 11; deactivation reasons: 1056 -> 3104; animating application lifecycle event: 1
2026-09-22 13:45:06.494 Df MeeshogiFixtures[37515:644ec] [com.apple.KeyboardArbiter:Client] startConnection
2026-09-22 13:45:06.500 A  MeeshogiFixtures[37515:64504] (RunningBoardServices) didChangeInheritances
2026-09-22 13:45:06.503 Df MeeshogiFixtures[37515:64504] [com.apple.FrontBoard:Common] <FBSWorkspaceScenesClient:0x106096d00 com.apple.UIKit.KeyboardManagement.hosted> attempting delayed handshake from activation handler
2026-09-22 13:45:06.504 Df MeeshogiFixtures[37515:64504] [com.apple.FrontBoard:Common] <FBSWorkspaceScenesClient:0x106096d00 com.apple.UIKit.KeyboardManagement.hosted> sent handshake
2026-09-22 13:45:06.510 Df MeeshogiFixtures[37515:64508] [com.apple.FrontBoard:SceneExtension] Realizing settings extension <_UIKeyboardInputSceneSettings> on FBSSceneSettings
2026-09-22 13:45:06.510 Df MeeshogiFixtures[37515:64508] [com.apple.FrontBoard:SceneExtension] Realizing settings extension <_UIKeyboardInputSceneClientSettings> on FBSSceneClientSettings
2026-09-22 13:45:06.624 Df MeeshogiFixtures[37515:644ec] [com.apple.UIKit:Orientation] <UIWindowScene: 0x1056e9af0> (070CE2FD-93C5-4E49-8EB6-26ACF6F3AB73) Scene updated orientation preferences: none -> ( Pu )
2026-09-22 13:45:06.625 Df MeeshogiFixtures[37515:644ec] [com.apple.UIKit:KeyWindow] Key window API is scene-level: YES
2026-09-22 13:45:06.625 Df MeeshogiFixtures[37515:644ec] [com.apple.UIKit:KeyWindow] Key window API is scene-level: YES
2026-09-22 13:45:06.625 Df MeeshogiFixtures[37515:644ec] [com.apple.UIKit:KeyWindow] UIWindowScene: 0x1056e9af0: Window became key in scene: UIWindow: 0x10618c000; contextId: 0xC8D6D67: reason: UIWindowScene: 0x1056e9af0: Window requested to become key in scene: 0x10618c000
2026-09-22 13:45:06.625 Df MeeshogiFixtures[37515:644ec] [com.apple.UIKit:KeyWindow] UIWindowScene: 0x1056e9af0: Window became key in scene: UIWindow: 0x10618c000; contextId: 0xC8D6D67: reason: UIWindowScene: 0x1056e9af0: Window requested to become key in scene: 0x10618c000
2026-09-22 13:45:06.625 Df MeeshogiFixtures[37515:644ec] [com.apple.UIKit:KeyWindow] Key window needs update: 1; currentKeyWindowScene: 0x0; evaluatedKeyWindowScene: 0x1056e9af0; currentApplicationKeyWindow: 0x0; evaluatedApplicationKeyWindow: 0x10618c000; reason: UIWindowScene: 0x1056e9af0: Window requested to become key in scene: 0x10618c000
2026-09-22 13:45:06.625 Df MeeshogiFixtures[37515:644ec] [com.apple.UIKit:KeyWindow] Key window needs update: 1; currentKeyWindowScene: 0x0; evaluatedKeyWindowScene: 0x1056e9af0; currentApplicationKeyWindow: 0x0; evaluatedApplicationKeyWindow: 0x10618c000; reason: UIWindowScene: 0x1056e9af0: Window requested to become key in scene: 0x10618c000
2026-09-22 13:45:06.625 Df MeeshogiFixtures[37515:644ec] [com.apple.UIKit:KeyWindow] Window did become application key: UIWindow: 0x10618c000; contextId: 0xC8D6D67; scene identity: com.apple.frontboard.systemappservices/FBSceneManager:sceneID%3Acom.meeshogi.testfiles-default
2026-09-22 13:45:06.625 Df MeeshogiFixtures[37515:644ec] [com.apple.UIKit:KeyWindow] Window did become application key: UIWindow: 0x10618c000; contextId: 0xC8D6D67; scene identity: com.apple.frontboard.systemappservices/FBSceneManager:sceneID%3Acom.meeshogi.testfiles-default
2026-09-22 13:45:06.625 Df MeeshogiFixtures[37515:644ec] [com.apple.UIKit:EventDeferring] [0x10624aa80] Begin local event deferring requested for token: 0x1060468e0; environments: 1; reason: UIWindowScene: 0x1056e9af0: Begin event deferring in keyboardFocus for window: 0x10618c000
2026-09-22 13:45:06.625 Df MeeshogiFixtures[37515:644ec] [com.apple.UIKit:EventDeferring] [0x10624aa80] Begin local event deferring requested for token: 0x1060468e0; environments: 1; reason: UIWindowScene: 0x1056e9af0: Begin event deferring in keyboardFocus for window: 0x10618c000
2026-09-22 13:45:06.625 Df MeeshogiFixtures[37515:644ec] [com.apple.UIKit:EventDeferring] [0x10624aa80] [keyboardFocus] Start observing context for local target window: 0x10618c000; contextId: 0xC8D6D67
2026-09-22 13:45:06.625 Df MeeshogiFixtures[37515:644ec] [com.apple.UIKit:EventDeferring] [0x10624aa80] [keyboardFocus] Start observing context for local target window: 0x10618c000; contextId: 0xC8D6D67
2026-09-22 13:45:06.625 Df MeeshogiFixtures[37515:644ec] [com.apple.UIKit:EventDeferring] [0x10624aa80] [keyboardFocus] Began tracking context for local target window: 0x10618c000; contextId: 0xC8D6D67
2026-09-22 13:45:06.625 Df MeeshogiFixtures[37515:644ec] [com.apple.UIKit:EventDeferring] [0x10624aa80] [keyboardFocus] Began tracking context for local target window: 0x10618c000; contextId: 0xC8D6D67
2026-09-22 13:45:06.625 Df MeeshogiFixtures[37515:64508] [com.apple.BackBoard:EventDelivery] BKSHIDEventDeliveryManager - connection activation
2026-09-22 13:45:06.627 Df MeeshogiFixtures[37515:64508] [com.apple.BackBoard:EventDelivery] will update observations for 2 observers
2026-09-22 13:45:06.627 Df MeeshogiFixtures[37515:64508] [com.apple.BackBoard:EventDelivery] [BKSHIDEventObserver] policy-per (
    <0x106211a40; _UIKeyboardFocu…ant-0x1061f07e0; fb/FBSceneManag…stfiles-default; <target; generation: 2462; finalStringToken>>,
    <0x106211810; _UIKeyWindowSce…ver-0x1061ee220; fb/FBSceneManag…stfiles-default; <target; generation: 2462; finalStringToken>>
)
2026-09-22 13:45:06.627 Df MeeshogiFixtures[37515:64504] [com.apple.BackBoard:EventDelivery] will update observations for 2 observers
2026-09-22 13:45:06.627 Df MeeshogiFixtures[37515:64504] [com.apple.BackBoard:EventDelivery] policyStatus:<0x106211a40; _UIKeyboardFocusAssistant-0x1061f07e0; fb/FBSceneManager:sceneID%3Acom.meeshogi.testfiles-default; <ancestor; generation: 2466; finalStringToken>> was:<target; generation: 2462; finalStringToken>
2026-09-22 13:45:06.627 Df MeeshogiFixtures[37515:64504] [com.apple.BackBoard:EventDelivery] [BKSHIDEventObserver] policyDidChange: 0x106211a40 -> <_UIKeyboardFocusAssistant: 0x1061f07e0> now:<ancestor; generation: 2466; finalStringToken>
2026-09-22 13:45:06.627 Df MeeshogiFixtures[37515:64504] [com.apple.BackBoard:EventDelivery] policyStatus:<0x106211810; _UIKeyWindowSceneObserver-0x1061ee220; fb/FBSceneManager:sceneID%3Acom.meeshogi.testfiles-default; <ancestor; generation: 2466; finalStringToken>> was:<target; generation: 2462; finalStringToken>
2026-09-22 13:45:06.627 Df MeeshogiFixtures[37515:64504] [com.apple.BackBoard:EventDelivery] [BKSHIDEventObserver] policyDidChange: 0x106211810 -> <_UIKeyWindowSceneObserver: 0x1061ee220> now:<ancestor; generation: 2466; finalStringToken>
2026-09-22 13:45:06.627 Df MeeshogiFixtures[37515:64504] [com.apple.BackBoard:EventDelivery] [BKSHIDEventObserver] policy-per (
    <0x106211a40; _UIKeyboardFocu…ant-0x1061f07e0; fb/FBSceneManag…stfiles-default; <ancestor; generation: 2466; finalStringToken>>,
    <0x106211810; _UIKeyWindowSce…ver-0x1061ee220; fb/FBSceneManag…stfiles-default; <ancestor; generation: 2466; finalStringToken>>
)
2026-09-22 13:45:06.628 Df MeeshogiFixtures[37515:644ec] [com.apple.UIKit:Application] Deactivation reason removed: 10; deactivation reasons: 3104 -> 2080; animating application lifecycle event: 1
2026-09-22 13:45:06.628 Df MeeshogiFixtures[37515:644ec] [com.apple.UIKit:Application] Deactivation reason added: 12; deactivation reasons: 2080 -> 6176; animating application lifecycle event: 1
2026-09-22 13:45:06.628 Df MeeshogiFixtures[37515:644ec] [com.apple.UIKit:Application] Deactivation reason removed: 11; deactivation reasons: 6176 -> 4128; animating application lifecycle event: 1
2026-09-22 13:45:06.628 Df MeeshogiFixtures[37515:644ec] [com.apple.FrontBoard:SceneExtension] Realizing settings extension <_UISceneIntelligenceSupportSettings> on FBSSceneSettings
2026-09-22 13:45:06.629 Df MeeshogiFixtures[37515:64508] [com.apple.UIIntelligenceSupport:xpc] establishing connection to agent
2026-09-22 13:45:06.629 Df MeeshogiFixtures[37515:64508] [com.apple.xpc:session] [0x106174690] Session created.
2026-09-22 13:45:06.629 Df MeeshogiFixtures[37515:64508] [com.apple.xpc:session] [0x106174690] Session created from connection [0x10633d2c0]
2026-09-22 13:45:06.629 Df MeeshogiFixtures[37515:64508] [com.apple.xpc:connection] [0x10633d2c0] activating connection: mach=true listener=false peer=false name=com.apple.uiintelligencesupport.agent
2026-09-22 13:45:06.629 Df MeeshogiFixtures[37515:64508] [com.apple.xpc:session] [0x106174690] Session activated
2026-09-22 13:45:06.629 Df MeeshogiFixtures[37515:644ec] [com.apple.UIKit:InterfaceStyle] Not push traits update to screen for new style 1, <UIWindowScene: 0x1056e9af0> (070CE2FD-93C5-4E49-8EB6-26ACF6F3AB73)
2026-09-22 13:45:06.629 Df MeeshogiFixtures[37515:644ec] [com.apple.FrontBoard:SceneExtension] Ingesting properties from UIApplicationSceneSettings...
2026-09-22 13:45:06.630 Df MeeshogiFixtures[37515:644ec] [com.apple.FrontBoard:SceneExtension] Realizing settings extension <UIApplicationSceneSettings[derived]> on FBSSceneSettings
2026-09-22 13:45:06.630 Df MeeshogiFixtures[37515:64504] [com.apple.UIIntelligenceSupport:xpc] Connection established with agent PID: 8889
2026-09-22 13:45:06.631 Df MeeshogiFixtures[37515:644ec] [com.apple.UIKit:ScenePostSettingsUpdateResponse] <_UIScenePostSettingsUpdateResponseComponent: 0x10631d4d0>: Scheduling <_UIScenePostSettingsUpdateWindowLayout: 0x1061c8e30>
2026-09-22 13:45:06.631 Df MeeshogiFixtures[37515:644ec] [com.apple.UIKit:ScenePostSettingsUpdateResponse] <_UIScenePostSettingsUpdateResponseComponent: 0x10631d4d0>: Reducing <_UIScenePostSettingsUpdateWindowLayout: 0x1061c8b70> into <_UIScenePostSettingsUpdateWindowLayout: 0x1061c8e30>
2026-09-22 13:45:06.631 Df MeeshogiFixtures[37515:644ec] [com.apple.UIKit:InterfaceStyle] Not push traits update to screen for new style 1, <UIWindowScene: 0x1056e9af0> (070CE2FD-93C5-4E49-8EB6-26ACF6F3AB73)
2026-09-22 13:45:06.632 Df MeeshogiFixtures[37515:644ec] [com.apple.UIKit:InterfaceStyle] Not push traits update to screen for new style 1, <UIWindowScene: 0x1056e9af0> (070CE2FD-93C5-4E49-8EB6-26ACF6F3AB73)
2026-09-22 13:45:06.636 A  MeeshogiFixtures[37515:64504] (RunningBoardServices) didChangeInheritances
2026-09-22 13:45:06.636 Df MeeshogiFixtures[37515:644ec] [com.apple.xpc:connection] [0x10633cc80] activating connection: mach=true listener=false peer=false name=com.apple.lsd.mapdb
2026-09-22 13:45:06.640 Df MeeshogiFixtures[37515:64504] [com.apple.xpc:connection] [0x10633cf00] activating connection: mach=true listener=false peer=false name=com.apple.fontservicesd
2026-09-22 13:45:06.642 A  MeeshogiFixtures[37515:64508] (RunningBoardServices) didChangeInheritances
2026-09-22 13:45:06.652 Df MeeshogiFixtures[37515:644ec] [com.apple.network:activity] Create activity from XPC object <nw_activity 50:1 [398BF6A1-362A-49BF-9682-B91AEDFE18ED] (reporting strategy default)>
2026-09-22 13:45:06.652 Df MeeshogiFixtures[37515:644ec] [com.apple.network:activity] Create activity from XPC object <nw_activity 50:2 [1EBF9B7B-C8D6-42CE-B0A2-B61A7FA44278] (reporting strategy default)>
2026-09-22 13:45:06.652 Df MeeshogiFixtures[37515:644ec] [com.apple.network:activity] Set activity <nw_activity 50:1 [398BF6A1-362A-49BF-9682-B91AEDFE18ED] (reporting strategy default)> as the global parent
2026-09-22 13:45:06.652 Df MeeshogiFixtures[37515:644ec] [com.apple.UIKit:BackgroundTask] Ending background task with UIBackgroundTaskIdentifier: 1
2026-09-22 13:45:06.652 Df MeeshogiFixtures[37515:644ec] [com.apple.UIKit:BackgroundTask] Ending task with identifier 1 and description: <_UIBackgroundTaskInfo: 0x10603ca00>: taskID = 1, taskName = Launch Background Task for Coalescing, creationTime = 9947 (elapsed = 0), _expireHandler: (null)
2026-09-22 13:45:06.652 Df MeeshogiFixtures[37515:644ec] [com.apple.UIKit:BackgroundTask] Decrementing reference count for assertion <BKSProcessAssertion: 0x1056d83f0> (used by background task with identifier 1: <_UIBackgroundTaskInfo: 0x10603ca00>: taskID = 1, taskName = Launch Background Task for Coalescing, creationTime = 9947 (elapsed = 0))
2026-09-22 13:45:06.652 Df MeeshogiFixtures[37515:644ec] [com.apple.UIKit:KeyboardFocusAssistant] Event deferring policy changed: finalScene:Y->Y (token: com.apple.frontboard.systemappservices/FBSceneManager:sceneID%3Acom.meeshogi.testfiles-default)
2026-09-22 13:45:06.652 Df MeeshogiFixtures[37515:644ec] [com.apple.UIKit:EventDeferring] [0x10624aa80] Scene target of event deferring environments did update: scene: 0x1056e9af0; current systemShellManagesKeyboardFocus: 1; systemShellManagesKeyboardFocusForScene: 1; eligibleForRecordRemoval: 1;
2026-09-22 13:45:06.652 Df MeeshogiFixtures[37515:644ec] [com.apple.UIKit:EventDeferring] [0x10624aa80] Scene target of event deferring environments did update: scene: 0x1056e9af0; current systemShellManagesKeyboardFocus: 1; systemShellManagesKeyboardFocusForScene: 1; eligibleForRecordRemoval: 1;
2026-09-22 13:45:06.652 Df MeeshogiFixtures[37515:644ec] [com.apple.UIKit:KeyWindow] Scene became target of keyboard event deferring environment: UIWindowScene: 0x1056e9af0; scene identity: com.apple.frontboard.systemappservices/FBSceneManager:sceneID%3Acom.meeshogi.testfiles-default
2026-09-22 13:45:06.652 Df MeeshogiFixtures[37515:644ec] [com.apple.UIKit:KeyWindow] Scene became target of keyboard event deferring environment: UIWindowScene: 0x1056e9af0; scene identity: com.apple.frontboard.systemappservices/FBSceneManager:sceneID%3Acom.meeshogi.testfiles-default
2026-09-22 13:45:06.652 Df MeeshogiFixtures[37515:644ec] [com.apple.UIKit:AppLifecycle] sceneOfRecord: sceneID: sceneID:com.meeshogi.testfiles-default  persistentID: 070CE2FD-93C5-4E49-8EB6-26ACF6F3AB73
2026-09-22 13:45:06.653 Df MeeshogiFixtures[37515:644ec] [com.apple.UIKit:InterfaceStyle] Not push traits update to screen for new style 1, <UIWindowScene: 0x1056e9af0> (070CE2FD-93C5-4E49-8EB6-26ACF6F3AB73)
2026-09-22 13:45:06.655 Df MeeshogiFixtures[37515:644ec] [com.apple.UIKit:InterfaceStyle] Not push traits update to screen for new style 1, <UIWindowScene: 0x1056e9af0> (070CE2FD-93C5-4E49-8EB6-26ACF6F3AB73)
2026-09-22 13:45:06.655 Df MeeshogiFixtures[37515:644ec] [com.apple.UIKit:AppLifecycle] sceneOfRecord: sceneID: sceneID:com.meeshogi.testfiles-default  persistentID: 070CE2FD-93C5-4E49-8EB6-26ACF6F3AB73
2026-09-22 13:45:06.655 Df MeeshogiFixtures[37515:644ec] [com.apple.UIKit:Application] Deactivation reason removed: 12; deactivation reasons: 4128 -> 32; animating application lifecycle event: 1
2026-09-22 13:45:06.655 Df MeeshogiFixtures[37515:644ec] [com.apple.KeyboardArbiter:Client] Send setDeactivating: N (-DeactivationReason:SuspendedEventsOnly)
2026-09-22 13:45:06.657 Df MeeshogiFixtures[37515:644ec] [com.apple.UIKit:Application] Deactivation reason removed: 5; deactivation reasons: 32 -> 0; animating application lifecycle event: 0
2026-09-22 13:45:06.657 Df MeeshogiFixtures[37515:644ec] [com.apple.xpc:connection] [0x10633d400] activating connection: mach=true listener=false peer=false name=com.apple.pasteboard.pasted
2026-09-22 13:45:06.657 Df MeeshogiFixtures[37515:644ec] [com.apple.Pasteboard:Pasteboard] Retrieving pasteboard named com.apple.UIKit.pboard.general, create if needed: NO
2026-09-22 13:45:06.660 Df MeeshogiFixtures[37515:644ec] [com.apple.Pasteboard:Pasteboard] ...retrieving pasteboard named com.apple.UIKit.pboard.general completed successfully.
2026-09-22 13:45:06.661 Df MeeshogiFixtures[37515:644ec] [com.apple.xpc:connection] [0x10633d7c0] activating connection: mach=false listener=true peer=false name=(anonymous)
2026-09-22 13:45:06.661 Df MeeshogiFixtures[37515:644ec] [com.apple.Pasteboard:Pasteboard] dataConsumersListener: created anonymous listener=0x10603e380 for itemCollection=8E76EFED-2AE8-44AA-ADC4-A4246BE0EC0C
2026-09-22 13:45:06.661 Df MeeshogiFixtures[37515:644ec] [com.apple.xpc:connection] [0x10633d7c0] Connection returned listener port: 0x6823
2026-09-22 13:45:06.661 Df MeeshogiFixtures[37515:644ec] [com.apple.Pasteboard:Pasteboard] Saving pasteboard name com.apple.UIKit.pboard.general
2026-09-22 13:45:06.661 Df MeeshogiFixtures[37515:644ec] [com.apple.Pasteboard:Pasteboard] PBItemCollection shutdown: invalidating data-consumers listener=0x0 remoteConnection=0x0 for itemCollection=82364EA6-14D7-4F6D-91A7-9B937012B064
2026-09-22 13:45:06.661 Df MeeshogiFixtures[37515:644ec] [com.apple.Pasteboard:Pasteboard] Retrieving pasteboard named com.apple.UIKit.pboard.general, create if needed: NO
2026-09-22 13:45:06.665 Df MeeshogiFixtures[37515:64504] [com.apple.Pasteboard:Pasteboard] dataConsumersListener accepting new connection=0x1098240a0 (peer pid 8631) for itemCollection=8E76EFED-2AE8-44AA-ADC4-A4246BE0EC0C
2026-09-22 13:45:06.665 Df MeeshogiFixtures[37515:64504] [com.apple.Pasteboard:Pasteboard] PBItemCollectionServicer servicer=0x10626a5c0 installed on connection=0x1098240a0 (peer pid 8631) for itemCollection=8E76EFED-2AE8-44AA-ADC4-A4246BE0EC0C
2026-09-22 13:45:06.665 Df MeeshogiFixtures[37515:64504] [com.apple.xpc:connection] [0x10633da40] activating connection: mach=false listener=false peer=true name=com.apple.xpc.anonymous.0x10633d7c0.peer[8631].0x10633da40
2026-09-22 13:45:06.665 Df MeeshogiFixtures[37515:64504] [com.apple.Pasteboard:Pasteboard] loadRepresentationForItemAtIndex: ENTRY servicer=0x10626a5c0 type=public.utf8-plain-text index=0 itemCollection=8E76EFED-2AE8-44AA-ADC4-A4246BE0EC0C
2026-09-22 13:45:06.665 Df MeeshogiFixtures[37515:64504] [com.apple.Pasteboard:Pasteboard] loadRepresentationForItemAtIndex: invoking user load handler servicer=0x10626a5c0 type=public.utf8-plain-text index=0 item=08587A4F-EB66-44E1-9197-D8CFEBFE150B rep=0x10603e3c0
2026-09-22 13:45:06.665 A  MeeshogiFixtures[37515:64504] (Pasteboard) loading item
2026-09-22 13:45:06.665 Df MeeshogiFixtures[37515:64504] [com.apple.Pasteboard:Pasteboard] PBItemRepresentation _loadWithContext: invoking _loader rep=0x10603e3c0 type=public.utf8-plain-text
2026-09-22 13:45:06.665 Df MeeshogiFixtures[37515:64504] [com.apple.Pasteboard:Pasteboard] PBItemRepresentation _loadWithContext: _loader returned synchronously rep=0x10603e3c0 type=public.utf8-plain-text progress=0x0
2026-09-22 13:45:06.666 Df MeeshogiFixtures[37515:64508] [com.apple.Pasteboard:Pasteboard] PBItemRepresentation _loadWithContext: _loader inner completion fired rep=0x10603e3c0 type=public.utf8-plain-text data=3174 bytes error=(null)
2026-09-22 13:45:06.666 Df MeeshogiFixtures[37515:64508] [com.apple.Pasteboard:Pasteboard] loadRepresentationForItemAtIndex: load returned NSData (3174 bytes) servicer=0x10626a5c0 type=public.utf8-plain-text index=0
2026-09-22 13:45:06.666 Df MeeshogiFixtures[37515:64508] [com.apple.Pasteboard:Pasteboard] loadRepresentationForItemAtIndex: sending reply servicer=0x10626a5c0 type=public.utf8-plain-text index=0 data=3174 bytes error=(null)
2026-09-22 13:45:06.670 Df MeeshogiFixtures[37515:64504] [com.apple.Pasteboard:Pasteboard] ...saving pasteboard completed successfully.
2026-09-22 13:45:06.671 Df MeeshogiFixtures[37515:644ec] [com.apple.Pasteboard:Pasteboard] ...retrieving pasteboard named com.apple.UIKit.pboard.general completed successfully.
2026-09-22 13:45:06.672 A  MeeshogiFixtures[37515:644ec] (Pasteboard) loading item
2026-09-22 13:45:06.672 Df MeeshogiFixtures[37515:644ec] [com.apple.Pasteboard:Pasteboard] PBItemRepresentation _loadWithContext: invoking _loader rep=0x10603e0c0 type=public.utf8-plain-text
2026-09-22 13:45:06.672 Df MeeshogiFixtures[37515:644ec] [com.apple.Pasteboard:Pasteboard] Requesting item 0 of type public.utf8-plain-text from pasteboard named com.apple.UIKit.pboard.general, UUID 8E76EFED-2AE8-44AA-ADC4-A4246BE0EC0C
2026-09-22 13:45:06.672 Df MeeshogiFixtures[37515:644ec] [com.apple.Pasteboard:Pasteboard] PBItemRepresentation _loadWithContext: _loader returned synchronously rep=0x10603e0c0 type=public.utf8-plain-text progress=0x109828300
2026-09-22 13:45:06.673 Df MeeshogiFixtures[37515:64504] [com.apple.Pasteboard:Pasteboard] ...requesting item completed successfully.
2026-09-22 13:45:06.673 Df MeeshogiFixtures[37515:64504] [com.apple.Pasteboard:Pasteboard] PBItemRepresentation _loadWithContext: _loader inner completion fired rep=0x10603e0c0 type=public.utf8-plain-text data=0 bytes error=(null)
2026-09-22 13:45:06.673 Df MeeshogiFixtures[37515:64504] [com.apple.xpc:connection] [0x10633e080] activating connection: mach=true listener=false peer=false name=com.apple.FileCoordination
2026-09-22 13:45:06.673 Df MeeshogiFixtures[37515:64504] [com.apple.foundation.filecoordination:claims] Read options: 8 -- URL: file:///Users/devin/Library/Developer/CoreSimulator/Devices/1308A109-3EE0-4711-9287-85246639DBC7/data/Library/Caches/com.apple.Pasteboard/eb77e5f8f043896faf63b5041f0fbd121db984dd/3df34cddee7e24160a4efc1ac5b8c36ffe86615e -- purposeID: 9D10AEF3-67E9-45C7-8946-64E3B762431D -- claimID: C2AF3C3E-5EF4-4037-A119-13CCC9759196
2026-09-22 13:45:06.677 Df MeeshogiFixtures[37515:6450c] [com.apple.foundation.filecoordination:claims] Claim C2AF3C3E-5EF4-4037-A119-13CCC9759196 granted in client
2026-09-22 13:45:06.678 Df MeeshogiFixtures[37515:6450c] [com.apple.foundation.filecoordination:claims] Claim C2AF3C3E-5EF4-4037-A119-13CCC9759196 invoked in client
2026-09-22 13:45:06.679 Df MeeshogiFixtures[37515:644ec] Meeshogi fixture clipboard acknowledged request 9b31418d-9c52-4a07-bbd0-94236ba6327d
2026-09-22 13:45:06.680 Df MeeshogiFixtures[37515:644ec] [com.apple.KeyboardArbiter:Client] applicationDidBecomeActive (force:N)
2026-09-22 13:45:06.680 Df MeeshogiFixtures[37515:644ec] [com.apple.UIKit:ScenePostSettingsUpdateResponse] <_UIScenePostSettingsUpdateResponseComponent: 0x10631d4d0>: Scheduling <_UIScenePostSettingsUpdateWindowLayout: 0x1061c93c0>
2026-09-22 13:45:06.680 Df MeeshogiFixtures[37515:644ec] [com.apple.UIKit:InterfaceStyle] Not push traits update to screen for new style 1, <UIWindowScene: 0x1056e9af0> (070CE2FD-93C5-4E49-8EB6-26ACF6F3AB73)
2026-09-22 13:45:06.681 Df MeeshogiFixtures[37515:644ec] [com.apple.UIKit:DisplayLink] Legacy remapping target changed from '(null)' to '55BED1EF-5859-4E3F-AB9F-E30795687D92'
2026-09-22 13:45:06.681 Df MeeshogiFixtures[37515:644ec] [com.apple.KeyboardArbiter:Client] startConnection callback handleKeyboardChange:N (hasFocus:Y hasActiveInput:N expectingInitialState:Y disabled:N hasInfo:Y isWritingTOols:N)
2026-09-22 13:45:06.682 Df MeeshogiFixtures[37515:644ec] [com.apple.UIKit:UIScreen] Evaluated capturing state as 0 on <UIScreen: 0x10633c500> for initial
2026-09-22 13:45:06.682 Df MeeshogiFixtures[37515:644ec] [com.apple.UIKit:UIScreen] Evaluated capturing state as 0 on <UIScreen: 0x10633c500> for CADisplay KVO
2026-09-22 13:45:06.682 Df MeeshogiFixtures[37515:644ec] [com.apple.UIKit:InterfaceStyle] Not push traits update to screen for new style 0, <_UIKeyboardInputScene: 0x106344000> (KeyboardInputScene-com.apple.frontboard.systemappservices/FBSceneManager:sceneID%3Acom.meeshogi.testfiles-default)
2026-09-22 13:45:06.682 Df MeeshogiFixtures[37515:644ec] [com.apple.UIKit:InterfaceStyle] Should send trait collection or coordinate space update, interface style 1 -> 1, <_UIKeyboardInputScene: 0x106344000> (KeyboardInputScene-com.apple.frontboard.systemappservices/FBSceneManager:sceneID%3Acom.meeshogi.testfiles-default)
2026-09-22 13:45:06.683 Df MeeshogiFixtures[37515:644ec] [com.apple.UIKit:InterfaceStyle] Not push traits update to screen for new style 0, <_UIKeyboardInputScene: 0x106344000> (KeyboardInputScene-com.apple.frontboard.systemappservices/FBSceneManager:sceneID%3Acom.meeshogi.testfiles-default)
2026-09-22 13:45:06.683 Df MeeshogiFixtures[37515:644ec] [com.apple.UIKit:HomeAffordanceObservation] Initializing: <_UIHomeAffordanceSceneNotifier: 0x1061aaf40>; with scene: <_UIKeyboardInputScene: 0x106344000>
2026-09-22 13:45:06.683 Df MeeshogiFixtures[37515:644ec] [com.apple.BacklightServices:scenes] 0x109860b40 setDelegate:<0x109860ae0 _UIBacklightEnvironment> hasDelegate:YES for environment:KeyboardInputScene-com.apple.frontboard.systemappservices/FBSceneManager:sceneID%3Acom.meeshogi.testfiles-default
2026-09-22 13:45:06.683 Df MeeshogiFixtures[37515:644ec] [com.apple.UIKit:InterfaceStyle] Not push traits update to screen for new style 0, <_UIKeyboardInputScene: 0x106344000> (KeyboardInputScene-com.apple.frontboard.systemappservices/FBSceneManager:sceneID%3Acom.meeshogi.testfiles-default)
2026-09-22 13:45:06.683 Df MeeshogiFixtures[37515:644ec] [com.apple.UIKit:EventDeferring] [0x109829300] Initialized with scene: <_UIKeyboardInputScene: 0x106344000>; behavior: <_UIEventDeferringBehavior_iOS: 0x106340800>; availableForProcess: 1, systemShellManagesKeyboardFocus: 1
2026-09-22 13:45:06.683 Df MeeshogiFixtures[37515:644ec] [com.apple.UIKit:EventDeferring] [0x109829300] Initialized with scene: <_UIKeyboardInputScene: 0x106344000>; behavior: <_UIEventDeferringBehavior_iOS: 0x106340800>; availableForProcess: 1, systemShellManagesKeyboardFocus: 1
2026-09-22 13:45:06.683 Df MeeshogiFixtures[37515:644ec] [com.apple.UIKit:InterfaceStyle] Not push traits update to screen for new style 0, <_UIKeyboardInputScene: 0x106344000> (KeyboardInputScene-com.apple.frontboard.systemappservices/FBSceneManager:sceneID%3Acom.meeshogi.testfiles-default)
2026-09-22 13:45:06.683 Df MeeshogiFixtures[37515:644ec] [com.apple.BackBoard:EventDelivery] policy observer <BKSHIDEventDeliveryPolicyObserver: 0x1061aafb0; process scope; policy: UNKNOWN> added
2026-09-22 13:45:06.683 Df MeeshogiFixtures[37515:644ec] [com.apple.BackBoard:EventDelivery] [BKSHIDEventObserver] set observing:YES
2026-09-22 13:45:06.684 Df MeeshogiFixtures[37515:644ec] [com.apple.BackBoard:EventDelivery] policyStatus:<BKSHIDEventDeliveryPolicyObserver: 0x1061aafb0; process scope; <target; generation: 2466>> was:(null)
2026-09-22 13:45:06.684 Df MeeshogiFixtures[37515:64508] [com.apple.BackBoard:EventDelivery] will update observations for 0 observers
2026-09-22 13:45:06.684 Df MeeshogiFixtures[37515:644ec] [com.apple.BackBoard:EventDelivery] [BKSHIDEventObserver] 0x1061aafb0 _UIKeyWindowSceneObserver-0x109860ba0 setToken:com.apple.UIKit.KeyboardManagement.hosted/com.apple.InputUI.keyboard:KeyboardInputScene-com.apple.frontboard.systemappservices%2FFBSceneManager%3AsceneID%253Acom.meeshogi.testfiles-default
2026-09-22 13:45:06.684 Df MeeshogiFixtures[37515:644ec] [com.apple.BackBoard:EventDelivery] policyStatus:<0x1061aafb0; _UIKeyWindowSceneObserver-0x109860ba0; com.apple.UIKit.KeyboardManagement.hosted/com.apple.InputUI.keyboard:KeyboardInputScene-com.apple.frontboard.systemappservices%2FFBSceneManager%3AsceneID%253Acom.meeshogi.testfiles-default; <none; generation: 0>> was:<target; generation: 2466>
2026-09-22 13:45:06.684 Df MeeshogiFixtures[37515:644ec] [com.apple.UIKit:InterfaceStyle] Not push traits update to screen for new style 0, <_UIKeyboardInputScene: 0x106344000> (KeyboardInputScene-com.apple.frontboard.systemappservices/FBSceneManager:sceneID%3Acom.meeshogi.testfiles-default)
2026-09-22 13:45:06.684 Df MeeshogiFixtures[37515:644ec] [com.apple.UIKit:InterfaceStyle] Not push traits update to screen for new style 0, <_UIKeyboardInputScene: 0x106344000> (KeyboardInputScene-com.apple.frontboard.systemappservices/FBSceneManager:sceneID%3Acom.meeshogi.testfiles-default)
2026-09-22 13:45:06.684 Df MeeshogiFixtures[37515:644ec] [com.apple.UIKit:InterfaceStyle] Not push traits update to screen for new style 0, <_UIKeyboardInputScene: 0x106344000> (KeyboardInputScene-com.apple.frontboard.systemappservices/FBSceneManager:sceneID%3Acom.meeshogi.testfiles-default)
2026-09-22 13:45:06.685 Df MeeshogiFixtures[37515:644ec] [com.apple.UIKit:InterfaceStyle] Not push traits update to screen for new style 0, <_UIKeyboardInputScene: 0x106344000> (KeyboardInputScene-com.apple.frontboard.systemappservices/FBSceneManager:sceneID%3Acom.meeshogi.testfiles-default)
2026-09-22 13:45:06.685 Df MeeshogiFixtures[37515:644ec] [com.apple.UIKit:InterfaceStyle] Not push traits update to screen for new style 0, <_UIKeyboardInputScene: 0x106344000> (KeyboardInputScene-com.apple.frontboard.systemappservices/FBSceneManager:sceneID%3Acom.meeshogi.testfiles-default)
2026-09-22 13:45:06.685 Df MeeshogiFixtures[37515:644ec] [com.apple.UIKit:InterfaceStyle] Not push traits update to screen for new style 0, <_UIKeyboardInputScene: 0x106344000> (KeyboardInputScene-com.apple.frontboard.systemappservices/FBSceneManager:sceneID%3Acom.meeshogi.testfiles-default)
2026-09-22 13:45:06.685 Df MeeshogiFixtures[37515:644ec] [com.apple.UIKit:InterfaceStyle] Not push traits update to screen for new style 0, <_UIKeyboardInputScene: 0x106344000> (KeyboardInputScene-com.apple.frontboard.systemappservices/FBSceneManager:sceneID%3Acom.meeshogi.testfiles-default)
2026-09-22 13:45:06.685 Df MeeshogiFixtures[37515:644ec] [com.apple.UIKit:InterfaceStyle] Not push traits update to screen for new style 0, <_UIKeyboardInputScene: 0x106344000> (KeyboardInputScene-com.apple.frontboard.systemappservices/FBSceneManager:sceneID%3Acom.meeshogi.testfiles-default)
2026-09-22 13:45:06.685 Df MeeshogiFixtures[37515:644ec] [com.apple.UIKit:InterfaceStyle] Not push traits update to screen for new style 0, <_UIKeyboardInputScene: 0x106344000> (KeyboardInputScene-com.apple.frontboard.systemappservices/FBSceneManager:sceneID%3Acom.meeshogi.testfiles-default)
2026-09-22 13:45:06.686 Df MeeshogiFixtures[37515:644ec] [com.apple.UIKit:InterfaceStyle] Not push traits update to screen for new style 0, <_UIKeyboardInputScene: 0x106344000> (KeyboardInputScene-com.apple.frontboard.systemappservices/FBSceneManager:sceneID%3Acom.meeshogi.testfiles-default)
2026-09-22 13:45:06.686 Df MeeshogiFixtures[37515:644ec] [com.apple.UIKit:AppLifecycle] sceneOfRecord: sceneID: sceneID:com.meeshogi.testfiles-default  persistentID: 070CE2FD-93C5-4E49-8EB6-26ACF6F3AB73
2026-09-22 13:45:06.686 Df MeeshogiFixtures[37515:644ec] [com.apple.UIKit:InterfaceStyle] Not push traits update to screen for new style 0, <_UIKeyboardInputScene: 0x106344000> (KeyboardInputScene-com.apple.frontboard.systemappservices/FBSceneManager:sceneID%3Acom.meeshogi.testfiles-default)
2026-09-22 13:45:06.687 Df MeeshogiFixtures[37515:644ec] [com.apple.UIKit:KeyboardScene] Notifying observers of geometry update -> app scene 1: {{0, 0}, {402, 874}}, keyboard scene: 1: {{0, 0}, {320, 480}}
2026-09-22 13:45:06.687 Df MeeshogiFixtures[37515:644ec] [com.apple.UIKit:InterfaceStyle] Not push traits update to screen for new style 0, <_UIKeyboardInputScene: 0x106344000> (KeyboardInputScene-com.apple.frontboard.systemappservices/FBSceneManager:sceneID%3Acom.meeshogi.testfiles-default)
2026-09-22 13:45:06.687 Df MeeshogiFixtures[37515:644ec] [com.apple.UIKit:ScenePostSettingsUpdateResponse] <_UIScenePostSettingsUpdateResponseComponent: 0x109861920>: Scheduling <_UIScenePostSettingsUpdateWindowLayout: 0x1061c9d20>
2026-09-22 13:45:06.687 Df MeeshogiFixtures[37515:644ec] [com.apple.UIKit:InterfaceStyle] Not push traits update to screen for new style 0, <_UIKeyboardInputScene: 0x106344000> (KeyboardInputScene-com.apple.frontboard.systemappservices/FBSceneManager:sceneID%3Acom.meeshogi.testfiles-default)
2026-09-22 13:45:06.687 Df MeeshogiFixtures[37515:644ec] [com.apple.UIKit:InterfaceStyle] Not push traits update to screen for new style 0, <_UIKeyboardInputScene: 0x106344000> (KeyboardInputScene-com.apple.frontboard.systemappservices/FBSceneManager:sceneID%3Acom.meeshogi.testfiles-default)
2026-09-22 13:45:06.687 Df MeeshogiFixtures[37515:644ec] [com.apple.KeyboardArbiter:Client] applicationWillResume note:UIApplicationResumedEventsOnlyNotification
2026-09-22 13:45:06.687 Sd MeeshogiFixtures[37515:0] (3D9A40AB-ACDF-3EC9-A223-5A041FBFFFCF) IOHIDManager State
{
    DispatchQueue = 0;
    RunLoop = 1;
    createOptions = 0;
    isOpen = 0;
    openOptions = 0;
}
2026-09-22 13:45:06.687 Df MeeshogiFixtures[37515:644ec] [com.apple.UIKit:AppLifecycle] sceneOfRecord: sceneID: sceneID:com.meeshogi.testfiles-default  persistentID: 070CE2FD-93C5-4E49-8EB6-26ACF6F3AB73
2026-09-22 13:45:06.687 Df MeeshogiFixtures[37515:644ec] [com.apple.UIKit:InterfaceStyle] Scene did update interface style to 1, <_UIKeyboardInputScene: 0x106344000> (KeyboardInputScene-com.apple.frontboard.systemappservices/FBSceneManager:sceneID%3Acom.meeshogi.testfiles-default)
2026-09-22 13:45:06.687 Df MeeshogiFixtures[37515:644ec] [com.apple.UIKit:InterfaceStyle] Push traits update to screen for new style 1, <_UIKeyboardInputScene: 0x106344000> (KeyboardInputScene-com.apple.frontboard.systemappservices/FBSceneManager:sceneID%3Acom.meeshogi.testfiles-default)
2026-09-22 13:45:06.694 Df MeeshogiFixtures[37515:644ec] [com.apple.UIKit:KeyboardScene] Keyboard scene for com.apple.frontboard.systemappservices/FBSceneManager:sceneID%3Acom.meeshogi.testfiles-default successfully connected: com.apple.UIKit.KeyboardManagement.hosted/com.apple.InputUI.keyboard:KeyboardInputScene-com.apple.frontboard.systemappservices%2FFBSceneManager%3AsceneID%253Acom.meeshogi.testfiles-default
2026-09-22 13:45:06.694 Df MeeshogiFixtures[37515:644ec] [com.apple.UIKit:KeyboardScene] Keyboard scene for com.apple.frontboard.systemappservices/FBSceneManager:sceneID%3Acom.meeshogi.testfiles-default successfully connected: com.apple.UIKit.KeyboardManagement.hosted/com.apple.InputUI.keyboard:KeyboardInputScene-com.apple.frontboard.systemappservices%2FFBSceneManager%3AsceneID%253Acom.meeshogi.testfiles-default
2026-09-22 13:45:06.694 Df MeeshogiFixtures[37515:644ec] [com.apple.UIKit:KeyboardScene] reloadInputViews for keyboard scene com.apple.UIKit.KeyboardManagement.hosted/com.apple.InputUI.keyboard:KeyboardInputScene-com.apple.frontboard.systemappservices%2FFBSceneManager%3AsceneID%253Acom.meeshogi.testfiles-default
2026-09-22 13:45:06.694 Df MeeshogiFixtures[37515:644ec] [com.apple.UIKit:KeyboardScene] reloadInputViews for keyboard scene com.apple.UIKit.KeyboardManagement.hosted/com.apple.InputUI.keyboard:KeyboardInputScene-com.apple.frontboard.systemappservices%2FFBSceneManager%3AsceneID%253Acom.meeshogi.testfiles-default
2026-09-22 13:45:06.694 Df MeeshogiFixtures[37515:644ec] [com.apple.UIKit:KeyboardSceneDelegate] forceReloadInputViews
2026-09-22 13:45:06.694 Df MeeshogiFixtures[37515:644ec] [com.apple.UIKit:KeyboardSceneDelegate] forceReloadInputViews
2026-09-22 13:45:06.694 Df MeeshogiFixtures[37515:644ec] [com.apple.UIKit:KeyboardSceneDelegate] Try reloading input views for responder:(nil) requiresKB:N force:Y scene-identity:com.apple.frontboard.systemappservices/FBSceneManager:sceneID%3Acom.meeshogi.testfiles-default
2026-09-22 13:45:06.694 Df MeeshogiFixtures[37515:644ec] [com.apple.UIKit:KeyboardSceneDelegate] Try reloading input views for responder:(nil) requiresKB:N force:Y scene-identity:com.apple.frontboard.systemappservices/FBSceneManager:sceneID%3Acom.meeshogi.testfiles-default
2026-09-22 13:45:06.694 Df MeeshogiFixtures[37515:644ec] [com.apple.UIKit:KeyboardSceneDelegate] Reloading input views for key-window scene responder:(nil) requiresKB:N force:Y scene-identity:com.apple.frontboard.systemappservices/FBSceneManager:sceneID%3Acom.meeshogi.testfiles-default
2026-09-22 13:45:06.694 Df MeeshogiFixtures[37515:644ec] [com.apple.UIKit:KeyboardSceneDelegate] Reloading input views for key-window scene responder:(nil) requiresKB:N force:Y scene-identity:com.apple.frontboard.systemappservices/FBSceneManager:sceneID%3Acom.meeshogi.testfiles-default
2026-09-22 13:45:06.728 Df MeeshogiFixtures[37515:644ec] [com.apple.network:] networkd_settings_read_from_file_locked initialized networkd settings by reading plist directly
2026-09-22 13:45:06.728 Df MeeshogiFixtures[37515:644ec] [com.apple.network:] networkd_settings_read_from_file_locked initialized networkd settings by reading plist directly
2026-09-22 13:45:06.728 Df MeeshogiFixtures[37515:644ec] [com.apple.network:] networkd_settings_read_from_file_locked initialized networkd settings by reading plist directly
2026-09-22 13:45:06.728 Df MeeshogiFixtures[37515:644ec] [com.apple.network:] networkd_settings_read_from_file_locked initialized networkd settings by reading plist directly
2026-09-22 13:45:06.728 Df MeeshogiFixtures[37515:644ec] [com.apple.network:activity] <nw_activity 50:1 [398BF6A1-362A-49BF-9682-B91AEDFE18ED] (global parent) (reporting strategy default) complete (reason success)> complete with reason 2 (success), duration 710ms
2026-09-22 13:45:06.728 Df MeeshogiFixtures[37515:644ec] [com.apple.network:activity] <nw_activity 50:1 [398BF6A1-362A-49BF-9682-B91AEDFE18ED] (global parent) (reporting strategy default) complete (reason success)> complete with reason 2 (success), duration 710ms
2026-09-22 13:45:06.728 Df MeeshogiFixtures[37515:644ec] [com.apple.network:activity] <nw_activity 50:2 [1EBF9B7B-C8D6-42CE-B0A2-B61A7FA44278] (reporting strategy default) complete (reason success)> complete with reason 2 (success), duration 710ms
2026-09-22 13:45:06.728 Df MeeshogiFixtures[37515:644ec] [com.apple.network:activity] <nw_activity 50:2 [1EBF9B7B-C8D6-42CE-B0A2-B61A7FA44278] (reporting strategy default) complete (reason success)> complete with reason 2 (success), duration 710ms
2026-09-22 13:45:06.728 Df MeeshogiFixtures[37515:644ec] [com.apple.network:activity] Unsetting the global parent activity <nw_activity 50:1 [398BF6A1-362A-49BF-9682-B91AEDFE18ED] (global parent) (reporting strategy default) complete (reason success)>
2026-09-22 13:45:06.728 Df MeeshogiFixtures[37515:644ec] [com.apple.network:activity] Unsetting the global parent activity <nw_activity 50:1 [398BF6A1-362A-49BF-9682-B91AEDFE18ED] (global parent) (reporting strategy default) complete (reason success)>
2026-09-22 13:45:06.728 Df MeeshogiFixtures[37515:644ec] [com.apple.network:activity] Unset the global parent activity
2026-09-22 13:45:06.728 Df MeeshogiFixtures[37515:644ec] [com.apple.network:activity] Unset the global parent activity
2026-09-22 13:45:06.728 Df MeeshogiFixtures[37515:644ec] [com.apple.app_launch_measurement:ApplicationLaunch] alm_release_pageins_recording_assertion: releasing pageins recording assertion
2026-09-22 13:45:06.728 Df MeeshogiFixtures[37515:644ec] [com.apple.app_launch_measurement:ApplicationLaunch] alm_release_pageins_recording_assertion: releasing pageins recording assertion
2026-09-22 13:45:06.735 A  MeeshogiFixtures[37515:64510] (RunningBoardServices) didChangeInheritances
2026-09-22 13:45:06.735 A  MeeshogiFixtures[37515:64510] (RunningBoardServices) didChangeInheritances
2026-09-22 13:45:06.981 Df MeeshogiFixtures[37515:644ec] [com.apple.Accessibility:AXCommon] Read Per-App on Init: Smart invert = (null)
2026-09-22 13:45:06.981 Df MeeshogiFixtures[37515:644ec] [com.apple.Accessibility:AXCommon] Read Per-App on Init: Smart invert = (null)
2026-09-22 13:45:06.981 Df MeeshogiFixtures[37515:64510] [com.apple.UIKit:BackgroundTask] Ending background task with UIBackgroundTaskIdentifier: 2
2026-09-22 13:45:06.981 Df MeeshogiFixtures[37515:64510] [com.apple.UIKit:BackgroundTask] Ending background task with UIBackgroundTaskIdentifier: 2
2026-09-22 13:45:06.981 Df MeeshogiFixtures[37515:64510] [com.apple.UIKit:BackgroundTask] Ending task with identifier 2 and description: <_UIBackgroundTaskInfo: 0x10620c980>: taskID = 2, taskName = Persistent SceneSession Map Update, creationTime = 9947 (elapsed = 0), _expireHandler: <__NSGlobalBlock__: 0x222a2e0c0>
2026-09-22 13:45:06.981 Df MeeshogiFixtures[37515:64510] [com.apple.UIKit:BackgroundTask] Ending task with identifier 2 and description: <_UIBackgroundTaskInfo: 0x10620c980>: taskID = 2, taskName = Persistent SceneSession Map Update, creationTime = 9947 (elapsed = 0), _expireHandler: <__NSGlobalBlock__: 0x222a2e0c0>
2026-09-22 13:45:06.981 Df MeeshogiFixtures[37515:64510] [com.apple.UIKit:BackgroundTask] Decrementing reference count for assertion <BKSProcessAssertion: 0x1056d83f0> (used by background task with identifier 2: <_UIBackgroundTaskInfo: 0x10620c980>: taskID = 2, taskName = Persistent SceneSession Map Update, creationTime = 9947 (elapsed = 0))
2026-09-22 13:45:06.981 Df MeeshogiFixtures[37515:64510] [com.apple.UIKit:BackgroundTask] Decrementing reference count for assertion <BKSProcessAssertion: 0x1056d83f0> (used by background task with identifier 2: <_UIBackgroundTaskInfo: 0x10620c980>: taskID = 2, taskName = Persistent SceneSession Map Update, creationTime = 9947 (elapsed = 0))
2026-09-22 13:45:06.981 Df MeeshogiFixtures[37515:64510] [com.apple.UIKit:BackgroundTask] Will invalidate assertion: <BKSProcessAssertion: 0x1056d83f0> for task identifier: 2
2026-09-22 13:45:06.981 Df MeeshogiFixtures[37515:64510] [com.apple.UIKit:BackgroundTask] Will invalidate assertion: <BKSProcessAssertion: 0x1056d83f0> for task identifier: 2
2026-09-22 13:45:07.606 A  MeeshogiFixtures[37515:6450c] (RunningBoardServices) didChangeInheritances
2026-09-22 13:45:07.606 A  MeeshogiFixtures[37515:6450c] (RunningBoardServices) didChangeInheritances
